Archive member included to satisfy reference by file (symbol)

../GesturesMZ/libGesturesMZ.a(gwmz.o)
                              ./Example/Gesture/gestures_example.o (GW_set_params)
../GesturesMZ/libGesturesMZ.a(htmz.o)
                              ../GesturesMZ/libGesturesMZ.a(gwmz.o) (HT_init)
../GesturesMZ/libGesturesMZ.a(opti_math.o)
                              ../GesturesMZ/libGesturesMZ.a(gwmz.o) (taylor_atan)
../GesturesMZ/libGesturesMZ.a(ring_fbuffer_vm.o)
                              ../GesturesMZ/libGesturesMZ.a(gwmz.o) (RFBVM_init)
../GesturesMZ/libGesturesMZ.a(sensor.o)
                              ../GesturesMZ/libGesturesMZ.a(htmz.o) (SEN_init)
/opt/st/stm32cubeide_1.13.2/plugins/com.st.stm32cube.ide.mcu.externaltools.gnu-tools-for-stm32.11.3.rel1.linux64_1.1.1.202309131626/tools/bin/../lib/gcc/arm-none-eabi/11.3.1/../../../../arm-none-eabi/lib/thumb/v7e-m+fp/hard/libc_nano.a(libc_a-exit.o)
                              /opt/st/stm32cubeide_1.13.2/plugins/com.st.stm32cube.ide.mcu.externaltools.gnu-tools-for-stm32.11.3.rel1.linux64_1.1.1.202309131626/tools/bin/../lib/gcc/arm-none-eabi/11.3.1/../../../../arm-none-eabi/lib/thumb/v7e-m+fp/hard/crt0.o (exit)
/opt/st/stm32cubeide_1.13.2/plugins/com.st.stm32cube.ide.mcu.externaltools.gnu-tools-for-stm32.11.3.rel1.linux64_1.1.1.202309131626/tools/bin/../lib/gcc/arm-none-eabi/11.3.1/../../../../arm-none-eabi/lib/thumb/v7e-m+fp/hard/libc_nano.a(libc_a-nano-vfprintf_float.o)
                              (_printf_float)
/opt/st/stm32cubeide_1.13.2/plugins/com.st.stm32cube.ide.mcu.externaltools.gnu-tools-for-stm32.11.3.rel1.linux64_1.1.1.202309131626/tools/bin/../lib/gcc/arm-none-eabi/11.3.1/../../../../arm-none-eabi/lib/thumb/v7e-m+fp/hard/libc_nano.a(libc_a-nano-vfprintf_i.o)
                              /opt/st/stm32cubeide_1.13.2/plugins/com.st.stm32cube.ide.mcu.externaltools.gnu-tools-for-stm32.11.3.rel1.linux64_1.1.1.202309131626/tools/bin/../lib/gcc/arm-none-eabi/11.3.1/../../../../arm-none-eabi/lib/thumb/v7e-m+fp/hard/libc_nano.a(libc_a-nano-vfprintf_float.o) (_printf_common)
/opt/st/stm32cubeide_1.13.2/plugins/com.st.stm32cube.ide.mcu.externaltools.gnu-tools-for-stm32.11.3.rel1.linux64_1.1.1.202309131626/tools/bin/../lib/gcc/arm-none-eabi/11.3.1/../../../../arm-none-eabi/lib/thumb/v7e-m+fp/hard/libc_nano.a(libc_a-nano-vfscanf_float.o)
                              (_scanf_float)
/opt/st/stm32cubeide_1.13.2/plugins/com.st.stm32cube.ide.mcu.externaltools.gnu-tools-for-stm32.11.3.rel1.linux64_1.1.1.202309131626/tools/bin/../lib/gcc/arm-none-eabi/11.3.1/../../../../arm-none-eabi/lib/thumb/v7e-m+fp/hard/libc_nano.a(libc_a-fflush.o)
                              ./Example/Gesture/gestures_example.o (fflush)
/opt/st/stm32cubeide_1.13.2/plugins/com.st.stm32cube.ide.mcu.externaltools.gnu-tools-for-stm32.11.3.rel1.linux64_1.1.1.202309131626/tools/bin/../lib/gcc/arm-none-eabi/11.3.1/../../../../arm-none-eabi/lib/thumb/v7e-m+fp/hard/libc_nano.a(libc_a-findfp.o)
                              /opt/st/stm32cubeide_1.13.2/plugins/com.st.stm32cube.ide.mcu.externaltools.gnu-tools-for-stm32.11.3.rel1.linux64_1.1.1.202309131626/tools/bin/../lib/gcc/arm-none-eabi/11.3.1/../../../../arm-none-eabi/lib/thumb/v7e-m+fp/hard/libc_nano.a(libc_a-fflush.o) (__sinit)
/opt/st/stm32cubeide_1.13.2/plugins/com.st.stm32cube.ide.mcu.externaltools.gnu-tools-for-stm32.11.3.rel1.linux64_1.1.1.202309131626/tools/bin/../lib/gcc/arm-none-eabi/11.3.1/../../../../arm-none-eabi/lib/thumb/v7e-m+fp/hard/libc_nano.a(libc_a-fwalk.o)
                              /opt/st/stm32cubeide_1.13.2/plugins/com.st.stm32cube.ide.mcu.externaltools.gnu-tools-for-stm32.11.3.rel1.linux64_1.1.1.202309131626/tools/bin/../lib/gcc/arm-none-eabi/11.3.1/../../../../arm-none-eabi/lib/thumb/v7e-m+fp/hard/libc_nano.a(libc_a-fflush.o) (_fwalk_sglue)
/opt/st/stm32cubeide_1.13.2/plugins/com.st.stm32cube.ide.mcu.externaltools.gnu-tools-for-stm32.11.3.rel1.linux64_1.1.1.202309131626/tools/bin/../lib/gcc/arm-none-eabi/11.3.1/../../../../arm-none-eabi/lib/thumb/v7e-m+fp/hard/libc_nano.a(libc_a-printf.o)
                              ./Example/Gesture/gestures_example.o (printf)
/opt/st/stm32cubeide_1.13.2/plugins/com.st.stm32cube.ide.mcu.externaltools.gnu-tools-for-stm32.11.3.rel1.linux64_1.1.1.202309131626/tools/bin/../lib/gcc/arm-none-eabi/11.3.1/../../../../arm-none-eabi/lib/thumb/v7e-m+fp/hard/libc_nano.a(libc_a-putchar.o)
                              ./Example/Gesture/gestures_example.o (putchar)
/opt/st/stm32cubeide_1.13.2/plugins/com.st.stm32cube.ide.mcu.externaltools.gnu-tools-for-stm32.11.3.rel1.linux64_1.1.1.202309131626/tools/bin/../lib/gcc/arm-none-eabi/11.3.1/../../../../arm-none-eabi/lib/thumb/v7e-m+fp/hard/libc_nano.a(libc_a-puts.o)
                              ./Example/Gesture/gestures_example.o (puts)
[...]
Memory Configuration

Name             Origin             Length             Attributes
RAM              0x0000000020000000 0x0000000000018000 xrw
FLASH            0x0000000008000000 0x0000000000080000 xr
*default*        0x0000000000000000 0xffffffffffffffff

Linker script and memory map

LOAD /opt/st/stm32cubeide_1.13.2/plugins/com.st.stm32cube.ide.mcu.externaltools.gnu-tools-for-stm32.11.3.rel1.linux64_1.1.1.202309131626/tools/bin/../lib/gcc/arm-none-eabi/11.3.1/thumb/v7e-m+fp/hard/crti.o
LOAD /opt/st/stm32cubeide_1.13.2/plugins/com.st.stm32cube.ide.mcu.externaltools.gnu-tools-for-stm32.11.3.rel1.linux64_1.1.1.202309131626/tools/bin/../lib/gcc/arm-none-eabi/11.3.1/thumb/v7e-m+fp/hard/crtbegin.o
LOAD /opt/st/stm32cubeide_1.13.2/plugins/com.st.stm32cube.ide.mcu.externaltools.gnu-tools-for-stm32.11.3.rel1.linux64_1.1.1.202309131626/tools/bin/../lib/gcc/arm-none-eabi/11.3.1/../../../../arm-none-eabi/lib/thumb/v7e-m+fp/hard/crt0.o
LOAD ./Core/Src/main.o
LOAD ./Core/Src/stm32f4xx_hal_msp.o
LOAD ./Core/Src/stm32f4xx_it.o
LOAD ./Core/Src/syscalls.o
LOAD ./Core/Src/sysmem.o
LOAD ./Core/Src/system_stm32f4xx.o
LOAD ./Core/Startup/startup_stm32f401retx.o
LOAD ./Drivers/STM32F4xx_HAL_Driver/Src/stm32f4xx_hal.o
LOAD ./Drivers/STM32F4xx_HAL_Driver/Src/stm32f4xx_hal_cortex.o
LOAD ./Drivers/STM32F4xx_HAL_Driver/Src/stm32f4xx_hal_dma.o
LOAD ./Drivers/STM32F4xx_HAL_Driver/Src/stm32f4xx_hal_dma_ex.o
LOAD ./Drivers/STM32F4xx_HAL_Driver/Src/stm32f4xx_hal_exti.o
LOAD ./Drivers/STM32F4xx_HAL_Driver/Src/stm32f4xx_hal_flash.o
LOAD ./Drivers/STM32F4xx_HAL_Driver/Src/stm32f4xx_hal_flash_ex.o
LOAD ./Drivers/STM32F4xx_HAL_Driver/Src/stm32f4xx_hal_flash_ramfunc.o
LOAD ./Drivers/STM32F4xx_HAL_Driver/Src/stm32f4xx_hal_gpio.o
LOAD ./Drivers/STM32F4xx_HAL_Driver/Src/stm32f4xx_hal_i2c.o
LOAD ./Drivers/STM32F4xx_HAL_Driver/Src/stm32f4xx_hal_i2c_ex.o
LOAD ./Drivers/STM32F4xx_HAL_Driver/Src/stm32f4xx_hal_pwr.o
LOAD ./Drivers/STM32F4xx_HAL_Driver/Src/stm32f4xx_hal_pwr_ex.o
LOAD ./Drivers/STM32F4xx_HAL_Driver/Src/stm32f4xx_hal_rcc.o
LOAD ./Drivers/STM32F4xx_HAL_Driver/Src/stm32f4xx_hal_rcc_ex.o
LOAD ./Drivers/STM32F4xx_HAL_Driver/Src/stm32f4xx_hal_tim.o
LOAD ./Drivers/STM32F4xx_HAL_Driver/Src/stm32f4xx_hal_tim_ex.o
LOAD ./Drivers/STM32F4xx_HAL_Driver/Src/stm32f4xx_hal_uart.o
LOAD ./Example/Gesture/gestures_example.o
LOAD ./Platform/platform.o
LOAD ./VL53LMZ_ULD_API/src/vl53lmz_api.o
LOAD ./VL53LMZ_ULD_API/src/vl53lmz_plugin_cnh.o
LOAD ./VL53LMZ_ULD_API/src/vl53lmz_plugin_detection_thresholds.o
LOAD ./VL53LMZ_ULD_API/src/vl53lmz_plugin_motion_indicator.o
LOAD ./VL53LMZ_ULD_API/src/vl53lmz_plugin_xtalk.o
LOAD ./apps_layer/apps_layer_utils.o
LOAD ../GesturesMZ/libGesturesMZ.a
START GROUP
LOAD /opt/st/stm32cubeide_1.13.2/plugins/com.st.stm32cube.ide.mcu.externaltools.gnu-tools-for-stm32.11.3.rel1.linux64_1.1.1.202309131626/tools/bin/../lib/gcc/arm-none-eabi/11.3.1/../../../../arm-none-eabi/lib/thumb/v7e-m+fp/hard/libc_nano.a
LOAD /opt/st/stm32cubeide_1.13.2/plugins/com.st.stm32cube.ide.mcu.externaltools.gnu-tools-for-stm32.11.3.rel1.linux64_1.1.1.202309131626/tools/bin/../lib/gcc/arm-none-eabi/11.3.1/../../../../arm-none-eabi/lib/thumb/v7e-m+fp/hard/libm.a
END GROUP
START GROUP
LOAD /opt/st/stm32cubeide_1.13.2/plugins/com.st.stm32cube.ide.mcu.externaltools.gnu-tools-for-stm32.11.3.rel1.linux64_1.1.1.202309131626/tools/bin/../lib/gcc/arm-none-eabi/11.3.1/thumb/v7e-m+fp/hard/libgcc.a
LOAD /opt/st/stm32cubeide_1.13.2/plugins/com.st.stm32cube.ide.mcu.externaltools.gnu-tools-for-stm32.11.3.rel1.linux64_1.1.1.202309131626/tools/bin/../lib/gcc/arm-none-eabi/11.3.1/../../../../arm-none-eabi/lib/thumb/v7e-m+fp/hard/libc_nano.a
END GROUP
START GROUP
LOAD /opt/st/stm32cubeide_1.13.2/plugins/com.st.stm32cube.ide.mcu.externaltools.gnu-tools-for-stm32.11.3.rel1.linux64_1.1.1.202309131626/tools/bin/../lib/gcc/arm-none-eabi/11.3.1/thumb/v7e-m+fp/hard/libgcc.a
LOAD /opt/st/stm32cubeide_1.13.2/plugins/com.st.stm32cube.ide.mcu.externaltools.gnu-tools-for-stm32.11.3.rel1.linux64_1.1.1.202309131626/tools/bin/../lib/gcc/arm-none-eabi/11.3.1/../../../../arm-none-eabi/lib/thumb/v7e-m+fp/hard/libc_nano.a
LOAD /opt/st/stm32cubeide_1.13.2/plugins/com.st.stm32cube.ide.mcu.externaltools.gnu-tools-for-stm32.11.3.rel1.linux64_1.1.1.202309131626/tools/bin/../lib/gcc/arm-none-eabi/11.3.1/../../../../arm-none-eabi/lib/thumb/v7e-m+fp/hard/libnosys.a
END GROUP
START GROUP
LOAD /opt/st/stm32cubeide_1.13.2/plugins/com.st.stm32cube.ide.mcu.externaltools.gnu-tools-for-stm32.11.3.rel1.linux64_1.1.1.202309131626/tools/bin/../lib/gcc/arm-none-eabi/11.3.1/thumb/v7e-m+fp/hard/libgcc.a
LOAD /opt/st/stm32cubeide_1.13.2/plugins/com.st.stm32cube.ide.mcu.externaltools.gnu-tools-for-stm32.11.3.rel1.linux64_1.1.1.202309131626/tools/bin/../lib/gcc/arm-none-eabi/11.3.1/../../../../arm-none-eabi/lib/thumb/v7e-m+fp/hard/libc_nano.a
LOAD /opt/st/stm32cubeide_1.13.2/plugins/com.st.stm32cube.ide.mcu.externaltools.gnu-tools-for-stm32.11.3.rel1.linux64_1.1.1.202309131626/tools/bin/../lib/gcc/arm-none-eabi/11.3.1/../../../../arm-none-eabi/lib/thumb/v7e-m+fp/hard/libnosys.a
END GROUP
LOAD /opt/st/stm32cubeide_1.13.2/plugins/com.st.stm32cube.ide.mcu.externaltools.gnu-tools-for-stm32.11.3.rel1.linux64_1.1.1.202309131626/tools/bin/../lib/gcc/arm-none-eabi/11.3.1/thumb/v7e-m+fp/hard/crtend.o
LOAD /opt/st/stm32cubeide_1.13.2/plugins/com.st.stm32cube.ide.mcu.externaltools.gnu-tools-for-stm32.11.3.rel1.linux64_1.1.1.202309131626/tools/bin/../lib/gcc/arm-none-eabi/11.3.1/thumb/v7e-m+fp/hard/crtn.o
                0x0000000020018000                _estack = (ORIGIN (RAM) + LENGTH (RAM))
                0x0000000000000200                _Min_Heap_Size = 0x200
                0x0000000000000400                _Min_Stack_Size = 0x400

.isr_vector     0x0000000008000000      0x194
                0x0000000008000000                . = ALIGN (0x4)
 *(.isr_vector)
 .isr_vector    0x0000000008000000      0x194 ./Core/Startup/startup_stm32f401retx.o
                0x0000000008000000                g_pfnVectors
                0x0000000008000194                . = ALIGN (0x4)

.text           0x00000000080001a0    0x12728
                0x00000000080001a0                . = ALIGN (0x4)
 *(.text)
 .text          0x00000000080001a0       0x40 /opt/st/stm32cubeide_1.13.2/plugins/com.st.stm32cube.ide.mcu.externaltools.gnu-tools-for-stm32.11.3.rel1.linux64_1.1.1.202309131626/tools/bin/../lib/gcc/arm-none-eabi/11.3.1/thumb/v7e-m+fp/hard/crtbegin.o
 .text          0x00000000080001e0       0x14 /opt/st/stm32cubeide_1.13.2/plugins/com.st.stm32cube.ide.mcu.externaltools.gnu-tools-for-stm32.11.3.rel1.linux64_1.1.1.202309131626/tools/bin/../lib/gcc/arm-none-eabi/11.3.1/../../../../arm-none-eabi/lib/thumb/v7e-m+fp/hard/libc_nano.a(libc_a-strcmp.o)
                0x00000000080001e0                strcmp
 *fill*         0x00000000080001f4        0xc 
 .text          0x0000000008000200       0xa0 /opt/st/stm32cubeide_1.13.2/plugins/com.st.stm32cube.ide.mcu.externaltools.gnu-tools-for-stm32.11.3.rel1.linux64_1.1.1.202309131626/tools/bin/../lib/gcc/arm-none-eabi/11.3.1/../../../../arm-none-eabi/lib/thumb/v7e-m+fp/hard/libc_nano.a(libc_a-memchr.o)
                0x0000000008000200                memchr
 .text          0x00000000080002a0       0x10 /opt/st/stm32cubeide_1.13.2/plugins/com.st.stm32cube.ide.mcu.externaltools.gnu-tools-for-stm32.11.3.rel1.linux64_1.1.1.202309131626/tools/bin/../lib/gcc/arm-none-eabi/11.3.1/../../../../arm-none-eabi/lib/thumb/v7e-m+fp/hard/libc_nano.a(libc_a-strlen.o)
                0x00000000080002a0                strlen
 .text          0x00000000080002b0      0x378 /opt/st/stm32cubeide_1.13.2/plugins/com.st.stm32cube.ide.mcu.externaltools.gnu-tools-for-stm32.11.3.rel1.linux64_1.1.1.202309131626/tools/bin/../lib/gcc/arm-none-eabi/11.3.1/thumb/v7e-m+fp/hard/libgcc.a(_arm_addsubdf3.o)
                0x00000000080002b0                __aeabi_drsub
                0x00000000080002b8                __aeabi_dsub
                0x00000000080002b8                __subdf3
                0x00000000080002bc                __adddf3
                0x00000000080002bc                __aeabi_dadd
                0x0000000008000534                __aeabi_ui2d
                0x0000000008000534                __floatunsidf
                0x0000000008000554                __floatsidf
                0x0000000008000554                __aeabi_i2d
                0x0000000008000578                __extendsfdf2
                0x0000000008000578                __aeabi_f2d
                0x00000000080005bc                __aeabi_ul2d
                0x00000000080005bc                __floatundidf
                0x00000000080005cc                __floatdidf
                0x00000000080005cc                __aeabi_l2d
 .text          0x0000000008000628      0x424 /opt/st/stm32cubeide_1.13.2/plugins/com.st.stm32cube.ide.mcu.externaltools.gnu-tools-for-stm32.11.3.rel1.linux64_1.1.1.202309131626/tools/bin/../lib/gcc/arm-none-eabi/11.3.1/thumb/v7e-m+fp/hard/libgcc.a(_arm_muldivdf3.o)
                0x0000000008000628                __aeabi_dmul
                0x0000000008000628                __muldf3
                0x000000000800087c                __aeabi_ddiv
                0x000000000800087c                __divdf3
 .text          0x0000000008000a4c      0x110 /opt/st/stm32cubeide_1.13.2/plugins/com.st.stm32cube.ide.mcu.externaltools.gnu-tools-for-stm32.11.3.rel1.linux64_1.1.1.202309131626/tools/bin/../lib/gcc/arm-none-eabi/11.3.1/thumb/v7e-m+fp/hard/libgcc.a(_arm_cmpdf2.o)
                0x0000000008000a4c                __gtdf2
                0x0000000008000a4c                __gedf2
                0x0000000008000a54                __ltdf2
                0x0000000008000a54                __ledf2
                0x0000000008000a5c                __cmpdf2
                0x0000000008000a5c                __eqdf2
                0x0000000008000a5c                __nedf2
                0x0000000008000ad8                __aeabi_cdrcmple
                0x0000000008000ae8                __aeabi_cdcmple
                0x0000000008000ae8                __aeabi_cdcmpeq
                0x0000000008000af8                __aeabi_dcmpeq
                0x0000000008000b0c                __aeabi_dcmplt
                0x0000000008000b20                __aeabi_dcmple
                0x0000000008000b34                __aeabi_dcmpge
                0x0000000008000b48                __aeabi_dcmpgt
 .text          0x0000000008000b5c       0x2c /opt/st/stm32cubeide_1.13.2/plugins/com.st.stm32cube.ide.mcu.externaltools.gnu-tools-for-stm32.11.3.rel1.linux64_1.1.1.202309131626/tools/bin/../lib/gcc/arm-none-eabi/11.3.1/thumb/v7e-m+fp/hard/libgcc.a(_arm_unorddf2.o)
                0x0000000008000b5c                __aeabi_dcmpun
                0x0000000008000b5c                __unorddf2
 .text          0x0000000008000b88       0x50 /opt/st/stm32cubeide_1.13.2/plugins/com.st.stm32cube.ide.mcu.externaltools.gnu-tools-for-stm32.11.3.rel1.linux64_1.1.1.202309131626/tools/bin/../lib/gcc/arm-none-eabi/11.3.1/thumb/v7e-m+fp/hard/libgcc.a(_arm_fixdfsi.o)
                0x0000000008000b88                __fixdfsi
                0x0000000008000b88                __aeabi_d2iz
 .text          0x0000000008000bd8       0x40 /opt/st/stm32cubeide_1.13.2/plugins/com.st.stm32cube.ide.mcu.externaltools.gnu-tools-for-stm32.11.3.rel1.linux64_1.1.1.202309131626/tools/bin/../lib/gcc/arm-none-eabi/11.3.1/thumb/v7e-m+fp/hard/libgcc.a(_arm_fixunsdfsi.o)
                0x0000000008000bd8                __fixunsdfsi
                0x0000000008000bd8                __aeabi_d2uiz
 .text          0x0000000008000c18       0xa0 /opt/st/stm32cubeide_1.13.2/plugins/com.st.stm32cube.ide.mcu.externaltools.gnu-tools-for-stm32.11.3.rel1.linux64_1.1.1.202309131626/tools/bin/../lib/gcc/arm-none-eabi/11.3.1/thumb/v7e-m+fp/hard/libgcc.a(_arm_truncdfsf2.o)
                0x0000000008000c18                __aeabi_d2f
                0x0000000008000c18                __truncdfsf2
 .text          0x0000000008000cb8       0x30 /opt/st/stm32cubeide_1.13.2/plugins/com.st.stm32cube.ide.mcu.externaltools.gnu-tools-for-stm32.11.3.rel1.linux64_1.1.1.202309131626/tools/bin/../lib/gcc/arm-none-eabi/11.3.1/thumb/v7e-m+fp/hard/libgcc.a(_aeabi_uldivmod.o)
                0x0000000008000cb8                __aeabi_uldivmod
 .text          0x0000000008000ce8       0x30 /opt/st/stm32cubeide_1.13.2/plugins/com.st.stm32cube.ide.mcu.externaltools.gnu-tools-for-stm32.11.3.rel1.linux64_1.1.1.202309131626/tools/bin/../lib/gcc/arm-none-eabi/11.3.1/thumb/v7e-m+fp/hard/libgcc.a(_fixdfdi.o)
                0x0000000008000ce8                __aeabi_d2lz
                0x0000000008000ce8                __fixdfdi
 .text          0x0000000008000d18       0x3c /opt/st/stm32cubeide_1.13.2/plugins/com.st.stm32cube.ide.mcu.externaltools.gnu-tools-for-stm32.11.3.rel1.linux64_1.1.1.202309131626/tools/bin/../lib/gcc/arm-none-eabi/11.3.1/thumb/v7e-m+fp/hard/libgcc.a(_fixunsdfdi.o)
                0x0000000008000d18                __aeabi_d2ulz
                0x0000000008000d18                __fixunsdfdi
 .text          0x0000000008000d54      0x2c8 /opt/st/stm32cubeide_1.13.2/plugins/com.st.stm32cube.ide.mcu.externaltools.gnu-tools-for-stm32.11.3.rel1.linux64_1.1.1.202309131626/tools/bin/../lib/gcc/arm-none-eabi/11.3.1/thumb/v7e-m+fp/hard/libgcc.a(_udivmoddi4.o)
                0x0000000008000d54                __udivmoddi4
 .text          0x000000000800101c        0x4 /opt/st/stm32cubeide_1.13.2/plugins/com.st.stm32cube.ide.mcu.externaltools.gnu-tools-for-stm32.11.3.rel1.linux64_1.1.1.202309131626/tools/bin/../lib/gcc/arm-none-eabi/11.3.1/thumb/v7e-m+fp/hard/libgcc.a(_dvmd_tls.o)
                0x000000000800101c                __aeabi_ldiv0
                0x000000000800101c                __aeabi_idiv0
 *(.text*)
 .text.HAL_GPIO_EXTI_Callback
                0x0000000008001020       0x2c ./Core/Src/main.o
                0x0000000008001020                HAL_GPIO_EXTI_Callback
 .text.__io_putchar
                0x000000000800104c       0x34 ./Core/Src/main.o
                0x000000000800104c                __io_putchar
 .text.__io_getchar
                0x0000000008001080       0x34 ./Core/Src/main.o
                0x0000000008001080                __io_getchar
 .text.HAL_UART_RxCpltCallback
                0x00000000080010b4       0xcc ./Core/Src/main.o
                0x00000000080010b4                HAL_UART_RxCpltCallback
 .text.UartComm_Start
                0x0000000008001180       0x4c ./Core/Src/main.o
                0x0000000008001180                UartComm_Start
 .text.HAL_UART_ErrorCallback
                0x00000000080011cc       0x34 ./Core/Src/main.o
                0x00000000080011cc                HAL_UART_ErrorCallback
 .text.main     0x0000000008001200       0x26 ./Core/Src/main.o
                0x0000000008001200                main
 *fill*         0x0000000008001226        0x2 
 .text.SystemClock_Config
                0x0000000008001228       0xd8 ./Core/Src/main.o
                0x0000000008001228                SystemClock_Config
 .text.MX_I2C1_Init
                0x0000000008001300       0x5c ./Core/Src/main.o
 .text.MX_USART2_UART_Init
                0x000000000800135c       0x54 ./Core/Src/main.o
 .text.MX_GPIO_Init
                0x00000000080013b0      0x164 ./Core/Src/main.o
 .text.Error_Handler
                0x0000000008001514        0xa ./Core/Src/main.o
                0x0000000008001514                Error_Handler
 *fill*         0x000000000800151e        0x2 
 .text.HAL_MspInit
                0x0000000008001520       0x50 ./Core/Src/stm32f4xx_hal_msp.o
                0x0000000008001520                HAL_MspInit
 .text.HAL_I2C_MspInit
                0x0000000008001570       0x90 ./Core/Src/stm32f4xx_hal_msp.o
                0x0000000008001570                HAL_I2C_MspInit
 .text.HAL_UART_MspInit
                0x0000000008001600       0xa0 ./Core/Src/stm32f4xx_hal_msp.o
                0x0000000008001600                HAL_UART_MspInit
 .text.NMI_Handler
                0x00000000080016a0        0x6 ./Core/Src/stm32f4xx_it.o
                0x00000000080016a0                NMI_Handler
 .text.HardFault_Handler
                0x00000000080016a6        0x6 ./Core/Src/stm32f4xx_it.o
                0x00000000080016a6                HardFault_Handler
 .text.MemManage_Handler
                0x00000000080016ac        0x6 ./Core/Src/stm32f4xx_it.o
                0x00000000080016ac                MemManage_Handler
 .text.BusFault_Handler
                0x00000000080016b2        0x6 ./Core/Src/stm32f4xx_it.o
                0x00000000080016b2                BusFault_Handler
 .text.UsageFault_Handler
                0x00000000080016b8        0x6 ./Core/Src/stm32f4xx_it.o
                0x00000000080016b8                UsageFault_Handler
 .text.SVC_Handler
                0x00000000080016be        0xe ./Core/Src/stm32f4xx_it.o
                0x00000000080016be                SVC_Handler
 .text.DebugMon_Handler
                0x00000000080016cc        0xe ./Core/Src/stm32f4xx_it.o
                0x00000000080016cc                DebugMon_Handler
 .text.PendSV_Handler
                0x00000000080016da        0xe ./Core/Src/stm32f4xx_it.o
                0x00000000080016da                PendSV_Handler
 .text.SysTick_Handler
                0x00000000080016e8        0xc ./Core/Src/stm32f4xx_it.o
                0x00000000080016e8                SysTick_Handler
 .text.EXTI4_IRQHandler
                0x00000000080016f4        0xe ./Core/Src/stm32f4xx_it.o
                0x00000000080016f4                EXTI4_IRQHandler
 *fill*         0x0000000008001702        0x2 
 .text.USART2_IRQHandler
                0x0000000008001704       0x14 ./Core/Src/stm32f4xx_it.o
                0x0000000008001704                USART2_IRQHandler
 .text._getpid  0x0000000008001718       0x10 ./Core/Src/syscalls.o
                0x0000000008001718                _getpid
 .text._kill    0x0000000008001728       0x20 ./Core/Src/syscalls.o
                0x0000000008001728                _kill
 .text._exit    0x0000000008001748       0x14 ./Core/Src/syscalls.o
                0x0000000008001748                _exit
 .text._read    0x000000000800175c       0x3a ./Core/Src/syscalls.o
                0x000000000800175c                _read
 .text._write   0x0000000008001796       0x38 ./Core/Src/syscalls.o
                0x0000000008001796                _write
 .text._close   0x00000000080017ce       0x18 ./Core/Src/syscalls.o
                0x00000000080017ce                _close
 .text._fstat   0x00000000080017e6       0x20 ./Core/Src/syscalls.o
                0x00000000080017e6                _fstat
 .text._isatty  0x0000000008001806       0x16 ./Core/Src/syscalls.o
                0x0000000008001806                _isatty
 .text._lseek   0x000000000800181c       0x1a ./Core/Src/syscalls.o
                0x000000000800181c                _lseek
 *fill*         0x0000000008001836        0x2 
 .text._sbrk    0x0000000008001838       0x6c ./Core/Src/sysmem.o
                0x0000000008001838                _sbrk
 .text.SystemInit
                0x00000000080018a4       0x24 ./Core/Src/system_stm32f4xx.o
                0x00000000080018a4                SystemInit
 .text.Reset_Handler
                0x00000000080018c8       0x50 ./Core/Startup/startup_stm32f401retx.o
                0x00000000080018c8                Reset_Handler
 .text.Default_Handler
                0x0000000008001918        0x2 ./Core/Startup/startup_stm32f401retx.o
                0x0000000008001918                RTC_Alarm_IRQHandler
                0x0000000008001918                EXTI2_IRQHandler
                0x0000000008001918                SPI4_IRQHandler
                0x0000000008001918                TIM1_CC_IRQHandler
                0x0000000008001918                DMA2_Stream5_IRQHandler
                0x0000000008001918                DMA1_Stream5_IRQHandler
                0x0000000008001918                PVD_IRQHandler
                0x0000000008001918                SDIO_IRQHandler
                0x0000000008001918                TAMP_STAMP_IRQHandler
                0x0000000008001918                EXTI3_IRQHandler
                0x0000000008001918                TIM1_UP_TIM10_IRQHandler
                0x0000000008001918                I2C3_ER_IRQHandler
                0x0000000008001918                EXTI0_IRQHandler
                0x0000000008001918                I2C2_EV_IRQHandler
                0x0000000008001918                DMA1_Stream2_IRQHandler
                0x0000000008001918                FPU_IRQHandler
                0x0000000008001918                DMA2_Stream2_IRQHandler
                0x0000000008001918                SPI1_IRQHandler
                0x0000000008001918                TIM1_BRK_TIM9_IRQHandler
                0x0000000008001918                DMA2_Stream3_IRQHandler
                0x0000000008001918                USART6_IRQHandler
                0x0000000008001918                DMA2_Stream0_IRQHandler
                0x0000000008001918                TIM4_IRQHandler
                0x0000000008001918                I2C1_EV_IRQHandler
                0x0000000008001918                DMA1_Stream6_IRQHandler
                0x0000000008001918                DMA1_Stream1_IRQHandler
                0x0000000008001918                TIM3_IRQHandler
                0x0000000008001918                RCC_IRQHandler
                0x0000000008001918                Default_Handler
                0x0000000008001918                EXTI15_10_IRQHandler
                0x0000000008001918                ADC_IRQHandler
                0x0000000008001918                DMA1_Stream7_IRQHandler
                0x0000000008001918                TIM5_IRQHandler
                0x0000000008001918                DMA2_Stream7_IRQHandler
                0x0000000008001918                I2C3_EV_IRQHandler
                0x0000000008001918                EXTI9_5_IRQHandler
                0x0000000008001918                RTC_WKUP_IRQHandler
                0x0000000008001918                SPI2_IRQHandler
                0x0000000008001918                DMA1_Stream0_IRQHandler
                0x0000000008001918                WWDG_IRQHandler
                0x0000000008001918                TIM2_IRQHandler
                0x0000000008001918                OTG_FS_WKUP_IRQHandler
                0x0000000008001918                TIM1_TRG_COM_TIM11_IRQHandler
                0x0000000008001918                EXTI1_IRQHandler
                0x0000000008001918                I2C2_ER_IRQHandler
                0x0000000008001918                DMA2_Stream1_IRQHandler
                0x0000000008001918                FLASH_IRQHandler
                0x0000000008001918                DMA2_Stream4_IRQHandler
                0x0000000008001918                USART1_IRQHandler
                0x0000000008001918                OTG_FS_IRQHandler
                0x0000000008001918                SPI3_IRQHandler
                0x0000000008001918                DMA1_Stream4_IRQHandler
                0x0000000008001918                I2C1_ER_IRQHandler
                0x0000000008001918                DMA2_Stream6_IRQHandler
                0x0000000008001918                DMA1_Stream3_IRQHandler
 *fill*         0x000000000800191a        0x2 
 .text.HAL_Init
                0x000000000800191c       0x44 ./Drivers/STM32F4xx_HAL_Driver/Src/stm32f4xx_hal.o
                0x000000000800191c                HAL_Init
 .text.HAL_InitTick
                0x0000000008001960       0x60 ./Drivers/STM32F4xx_HAL_Driver/Src/stm32f4xx_hal.o
                0x0000000008001960                HAL_InitTick
 .text.HAL_IncTick
                0x00000000080019c0       0x28 ./Drivers/STM32F4xx_HAL_Driver/Src/stm32f4xx_hal.o
                0x00000000080019c0                HAL_IncTick
 .text.HAL_GetTick
                0x00000000080019e8       0x18 ./Drivers/STM32F4xx_HAL_Driver/Src/stm32f4xx_hal.o
                0x00000000080019e8                HAL_GetTick
 .text.HAL_Delay
                0x0000000008001a00       0x48 ./Drivers/STM32F4xx_HAL_Driver/Src/stm32f4xx_hal.o
                0x0000000008001a00                HAL_Delay
 .text.__NVIC_SetPriorityGrouping
                0x0000000008001a48       0x48 ./Drivers/STM32F4xx_HAL_Driver/Src/stm32f4xx_hal_cortex.o
 .text.__NVIC_GetPriorityGrouping
                0x0000000008001a90       0x1c ./Drivers/STM32F4xx_HAL_Driver/Src/stm32f4xx_hal_cortex.o
 .text.__NVIC_EnableIRQ
                0x0000000008001aac       0x3c ./Drivers/STM32F4xx_HAL_Driver/Src/stm32f4xx_hal_cortex.o
 .text.__NVIC_SetPriority
                0x0000000008001ae8       0x54 ./Drivers/STM32F4xx_HAL_Driver/Src/stm32f4xx_hal_cortex.o
 .text.NVIC_EncodePriority
                0x0000000008001b3c       0x66 ./Drivers/STM32F4xx_HAL_Driver/Src/stm32f4xx_hal_cortex.o
 *fill*         0x0000000008001ba2        0x2 
 .text.SysTick_Config
                0x0000000008001ba4       0x44 ./Drivers/STM32F4xx_HAL_Driver/Src/stm32f4xx_hal_cortex.o
 .text.HAL_NVIC_SetPriorityGrouping
                0x0000000008001be8       0x16 ./Drivers/STM32F4xx_HAL_Driver/Src/stm32f4xx_hal_cortex.o
                0x0000000008001be8                HAL_NVIC_SetPriorityGrouping
 .text.HAL_NVIC_SetPriority
                0x0000000008001bfe       0x38 ./Drivers/STM32F4xx_HAL_Driver/Src/stm32f4xx_hal_cortex.o
                0x0000000008001bfe                HAL_NVIC_SetPriority
 .text.HAL_NVIC_EnableIRQ
                0x0000000008001c36       0x1c ./Drivers/STM32F4xx_HAL_Driver/Src/stm32f4xx_hal_cortex.o
                0x0000000008001c36                HAL_NVIC_EnableIRQ
 .text.HAL_SYSTICK_Config
                0x0000000008001c52       0x18 ./Drivers/STM32F4xx_HAL_Driver/Src/stm32f4xx_hal_cortex.o
                0x0000000008001c52                HAL_SYSTICK_Config
 .text.HAL_DMA_Abort
                0x0000000008001c6a       0xe0 ./Drivers/STM32F4xx_HAL_Driver/Src/stm32f4xx_hal_dma.o
                0x0000000008001c6a                HAL_DMA_Abort
 .text.HAL_DMA_Abort_IT
                0x0000000008001d4a       0x44 ./Drivers/STM32F4xx_HAL_Driver/Src/stm32f4xx_hal_dma.o
                0x0000000008001d4a                HAL_DMA_Abort_IT
 *fill*         0x0000000008001d8e        0x2 
 .text.HAL_GPIO_Init
                0x0000000008001d90      0x308 ./Drivers/STM32F4xx_HAL_Driver/Src/stm32f4xx_hal_gpio.o
                0x0000000008001d90                HAL_GPIO_Init
 .text.HAL_GPIO_WritePin
                0x0000000008002098       0x32 ./Drivers/STM32F4xx_HAL_Driver/Src/stm32f4xx_hal_gpio.o
                0x0000000008002098                HAL_GPIO_WritePin
 *fill*         0x00000000080020ca        0x2 
 .text.HAL_GPIO_EXTI_IRQHandler
                0x00000000080020cc       0x30 ./Drivers/STM32F4xx_HAL_Driver/Src/stm32f4xx_hal_gpio.o
                0x00000000080020cc                HAL_GPIO_EXTI_IRQHandler
 .text.HAL_I2C_Init
                0x00000000080020fc      0x288 ./Drivers/STM32F4xx_HAL_Driver/Src/stm32f4xx_hal_i2c.o
                0x00000000080020fc                HAL_I2C_Init
 .text.HAL_I2C_Master_Transmit
                0x0000000008002384      0x1fc ./Drivers/STM32F4xx_HAL_Driver/Src/stm32f4xx_hal_i2c.o
                0x0000000008002384                HAL_I2C_Master_Transmit
 .text.HAL_I2C_Master_Receive
                0x0000000008002580      0x44c ./Drivers/STM32F4xx_HAL_Driver/Src/stm32f4xx_hal_i2c.o
                0x0000000008002580                HAL_I2C_Master_Receive
 .text.HAL_I2C_Mem_Write
                0x00000000080029cc      0x1f4 ./Drivers/STM32F4xx_HAL_Driver/Src/stm32f4xx_hal_i2c.o
                0x00000000080029cc                HAL_I2C_Mem_Write
 .text.I2C_MasterRequestWrite
                0x0000000008002bc0      0x104 ./Drivers/STM32F4xx_HAL_Driver/Src/stm32f4xx_hal_i2c.o
 .text.I2C_MasterRequestRead
                0x0000000008002cc4      0x19c ./Drivers/STM32F4xx_HAL_Driver/Src/stm32f4xx_hal_i2c.o
 .text.I2C_RequestMemoryWrite
                0x0000000008002e60      0x12c ./Drivers/STM32F4xx_HAL_Driver/Src/stm32f4xx_hal_i2c.o
 .text.I2C_WaitOnFlagUntilTimeout
                0x0000000008002f8c       0xae ./Drivers/STM32F4xx_HAL_Driver/Src/stm32f4xx_hal_i2c.o
 .text.I2C_WaitOnMasterAddressFlagUntilTimeout
                0x000000000800303a       0xfe ./Drivers/STM32F4xx_HAL_Driver/Src/stm32f4xx_hal_i2c.o
 .text.I2C_WaitOnTXEFlagUntilTimeout
                0x0000000008003138       0x82 ./Drivers/STM32F4xx_HAL_Driver/Src/stm32f4xx_hal_i2c.o
 .text.I2C_WaitOnBTFFlagUntilTimeout
                0x00000000080031ba       0x82 ./Drivers/STM32F4xx_HAL_Driver/Src/stm32f4xx_hal_i2c.o
 .text.I2C_WaitOnRXNEFlagUntilTimeout
                0x000000000800323c       0xac ./Drivers/STM32F4xx_HAL_Driver/Src/stm32f4xx_hal_i2c.o
 .text.I2C_IsAcknowledgeFailed
                0x00000000080032e8       0x5e ./Drivers/STM32F4xx_HAL_Driver/Src/stm32f4xx_hal_i2c.o
 *fill*         0x0000000008003346        0x2 
 .text.HAL_RCC_OscConfig
                0x0000000008003348      0x4f0 ./Drivers/STM32F4xx_HAL_Driver/Src/stm32f4xx_hal_rcc.o
                0x0000000008003348                HAL_RCC_OscConfig
 .text.HAL_RCC_ClockConfig
                0x0000000008003838      0x1cc ./Drivers/STM32F4xx_HAL_Driver/Src/stm32f4xx_hal_rcc.o
                0x0000000008003838                HAL_RCC_ClockConfig
 .text.HAL_RCC_GetSysClockFreq
                0x0000000008003a04      0x20c ./Drivers/STM32F4xx_HAL_Driver/Src/stm32f4xx_hal_rcc.o
                0x0000000008003a04                HAL_RCC_GetSysClockFreq
 .text.HAL_RCC_GetHCLKFreq
                0x0000000008003c10       0x18 ./Drivers/STM32F4xx_HAL_Driver/Src/stm32f4xx_hal_rcc.o
                0x0000000008003c10                HAL_RCC_GetHCLKFreq
 .text.HAL_RCC_GetPCLK1Freq
                0x0000000008003c28       0x28 ./Drivers/STM32F4xx_HAL_Driver/Src/stm32f4xx_hal_rcc.o
                0x0000000008003c28                HAL_RCC_GetPCLK1Freq
 .text.HAL_RCC_GetPCLK2Freq
                0x0000000008003c50       0x28 ./Drivers/STM32F4xx_HAL_Driver/Src/stm32f4xx_hal_rcc.o
                0x0000000008003c50                HAL_RCC_GetPCLK2Freq
 .text.HAL_UART_Init
                0x0000000008003c78       0x9a ./Drivers/STM32F4xx_HAL_Driver/Src/stm32f4xx_hal_uart.o
                0x0000000008003c78                HAL_UART_Init
 .text.HAL_UART_Transmit
                0x0000000008003d12      0x124 ./Drivers/STM32F4xx_HAL_Driver/Src/stm32f4xx_hal_uart.o
                0x0000000008003d12                HAL_UART_Transmit
 .text.HAL_UART_Receive
                0x0000000008003e36      0x144 ./Drivers/STM32F4xx_HAL_Driver/Src/stm32f4xx_hal_uart.o
                0x0000000008003e36                HAL_UART_Receive
 .text.HAL_UART_Receive_IT
                0x0000000008003f7a       0x60 ./Drivers/STM32F4xx_HAL_Driver/Src/stm32f4xx_hal_uart.o
                0x0000000008003f7a                HAL_UART_Receive_IT
 *fill*         0x0000000008003fda        0x2 
 .text.HAL_UART_IRQHandler
                0x0000000008003fdc      0x51c ./Drivers/STM32F4xx_HAL_Driver/Src/stm32f4xx_hal_uart.o
                0x0000000008003fdc                HAL_UART_IRQHandler
 .text.HAL_UART_TxCpltCallback
                0x00000000080044f8       0x14 ./Drivers/STM32F4xx_HAL_Driver/Src/stm32f4xx_hal_uart.o
                0x00000000080044f8                HAL_UART_TxCpltCallback
 .text.HAL_UARTEx_RxEventCallback
                0x000000000800450c       0x18 ./Drivers/STM32F4xx_HAL_Driver/Src/stm32f4xx_hal_uart.o
                0x000000000800450c                HAL_UARTEx_RxEventCallback
 .text.HAL_UART_GetState
                0x0000000008004524       0x3c ./Drivers/STM32F4xx_HAL_Driver/Src/stm32f4xx_hal_uart.o
                0x0000000008004524                HAL_UART_GetState
 .text.UART_WaitOnFlagUntilTimeout
                0x0000000008004560       0xdc ./Drivers/STM32F4xx_HAL_Driver/Src/stm32f4xx_hal_uart.o
 .text.UART_Start_Receive_IT
                0x000000000800463c       0x7c ./Drivers/STM32F4xx_HAL_Driver/Src/stm32f4xx_hal_uart.o
                0x000000000800463c                UART_Start_Receive_IT
 .text.UART_EndRxTransfer
                0x00000000080046b8       0xc6 ./Drivers/STM32F4xx_HAL_Driver/Src/stm32f4xx_hal_uart.o
 .text.UART_DMAAbortOnError
                0x000000000800477e       0x28 ./Drivers/STM32F4xx_HAL_Driver/Src/stm32f4xx_hal_uart.o
 .text.UART_Transmit_IT
                0x00000000080047a6       0xa0 ./Drivers/STM32F4xx_HAL_Driver/Src/stm32f4xx_hal_uart.o
 .text.UART_EndTransmit_IT
                0x0000000008004846       0x30 ./Drivers/STM32F4xx_HAL_Driver/Src/stm32f4xx_hal_uart.o
 .text.UART_Receive_IT
                0x0000000008004876      0x176 ./Drivers/STM32F4xx_HAL_Driver/Src/stm32f4xx_hal_uart.o
 .text.UART_SetConfig
                0x00000000080049ec      0x4e8 ./Drivers/STM32F4xx_HAL_Driver/Src/stm32f4xx_hal_uart.o
 .text.select_target_index
                0x0000000008004ed4       0x20 ./Example/Gesture/gestures_example.o
                0x0000000008004ed4                select_target_index
 .text.SEN_CopyRangingData
                0x0000000008004ef4      0x128 ./Example/Gesture/gestures_example.o
                0x0000000008004ef4                SEN_CopyRangingData
 .text.print_uart
                0x000000000800501c      0x1ac ./Example/Gesture/gestures_example.o
                0x000000000800501c                print_uart
 .text.print_evk
                0x00000000080051c8      0x40c ./Example/Gesture/gestures_example.o
                0x00000000080051c8                print_evk
 .text.gesture_library_init_configure
                0x00000000080055d4      0x268 ./Example/Gesture/gestures_example.o
                0x00000000080055d4                gesture_library_init_configure
 .text.LMZ_gesture_app_main
                0x000000000800583c      0x354 ./Example/Gesture/gestures_example.o
                0x000000000800583c                LMZ_gesture_app_main
 .text.LMZ_platform_init
                0x0000000008005b90       0x1c ./Platform/platform.o
                0x0000000008005b90                LMZ_platform_init
 .text.RdByte   0x0000000008005bac       0x68 ./Platform/platform.o
                0x0000000008005bac                RdByte
 .text.WrByte   0x0000000008005c14       0x50 ./Platform/platform.o
                0x0000000008005c14                WrByte
 .text.WrMulti  0x0000000008005c64       0x40 ./Platform/platform.o
                0x0000000008005c64                WrMulti
 .text.RdMulti  0x0000000008005ca4       0x68 ./Platform/platform.o
                0x0000000008005ca4                RdMulti
 .text.SwapBuffer
                0x0000000008005d0c       0x6c ./Platform/platform.o
                0x0000000008005d0c                SwapBuffer
 .text.WaitMs   0x0000000008005d78       0x1a ./Platform/platform.o
                0x0000000008005d78                WaitMs
 *fill*         0x0000000008005d92        0x2 
 .text.wait_for_LMZ_interrupt
                0x0000000008005d94       0x30 ./Platform/platform.o
                0x0000000008005d94                wait_for_LMZ_interrupt
 .text.SB_TmpBuffer
                0x0000000008005dc4       0x14 ./Platform/platform.o
                0x0000000008005dc4                SB_TmpBuffer
 .text._vl53lmz_poll_for_answer
                0x0000000008005dd8       0xa0 ./VL53LMZ_ULD_API/src/vl53lmz_api.o
 .text._vl53lmz_poll_for_mcu_boot
                0x0000000008005e78       0x86 ./VL53LMZ_ULD_API/src/vl53lmz_api.o
 *fill*         0x0000000008005efe        0x2 
 .text._vl53lmz_send_offset_data
                0x0000000008005f00      0x398 ./VL53LMZ_ULD_API/src/vl53lmz_api.o
 .text._vl53lmz_send_xtalk_data
                0x0000000008006298      0x298 ./VL53LMZ_ULD_API/src/vl53lmz_api.o
 .text.vl53lmz_init
                0x0000000008006530      0x9f0 ./VL53LMZ_ULD_API/src/vl53lmz_api.o
                0x0000000008006530                vl53lmz_init
 .text.vl53lmz_start_ranging
                0x0000000008006f20       0x34 ./VL53LMZ_ULD_API/src/vl53lmz_api.o
                0x0000000008006f20                vl53lmz_start_ranging
 .text.vl53lmz_stop_ranging
                0x0000000008006f54      0x1a4 ./VL53LMZ_ULD_API/src/vl53lmz_api.o
                0x0000000008006f54                vl53lmz_stop_ranging
 .text.vl53lmz_get_ranging_data
                0x00000000080070f8      0x2ea ./VL53LMZ_ULD_API/src/vl53lmz_api.o
                0x00000000080070f8                vl53lmz_get_ranging_data
 .text.vl53lmz_get_resolution
                0x00000000080073e2       0x4a ./VL53LMZ_ULD_API/src/vl53lmz_api.o
                0x00000000080073e2                vl53lmz_get_resolution
 .text.vl53lmz_set_resolution
                0x000000000800742c      0x1a8 ./VL53LMZ_ULD_API/src/vl53lmz_api.o
                0x000000000800742c                vl53lmz_set_resolution
 .text.vl53lmz_get_ranging_frequency_hz
                0x00000000080075d4       0x3e ./VL53LMZ_ULD_API/src/vl53lmz_api.o
                0x00000000080075d4                vl53lmz_get_ranging_frequency_hz
 .text.vl53lmz_set_ranging_frequency_hz
                0x0000000008007612       0x42 ./VL53LMZ_ULD_API/src/vl53lmz_api.o
                0x0000000008007612                vl53lmz_set_ranging_frequency_hz
 .text.vl53lmz_get_integration_time_ms
                0x0000000008007654       0x58 ./VL53LMZ_ULD_API/src/vl53lmz_api.o
                0x0000000008007654                vl53lmz_get_integration_time_ms
 .text.vl53lmz_set_integration_time_ms
                0x00000000080076ac       0x6a ./VL53LMZ_ULD_API/src/vl53lmz_api.o
                0x00000000080076ac                vl53lmz_set_integration_time_ms
 *fill*         0x0000000008007716        0x2 
 .text.vl53lmz_get_sharpener_percent
                0x0000000008007718       0x5c ./VL53LMZ_ULD_API/src/vl53lmz_api.o
                0x0000000008007718                vl53lmz_get_sharpener_percent
 .text.vl53lmz_set_sharpener_percent
                0x0000000008007774       0x70 ./VL53LMZ_ULD_API/src/vl53lmz_api.o
                0x0000000008007774                vl53lmz_set_sharpener_percent
 .text.vl53lmz_get_target_order
                0x00000000080077e4       0x3e ./VL53LMZ_ULD_API/src/vl53lmz_api.o
                0x00000000080077e4                vl53lmz_get_target_order
 .text.vl53lmz_set_target_order
                0x0000000008007822       0x58 ./VL53LMZ_ULD_API/src/vl53lmz_api.o
                0x0000000008007822                vl53lmz_set_target_order
 .text.vl53lmz_get_ranging_mode
                0x000000000800787a       0x4c ./VL53LMZ_ULD_API/src/vl53lmz_api.o
                0x000000000800787a                vl53lmz_get_ranging_mode
 .text.vl53lmz_set_ranging_mode
                0x00000000080078c6       0xae ./VL53LMZ_ULD_API/src/vl53lmz_api.o
                0x00000000080078c6                vl53lmz_set_ranging_mode
 .text.vl53lmz_dci_read_data
                0x0000000008007974      0x114 ./VL53LMZ_ULD_API/src/vl53lmz_api.o
                0x0000000008007974                vl53lmz_dci_read_data
 .text.vl53lmz_dci_write_data
                0x0000000008007a88      0x140 ./VL53LMZ_ULD_API/src/vl53lmz_api.o
                0x0000000008007a88                vl53lmz_dci_write_data
 .text.vl53lmz_dci_replace_data
                0x0000000008007bc8       0x58 ./VL53LMZ_ULD_API/src/vl53lmz_api.o
                0x0000000008007bc8                vl53lmz_dci_replace_data
 .text.vl53lmz_create_output_config
                0x0000000008007c20       0xdc ./VL53LMZ_ULD_API/src/vl53lmz_api.o
                0x0000000008007c20                vl53lmz_create_output_config
 .text.vl53lmz_send_output_config_and_start
                0x0000000008007cfc      0x2a0 ./VL53LMZ_ULD_API/src/vl53lmz_api.o
                0x0000000008007cfc                vl53lmz_send_output_config_and_start
 .text._vl53lmz_poll_for_answer
                0x0000000008007f9c       0x7c ./VL53LMZ_ULD_API/src/vl53lmz_plugin_xtalk.o
 .text._vl53lmz_program_output_config
                0x0000000008008018      0x1cc ./VL53LMZ_ULD_API/src/vl53lmz_plugin_xtalk.o
 .text.vl53lmz_calibrate_xtalk
                0x00000000080081e4      0x4bc ./VL53LMZ_ULD_API/src/vl53lmz_plugin_xtalk.o
                0x00000000080081e4                vl53lmz_calibrate_xtalk
 .text.vl53lmz_get_caldata_xtalk
                0x00000000080086a0       0xf4 ./VL53LMZ_ULD_API/src/vl53lmz_plugin_xtalk.o
                0x00000000080086a0                vl53lmz_get_caldata_xtalk
 .text.vl53lmz_set_caldata_xtalk
                0x0000000008008794       0x54 ./VL53LMZ_ULD_API/src/vl53lmz_plugin_xtalk.o
                0x0000000008008794                vl53lmz_set_caldata_xtalk
 .text.vl53lmz_get_xtalk_margin
                0x00000000080087e8       0x4c ./VL53LMZ_ULD_API/src/vl53lmz_plugin_xtalk.o
                0x00000000080087e8                vl53lmz_get_xtalk_margin
 .text.vl53lmz_set_xtalk_margin
                0x0000000008008834       0x60 ./VL53LMZ_ULD_API/src/vl53lmz_plugin_xtalk.o
                0x0000000008008834                vl53lmz_set_xtalk_margin
 .text.apps_layer_vl53lmz_Configure
                0x0000000008008894      0x164 ./apps_layer/apps_layer_utils.o
                0x0000000008008894                apps_layer_vl53lmz_Configure
 .text.perform_calibration
                0x00000000080089f8       0xa4 ./apps_layer/apps_layer_utils.o
                0x00000000080089f8                perform_calibration
 .text.get_calibration
                0x0000000008008a9c       0x68 ./apps_layer/apps_layer_utils.o
                0x0000000008008a9c                get_calibration
 .text.print_buffer
                0x0000000008008b04       0xbc ./apps_layer/apps_layer_utils.o
                0x0000000008008b04                print_buffer
 .text.Parse_Enable
                0x0000000008008bc0       0x24 ./apps_layer/apps_layer_utils.o
 .text.Parse_Disable
                0x0000000008008be4       0x24 ./apps_layer/apps_layer_utils.o
 .text.Parse_SET
                0x0000000008008c08      0x1b8 ./apps_layer/apps_layer_utils.o
                0x0000000008008c08                Parse_SET
 .text.Parse_Params
                0x0000000008008dc0      0x1b8 ./apps_layer/apps_layer_utils.o
 .text.Parse_Calibrate
                0x0000000008008f78       0x84 ./apps_layer/apps_layer_utils.o
 .text.Parse_GetCalData
                0x0000000008008ffc       0x80 ./apps_layer/apps_layer_utils.o
 .text.Parse_Help
                0x000000000800907c      0x164 ./apps_layer/apps_layer_utils.o
 .text.SC_HandleCmd
                0x00000000080091e0       0xec ./apps_layer/apps_layer_utils.o
                0x00000000080091e0                SC_HandleCmd
 .text.GW_set_params
                0x00000000080092cc      0x1e8 ../GesturesMZ/libGesturesMZ.a(gwmz.o)
                0x00000000080092cc                GW_set_params
 .text.GW_init  0x00000000080094b4       0xae ../GesturesMZ/libGesturesMZ.a(gwmz.o)
                0x00000000080094b4                GW_init
 *fill*         0x0000000008009562        0x2 
 .text.GW_set_buffer_length
                0x0000000008009564      0x104 ../GesturesMZ/libGesturesMZ.a(gwmz.o)
                0x0000000008009564                GW_set_buffer_length
 .text.GW_set_frequency
                0x0000000008009668       0x3e ../GesturesMZ/libGesturesMZ.a(gwmz.o)
                0x0000000008009668                GW_set_frequency
 .text.GW_update_hand_buffers
                0x00000000080096a6      0x122 ../GesturesMZ/libGesturesMZ.a(gwmz.o)
                0x00000000080096a6                GW_update_hand_buffers
 .text.GW_compute_speeds
                0x00000000080097c8      0x1b4 ../GesturesMZ/libGesturesMZ.a(gwmz.o)
                0x00000000080097c8                GW_compute_speeds
 *fill*         0x000000000800997c        0x4 
 .text.GW_interpret_speeds
                0x0000000008009980      0x3d4 ../GesturesMZ/libGesturesMZ.a(gwmz.o)
                0x0000000008009980                GW_interpret_speeds
 *fill*         0x0000000008009d54        0x4 
 .text.GW_update_prediction
                0x0000000008009d58      0x188 ../GesturesMZ/libGesturesMZ.a(gwmz.o)
                0x0000000008009d58                GW_update_prediction
 .text.GW_filter_prediction
                0x0000000008009ee0      0x10c ../GesturesMZ/libGesturesMZ.a(gwmz.o)
                0x0000000008009ee0                GW_filter_prediction
 .text.setLevelController
                0x0000000008009fec       0x6c ../GesturesMZ/libGesturesMZ.a(gwmz.o)
                0x0000000008009fec                setLevelController
 .text.setPolarLevelController
                0x000000000800a058       0xd4 ../GesturesMZ/libGesturesMZ.a(gwmz.o)
                0x000000000800a058                setPolarLevelController
 .text.GW_level_control
                0x000000000800a12c       0x60 ../GesturesMZ/libGesturesMZ.a(gwmz.o)
                0x000000000800a12c                GW_level_control
 .text.GW_run   0x000000000800a18c       0x76 ../GesturesMZ/libGesturesMZ.a(gwmz.o)
                0x000000000800a18c                GW_run
 .text.HT_init  0x000000000800a202       0x4c ../GesturesMZ/libGesturesMZ.a(htmz.o)
                0x000000000800a202                HT_init
 .text.HT_set_path_length
                0x000000000800a24e       0x3e ../GesturesMZ/libGesturesMZ.a(htmz.o)
                0x000000000800a24e                HT_set_path_length
 .text.HT_set_frequency
                0x000000000800a28c       0xb4 ../GesturesMZ/libGesturesMZ.a(htmz.o)
                0x000000000800a28c                HT_set_frequency
 .text.HT_struct_init
                0x000000000800a340       0x34 ../GesturesMZ/libGesturesMZ.a(htmz.o)
                0x000000000800a340                HT_struct_init
 .text.HT_set_square_resolution
                0x000000000800a374       0x32 ../GesturesMZ/libGesturesMZ.a(htmz.o)
                0x000000000800a374                HT_set_square_resolution
 *fill*         0x000000000800a3a6        0x2 
 .text.HT_find_hand
                0x000000000800a3a8      0x6a4 ../GesturesMZ/libGesturesMZ.a(htmz.o)
                0x000000000800a3a8                HT_find_hand
 .text.HT_path_interpolate
                0x000000000800aa4c      0x106 ../GesturesMZ/libGesturesMZ.a(htmz.o)
                0x000000000800aa4c                HT_path_interpolate
 .text.HT_update_path
                0x000000000800ab52       0x8e ../GesturesMZ/libGesturesMZ.a(htmz.o)
                0x000000000800ab52                HT_update_path
 .text.HT_run   0x000000000800abe0       0x1e ../GesturesMZ/libGesturesMZ.a(htmz.o)
                0x000000000800abe0                HT_run
 *fill*         0x000000000800abfe        0x2 
 .text.taylor_atan
                0x000000000800ac00       0xf0 ../GesturesMZ/libGesturesMZ.a(opti_math.o)
                0x000000000800ac00                taylor_atan
 .text.taylor_sqrt
                0x000000000800acf0       0x62 ../GesturesMZ/libGesturesMZ.a(opti_math.o)
                0x000000000800acf0                taylor_sqrt
 .text.RFBVM_init
                0x000000000800ad52       0x2e ../GesturesMZ/libGesturesMZ.a(ring_fbuffer_vm.o)
                0x000000000800ad52                RFBVM_init
 .text.RFBVM_push
                0x000000000800ad80       0x46 ../GesturesMZ/libGesturesMZ.a(ring_fbuffer_vm.o)
                0x000000000800ad80                RFBVM_push
 *fill*         0x000000000800adc6        0x2 
 .text.RFBVM_sum
                0x000000000800adc8       0x34 ../GesturesMZ/libGesturesMZ.a(ring_fbuffer_vm.o)
                0x000000000800adc8                RFBVM_sum
 .text.RFBVM_mean
                0x000000000800adfc       0x28 ../GesturesMZ/libGesturesMZ.a(ring_fbuffer_vm.o)
                0x000000000800adfc                RFBVM_mean
 .text.RFBVM_get_element_pointer
                0x000000000800ae24       0x2c ../GesturesMZ/libGesturesMZ.a(ring_fbuffer_vm.o)
                0x000000000800ae24                RFBVM_get_element_pointer
 .text.RFBVM_get_element_value
                0x000000000800ae50       0x18 ../GesturesMZ/libGesturesMZ.a(ring_fbuffer_vm.o)
                0x000000000800ae50                RFBVM_get_element_value
 .text.RFBVM_set_element_value
                0x000000000800ae68       0x16 ../GesturesMZ/libGesturesMZ.a(ring_fbuffer_vm.o)
                0x000000000800ae68                RFBVM_set_element_value
 .text.RFBVM_fill
                0x000000000800ae7e       0x28 ../GesturesMZ/libGesturesMZ.a(ring_fbuffer_vm.o)
                0x000000000800ae7e                RFBVM_fill
 *fill*         0x000000000800aea6        0x2 
 .text.SEN_init
                0x000000000800aea8       0x28 ../GesturesMZ/libGesturesMZ.a(sensor.o)
                0x000000000800aea8                SEN_init
 .text.SEN_set_orientation
                0x000000000800aed0       0x14 ../GesturesMZ/libGesturesMZ.a(sensor.o)
                0x000000000800aed0                SEN_set_orientation
 .text.SEN_set_frequency
                0x000000000800aee4       0x20 ../GesturesMZ/libGesturesMZ.a(sensor.o)
                0x000000000800aee4                SEN_set_frequency
 .text.SEN_set_resolution
                0x000000000800af04       0x28 ../GesturesMZ/libGesturesMZ.a(sensor.o)
                0x000000000800af04                SEN_set_resolution
 .text.SEN_set_square_resolution
                0x000000000800af2c       0x4a ../GesturesMZ/libGesturesMZ.a(sensor.o)
                0x000000000800af2c                SEN_set_square_resolution
 .text.SEN_set_data
                0x000000000800af76       0x2e ../GesturesMZ/libGesturesMZ.a(sensor.o)
                0x000000000800af76                SEN_set_data
 .text.SEN_idx_to_col_row
                0x000000000800afa4       0x80 ../GesturesMZ/libGesturesMZ.a(sensor.o)
                0x000000000800afa4                SEN_idx_to_col_row
 .text.SEN_col_row_to_idx
                0x000000000800b024       0x86 ../GesturesMZ/libGesturesMZ.a(sensor.o)
                0x000000000800b024                SEN_col_row_to_idx
 .text.SEN_zone_size
                0x000000000800b0aa       0xbc ../GesturesMZ/libGesturesMZ.a(sensor.o)
                0x000000000800b0aa                SEN_zone_size
 .text.SEN_actual_res
                0x000000000800b166       0x22 ../GesturesMZ/libGesturesMZ.a(sensor.o)
                0x000000000800b166                SEN_actual_res
 .text.SEN_col_row_to_mm
                0x000000000800b188       0x86 ../GesturesMZ/libGesturesMZ.a(sensor.o)
                0x000000000800b188                SEN_col_row_to_mm
 .text.SEN_idx_to_mm
                0x000000000800b20e       0x3e ../GesturesMZ/libGesturesMZ.a(sensor.o)
                0x000000000800b20e                SEN_idx_to_mm
 .text.SEN_mm_to_col_row
                0x000000000800b24c       0xc2 ../GesturesMZ/libGesturesMZ.a(sensor.o)
                0x000000000800b24c                SEN_mm_to_col_row
 .text.SEN_mm_to_idx
                0x000000000800b30e       0x3e ../GesturesMZ/libGesturesMZ.a(sensor.o)
                0x000000000800b30e                SEN_mm_to_idx
 .text.__cvt    0x000000000800b34c       0xc4 /opt/st/stm32cubeide_1.13.2/plugins/com.st.stm32cube.ide.mcu.externaltools.gnu-tools-for-stm32.11.3.rel1.linux64_1.1.1.202309131626/tools/bin/../lib/gcc/arm-none-eabi/11.3.1/../../../../arm-none-eabi/lib/thumb/v7e-m+fp/hard/libc_nano.a(libc_a-nano-vfprintf_float.o)
                0x000000000800b34c                __cvt
 .text.__exponent
                0x000000000800b410       0x7c /opt/st/stm32cubeide_1.13.2/plugins/com.st.stm32cube.ide.mcu.externaltools.gnu-tools-for-stm32.11.3.rel1.linux64_1.1.1.202309131626/tools/bin/../lib/gcc/arm-none-eabi/11.3.1/../../../../arm-none-eabi/lib/thumb/v7e-m+fp/hard/libc_nano.a(libc_a-nano-vfprintf_float.o)
                0x000000000800b410                __exponent
 .text._printf_float
                0x000000000800b48c      0x46c /opt/st/stm32cubeide_1.13.2/plugins/com.st.stm32cube.ide.mcu.externaltools.gnu-tools-for-stm32.11.3.rel1.linux64_1.1.1.202309131626/tools/bin/../lib/gcc/arm-none-eabi/11.3.1/../../../../arm-none-eabi/lib/thumb/v7e-m+fp/hard/libc_nano.a(libc_a-nano-vfprintf_float.o)
                0x000000000800b48c                _printf_float
 .text._printf_common
                0x000000000800b8f8       0xda /opt/st/stm32cubeide_1.13.2/plugins/com.st.stm32cube.ide.mcu.externaltools.gnu-tools-for-stm32.11.3.rel1.linux64_1.1.1.202309131626/tools/bin/../lib/gcc/arm-none-eabi/11.3.1/../../../../arm-none-eabi/lib/thumb/v7e-m+fp/hard/libc_nano.a(libc_a-nano-vfprintf_i.o)
                0x000000000800b8f8                _printf_common
 *fill*         0x000000000800b9d2        0x2 
 .text._printf_i
                0x000000000800b9d4      0x244 /opt/st/stm32cubeide_1.13.2/plugins/com.st.stm32cube.ide.mcu.externaltools.gnu-tools-for-stm32.11.3.rel1.linux64_1.1.1.202309131626/tools/bin/../lib/gcc/arm-none-eabi/11.3.1/../../../../arm-none-eabi/lib/thumb/v7e-m+fp/hard/libc_nano.a(libc_a-nano-vfprintf_i.o)
                0x000000000800b9d4                _printf_i
 .text._scanf_float
                0x000000000800bc18      0x420 /opt/st/stm32cubeide_1.13.2/plugins/com.st.stm32cube.ide.mcu.externaltools.gnu-tools-for-stm32.11.3.rel1.linux64_1.1.1.202309131626/tools/bin/../lib/gcc/arm-none-eabi/11.3.1/../../../../arm-none-eabi/lib/thumb/v7e-m+fp/hard/libc_nano.a(libc_a-nano-vfscanf_float.o)
                0x000000000800bc18                _scanf_float
 .text.__sflush_r
                0x000000000800c038      0x10c /opt/st/stm32cubeide_1.13.2/plugins/com.st.stm32cube.ide.mcu.externaltools.gnu-tools-for-stm32.11.3.rel1.linux64_1.1.1.202309131626/tools/bin/../lib/gcc/arm-none-eabi/11.3.1/../../../../arm-none-eabi/lib/thumb/v7e-m+fp/hard/libc_nano.a(libc_a-fflush.o)
                0x000000000800c038                __sflush_r
 .text._fflush_r
                0x000000000800c144       0x50 /opt/st/stm32cubeide_1.13.2/plugins/com.st.stm32cube.ide.mcu.externaltools.gnu-tools-for-stm32.11.3.rel1.linux64_1.1.1.202309131626/tools/bin/../lib/gcc/arm-none-eabi/11.3.1/../../../../arm-none-eabi/lib/thumb/v7e-m+fp/hard/libc_nano.a(libc_a-fflush.o)
                0x000000000800c144                _fflush_r
 .text.fflush   0x000000000800c194       0x28 /opt/st/stm32cubeide_1.13.2/plugins/com.st.stm32cube.ide.mcu.externaltools.gnu-tools-for-stm32.11.3.rel1.linux64_1.1.1.202309131626/tools/bin/../lib/gcc/arm-none-eabi/11.3.1/../../../../arm-none-eabi/lib/thumb/v7e-m+fp/hard/libc_nano.a(libc_a-fflush.o)
                0x000000000800c194                fflush
 .text.std      0x000000000800c1bc       0x6c /opt/st/stm32cubeide_1.13.2/plugins/com.st.stm32cube.ide.mcu.externaltools.gnu-tools-for-stm32.11.3.rel1.linux64_1.1.1.202309131626/tools/bin/../lib/gcc/arm-none-eabi/11.3.1/../../../../arm-none-eabi/lib/thumb/v7e-m+fp/hard/libc_nano.a(libc_a-findfp.o)
 .text.stdio_exit_handler
                0x000000000800c228       0x18 /opt/st/stm32cubeide_1.13.2/plugins/com.st.stm32cube.ide.mcu.externaltools.gnu-tools-for-stm32.11.3.rel1.linux64_1.1.1.202309131626/tools/bin/../lib/gcc/arm-none-eabi/11.3.1/../../../../arm-none-eabi/lib/thumb/v7e-m+fp/hard/libc_nano.a(libc_a-findfp.o)
 .text.cleanup_stdio
                0x000000000800c240       0x40 /opt/st/stm32cubeide_1.13.2/plugins/com.st.stm32cube.ide.mcu.externaltools.gnu-tools-for-stm32.11.3.rel1.linux64_1.1.1.202309131626/tools/bin/../lib/gcc/arm-none-eabi/11.3.1/../../../../arm-none-eabi/lib/thumb/v7e-m+fp/hard/libc_nano.a(libc_a-findfp.o)
 .text.global_stdio_init.part.0
                0x000000000800c280       0x3c /opt/st/stm32cubeide_1.13.2/plugins/com.st.stm32cube.ide.mcu.externaltools.gnu-tools-for-stm32.11.3.rel1.linux64_1.1.1.202309131626/tools/bin/../lib/gcc/arm-none-eabi/11.3.1/../../../../arm-none-eabi/lib/thumb/v7e-m+fp/hard/libc_nano.a(libc_a-findfp.o)
 .text.__sfp_lock_acquire
                0x000000000800c2bc        0xc /opt/st/stm32cubeide_1.13.2/plugins/com.st.stm32cube.ide.mcu.externaltools.gnu-tools-for-stm32.11.3.rel1.linux64_1.1.1.202309131626/tools/bin/../lib/gcc/arm-none-eabi/11.3.1/../../../../arm-none-eabi/lib/thumb/v7e-m+fp/hard/libc_nano.a(libc_a-findfp.o)
                0x000000000800c2bc                __sfp_lock_acquire
 .text.__sfp_lock_release
                0x000000000800c2c8        0xc /opt/st/stm32cubeide_1.13.2/plugins/com.st.stm32cube.ide.mcu.externaltools.gnu-tools-for-stm32.11.3.rel1.linux64_1.1.1.202309131626/tools/bin/../lib/gcc/arm-none-eabi/11.3.1/../../../../arm-none-eabi/lib/thumb/v7e-m+fp/hard/libc_nano.a(libc_a-findfp.o)
                0x000000000800c2c8                __sfp_lock_release
 .text.__sinit  0x000000000800c2d4       0x30 /opt/st/stm32cubeide_1.13.2/plugins/com.st.stm32cube.ide.mcu.externaltools.gnu-tools-for-stm32.11.3.rel1.linux64_1.1.1.202309131626/tools/bin/../lib/gcc/arm-none-eabi/11.3.1/../../../../arm-none-eabi/lib/thumb/v7e-m+fp/hard/libc_nano.a(libc_a-findfp.o)
                0x000000000800c2d4                __sinit
 .text._fwalk_sglue
                0x000000000800c304       0x3c /opt/st/stm32cubeide_1.13.2/plugins/com.st.stm32cube.ide.mcu.externaltools.gnu-tools-for-stm32.11.3.rel1.linux64_1.1.1.202309131626/tools/bin/../lib/gcc/arm-none-eabi/11.3.1/../../../../arm-none-eabi/lib/thumb/v7e-m+fp/hard/libc_nano.a(libc_a-fwalk.o)
                0x000000000800c304                _fwalk_sglue
 .text.printf   0x000000000800c340       0x24 /opt/st/stm32cubeide_1.13.2/plugins/com.st.stm32cube.ide.mcu.externaltools.gnu-tools-for-stm32.11.3.rel1.linux64_1.1.1.202309131626/tools/bin/../lib/gcc/arm-none-eabi/11.3.1/../../../../arm-none-eabi/lib/thumb/v7e-m+fp/hard/libc_nano.a(libc_a-printf.o)
                0x000000000800c340                printf
                0x000000000800c340                iprintf
 .text.putchar  0x000000000800c364       0x10 /opt/st/stm32cubeide_1.13.2/plugins/com.st.stm32cube.ide.mcu.externaltools.gnu-tools-for-stm32.11.3.rel1.linux64_1.1.1.202309131626/tools/bin/../lib/gcc/arm-none-eabi/11.3.1/../../../../arm-none-eabi/lib/thumb/v7e-m+fp/hard/libc_nano.a(libc_a-putchar.o)
                0x000000000800c364                putchar
 .text._puts_r  0x000000000800c374       0xa8 /opt/st/stm32cubeide_1.13.2/plugins/com.st.stm32cube.ide.mcu.externaltools.gnu-tools-for-stm32.11.3.rel1.linux64_1.1.1.202309131626/tools/bin/../lib/gcc/arm-none-eabi/11.3.1/../../../../arm-none-eabi/lib/thumb/v7e-m+fp/hard/libc_nano.a(libc_a-puts.o)
                0x000000000800c374                _puts_r
 .text.puts     0x000000000800c41c       0x10 /opt/st/stm32cubeide_1.13.2/plugins/com.st.stm32cube.ide.mcu.externaltools.gnu-tools-for-stm32.11.3.rel1.linux64_1.1.1.202309131626/tools/bin/../lib/gcc/arm-none-eabi/11.3.1/../../../../arm-none-eabi/lib/thumb/v7e-m+fp/hard/libc_nano.a(libc_a-puts.o)
                0x000000000800c41c                puts
 .text.sprintf  0x000000000800c42c       0x40 /opt/st/stm32cubeide_1.13.2/plugins/com.st.stm32cube.ide.mcu.externaltools.gnu-tools-for-stm32.11.3.rel1.linux64_1.1.1.202309131626/tools/bin/../lib/gcc/arm-none-eabi/11.3.1/../../../../arm-none-eabi/lib/thumb/v7e-m+fp/hard/libc_nano.a(libc_a-sprintf.o)
                0x000000000800c42c                sprintf
                0x000000000800c42c                siprintf
 .text.sscanf   0x000000000800c46c       0x58 /opt/st/stm32cubeide_1.13.2/plugins/com.st.stm32cube.ide.mcu.externaltools.gnu-tools-for-stm32.11.3.rel1.linux64_1.1.1.202309131626/tools/bin/../lib/gcc/arm-none-eabi/11.3.1/../../../../arm-none-eabi/lib/thumb/v7e-m+fp/hard/libc_nano.a(libc_a-sscanf.o)
                0x000000000800c46c                sscanf
                0x000000000800c46c                siscanf
 .text.__sread  0x000000000800c4c4       0x22 /opt/st/stm32cubeide_1.13.2/plugins/com.st.stm32cube.ide.mcu.externaltools.gnu-tools-for-stm32.11.3.rel1.linux64_1.1.1.202309131626/tools/bin/../lib/gcc/arm-none-eabi/11.3.1/../../../../arm-none-eabi/lib/thumb/v7e-m+fp/hard/libc_nano.a(libc_a-stdio.o)
                0x000000000800c4c4                __sread
 .text.__seofread
                0x000000000800c4e6        0x4 /opt/st/stm32cubeide_1.13.2/plugins/com.st.stm32cube.ide.mcu.externaltools.gnu-tools-for-stm32.11.3.rel1.linux64_1.1.1.202309131626/tools/bin/../lib/gcc/arm-none-eabi/11.3.1/../../../../arm-none-eabi/lib/thumb/v7e-m+fp/hard/libc_nano.a(libc_a-stdio.o)
                0x000000000800c4e6                __seofread
 .text.__swrite
                0x000000000800c4ea       0x38 /opt/st/stm32cubeide_1.13.2/plugins/com.st.stm32cube.ide.mcu.externaltools.gnu-tools-for-stm32.11.3.rel1.linux64_1.1.1.202309131626/tools/bin/../lib/gcc/arm-none-eabi/11.3.1/../../../../arm-none-eabi/lib/thumb/v7e-m+fp/hard/libc_nano.a(libc_a-stdio.o)
                0x000000000800c4ea                __swrite
 .text.__sseek  0x000000000800c522       0x24 /opt/st/stm32cubeide_1.13.2/plugins/com.st.stm32cube.ide.mcu.externaltools.gnu-tools-for-stm32.11.3.rel1.linux64_1.1.1.202309131626/tools/bin/../lib/gcc/arm-none-eabi/11.3.1/../../../../arm-none-eabi/lib/thumb/v7e-m+fp/hard/libc_nano.a(libc_a-stdio.o)
                0x000000000800c522                __sseek
 .text.__sclose
                0x000000000800c546        0x8 /opt/st/stm32cubeide_1.13.2/plugins/com.st.stm32cube.ide.mcu.externaltools.gnu-tools-for-stm32.11.3.rel1.linux64_1.1.1.202309131626/tools/bin/../lib/gcc/arm-none-eabi/11.3.1/../../../../arm-none-eabi/lib/thumb/v7e-m+fp/hard/libc_nano.a(libc_a-stdio.o)
                0x000000000800c546                __sclose
 .text.__swbuf_r
                0x000000000800c54e       0x7a /opt/st/stm32cubeide_1.13.2/plugins/com.st.stm32cube.ide.mcu.externaltools.gnu-tools-for-stm32.11.3.rel1.linux64_1.1.1.202309131626/tools/bin/../lib/gcc/arm-none-eabi/11.3.1/../../../../arm-none-eabi/lib/thumb/v7e-m+fp/hard/libc_nano.a(libc_a-wbuf.o)
                0x000000000800c54e                __swbuf_r
 .text.__swsetup_r
                0x000000000800c5c8       0xb0 /opt/st/stm32cubeide_1.13.2/plugins/com.st.stm32cube.ide.mcu.externaltools.gnu-tools-for-stm32.11.3.rel1.linux64_1.1.1.202309131626/tools/bin/../lib/gcc/arm-none-eabi/11.3.1/../../../../arm-none-eabi/lib/thumb/v7e-m+fp/hard/libc_nano.a(libc_a-wsetup.o)
                0x000000000800c5c8                __swsetup_r
 .text.memset   0x000000000800c678       0x10 /opt/st/stm32cubeide_1.13.2/plugins/com.st.stm32cube.ide.mcu.externaltools.gnu-tools-for-stm32.11.3.rel1.linux64_1.1.1.202309131626/tools/bin/../lib/gcc/arm-none-eabi/11.3.1/../../../../arm-none-eabi/lib/thumb/v7e-m+fp/hard/libc_nano.a(libc_a-memset.o)
                0x000000000800c678                memset
 .text.strcat   0x000000000800c688       0x1e /opt/st/stm32cubeide_1.13.2/plugins/com.st.stm32cube.ide.mcu.externaltools.gnu-tools-for-stm32.11.3.rel1.linux64_1.1.1.202309131626/tools/bin/../lib/gcc/arm-none-eabi/11.3.1/../../../../arm-none-eabi/lib/thumb/v7e-m+fp/hard/libc_nano.a(libc_a-strcat.o)
                0x000000000800c688                strcat
 .text.strchr   0x000000000800c6a6       0x1a /opt/st/stm32cubeide_1.13.2/plugins/com.st.stm32cube.ide.mcu.externaltools.gnu-tools-for-stm32.11.3.rel1.linux64_1.1.1.202309131626/tools/bin/../lib/gcc/arm-none-eabi/11.3.1/../../../../arm-none-eabi/lib/thumb/v7e-m+fp/hard/libc_nano.a(libc_a-strchr.o)
                0x000000000800c6a6                strchr
 .text.strncmp  0x000000000800c6c0       0x24 /opt/st/stm32cubeide_1.13.2/plugins/com.st.stm32cube.ide.mcu.externaltools.gnu-tools-for-stm32.11.3.rel1.linux64_1.1.1.202309131626/tools/bin/../lib/gcc/arm-none-eabi/11.3.1/../../../../arm-none-eabi/lib/thumb/v7e-m+fp/hard/libc_nano.a(libc_a-strncmp.o)
                0x000000000800c6c0                strncmp
 .text._localeconv_r
                0x000000000800c6e4        0x8 /opt/st/stm32cubeide_1.13.2/plugins/com.st.stm32cube.ide.mcu.externaltools.gnu-tools-for-stm32.11.3.rel1.linux64_1.1.1.202309131626/tools/bin/../lib/gcc/arm-none-eabi/11.3.1/../../../../arm-none-eabi/lib/thumb/v7e-m+fp/hard/libc_nano.a(libc_a-localeconv.o)
                0x000000000800c6e4                _localeconv_r
 .text._close_r
                0x000000000800c6ec       0x20 /opt/st/stm32cubeide_1.13.2/plugins/com.st.stm32cube.ide.mcu.externaltools.gnu-tools-for-stm32.11.3.rel1.linux64_1.1.1.202309131626/tools/bin/../lib/gcc/arm-none-eabi/11.3.1/../../../../arm-none-eabi/lib/thumb/v7e-m+fp/hard/libc_nano.a(libc_a-closer.o)
                0x000000000800c6ec                _close_r
 .text._lseek_r
                0x000000000800c70c       0x24 /opt/st/stm32cubeide_1.13.2/plugins/com.st.stm32cube.ide.mcu.externaltools.gnu-tools-for-stm32.11.3.rel1.linux64_1.1.1.202309131626/tools/bin/../lib/gcc/arm-none-eabi/11.3.1/../../../../arm-none-eabi/lib/thumb/v7e-m+fp/hard/libc_nano.a(libc_a-lseekr.o)
                0x000000000800c70c                _lseek_r
 .text._read_r  0x000000000800c730       0x24 /opt/st/stm32cubeide_1.13.2/plugins/com.st.stm32cube.ide.mcu.externaltools.gnu-tools-for-stm32.11.3.rel1.linux64_1.1.1.202309131626/tools/bin/../lib/gcc/arm-none-eabi/11.3.1/../../../../arm-none-eabi/lib/thumb/v7e-m+fp/hard/libc_nano.a(libc_a-readr.o)
                0x000000000800c730                _read_r
 .text._write_r
                0x000000000800c754       0x24 /opt/st/stm32cubeide_1.13.2/plugins/com.st.stm32cube.ide.mcu.externaltools.gnu-tools-for-stm32.11.3.rel1.linux64_1.1.1.202309131626/tools/bin/../lib/gcc/arm-none-eabi/11.3.1/../../../../arm-none-eabi/lib/thumb/v7e-m+fp/hard/libc_nano.a(libc_a-writer.o)
                0x000000000800c754                _write_r
 .text.__errno  0x000000000800c778        0xc /opt/st/stm32cubeide_1.13.2/plugins/com.st.stm32cube.ide.mcu.externaltools.gnu-tools-for-stm32.11.3.rel1.linux64_1.1.1.202309131626/tools/bin/../lib/gcc/arm-none-eabi/11.3.1/../../../../arm-none-eabi/lib/thumb/v7e-m+fp/hard/libc_nano.a(libc_a-errno.o)
                0x000000000800c778                __errno
 .text.__libc_init_array
                0x000000000800c784       0x48 /opt/st/stm32cubeide_1.13.2/plugins/com.st.stm32cube.ide.mcu.externaltools.gnu-tools-for-stm32.11.3.rel1.linux64_1.1.1.202309131626/tools/bin/../lib/gcc/arm-none-eabi/11.3.1/../../../../arm-none-eabi/lib/thumb/v7e-m+fp/hard/libc_nano.a(libc_a-init.o)
                0x000000000800c784                __libc_init_array
 .text.__retarget_lock_init_recursive
                0x000000000800c7cc        0x2 /opt/st/stm32cubeide_1.13.2/plugins/com.st.stm32cube.ide.mcu.externaltools.gnu-tools-for-stm32.11.3.rel1.linux64_1.1.1.202309131626/tools/bin/../lib/gcc/arm-none-eabi/11.3.1/../../../../arm-none-eabi/lib/thumb/v7e-m+fp/hard/libc_nano.a(libc_a-lock.o)
                0x000000000800c7cc                __retarget_lock_init_recursive
 .text.__retarget_lock_acquire_recursive
                0x000000000800c7ce        0x2 /opt/st/stm32cubeide_1.13.2/plugins/com.st.stm32cube.ide.mcu.externaltools.gnu-tools-for-stm32.11.3.rel1.linux64_1.1.1.202309131626/tools/bin/../lib/gcc/arm-none-eabi/11.3.1/../../../../arm-none-eabi/lib/thumb/v7e-m+fp/hard/libc_nano.a(libc_a-lock.o)
                0x000000000800c7ce                __retarget_lock_acquire_recursive
 .text.__retarget_lock_release_recursive
                0x000000000800c7d0        0x2 /opt/st/stm32cubeide_1.13.2/plugins/com.st.stm32cube.ide.mcu.externaltools.gnu-tools-for-stm32.11.3.rel1.linux64_1.1.1.202309131626/tools/bin/../lib/gcc/arm-none-eabi/11.3.1/../../../../arm-none-eabi/lib/thumb/v7e-m+fp/hard/libc_nano.a(libc_a-lock.o)
                0x000000000800c7d0                __retarget_lock_release_recursive
 .text.memcpy   0x000000000800c7d2       0x1c /opt/st/stm32cubeide_1.13.2/plugins/com.st.stm32cube.ide.mcu.externaltools.gnu-tools-for-stm32.11.3.rel1.linux64_1.1.1.202309131626/tools/bin/../lib/gcc/arm-none-eabi/11.3.1/../../../../arm-none-eabi/lib/thumb/v7e-m+fp/hard/libc_nano.a(libc_a-memcpy-stub.o)
                0x000000000800c7d2                memcpy
 *fill*         0x000000000800c7ee        0x2 
 .text.nanf     0x000000000800c7f0        0xc /opt/st/stm32cubeide_1.13.2/plugins/com.st.stm32cube.ide.mcu.externaltools.gnu-tools-for-stm32.11.3.rel1.linux64_1.1.1.202309131626/tools/bin/../lib/gcc/arm-none-eabi/11.3.1/../../../../arm-none-eabi/lib/thumb/v7e-m+fp/hard/libc_nano.a(libm_a-sf_nan.o)
                0x000000000800c7f0                nanf
 .text.quorem   0x000000000800c7fc      0x110 /opt/st/stm32cubeide_1.13.2/plugins/com.st.stm32cube.ide.mcu.externaltools.gnu-tools-for-stm32.11.3.rel1.linux64_1.1.1.202309131626/tools/bin/../lib/gcc/arm-none-eabi/11.3.1/../../../../arm-none-eabi/lib/thumb/v7e-m+fp/hard/libc_nano.a(libc_a-dtoa.o)
 *fill*         0x000000000800c90c        0x4 
 .text._dtoa_r  0x000000000800c910      0xbe4 /opt/st/stm32cubeide_1.13.2/plugins/com.st.stm32cube.ide.mcu.externaltools.gnu-tools-for-stm32.11.3.rel1.linux64_1.1.1.202309131626/tools/bin/../lib/gcc/arm-none-eabi/11.3.1/../../../../arm-none-eabi/lib/thumb/v7e-m+fp/hard/libc_nano.a(libc_a-dtoa.o)
                0x000000000800c910                _dtoa_r
 .text._free_r  0x000000000800d4f4       0x98 /opt/st/stm32cubeide_1.13.2/plugins/com.st.stm32cube.ide.mcu.externaltools.gnu-tools-for-stm32.11.3.rel1.linux64_1.1.1.202309131626/tools/bin/../lib/gcc/arm-none-eabi/11.3.1/../../../../arm-none-eabi/lib/thumb/v7e-m+fp/hard/libc_nano.a(libc_a-freer.o)
                0x000000000800d4f4                _free_r
 .text.malloc   0x000000000800d58c       0x10 /opt/st/stm32cubeide_1.13.2/plugins/com.st.stm32cube.ide.mcu.externaltools.gnu-tools-for-stm32.11.3.rel1.linux64_1.1.1.202309131626/tools/bin/../lib/gcc/arm-none-eabi/11.3.1/../../../../arm-none-eabi/lib/thumb/v7e-m+fp/hard/libc_nano.a(libc_a-malloc.o)
                0x000000000800d58c                malloc
 .text.sbrk_aligned
                0x000000000800d59c       0x40 /opt/st/stm32cubeide_1.13.2/plugins/com.st.stm32cube.ide.mcu.externaltools.gnu-tools-for-stm32.11.3.rel1.linux64_1.1.1.202309131626/tools/bin/../lib/gcc/arm-none-eabi/11.3.1/../../../../arm-none-eabi/lib/thumb/v7e-m+fp/hard/libc_nano.a(libc_a-mallocr.o)
 .text._malloc_r
                0x000000000800d5dc      0x100 /opt/st/stm32cubeide_1.13.2/plugins/com.st.stm32cube.ide.mcu.externaltools.gnu-tools-for-stm32.11.3.rel1.linux64_1.1.1.202309131626/tools/bin/../lib/gcc/arm-none-eabi/11.3.1/../../../../arm-none-eabi/lib/thumb/v7e-m+fp/hard/libc_nano.a(libc_a-mallocr.o)
                0x000000000800d5dc                _malloc_r
 .text.__malloc_lock
                0x000000000800d6dc        0xc /opt/st/stm32cubeide_1.13.2/plugins/com.st.stm32cube.ide.mcu.externaltools.gnu-tools-for-stm32.11.3.rel1.linux64_1.1.1.202309131626/tools/bin/../lib/gcc/arm-none-eabi/11.3.1/../../../../arm-none-eabi/lib/thumb/v7e-m+fp/hard/libc_nano.a(libc_a-mlock.o)
                0x000000000800d6dc                __malloc_lock
 .text.__malloc_unlock
                0x000000000800d6e8        0xc /opt/st/stm32cubeide_1.13.2/plugins/com.st.stm32cube.ide.mcu.externaltools.gnu-tools-for-stm32.11.3.rel1.linux64_1.1.1.202309131626/tools/bin/../lib/gcc/arm-none-eabi/11.3.1/../../../../arm-none-eabi/lib/thumb/v7e-m+fp/hard/libc_nano.a(libc_a-mlock.o)
                0x000000000800d6e8                __malloc_unlock
 .text._Balloc  0x000000000800d6f4       0x80 /opt/st/stm32cubeide_1.13.2/plugins/com.st.stm32cube.ide.mcu.externaltools.gnu-tools-for-stm32.11.3.rel1.linux64_1.1.1.202309131626/tools/bin/../lib/gcc/arm-none-eabi/11.3.1/../../../../arm-none-eabi/lib/thumb/v7e-m+fp/hard/libc_nano.a(libc_a-mprec.o)
                0x000000000800d6f4                _Balloc
 .text._Bfree   0x000000000800d774       0x44 /opt/st/stm32cubeide_1.13.2/plugins/com.st.stm32cube.ide.mcu.externaltools.gnu-tools-for-stm32.11.3.rel1.linux64_1.1.1.202309131626/tools/bin/../lib/gcc/arm-none-eabi/11.3.1/../../../../arm-none-eabi/lib/thumb/v7e-m+fp/hard/libc_nano.a(libc_a-mprec.o)
                0x000000000800d774                _Bfree
 .text.__multadd
                0x000000000800d7b8       0x8c /opt/st/stm32cubeide_1.13.2/plugins/com.st.stm32cube.ide.mcu.externaltools.gnu-tools-for-stm32.11.3.rel1.linux64_1.1.1.202309131626/tools/bin/../lib/gcc/arm-none-eabi/11.3.1/../../../../arm-none-eabi/lib/thumb/v7e-m+fp/hard/libc_nano.a(libc_a-mprec.o)
                0x000000000800d7b8                __multadd
 .text.__s2b    0x000000000800d844       0x94 /opt/st/stm32cubeide_1.13.2/plugins/com.st.stm32cube.ide.mcu.externaltools.gnu-tools-for-stm32.11.3.rel1.linux64_1.1.1.202309131626/tools/bin/../lib/gcc/arm-none-eabi/11.3.1/../../../../arm-none-eabi/lib/thumb/v7e-m+fp/hard/libc_nano.a(libc_a-mprec.o)
                0x000000000800d844                __s2b
 .text.__hi0bits
                0x000000000800d8d8       0x40 /opt/st/stm32cubeide_1.13.2/plugins/com.st.stm32cube.ide.mcu.externaltools.gnu-tools-for-stm32.11.3.rel1.linux64_1.1.1.202309131626/tools/bin/../lib/gcc/arm-none-eabi/11.3.1/../../../../arm-none-eabi/lib/thumb/v7e-m+fp/hard/libc_nano.a(libc_a-mprec.o)
                0x000000000800d8d8                __hi0bits
 .text.__lo0bits
                0x000000000800d918       0x5a /opt/st/stm32cubeide_1.13.2/plugins/com.st.stm32cube.ide.mcu.externaltools.gnu-tools-for-stm32.11.3.rel1.linux64_1.1.1.202309131626/tools/bin/../lib/gcc/arm-none-eabi/11.3.1/../../../../arm-none-eabi/lib/thumb/v7e-m+fp/hard/libc_nano.a(libc_a-mprec.o)
                0x000000000800d918                __lo0bits
 *fill*         0x000000000800d972        0x2 
 .text.__i2b    0x000000000800d974       0x2c /opt/st/stm32cubeide_1.13.2/plugins/com.st.stm32cube.ide.mcu.externaltools.gnu-tools-for-stm32.11.3.rel1.linux64_1.1.1.202309131626/tools/bin/../lib/gcc/arm-none-eabi/11.3.1/../../../../arm-none-eabi/lib/thumb/v7e-m+fp/hard/libc_nano.a(libc_a-mprec.o)
                0x000000000800d974                __i2b
 .text.__multiply
                0x000000000800d9a0      0x154 /opt/st/stm32cubeide_1.13.2/plugins/com.st.stm32cube.ide.mcu.externaltools.gnu-tools-for-stm32.11.3.rel1.linux64_1.1.1.202309131626/tools/bin/../lib/gcc/arm-none-eabi/11.3.1/../../../../arm-none-eabi/lib/thumb/v7e-m+fp/hard/libc_nano.a(libc_a-mprec.o)
                0x000000000800d9a0                __multiply
 .text.__pow5mult
                0x000000000800daf4       0xb4 /opt/st/stm32cubeide_1.13.2/plugins/com.st.stm32cube.ide.mcu.externaltools.gnu-tools-for-stm32.11.3.rel1.linux64_1.1.1.202309131626/tools/bin/../lib/gcc/arm-none-eabi/11.3.1/../../../../arm-none-eabi/lib/thumb/v7e-m+fp/hard/libc_nano.a(libc_a-mprec.o)
                0x000000000800daf4                __pow5mult
 .text.__lshift
                0x000000000800dba8       0xd8 /opt/st/stm32cubeide_1.13.2/plugins/com.st.stm32cube.ide.mcu.externaltools.gnu-tools-for-stm32.11.3.rel1.linux64_1.1.1.202309131626/tools/bin/../lib/gcc/arm-none-eabi/11.3.1/../../../../arm-none-eabi/lib/thumb/v7e-m+fp/hard/libc_nano.a(libc_a-mprec.o)
                0x000000000800dba8                __lshift
 .text.__mcmp   0x000000000800dc80       0x38 /opt/st/stm32cubeide_1.13.2/plugins/com.st.stm32cube.ide.mcu.externaltools.gnu-tools-for-stm32.11.3.rel1.linux64_1.1.1.202309131626/tools/bin/../lib/gcc/arm-none-eabi/11.3.1/../../../../arm-none-eabi/lib/thumb/v7e-m+fp/hard/libc_nano.a(libc_a-mprec.o)
                0x000000000800dc80                __mcmp
 .text.__mdiff  0x000000000800dcb8      0x114 /opt/st/stm32cubeide_1.13.2/plugins/com.st.stm32cube.ide.mcu.externaltools.gnu-tools-for-stm32.11.3.rel1.linux64_1.1.1.202309131626/tools/bin/../lib/gcc/arm-none-eabi/11.3.1/../../../../arm-none-eabi/lib/thumb/v7e-m+fp/hard/libc_nano.a(libc_a-mprec.o)
                0x000000000800dcb8                __mdiff
 .text.__ulp    0x000000000800ddcc       0x4c /opt/st/stm32cubeide_1.13.2/plugins/com.st.stm32cube.ide.mcu.externaltools.gnu-tools-for-stm32.11.3.rel1.linux64_1.1.1.202309131626/tools/bin/../lib/gcc/arm-none-eabi/11.3.1/../../../../arm-none-eabi/lib/thumb/v7e-m+fp/hard/libc_nano.a(libc_a-mprec.o)
                0x000000000800ddcc                __ulp
 .text.__b2d    0x000000000800de18       0x94 /opt/st/stm32cubeide_1.13.2/plugins/com.st.stm32cube.ide.mcu.externaltools.gnu-tools-for-stm32.11.3.rel1.linux64_1.1.1.202309131626/tools/bin/../lib/gcc/arm-none-eabi/11.3.1/../../../../arm-none-eabi/lib/thumb/v7e-m+fp/hard/libc_nano.a(libc_a-mprec.o)
                0x000000000800de18                __b2d
 .text.__d2b    0x000000000800deac       0xb4 /opt/st/stm32cubeide_1.13.2/plugins/com.st.stm32cube.ide.mcu.externaltools.gnu-tools-for-stm32.11.3.rel1.linux64_1.1.1.202309131626/tools/bin/../lib/gcc/arm-none-eabi/11.3.1/../../../../arm-none-eabi/lib/thumb/v7e-m+fp/hard/libc_nano.a(libc_a-mprec.o)
                0x000000000800deac                __d2b
 .text.__ratio  0x000000000800df60       0x66 /opt/st/stm32cubeide_1.13.2/plugins/com.st.stm32cube.ide.mcu.externaltools.gnu-tools-for-stm32.11.3.rel1.linux64_1.1.1.202309131626/tools/bin/../lib/gcc/arm-none-eabi/11.3.1/../../../../arm-none-eabi/lib/thumb/v7e-m+fp/hard/libc_nano.a(libc_a-mprec.o)
                0x000000000800df60                __ratio
 .text.__copybits
                0x000000000800dfc6       0x46 /opt/st/stm32cubeide_1.13.2/plugins/com.st.stm32cube.ide.mcu.externaltools.gnu-tools-for-stm32.11.3.rel1.linux64_1.1.1.202309131626/tools/bin/../lib/gcc/arm-none-eabi/11.3.1/../../../../arm-none-eabi/lib/thumb/v7e-m+fp/hard/libc_nano.a(libc_a-mprec.o)
                0x000000000800dfc6                __copybits
 .text.__any_on
                0x000000000800e00c       0x42 /opt/st/stm32cubeide_1.13.2/plugins/com.st.stm32cube.ide.mcu.externaltools.gnu-tools-for-stm32.11.3.rel1.linux64_1.1.1.202309131626/tools/bin/../lib/gcc/arm-none-eabi/11.3.1/../../../../arm-none-eabi/lib/thumb/v7e-m+fp/hard/libc_nano.a(libc_a-mprec.o)
                0x000000000800e00c                __any_on
 .text.sulp     0x000000000800e04e       0x38 /opt/st/stm32cubeide_1.13.2/plugins/com.st.stm32cube.ide.mcu.externaltools.gnu-tools-for-stm32.11.3.rel1.linux64_1.1.1.202309131626/tools/bin/../lib/gcc/arm-none-eabi/11.3.1/../../../../arm-none-eabi/lib/thumb/v7e-m+fp/hard/libc_nano.a(libc_a-strtod.o)
 *fill*         0x000000000800e086        0x2 
 .text._strtod_l
                0x000000000800e088      0xbe0 /opt/st/stm32cubeide_1.13.2/plugins/com.st.stm32cube.ide.mcu.externaltools.gnu-tools-for-stm32.11.3.rel1.linux64_1.1.1.202309131626/tools/bin/../lib/gcc/arm-none-eabi/11.3.1/../../../../arm-none-eabi/lib/thumb/v7e-m+fp/hard/libc_nano.a(libc_a-strtod.o)
                0x000000000800e088                _strtod_l
 .text._strtod_r
                0x000000000800ec68        0xc /opt/st/stm32cubeide_1.13.2/plugins/com.st.stm32cube.ide.mcu.externaltools.gnu-tools-for-stm32.11.3.rel1.linux64_1.1.1.202309131626/tools/bin/../lib/gcc/arm-none-eabi/11.3.1/../../../../arm-none-eabi/lib/thumb/v7e-m+fp/hard/libc_nano.a(libc_a-strtod.o)
                0x000000000800ec68                _strtod_r
 .text._strtol_l.constprop.0
                0x000000000800ec74      0x104 /opt/st/stm32cubeide_1.13.2/plugins/com.st.stm32cube.ide.mcu.externaltools.gnu-tools-for-stm32.11.3.rel1.linux64_1.1.1.202309131626/tools/bin/../lib/gcc/arm-none-eabi/11.3.1/../../../../arm-none-eabi/lib/thumb/v7e-m+fp/hard/libc_nano.a(libc_a-strtol.o)
 .text._strtol_r
                0x000000000800ed78        0x4 /opt/st/stm32cubeide_1.13.2/plugins/com.st.stm32cube.ide.mcu.externaltools.gnu-tools-for-stm32.11.3.rel1.linux64_1.1.1.202309131626/tools/bin/../lib/gcc/arm-none-eabi/11.3.1/../../../../arm-none-eabi/lib/thumb/v7e-m+fp/hard/libc_nano.a(libc_a-strtol.o)
                0x000000000800ed78                _strtol_r
 .text.__ssputs_r
                0x000000000800ed7c       0xb4 /opt/st/stm32cubeide_1.13.2/plugins/com.st.stm32cube.ide.mcu.externaltools.gnu-tools-for-stm32.11.3.rel1.linux64_1.1.1.202309131626/tools/bin/../lib/gcc/arm-none-eabi/11.3.1/../../../../arm-none-eabi/lib/thumb/v7e-m+fp/hard/libc_nano.a(libc_a-nano-svfprintf.o)
                0x000000000800ed7c                __ssputs_r
 .text._svfprintf_r
                0x000000000800ee30      0x1fc /opt/st/stm32cubeide_1.13.2/plugins/com.st.stm32cube.ide.mcu.externaltools.gnu-tools-for-stm32.11.3.rel1.linux64_1.1.1.202309131626/tools/bin/../lib/gcc/arm-none-eabi/11.3.1/../../../../arm-none-eabi/lib/thumb/v7e-m+fp/hard/libc_nano.a(libc_a-nano-svfprintf.o)
                0x000000000800ee30                _svfprintf_r
                0x000000000800ee30                _svfiprintf_r
 .text._sungetc_r
                0x000000000800f02c       0x7a /opt/st/stm32cubeide_1.13.2/plugins/com.st.stm32cube.ide.mcu.externaltools.gnu-tools-for-stm32.11.3.rel1.linux64_1.1.1.202309131626/tools/bin/../lib/gcc/arm-none-eabi/11.3.1/../../../../arm-none-eabi/lib/thumb/v7e-m+fp/hard/libc_nano.a(libc_a-nano-svfscanf.o)
                0x000000000800f02c                _sungetc_r
 .text.__ssrefill_r
                0x000000000800f0a6       0x3a /opt/st/stm32cubeide_1.13.2/plugins/com.st.stm32cube.ide.mcu.externaltools.gnu-tools-for-stm32.11.3.rel1.linux64_1.1.1.202309131626/tools/bin/../lib/gcc/arm-none-eabi/11.3.1/../../../../arm-none-eabi/lib/thumb/v7e-m+fp/hard/libc_nano.a(libc_a-nano-svfscanf.o)
                0x000000000800f0a6                __ssrefill_r
 .text.__ssvfscanf_r
                0x000000000800f0e0      0x2f0 /opt/st/stm32cubeide_1.13.2/plugins/com.st.stm32cube.ide.mcu.externaltools.gnu-tools-for-stm32.11.3.rel1.linux64_1.1.1.202309131626/tools/bin/../lib/gcc/arm-none-eabi/11.3.1/../../../../arm-none-eabi/lib/thumb/v7e-m+fp/hard/libc_nano.a(libc_a-nano-svfscanf.o)
                0x000000000800f0e0                __ssvfscanf_r
                0x000000000800f0e0                __ssvfiscanf_r
 .text.__sfputc_r
                0x000000000800f3d0       0x2e /opt/st/stm32cubeide_1.13.2/plugins/com.st.stm32cube.ide.mcu.externaltools.gnu-tools-for-stm32.11.3.rel1.linux64_1.1.1.202309131626/tools/bin/../lib/gcc/arm-none-eabi/11.3.1/../../../../arm-none-eabi/lib/thumb/v7e-m+fp/hard/libc_nano.a(libc_a-nano-vfprintf.o)
 .text.__sfputs_r
                0x000000000800f3fe       0x24 /opt/st/stm32cubeide_1.13.2/plugins/com.st.stm32cube.ide.mcu.externaltools.gnu-tools-for-stm32.11.3.rel1.linux64_1.1.1.202309131626/tools/bin/../lib/gcc/arm-none-eabi/11.3.1/../../../../arm-none-eabi/lib/thumb/v7e-m+fp/hard/libc_nano.a(libc_a-nano-vfprintf.o)
                0x000000000800f3fe                __sfputs_r
 *fill*         0x000000000800f422        0x2 
 .text._vfprintf_r
                0x000000000800f424      0x234 /opt/st/stm32cubeide_1.13.2/plugins/com.st.stm32cube.ide.mcu.externaltools.gnu-tools-for-stm32.11.3.rel1.linux64_1.1.1.202309131626/tools/bin/../lib/gcc/arm-none-eabi/11.3.1/../../../../arm-none-eabi/lib/thumb/v7e-m+fp/hard/libc_nano.a(libc_a-nano-vfprintf.o)
                0x000000000800f424                _vfiprintf_r
                0x000000000800f424                _vfprintf_r
 .text._scanf_chars
                0x000000000800f658       0xb4 /opt/st/stm32cubeide_1.13.2/plugins/com.st.stm32cube.ide.mcu.externaltools.gnu-tools-for-stm32.11.3.rel1.linux64_1.1.1.202309131626/tools/bin/../lib/gcc/arm-none-eabi/11.3.1/../../../../arm-none-eabi/lib/thumb/v7e-m+fp/hard/libc_nano.a(libc_a-nano-vfscanf_i.o)
                0x000000000800f658                _scanf_chars
 .text._scanf_i
                0x000000000800f70c      0x1e8 /opt/st/stm32cubeide_1.13.2/plugins/com.st.stm32cube.ide.mcu.externaltools.gnu-tools-for-stm32.11.3.rel1.linux64_1.1.1.202309131626/tools/bin/../lib/gcc/arm-none-eabi/11.3.1/../../../../arm-none-eabi/lib/thumb/v7e-m+fp/hard/libc_nano.a(libc_a-nano-vfscanf_i.o)
                0x000000000800f70c                _scanf_i
 .text.__swhatbuf_r
                0x000000000800f8f4       0x4c /opt/st/stm32cubeide_1.13.2/plugins/com.st.stm32cube.ide.mcu.externaltools.gnu-tools-for-stm32.11.3.rel1.linux64_1.1.1.202309131626/tools/bin/../lib/gcc/arm-none-eabi/11.3.1/../../../../arm-none-eabi/lib/thumb/v7e-m+fp/hard/libc_nano.a(libc_a-makebuf.o)
                0x000000000800f8f4                __swhatbuf_r
 .text.__smakebuf_r
                0x000000000800f940       0x78 /opt/st/stm32cubeide_1.13.2/plugins/com.st.stm32cube.ide.mcu.externaltools.gnu-tools-for-stm32.11.3.rel1.linux64_1.1.1.202309131626/tools/bin/../lib/gcc/arm-none-eabi/11.3.1/../../../../arm-none-eabi/lib/thumb/v7e-m+fp/hard/libc_nano.a(libc_a-makebuf.o)
                0x000000000800f940                __smakebuf_r
 .text._putc_r  0x000000000800f9b8       0x68 /opt/st/stm32cubeide_1.13.2/plugins/com.st.stm32cube.ide.mcu.externaltools.gnu-tools-for-stm32.11.3.rel1.linux64_1.1.1.202309131626/tools/bin/../lib/gcc/arm-none-eabi/11.3.1/../../../../arm-none-eabi/lib/thumb/v7e-m+fp/hard/libc_nano.a(libc_a-putc.o)
                0x000000000800f9b8                _putc_r
 .text.__sccl   0x000000000800fa20       0x72 /opt/st/stm32cubeide_1.13.2/plugins/com.st.stm32cube.ide.mcu.externaltools.gnu-tools-for-stm32.11.3.rel1.linux64_1.1.1.202309131626/tools/bin/../lib/gcc/arm-none-eabi/11.3.1/../../../../arm-none-eabi/lib/thumb/v7e-m+fp/hard/libc_nano.a(libc_a-sccl.o)
                0x000000000800fa20                __sccl
 .text.__submore
                0x000000000800fa92       0x74 /opt/st/stm32cubeide_1.13.2/plugins/com.st.stm32cube.ide.mcu.externaltools.gnu-tools-for-stm32.11.3.rel1.linux64_1.1.1.202309131626/tools/bin/../lib/gcc/arm-none-eabi/11.3.1/../../../../arm-none-eabi/lib/thumb/v7e-m+fp/hard/libc_nano.a(libc_a-ungetc.o)
                0x000000000800fa92                __submore
 .text.memmove  0x000000000800fb06       0x34 /opt/st/stm32cubeide_1.13.2/plugins/com.st.stm32cube.ide.mcu.externaltools.gnu-tools-for-stm32.11.3.rel1.linux64_1.1.1.202309131626/tools/bin/../lib/gcc/arm-none-eabi/11.3.1/../../../../arm-none-eabi/lib/thumb/v7e-m+fp/hard/libc_nano.a(libc_a-memmove.o)
                0x000000000800fb06                memmove
 *fill*         0x000000000800fb3a        0x2 
 .text._fstat_r
                0x000000000800fb3c       0x24 /opt/st/stm32cubeide_1.13.2/plugins/com.st.stm32cube.ide.mcu.externaltools.gnu-tools-for-stm32.11.3.rel1.linux64_1.1.1.202309131626/tools/bin/../lib/gcc/arm-none-eabi/11.3.1/../../../../arm-none-eabi/lib/thumb/v7e-m+fp/hard/libc_nano.a(libc_a-fstatr.o)
                0x000000000800fb3c                _fstat_r
 .text._isatty_r
                0x000000000800fb60       0x20 /opt/st/stm32cubeide_1.13.2/plugins/com.st.stm32cube.ide.mcu.externaltools.gnu-tools-for-stm32.11.3.rel1.linux64_1.1.1.202309131626/tools/bin/../lib/gcc/arm-none-eabi/11.3.1/../../../../arm-none-eabi/lib/thumb/v7e-m+fp/hard/libc_nano.a(libc_a-isattyr.o)
                0x000000000800fb60                _isatty_r
 .text._sbrk_r  0x000000000800fb80       0x20 /opt/st/stm32cubeide_1.13.2/plugins/com.st.stm32cube.ide.mcu.externaltools.gnu-tools-for-stm32.11.3.rel1.linux64_1.1.1.202309131626/tools/bin/../lib/gcc/arm-none-eabi/11.3.1/../../../../arm-none-eabi/lib/thumb/v7e-m+fp/hard/libc_nano.a(libc_a-sbrkr.o)
                0x000000000800fb80                _sbrk_r
 .text.nan      0x000000000800fba0       0x10 /opt/st/stm32cubeide_1.13.2/plugins/com.st.stm32cube.ide.mcu.externaltools.gnu-tools-for-stm32.11.3.rel1.linux64_1.1.1.202309131626/tools/bin/../lib/gcc/arm-none-eabi/11.3.1/../../../../arm-none-eabi/lib/thumb/v7e-m+fp/hard/libc_nano.a(libm_a-s_nan.o)
                0x000000000800fba0                nan
 .text.__assert_func
                0x000000000800fbb0       0x3c /opt/st/stm32cubeide_1.13.2/plugins/com.st.stm32cube.ide.mcu.externaltools.gnu-tools-for-stm32.11.3.rel1.linux64_1.1.1.202309131626/tools/bin/../lib/gcc/arm-none-eabi/11.3.1/../../../../arm-none-eabi/lib/thumb/v7e-m+fp/hard/libc_nano.a(libc_a-assert.o)
                0x000000000800fbb0                __assert_func
 .text._calloc_r
                0x000000000800fbec       0x2c /opt/st/stm32cubeide_1.13.2/plugins/com.st.stm32cube.ide.mcu.externaltools.gnu-tools-for-stm32.11.3.rel1.linux64_1.1.1.202309131626/tools/bin/../lib/gcc/arm-none-eabi/11.3.1/../../../../arm-none-eabi/lib/thumb/v7e-m+fp/hard/libc_nano.a(libc_a-callocr.o)
                0x000000000800fbec                _calloc_r
 .text.rshift   0x000000000800fc18       0xa4 /opt/st/stm32cubeide_1.13.2/plugins/com.st.stm32cube.ide.mcu.externaltools.gnu-tools-for-stm32.11.3.rel1.linux64_1.1.1.202309131626/tools/bin/../lib/gcc/arm-none-eabi/11.3.1/../../../../arm-none-eabi/lib/thumb/v7e-m+fp/hard/libc_nano.a(libc_a-gdtoa-gethex.o)
 .text.__hexdig_fun
                0x000000000800fcbc       0x2a /opt/st/stm32cubeide_1.13.2/plugins/com.st.stm32cube.ide.mcu.externaltools.gnu-tools-for-stm32.11.3.rel1.linux64_1.1.1.202309131626/tools/bin/../lib/gcc/arm-none-eabi/11.3.1/../../../../arm-none-eabi/lib/thumb/v7e-m+fp/hard/libc_nano.a(libc_a-gdtoa-gethex.o)
                0x000000000800fcbc                __hexdig_fun
 *fill*         0x000000000800fce6        0x2 
 .text.__gethex
                0x000000000800fce8      0x45c /opt/st/stm32cubeide_1.13.2/plugins/com.st.stm32cube.ide.mcu.externaltools.gnu-tools-for-stm32.11.3.rel1.linux64_1.1.1.202309131626/tools/bin/../lib/gcc/arm-none-eabi/11.3.1/../../../../arm-none-eabi/lib/thumb/v7e-m+fp/hard/libc_nano.a(libc_a-gdtoa-gethex.o)
                0x000000000800fce8                __gethex
 .text.L_shift  0x0000000008010144       0x24 /opt/st/stm32cubeide_1.13.2/plugins/com.st.stm32cube.ide.mcu.externaltools.gnu-tools-for-stm32.11.3.rel1.linux64_1.1.1.202309131626/tools/bin/../lib/gcc/arm-none-eabi/11.3.1/../../../../arm-none-eabi/lib/thumb/v7e-m+fp/hard/libc_nano.a(libc_a-gdtoa-hexnan.o)
 .text.__match  0x0000000008010168       0x28 /opt/st/stm32cubeide_1.13.2/plugins/com.st.stm32cube.ide.mcu.externaltools.gnu-tools-for-stm32.11.3.rel1.linux64_1.1.1.202309131626/tools/bin/../lib/gcc/arm-none-eabi/11.3.1/../../../../arm-none-eabi/lib/thumb/v7e-m+fp/hard/libc_nano.a(libc_a-gdtoa-hexnan.o)
                0x0000000008010168                __match
 .text.__hexnan
                0x0000000008010190      0x136 /opt/st/stm32cubeide_1.13.2/plugins/com.st.stm32cube.ide.mcu.externaltools.gnu-tools-for-stm32.11.3.rel1.linux64_1.1.1.202309131626/tools/bin/../lib/gcc/arm-none-eabi/11.3.1/../../../../arm-none-eabi/lib/thumb/v7e-m+fp/hard/libc_nano.a(libc_a-gdtoa-hexnan.o)
                0x0000000008010190                __hexnan
 .text.__ascii_mbtowc
                0x00000000080102c6       0x24 /opt/st/stm32cubeide_1.13.2/plugins/com.st.stm32cube.ide.mcu.externaltools.gnu-tools-for-stm32.11.3.rel1.linux64_1.1.1.202309131626/tools/bin/../lib/gcc/arm-none-eabi/11.3.1/../../../../arm-none-eabi/lib/thumb/v7e-m+fp/hard/libc_nano.a(libc_a-mbtowc_r.o)
                0x00000000080102c6                __ascii_mbtowc
 .text._realloc_r
                0x00000000080102ea       0x5e /opt/st/stm32cubeide_1.13.2/plugins/com.st.stm32cube.ide.mcu.externaltools.gnu-tools-for-stm32.11.3.rel1.linux64_1.1.1.202309131626/tools/bin/../lib/gcc/arm-none-eabi/11.3.1/../../../../arm-none-eabi/lib/thumb/v7e-m+fp/hard/libc_nano.a(libc_a-reallocr.o)
                0x00000000080102ea                _realloc_r
 .text._strtoul_l.constprop.0
                0x0000000008010348       0xe4 /opt/st/stm32cubeide_1.13.2/plugins/com.st.stm32cube.ide.mcu.externaltools.gnu-tools-for-stm32.11.3.rel1.linux64_1.1.1.202309131626/tools/bin/../lib/gcc/arm-none-eabi/11.3.1/../../../../arm-none-eabi/lib/thumb/v7e-m+fp/hard/libc_nano.a(libc_a-strtoul.o)
 .text._strtoul_r
                0x000000000801042c        0x4 /opt/st/stm32cubeide_1.13.2/plugins/com.st.stm32cube.ide.mcu.externaltools.gnu-tools-for-stm32.11.3.rel1.linux64_1.1.1.202309131626/tools/bin/../lib/gcc/arm-none-eabi/11.3.1/../../../../arm-none-eabi/lib/thumb/v7e-m+fp/hard/libc_nano.a(libc_a-strtoul.o)
                0x000000000801042c                _strtoul_r
 .text.__ascii_wctomb
                0x0000000008010430       0x1a /opt/st/stm32cubeide_1.13.2/plugins/com.st.stm32cube.ide.mcu.externaltools.gnu-tools-for-stm32.11.3.rel1.linux64_1.1.1.202309131626/tools/bin/../lib/gcc/arm-none-eabi/11.3.1/../../../../arm-none-eabi/lib/thumb/v7e-m+fp/hard/libc_nano.a(libc_a-wctomb_r.o)
                0x0000000008010430                __ascii_wctomb
 *fill*         0x000000000801044a        0x2 
 .text.fprintf  0x000000000801044c       0x24 /opt/st/stm32cubeide_1.13.2/plugins/com.st.stm32cube.ide.mcu.externaltools.gnu-tools-for-stm32.11.3.rel1.linux64_1.1.1.202309131626/tools/bin/../lib/gcc/arm-none-eabi/11.3.1/../../../../arm-none-eabi/lib/thumb/v7e-m+fp/hard/libc_nano.a(libc_a-fprintf.o)
                0x000000000801044c                fprintf
                0x000000000801044c                fiprintf
 .text.abort    0x0000000008010470        0xe /opt/st/stm32cubeide_1.13.2/plugins/com.st.stm32cube.ide.mcu.externaltools.gnu-tools-for-stm32.11.3.rel1.linux64_1.1.1.202309131626/tools/bin/../lib/gcc/arm-none-eabi/11.3.1/../../../../arm-none-eabi/lib/thumb/v7e-m+fp/hard/libc_nano.a(libc_a-abort.o)
                0x0000000008010470                abort
 .text._malloc_usable_size_r
                0x000000000801047e       0x10 /opt/st/stm32cubeide_1.13.2/plugins/com.st.stm32cube.ide.mcu.externaltools.gnu-tools-for-stm32.11.3.rel1.linux64_1.1.1.202309131626/tools/bin/../lib/gcc/arm-none-eabi/11.3.1/../../../../arm-none-eabi/lib/thumb/v7e-m+fp/hard/libc_nano.a(libc_a-msizer.o)
                0x000000000801047e                _malloc_usable_size_r
 .text._raise_r
                0x000000000801048e       0x50 /opt/st/stm32cubeide_1.13.2/plugins/com.st.stm32cube.ide.mcu.externaltools.gnu-tools-for-stm32.11.3.rel1.linux64_1.1.1.202309131626/tools/bin/../lib/gcc/arm-none-eabi/11.3.1/../../../../arm-none-eabi/lib/thumb/v7e-m+fp/hard/libc_nano.a(libc_a-signal.o)
                0x000000000801048e                _raise_r
 *fill*         0x00000000080104de        0x2 
 .text.raise    0x00000000080104e0       0x10 /opt/st/stm32cubeide_1.13.2/plugins/com.st.stm32cube.ide.mcu.externaltools.gnu-tools-for-stm32.11.3.rel1.linux64_1.1.1.202309131626/tools/bin/../lib/gcc/arm-none-eabi/11.3.1/../../../../arm-none-eabi/lib/thumb/v7e-m+fp/hard/libc_nano.a(libc_a-signal.o)
                0x00000000080104e0                raise
 .text._kill_r  0x00000000080104f0       0x24 /opt/st/stm32cubeide_1.13.2/plugins/com.st.stm32cube.ide.mcu.externaltools.gnu-tools-for-stm32.11.3.rel1.linux64_1.1.1.202309131626/tools/bin/../lib/gcc/arm-none-eabi/11.3.1/../../../../arm-none-eabi/lib/thumb/v7e-m+fp/hard/libc_nano.a(libc_a-signalr.o)
                0x00000000080104f0                _kill_r
 .text._getpid_r