Archive member included to satisfy reference by file (symbol)

../GesturesMZ/libGesturesMZ.a(htmz.o)
                              ./Core/Src/tof_lib.o (HT_init)
../GesturesMZ/libGesturesMZ.a(ring_fbuffer_vm.o)
                              ../GesturesMZ/libGesturesMZ.a(htmz.o) (RFBVM_init)
../GesturesMZ/libGesturesMZ.a(sensor.o)
                              ../GesturesMZ/libGesturesMZ.a(htmz.o) (SEN_init)
/opt/st/stm32cubeide_1.13.2/plugins/com.st.stm32cube.ide.mcu.externaltools.gnu-tools-for-stm32.11.3.rel1.linux64_1.1.1.202309131626/tools/bin/../lib/gcc/arm-none-eabi/11.3.1/../../../../arm-none-eabi/lib/thumb/v7e-m+fp/hard/libc_nano.a(libc_a-exit.o)
                              /opt/st/stm32cubeide_1.13.2/plugins/com.st.stm32cube.ide.mcu.externaltools.gnu-tools-for-stm32.11.3.rel1.linux64_1.1.1.202309131626/tools/bin/../lib/gcc/arm-none-eabi/11.3.1/../../../../arm-none-eabi/lib/thumb/v7e-m+fp/hard/crt0.o (exit)
/opt/st/stm32cubeide_1.13.2/plugins/com.st.stm32cube.ide.mcu.externaltools.gnu-tools-for-stm32.11.3.rel1.linux64_1.1.1.202309131626/tools/bin/../lib/gcc/arm-none-eabi/11.3.1/../../../../arm-none-eabi/lib/thumb/v7e-m+fp/hard/libc_nano.a(libc_a-findfp.o)
                              /opt/st/stm32cubeide_1.13.2/plugins/com.st.stm32cube.ide.mcu.externaltools.gnu-tools-for-stm32.11.3.rel1.linux64_1.1.1.202309131626/tools/bin/../lib/gcc/arm-none-eabi/11.3.1/../../../../arm-none-eabi/lib/thumb/v7e-m+fp/hard/libc_nano.a(libc_a-exit.o) (__stdio_exit_handler)
/opt/st/stm32cubeide_1.13.2/plugins/com.st.stm32cube.ide.mcu.externaltools.gnu-tools-for-stm32.11.3.rel1.linux64_1.1.1.202309131626/tools/bin/../lib/gcc/arm-none-eabi/11.3.1/../../../../arm-none-eabi/lib/thumb/v7e-m+fp/hard/libc_nano.a(libc_a-fwalk.o)
                              /opt/st/stm32cubeide_1.13.2/plugins/com.st.stm32cube.ide.mcu.externaltools.gnu-tools-for-stm32.11.3.rel1.linux64_1.1.1.202309131626/tools/bin/../lib/gcc/arm-none-eabi/11.3.1/../../../../arm-none-eabi/lib/thumb/v7e-m+fp/hard/libc_nano.a(libc_a-findfp.o) (_fwalk_sglue)
/opt/st/stm32cubeide_1.13.2/plugins/com.st.stm32cube.ide.mcu.externaltools.gnu-tools-for-stm32.11.3.rel1.linux64_1.1.1.202309131626/tools/bin/../lib/gcc/arm-none-eabi/11.3.1/../../../../arm-none-eabi/lib/thumb/v7e-m+fp/hard/libc_nano.a(libc_a-printf.o)
                              ./apps_layer/apps_layer_utils.o (printf)
/opt/st/stm32cubeide_1.13.2/plugins/com.st.stm32cube.ide.mcu.externaltools.gnu-tools-for-stm32.11.3.rel1.linux64_1.1.1.202309131626/tools/bin/../lib/gcc/arm-none-eabi/11.3.1/../../../../arm-none-eabi/lib/thumb/v7e-m+fp/hard/libc_nano.a(libc_a-puts.o)
                              ./apps_layer/apps_layer_utils.o (puts)
/opt/st/stm32cubeide_1.13.2/plugins/com.st.stm32cube.ide.mcu.externaltools.gnu-tools-for-stm32.11.3.rel1.linux64_1.1.1.202309131626/tools/bin/../lib/gcc/arm-none-eabi/11.3.1/../../../../arm-none-eabi/lib/thumb/v7e-m+fp/hard/libc_nano.a(libc_a-sprintf.o)
                              ./apps_layer/apps_layer_utils.o (sprintf)
/opt/st/stm32cubeide_1.13.2/plugins/com.st.stm32cube.ide.mcu.externaltools.gnu-tools-for-stm32.11.3.rel1.linux64_1.1.1.202309131626/tools/bin/../lib/gcc/arm-none-eabi/11.3.1/../../../../arm-none-eabi/lib/thumb/v7e-m+fp/hard/libc_nano.a(libc_a-sscanf.o)
                              ./apps_layer/apps_layer_utils.o (sscanf)
/opt/st/stm32cubeide_1.13.2/plugins/com.st.stm32cube.ide.mcu.externaltools.gnu-tools-for-stm32.11.3.rel1.linux64_1.1.1.202309131626/tools/bin/../lib/gcc/arm-none-eabi/11.3.1/../../../../arm-none-eabi/lib/thumb/v7e-m+fp/hard/libc_nano.a(libc_a-stdio.o)
                              /opt/st/stm32cubeide_1.13.2/plugins/com.st.stm32cube.ide.mcu.externaltools.gnu-tools-for-stm32.11.3.rel1.linux64_1.1.1.202309131626/tools/bin/../lib/gcc/arm-none-eabi/11.3.1/../../../../arm-none-eabi/lib/thumb/v7e-m+fp/hard/libc_nano.a(libc_a-findfp.o) (__sread)
/opt/st/stm32cubeide_1.13.2/plugins/com.st.stm32cube.ide.mcu.externaltools.gnu-tools-for-stm32.11.3.rel1.linux64_1.1.1.202309131626/tools/bin/../lib/gcc/arm-none-eabi/11.3.1/../../../../arm-none-eabi/lib/thumb/v7e-m+fp/hard/libc_nano.a(libc_a-wbuf.o)
                              /opt/st/stm32cubeide_1.13.2/plugins/com.st.stm32cube.ide.mcu.externaltools.gnu-tools-for-stm32.11.3.rel1.linux64_1.1.1.202309131626/tools/bin/../lib/gcc/arm-none-eabi/11.3.1/../../../../arm-none-eabi/lib/thumb/v7e-m+fp/hard/libc_nano.a(libc_a-puts.o) (__swbuf_r)
/opt/st/stm32cubeide_1.13.2/plugins/com.st.stm32cube.ide.mcu.externaltools.gnu-tools-for-stm32.11.3.rel1.linux64_1.1.1.202309131626/tools/bin/../lib/gcc/arm-none-eabi/11.3.1/../../../../arm-none-eabi/lib/thumb/v7e-m+fp/hard/libc_nano.a(libc_a-wsetup.o)
                              /opt/st/stm32cubeide_1.13.2/plugins/com.st.stm32cube.ide.mcu.externaltools.gnu-tools-for-stm32.11.3.rel1.linux64_1.1.1.202309131626/tools/bin/../lib/gcc/arm-none-eabi/11.3.1/../../../../arm-none-eabi/lib/thumb/v7e-m+fp/hard/libc_nano.a(libc_a-puts.o) (__swsetup_r)
[...]
Memory Configuration

Name             Origin             Length             Attributes
RAM              0x0000000020000000 0x0000000000018000 xrw
FLASH            0x0000000008000000 0x0000000000080000 xr
*default*        0x0000000000000000 0xffffffffffffffff

Linker script and memory map

LOAD /opt/st/stm32cubeide_1.13.2/plugins/com.st.stm32cube.ide.mcu.externaltools.gnu-tools-for-stm32.11.3.rel1.linux64_1.1.1.202309131626/tools/bin/../lib/gcc/arm-none-eabi/11.3.1/thumb/v7e-m+fp/hard/crti.o
LOAD /opt/st/stm32cubeide_1.13.2/plugins/com.st.stm32cube.ide.mcu.externaltools.gnu-tools-for-stm32.11.3.rel1.linux64_1.1.1.202309131626/tools/bin/../lib/gcc/arm-none-eabi/11.3.1/thumb/v7e-m+fp/hard/crtbegin.o
LOAD /opt/st/stm32cubeide_1.13.2/plugins/com.st.stm32cube.ide.mcu.externaltools.gnu-tools-for-stm32.11.3.rel1.linux64_1.1.1.202309131626/tools/bin/../lib/gcc/arm-none-eabi/11.3.1/../../../../arm-none-eabi/lib/thumb/v7e-m+fp/hard/crt0.o
LOAD ./Core/Src/main.o
LOAD ./Core/Src/stm32f4xx_hal_msp.o
LOAD ./Core/Src/stm32f4xx_it.o
LOAD ./Core/Src/syscalls.o
LOAD ./Core/Src/sysmem.o
LOAD ./Core/Src/system_stm32f4xx.o
LOAD ./Core/Src/tof_lib.o
LOAD ./Core/Startup/startup_stm32f401retx.o
LOAD ./Drivers/STM32F4xx_HAL_Driver/Src/stm32f4xx_hal.o
LOAD ./Drivers/STM32F4xx_HAL_Driver/Src/stm32f4xx_hal_cortex.o
LOAD ./Drivers/STM32F4xx_HAL_Driver/Src/stm32f4xx_hal_dma.o
LOAD ./Drivers/STM32F4xx_HAL_Driver/Src/stm32f4xx_hal_dma_ex.o
LOAD ./Drivers/STM32F4xx_HAL_Driver/Src/stm32f4xx_hal_exti.o
LOAD ./Drivers/STM32F4xx_HAL_Driver/Src/stm32f4xx_hal_flash.o
LOAD ./Drivers/STM32F4xx_HAL_Driver/Src/stm32f4xx_hal_flash_ex.o
LOAD ./Drivers/STM32F4xx_HAL_Driver/Src/stm32f4xx_hal_flash_ramfunc.o
LOAD ./Drivers/STM32F4xx_HAL_Driver/Src/stm32f4xx_hal_gpio.o
LOAD ./Drivers/STM32F4xx_HAL_Driver/Src/stm32f4xx_hal_i2c.o
LOAD ./Drivers/STM32F4xx_HAL_Driver/Src/stm32f4xx_hal_i2c_ex.o
LOAD ./Drivers/STM32F4xx_HAL_Driver/Src/stm32f4xx_hal_pwr.o
LOAD ./Drivers/STM32F4xx_HAL_Driver/Src/stm32f4xx_hal_pwr_ex.o
LOAD ./Drivers/STM32F4xx_HAL_Driver/Src/stm32f4xx_hal_rcc.o
LOAD ./Drivers/STM32F4xx_HAL_Driver/Src/stm32f4xx_hal_rcc_ex.o
LOAD ./Drivers/STM32F4xx_HAL_Driver/Src/stm32f4xx_hal_tim.o
LOAD ./Drivers/STM32F4xx_HAL_Driver/Src/stm32f4xx_hal_tim_ex.o
LOAD ./Drivers/STM32F4xx_HAL_Driver/Src/stm32f4xx_hal_uart.o
LOAD ./Platform/platform.o
LOAD ./VL53LMZ_ULD_API/src/vl53lmz_api.o
LOAD ./VL53LMZ_ULD_API/src/vl53lmz_plugin_cnh.o
LOAD ./VL53LMZ_ULD_API/src/vl53lmz_plugin_detection_thresholds.o
LOAD ./VL53LMZ_ULD_API/src/vl53lmz_plugin_motion_indicator.o
LOAD ./VL53LMZ_ULD_API/src/vl53lmz_plugin_xtalk.o
LOAD ./apps_layer/apps_layer_utils.o
LOAD ../GesturesMZ/libGesturesMZ.a
START GROUP
LOAD /opt/st/stm32cubeide_1.13.2/plugins/com.st.stm32cube.ide.mcu.externaltools.gnu-tools-for-stm32.11.3.rel1.linux64_1.1.1.202309131626/tools/bin/../lib/gcc/arm-none-eabi/11.3.1/../../../../arm-none-eabi/lib/thumb/v7e-m+fp/hard/libc_nano.a
LOAD /opt/st/stm32cubeide_1.13.2/plugins/com.st.stm32cube.ide.mcu.externaltools.gnu-tools-for-stm32.11.3.rel1.linux64_1.1.1.202309131626/tools/bin/../lib/gcc/arm-none-eabi/11.3.1/../../../../arm-none-eabi/lib/thumb/v7e-m+fp/hard/libm.a
END GROUP
START GROUP
LOAD /opt/st/stm32cubeide_1.13.2/plugins/com.st.stm32cube.ide.mcu.externaltools.gnu-tools-for-stm32.11.3.rel1.linux64_1.1.1.202309131626/tools/bin/../lib/gcc/arm-none-eabi/11.3.1/thumb/v7e-m+fp/hard/libgcc.a
LOAD /opt/st/stm32cubeide_1.13.2/plugins/com.st.stm32cube.ide.mcu.externaltools.gnu-tools-for-stm32.11.3.rel1.linux64_1.1.1.202309131626/tools/bin/../lib/gcc/arm-none-eabi/11.3.1/../../../../arm-none-eabi/lib/thumb/v7e-m+fp/hard/libc_nano.a
END GROUP
START GROUP
LOAD /opt/st/stm32cubeide_1.13.2/plugins/com.st.stm32cube.ide.mcu.externaltools.gnu-tools-for-stm32.11.3.rel1.linux64_1.1.1.202309131626/tools/bin/../lib/gcc/arm-none-eabi/11.3.1/thumb/v7e-m+fp/hard/libgcc.a
LOAD /opt/st/stm32cubeide_1.13.2/plugins/com.st.stm32cube.ide.mcu.externaltools.gnu-tools-for-stm32.11.3.rel1.linux64_1.1.1.202309131626/tools/bin/../lib/gcc/arm-none-eabi/11.3.1/../../../../arm-none-eabi/lib/thumb/v7e-m+fp/hard/libc_nano.a
LOAD /opt/st/stm32cubeide_1.13.2/plugins/com.st.stm32cube.ide.mcu.externaltools.gnu-tools-for-stm32.11.3.rel1.linux64_1.1.1.202309131626/tools/bin/../lib/gcc/arm-none-eabi/11.3.1/../../../../arm-none-eabi/lib/thumb/v7e-m+fp/hard/libnosys.a
END GROUP
START GROUP
LOAD /opt/st/stm32cubeide_1.13.2/plugins/com.st.stm32cube.ide.mcu.externaltools.gnu-tools-for-stm32.11.3.rel1.linux64_1.1.1.202309131626/tools/bin/../lib/gcc/arm-none-eabi/11.3.1/thumb/v7e-m+fp/hard/libgcc.a
LOAD /opt/st/stm32cubeide_1.13.2/plugins/com.st.stm32cube.ide.mcu.externaltools.gnu-tools-for-stm32.11.3.rel1.linux64_1.1.1.202309131626/tools/bin/../lib/gcc/arm-none-eabi/11.3.1/../../../../arm-none-eabi/lib/thumb/v7e-m+fp/hard/libc_nano.a
LOAD /opt/st/stm32cubeide_1.13.2/plugins/com.st.stm32cube.ide.mcu.externaltools.gnu-tools-for-stm32.11.3.rel1.linux64_1.1.1.202309131626/tools/bin/../lib/gcc/arm-none-eabi/11.3.1/../../../../arm-none-eabi/lib/thumb/v7e-m+fp/hard/libnosys.a
END GROUP
LOAD /opt/st/stm32cubeide_1.13.2/plugins/com.st.stm32cube.ide.mcu.externaltools.gnu-tools-for-stm32.11.3.rel1.linux64_1.1.1.202309131626/tools/bin/../lib/gcc/arm-none-eabi/11.3.1/thumb/v7e-m+fp/hard/crtend.o
LOAD /opt/st/stm32cubeide_1.13.2/plugins/com.st.stm32cube.ide.mcu.externaltools.gnu-tools-for-stm32.11.3.rel1.linux64_1.1.1.202309131626/tools/bin/../lib/gcc/arm-none-eabi/11.3.1/thumb/v7e-m+fp/hard/crtn.o
                0x0000000020018000                _estack = (ORIGIN (RAM) + LENGTH (RAM))
                0x0000000000000200                _Min_Heap_Size = 0x200
                0x0000000000000400                _Min_Stack_Size = 0x400

.isr_vector     0x0000000008000000      0x194
                0x0000000008000000                . = ALIGN (0x4)
 *(.isr_vector)
 .isr_vector    0x0000000008000000      0x194 ./Core/Startup/startup_stm32f401retx.o
                0x0000000008000000                g_pfnVectors
                0x0000000008000194                . = ALIGN (0x4)

.text           0x0000000008000198     0x9ce8
                0x0000000008000198                . = ALIGN (0x4)
 *(.text)
 .text          0x0000000008000198       0x40 /opt/st/stm32cubeide_1.13.2/plugins/com.st.stm32cube.ide.mcu.externaltools.gnu-tools-for-stm32.11.3.rel1.linux64_1.1.1.202309131626/tools/bin/../lib/gcc/arm-none-eabi/11.3.1/thumb/v7e-m+fp/hard/crtbegin.o
 .text          0x00000000080001d8      0x378 /opt/st/stm32cubeide_1.13.2/plugins/com.st.stm32cube.ide.mcu.externaltools.gnu-tools-for-stm32.11.3.rel1.linux64_1.1.1.202309131626/tools/bin/../lib/gcc/arm-none-eabi/11.3.1/thumb/v7e-m+fp/hard/libgcc.a(_arm_addsubdf3.o)
                0x00000000080001d8                __aeabi_drsub
                0x00000000080001e0                __aeabi_dsub
                0x00000000080001e0                __subdf3
                0x00000000080001e4                __adddf3
                0x00000000080001e4                __aeabi_dadd
                0x000000000800045c                __aeabi_ui2d
                0x000000000800045c                __floatunsidf
                0x000000000800047c                __floatsidf
                0x000000000800047c                __aeabi_i2d
                0x00000000080004a0                __extendsfdf2
                0x00000000080004a0                __aeabi_f2d
                0x00000000080004e4                __aeabi_ul2d
                0x00000000080004e4                __floatundidf
                0x00000000080004f4                __floatdidf
                0x00000000080004f4                __aeabi_l2d
 .text          0x0000000008000550      0x424 /opt/st/stm32cubeide_1.13.2/plugins/com.st.stm32cube.ide.mcu.externaltools.gnu-tools-for-stm32.11.3.rel1.linux64_1.1.1.202309131626/tools/bin/../lib/gcc/arm-none-eabi/11.3.1/thumb/v7e-m+fp/hard/libgcc.a(_arm_muldivdf3.o)
                0x0000000008000550                __aeabi_dmul
                0x0000000008000550                __muldf3
                0x00000000080007a4                __aeabi_ddiv
                0x00000000080007a4                __divdf3
 .text          0x0000000008000974      0x110 /opt/st/stm32cubeide_1.13.2/plugins/com.st.stm32cube.ide.mcu.externaltools.gnu-tools-for-stm32.11.3.rel1.linux64_1.1.1.202309131626/tools/bin/../lib/gcc/arm-none-eabi/11.3.1/thumb/v7e-m+fp/hard/libgcc.a(_arm_cmpdf2.o)
                0x0000000008000974                __gtdf2
                0x0000000008000974                __gedf2
                0x000000000800097c                __ltdf2
                0x000000000800097c                __ledf2
                0x0000000008000984                __cmpdf2
                0x0000000008000984                __eqdf2
                0x0000000008000984                __nedf2
                0x0000000008000a00                __aeabi_cdrcmple
                0x0000000008000a10                __aeabi_cdcmple
                0x0000000008000a10                __aeabi_cdcmpeq
                0x0000000008000a20                __aeabi_dcmpeq
                0x0000000008000a34                __aeabi_dcmplt
                0x0000000008000a48                __aeabi_dcmple
                0x0000000008000a5c                __aeabi_dcmpge
                0x0000000008000a70                __aeabi_dcmpgt
 .text          0x0000000008000a84       0x2c /opt/st/stm32cubeide_1.13.2/plugins/com.st.stm32cube.ide.mcu.externaltools.gnu-tools-for-stm32.11.3.rel1.linux64_1.1.1.202309131626/tools/bin/../lib/gcc/arm-none-eabi/11.3.1/thumb/v7e-m+fp/hard/libgcc.a(_arm_unorddf2.o)
                0x0000000008000a84                __aeabi_dcmpun
                0x0000000008000a84                __unorddf2
 .text          0x0000000008000ab0       0x50 /opt/st/stm32cubeide_1.13.2/plugins/com.st.stm32cube.ide.mcu.externaltools.gnu-tools-for-stm32.11.3.rel1.linux64_1.1.1.202309131626/tools/bin/../lib/gcc/arm-none-eabi/11.3.1/thumb/v7e-m+fp/hard/libgcc.a(_arm_fixdfsi.o)
                0x0000000008000ab0                __fixdfsi
                0x0000000008000ab0                __aeabi_d2iz
 .text          0x0000000008000b00       0xa0 /opt/st/stm32cubeide_1.13.2/plugins/com.st.stm32cube.ide.mcu.externaltools.gnu-tools-for-stm32.11.3.rel1.linux64_1.1.1.202309131626/tools/bin/../lib/gcc/arm-none-eabi/11.3.1/thumb/v7e-m+fp/hard/libgcc.a(_arm_truncdfsf2.o)
                0x0000000008000b00                __aeabi_d2f
                0x0000000008000b00                __truncdfsf2
 .text          0x0000000008000ba0       0x30 /opt/st/stm32cubeide_1.13.2/plugins/com.st.stm32cube.ide.mcu.externaltools.gnu-tools-for-stm32.11.3.rel1.linux64_1.1.1.202309131626/tools/bin/../lib/gcc/arm-none-eabi/11.3.1/thumb/v7e-m+fp/hard/libgcc.a(_aeabi_uldivmod.o)
                0x0000000008000ba0                __aeabi_uldivmod
 .text          0x0000000008000bd0      0x2c8 /opt/st/stm32cubeide_1.13.2/plugins/com.st.stm32cube.ide.mcu.externaltools.gnu-tools-for-stm32.11.3.rel1.linux64_1.1.1.202309131626/tools/bin/../lib/gcc/arm-none-eabi/11.3.1/thumb/v7e-m+fp/hard/libgcc.a(_udivmoddi4.o)
                0x0000000008000bd0                __udivmoddi4
 .text          0x0000000008000e98        0x4 /opt/st/stm32cubeide_1.13.2/plugins/com.st.stm32cube.ide.mcu.externaltools.gnu-tools-for-stm32.11.3.rel1.linux64_1.1.1.202309131626/tools/bin/../lib/gcc/arm-none-eabi/11.3.1/thumb/v7e-m+fp/hard/libgcc.a(_dvmd_tls.o)
                0x0000000008000e98                __aeabi_ldiv0
                0x0000000008000e98                __aeabi_idiv0
 *(.text*)
 .text.main     0x0000000008000e9c       0x22 ./Core/Src/main.o
                0x0000000008000e9c                main
 *fill*         0x0000000008000ebe        0x2 
 .text.SystemClock_Config
                0x0000000008000ec0       0xd8 ./Core/Src/main.o
                0x0000000008000ec0                SystemClock_Config
 .text.MX_I2C1_Init
                0x0000000008000f98       0x5c ./Core/Src/main.o
 .text.MX_USART2_UART_Init
                0x0000000008000ff4       0x54 ./Core/Src/main.o
 .text.MX_USART6_UART_Init
                0x0000000008001048       0x54 ./Core/Src/main.o
 .text.MX_GPIO_Init
                0x000000000800109c      0x184 ./Core/Src/main.o
 .text.Error_Handler
                0x0000000008001220        0xa ./Core/Src/main.o
                0x0000000008001220                Error_Handler
 *fill*         0x000000000800122a        0x2 
 .text.HAL_MspInit
                0x000000000800122c       0x50 ./Core/Src/stm32f4xx_hal_msp.o
                0x000000000800122c                HAL_MspInit
 .text.HAL_I2C_MspInit
                0x000000000800127c       0x90 ./Core/Src/stm32f4xx_hal_msp.o
                0x000000000800127c                HAL_I2C_MspInit
 .text.HAL_UART_MspInit
                0x000000000800130c      0x108 ./Core/Src/stm32f4xx_hal_msp.o
                0x000000000800130c                HAL_UART_MspInit
 .text.NMI_Handler
                0x0000000008001414        0x6 ./Core/Src/stm32f4xx_it.o
                0x0000000008001414                NMI_Handler
 .text.HardFault_Handler
                0x000000000800141a        0x6 ./Core/Src/stm32f4xx_it.o
                0x000000000800141a                HardFault_Handler
 .text.MemManage_Handler
                0x0000000008001420        0x6 ./Core/Src/stm32f4xx_it.o
                0x0000000008001420                MemManage_Handler
 .text.BusFault_Handler
                0x0000000008001426        0x6 ./Core/Src/stm32f4xx_it.o
                0x0000000008001426                BusFault_Handler
 .text.UsageFault_Handler
                0x000000000800142c        0x6 ./Core/Src/stm32f4xx_it.o
                0x000000000800142c                UsageFault_Handler
 .text.SVC_Handler
                0x0000000008001432        0xe ./Core/Src/stm32f4xx_it.o
                0x0000000008001432                SVC_Handler
 .text.DebugMon_Handler
                0x0000000008001440        0xe ./Core/Src/stm32f4xx_it.o
                0x0000000008001440                DebugMon_Handler
 .text.PendSV_Handler
                0x000000000800144e        0xe ./Core/Src/stm32f4xx_it.o
                0x000000000800144e                PendSV_Handler
 .text.SysTick_Handler
                0x000000000800145c        0xc ./Core/Src/stm32f4xx_it.o
                0x000000000800145c                SysTick_Handler
 .text.EXTI4_IRQHandler
                0x0000000008001468        0xe ./Core/Src/stm32f4xx_it.o
                0x0000000008001468                EXTI4_IRQHandler
 *fill*         0x0000000008001476        0x2 
 .text.USART2_IRQHandler
                0x0000000008001478       0x14 ./Core/Src/stm32f4xx_it.o
                0x0000000008001478                USART2_IRQHandler
 .text.SystemInit
                0x000000000800148c       0x24 ./Core/Src/system_stm32f4xx.o
                0x000000000800148c                SystemInit
 .text.init_tof
                0x00000000080014b0       0x60 ./Core/Src/tof_lib.o
                0x00000000080014b0                init_tof
 .text.init_tracking
                0x0000000008001510       0x64 ./Core/Src/tof_lib.o
                0x0000000008001510                init_tracking
 .text.select_target_index
                0x0000000008001574       0x20 ./Core/Src/tof_lib.o
                0x0000000008001574                select_target_index
 .text.sample_once
                0x0000000008001594       0x42 ./Core/Src/tof_lib.o
                0x0000000008001594                sample_once
 *fill*         0x00000000080015d6        0x2 
 .text.SEN_CopyRangingData
                0x00000000080015d8      0x128 ./Core/Src/tof_lib.o
                0x00000000080015d8                SEN_CopyRangingData
 .text.matrix_app_main
                0x0000000008001700       0xd0 ./Core/Src/tof_lib.o
                0x0000000008001700                matrix_app_main
 .text.Reset_Handler
                0x00000000080017d0       0x50 ./Core/Startup/startup_stm32f401retx.o
                0x00000000080017d0                Reset_Handler
 .text.Default_Handler
                0x0000000008001820        0x2 ./Core/Startup/startup_stm32f401retx.o
                0x0000000008001820                RTC_Alarm_IRQHandler
                0x0000000008001820                EXTI2_IRQHandler
                0x0000000008001820                SPI4_IRQHandler
                0x0000000008001820                TIM1_CC_IRQHandler
                0x0000000008001820                DMA2_Stream5_IRQHandler
                0x0000000008001820                DMA1_Stream5_IRQHandler
                0x0000000008001820                PVD_IRQHandler
                0x0000000008001820                SDIO_IRQHandler
                0x0000000008001820                TAMP_STAMP_IRQHandler
                0x0000000008001820                EXTI3_IRQHandler
                0x0000000008001820                TIM1_UP_TIM10_IRQHandler
                0x0000000008001820                I2C3_ER_IRQHandler
                0x0000000008001820                EXTI0_IRQHandler
                0x0000000008001820                I2C2_EV_IRQHandler
                0x0000000008001820                DMA1_Stream2_IRQHandler
                0x0000000008001820                FPU_IRQHandler
                0x0000000008001820                DMA2_Stream2_IRQHandler
                0x0000000008001820                SPI1_IRQHandler
                0x0000000008001820                TIM1_BRK_TIM9_IRQHandler
                0x0000000008001820                DMA2_Stream3_IRQHandler
                0x0000000008001820                USART6_IRQHandler
                0x0000000008001820                DMA2_Stream0_IRQHandler
                0x0000000008001820                TIM4_IRQHandler
                0x0000000008001820                I2C1_EV_IRQHandler
                0x0000000008001820                DMA1_Stream6_IRQHandler
                0x0000000008001820                DMA1_Stream1_IRQHandler
                0x0000000008001820                TIM3_IRQHandler
                0x0000000008001820                RCC_IRQHandler
                0x0000000008001820                Default_Handler
                0x0000000008001820                EXTI15_10_IRQHandler
                0x0000000008001820                ADC_IRQHandler
                0x0000000008001820                DMA1_Stream7_IRQHandler
                0x0000000008001820                TIM5_IRQHandler
                0x0000000008001820                DMA2_Stream7_IRQHandler
                0x0000000008001820                I2C3_EV_IRQHandler
                0x0000000008001820                EXTI9_5_IRQHandler
                0x0000000008001820                RTC_WKUP_IRQHandler
                0x0000000008001820                SPI2_IRQHandler
                0x0000000008001820                DMA1_Stream0_IRQHandler
                0x0000000008001820                WWDG_IRQHandler
                0x0000000008001820                TIM2_IRQHandler
                0x0000000008001820                OTG_FS_WKUP_IRQHandler
                0x0000000008001820                TIM1_TRG_COM_TIM11_IRQHandler
                0x0000000008001820                EXTI1_IRQHandler
                0x0000000008001820                I2C2_ER_IRQHandler
                0x0000000008001820                DMA2_Stream1_IRQHandler
                0x0000000008001820                FLASH_IRQHandler
                0x0000000008001820                DMA2_Stream4_IRQHandler
                0x0000000008001820                USART1_IRQHandler
                0x0000000008001820                OTG_FS_IRQHandler
                0x0000000008001820                SPI3_IRQHandler
                0x0000000008001820                DMA1_Stream4_IRQHandler
                0x0000000008001820                I2C1_ER_IRQHandler
                0x0000000008001820                DMA2_Stream6_IRQHandler
                0x0000000008001820                DMA1_Stream3_IRQHandler
 *fill*         0x0000000008001822        0x2 
 .text.HAL_Init
                0x0000000008001824       0x44 ./Drivers/STM32F4xx_HAL_Driver/Src/stm32f4xx_hal.o
                0x0000000008001824                HAL_Init
 .text.HAL_InitTick
                0x0000000008001868       0x60 ./Drivers/STM32F4xx_HAL_Driver/Src/stm32f4xx_hal.o
                0x0000000008001868                HAL_InitTick
 .text.HAL_IncTick
                0x00000000080018c8       0x28 ./Drivers/STM32F4xx_HAL_Driver/Src/stm32f4xx_hal.o
                0x00000000080018c8                HAL_IncTick
 .text.HAL_GetTick
                0x00000000080018f0       0x18 ./Drivers/STM32F4xx_HAL_Driver/Src/stm32f4xx_hal.o
                0x00000000080018f0                HAL_GetTick
 .text.HAL_Delay
                0x0000000008001908       0x48 ./Drivers/STM32F4xx_HAL_Driver/Src/stm32f4xx_hal.o
                0x0000000008001908                HAL_Delay
 .text.__NVIC_SetPriorityGrouping
                0x0000000008001950       0x48 ./Drivers/STM32F4xx_HAL_Driver/Src/stm32f4xx_hal_cortex.o
 .text.__NVIC_GetPriorityGrouping
                0x0000000008001998       0x1c ./Drivers/STM32F4xx_HAL_Driver/Src/stm32f4xx_hal_cortex.o
 .text.__NVIC_EnableIRQ
                0x00000000080019b4       0x3c ./Drivers/STM32F4xx_HAL_Driver/Src/stm32f4xx_hal_cortex.o
 .text.__NVIC_SetPriority
                0x00000000080019f0       0x54 ./Drivers/STM32F4xx_HAL_Driver/Src/stm32f4xx_hal_cortex.o
 .text.NVIC_EncodePriority
                0x0000000008001a44       0x66 ./Drivers/STM32F4xx_HAL_Driver/Src/stm32f4xx_hal_cortex.o
 *fill*         0x0000000008001aaa        0x2 
 .text.SysTick_Config
                0x0000000008001aac       0x44 ./Drivers/STM32F4xx_HAL_Driver/Src/stm32f4xx_hal_cortex.o
 .text.HAL_NVIC_SetPriorityGrouping
                0x0000000008001af0       0x16 ./Drivers/STM32F4xx_HAL_Driver/Src/stm32f4xx_hal_cortex.o
                0x0000000008001af0                HAL_NVIC_SetPriorityGrouping
 .text.HAL_NVIC_SetPriority
                0x0000000008001b06       0x38 ./Drivers/STM32F4xx_HAL_Driver/Src/stm32f4xx_hal_cortex.o
                0x0000000008001b06                HAL_NVIC_SetPriority
 .text.HAL_NVIC_EnableIRQ
                0x0000000008001b3e       0x1c ./Drivers/STM32F4xx_HAL_Driver/Src/stm32f4xx_hal_cortex.o
                0x0000000008001b3e                HAL_NVIC_EnableIRQ
 .text.HAL_SYSTICK_Config
                0x0000000008001b5a       0x18 ./Drivers/STM32F4xx_HAL_Driver/Src/stm32f4xx_hal_cortex.o
                0x0000000008001b5a                HAL_SYSTICK_Config
 .text.HAL_DMA_Abort
                0x0000000008001b72       0xe0 ./Drivers/STM32F4xx_HAL_Driver/Src/stm32f4xx_hal_dma.o
                0x0000000008001b72                HAL_DMA_Abort
 .text.HAL_DMA_Abort_IT
                0x0000000008001c52       0x44 ./Drivers/STM32F4xx_HAL_Driver/Src/stm32f4xx_hal_dma.o
                0x0000000008001c52                HAL_DMA_Abort_IT
 *fill*         0x0000000008001c96        0x2 
 .text.HAL_GPIO_Init
                0x0000000008001c98      0x308 ./Drivers/STM32F4xx_HAL_Driver/Src/stm32f4xx_hal_gpio.o
                0x0000000008001c98                HAL_GPIO_Init
 .text.HAL_GPIO_WritePin
                0x0000000008001fa0       0x32 ./Drivers/STM32F4xx_HAL_Driver/Src/stm32f4xx_hal_gpio.o
                0x0000000008001fa0                HAL_GPIO_WritePin
 .text.HAL_GPIO_TogglePin
                0x0000000008001fd2       0x34 ./Drivers/STM32F4xx_HAL_Driver/Src/stm32f4xx_hal_gpio.o
                0x0000000008001fd2                HAL_GPIO_TogglePin
 *fill*         0x0000000008002006        0x2 
 .text.HAL_GPIO_EXTI_IRQHandler
                0x0000000008002008       0x30 ./Drivers/STM32F4xx_HAL_Driver/Src/stm32f4xx_hal_gpio.o
                0x0000000008002008                HAL_GPIO_EXTI_IRQHandler
 .text.HAL_GPIO_EXTI_Callback
                0x0000000008002038       0x16 ./Drivers/STM32F4xx_HAL_Driver/Src/stm32f4xx_hal_gpio.o
                0x0000000008002038                HAL_GPIO_EXTI_Callback
 *fill*         0x000000000800204e        0x2 
 .text.HAL_I2C_Init
                0x0000000008002050      0x288 ./Drivers/STM32F4xx_HAL_Driver/Src/stm32f4xx_hal_i2c.o
                0x0000000008002050                HAL_I2C_Init
 .text.HAL_I2C_Master_Transmit
                0x00000000080022d8      0x1fc ./Drivers/STM32F4xx_HAL_Driver/Src/stm32f4xx_hal_i2c.o
                0x00000000080022d8                HAL_I2C_Master_Transmit
 .text.HAL_I2C_Master_Receive
                0x00000000080024d4      0x44c ./Drivers/STM32F4xx_HAL_Driver/Src/stm32f4xx_hal_i2c.o
                0x00000000080024d4                HAL_I2C_Master_Receive
 .text.HAL_I2C_Mem_Write
                0x0000000008002920      0x1f4 ./Drivers/STM32F4xx_HAL_Driver/Src/stm32f4xx_hal_i2c.o
                0x0000000008002920                HAL_I2C_Mem_Write
 .text.I2C_MasterRequestWrite
                0x0000000008002b14      0x104 ./Drivers/STM32F4xx_HAL_Driver/Src/stm32f4xx_hal_i2c.o
 .text.I2C_MasterRequestRead
                0x0000000008002c18      0x19c ./Drivers/STM32F4xx_HAL_Driver/Src/stm32f4xx_hal_i2c.o
 .text.I2C_RequestMemoryWrite
                0x0000000008002db4      0x12c ./Drivers/STM32F4xx_HAL_Driver/Src/stm32f4xx_hal_i2c.o
 .text.I2C_WaitOnFlagUntilTimeout
                0x0000000008002ee0       0xae ./Drivers/STM32F4xx_HAL_Driver/Src/stm32f4xx_hal_i2c.o
 .text.I2C_WaitOnMasterAddressFlagUntilTimeout
                0x0000000008002f8e       0xfe ./Drivers/STM32F4xx_HAL_Driver/Src/stm32f4xx_hal_i2c.o
 .text.I2C_WaitOnTXEFlagUntilTimeout
                0x000000000800308c       0x82 ./Drivers/STM32F4xx_HAL_Driver/Src/stm32f4xx_hal_i2c.o
 .text.I2C_WaitOnBTFFlagUntilTimeout
                0x000000000800310e       0x82 ./Drivers/STM32F4xx_HAL_Driver/Src/stm32f4xx_hal_i2c.o
 .text.I2C_WaitOnRXNEFlagUntilTimeout
                0x0000000008003190       0xac ./Drivers/STM32F4xx_HAL_Driver/Src/stm32f4xx_hal_i2c.o
 .text.I2C_IsAcknowledgeFailed
                0x000000000800323c       0x5e ./Drivers/STM32F4xx_HAL_Driver/Src/stm32f4xx_hal_i2c.o
 *fill*         0x000000000800329a        0x2 
 .text.HAL_RCC_OscConfig
                0x000000000800329c      0x4f0 ./Drivers/STM32F4xx_HAL_Driver/Src/stm32f4xx_hal_rcc.o
                0x000000000800329c                HAL_RCC_OscConfig
 .text.HAL_RCC_ClockConfig
                0x000000000800378c      0x1cc ./Drivers/STM32F4xx_HAL_Driver/Src/stm32f4xx_hal_rcc.o
                0x000000000800378c                HAL_RCC_ClockConfig
 .text.HAL_RCC_GetSysClockFreq
                0x0000000008003958      0x20c ./Drivers/STM32F4xx_HAL_Driver/Src/stm32f4xx_hal_rcc.o
                0x0000000008003958                HAL_RCC_GetSysClockFreq
 .text.HAL_RCC_GetHCLKFreq
                0x0000000008003b64       0x18 ./Drivers/STM32F4xx_HAL_Driver/Src/stm32f4xx_hal_rcc.o
                0x0000000008003b64                HAL_RCC_GetHCLKFreq
 .text.HAL_RCC_GetPCLK1Freq
                0x0000000008003b7c       0x28 ./Drivers/STM32F4xx_HAL_Driver/Src/stm32f4xx_hal_rcc.o
                0x0000000008003b7c                HAL_RCC_GetPCLK1Freq
 .text.HAL_RCC_GetPCLK2Freq
                0x0000000008003ba4       0x28 ./Drivers/STM32F4xx_HAL_Driver/Src/stm32f4xx_hal_rcc.o
                0x0000000008003ba4                HAL_RCC_GetPCLK2Freq
 .text.HAL_UART_Init
                0x0000000008003bcc       0x9a ./Drivers/STM32F4xx_HAL_Driver/Src/stm32f4xx_hal_uart.o
                0x0000000008003bcc                HAL_UART_Init
 *fill*         0x0000000008003c66        0x2 
 .text.HAL_UART_IRQHandler
                0x0000000008003c68      0x51c ./Drivers/STM32F4xx_HAL_Driver/Src/stm32f4xx_hal_uart.o
                0x0000000008003c68                HAL_UART_IRQHandler
 .text.HAL_UART_TxCpltCallback
                0x0000000008004184       0x14 ./Drivers/STM32F4xx_HAL_Driver/Src/stm32f4xx_hal_uart.o
                0x0000000008004184                HAL_UART_TxCpltCallback
 .text.HAL_UART_RxCpltCallback
                0x0000000008004198       0x14 ./Drivers/STM32F4xx_HAL_Driver/Src/stm32f4xx_hal_uart.o
                0x0000000008004198                HAL_UART_RxCpltCallback
 .text.HAL_UART_ErrorCallback
                0x00000000080041ac       0x14 ./Drivers/STM32F4xx_HAL_Driver/Src/stm32f4xx_hal_uart.o
                0x00000000080041ac                HAL_UART_ErrorCallback
 .text.HAL_UARTEx_RxEventCallback
                0x00000000080041c0       0x18 ./Drivers/STM32F4xx_HAL_Driver/Src/stm32f4xx_hal_uart.o
                0x00000000080041c0                HAL_UARTEx_RxEventCallback
 .text.UART_EndRxTransfer
                0x00000000080041d8       0xc6 ./Drivers/STM32F4xx_HAL_Driver/Src/stm32f4xx_hal_uart.o
 .text.UART_DMAAbortOnError
                0x000000000800429e       0x28 ./Drivers/STM32F4xx_HAL_Driver/Src/stm32f4xx_hal_uart.o
 .text.UART_Transmit_IT
                0x00000000080042c6       0xa0 ./Drivers/STM32F4xx_HAL_Driver/Src/stm32f4xx_hal_uart.o
 .text.UART_EndTransmit_IT
                0x0000000008004366       0x30 ./Drivers/STM32F4xx_HAL_Driver/Src/stm32f4xx_hal_uart.o
 .text.UART_Receive_IT
                0x0000000008004396      0x176 ./Drivers/STM32F4xx_HAL_Driver/Src/stm32f4xx_hal_uart.o
 .text.UART_SetConfig
                0x000000000800450c      0x4e8 ./Drivers/STM32F4xx_HAL_Driver/Src/stm32f4xx_hal_uart.o
 .text.RdByte   0x00000000080049f4       0x68 ./Platform/platform.o
                0x00000000080049f4                RdByte
 .text.WrByte   0x0000000008004a5c       0x50 ./Platform/platform.o
                0x0000000008004a5c                WrByte
 .text.WrMulti  0x0000000008004aac       0x40 ./Platform/platform.o
                0x0000000008004aac                WrMulti
 .text.RdMulti  0x0000000008004aec       0x68 ./Platform/platform.o
                0x0000000008004aec                RdMulti
 .text.SwapBuffer
                0x0000000008004b54       0x6c ./Platform/platform.o
                0x0000000008004b54                SwapBuffer
 .text.WaitMs   0x0000000008004bc0       0x1a ./Platform/platform.o
                0x0000000008004bc0                WaitMs
 .text._vl53lmz_poll_for_answer
                0x0000000008004bda       0xa0 ./VL53LMZ_ULD_API/src/vl53lmz_api.o
 .text._vl53lmz_poll_for_mcu_boot
                0x0000000008004c7a       0x86 ./VL53LMZ_ULD_API/src/vl53lmz_api.o
 .text._vl53lmz_send_offset_data
                0x0000000008004d00      0x398 ./VL53LMZ_ULD_API/src/vl53lmz_api.o
 .text._vl53lmz_send_xtalk_data
                0x0000000008005098      0x298 ./VL53LMZ_ULD_API/src/vl53lmz_api.o
 .text.vl53lmz_init
                0x0000000008005330      0x9f0 ./VL53LMZ_ULD_API/src/vl53lmz_api.o
                0x0000000008005330                vl53lmz_init
 .text.vl53lmz_start_ranging
                0x0000000008005d20       0x34 ./VL53LMZ_ULD_API/src/vl53lmz_api.o
                0x0000000008005d20                vl53lmz_start_ranging
 .text.vl53lmz_stop_ranging
                0x0000000008005d54      0x1a4 ./VL53LMZ_ULD_API/src/vl53lmz_api.o
                0x0000000008005d54                vl53lmz_stop_ranging
 .text.vl53lmz_check_data_ready
                0x0000000008005ef8       0xac ./VL53LMZ_ULD_API/src/vl53lmz_api.o
                0x0000000008005ef8                vl53lmz_check_data_ready
 .text.vl53lmz_get_ranging_data
                0x0000000008005fa4      0x2ea ./VL53LMZ_ULD_API/src/vl53lmz_api.o
                0x0000000008005fa4                vl53lmz_get_ranging_data
 .text.vl53lmz_get_resolution
                0x000000000800628e       0x4a ./VL53LMZ_ULD_API/src/vl53lmz_api.o
                0x000000000800628e                vl53lmz_get_resolution
 .text.vl53lmz_set_resolution
                0x00000000080062d8      0x1a8 ./VL53LMZ_ULD_API/src/vl53lmz_api.o
                0x00000000080062d8                vl53lmz_set_resolution
 .text.vl53lmz_set_ranging_frequency_hz
                0x0000000008006480       0x42 ./VL53LMZ_ULD_API/src/vl53lmz_api.o
                0x0000000008006480                vl53lmz_set_ranging_frequency_hz
 *fill*         0x00000000080064c2        0x2 
 .text.vl53lmz_dci_read_data
                0x00000000080064c4      0x114 ./VL53LMZ_ULD_API/src/vl53lmz_api.o
                0x00000000080064c4                vl53lmz_dci_read_data
 .text.vl53lmz_dci_write_data
                0x00000000080065d8      0x140 ./VL53LMZ_ULD_API/src/vl53lmz_api.o
                0x00000000080065d8                vl53lmz_dci_write_data
 .text.vl53lmz_dci_replace_data
                0x0000000008006718       0x58 ./VL53LMZ_ULD_API/src/vl53lmz_api.o
                0x0000000008006718                vl53lmz_dci_replace_data
 .text.vl53lmz_create_output_config
                0x0000000008006770       0xdc ./VL53LMZ_ULD_API/src/vl53lmz_api.o
                0x0000000008006770                vl53lmz_create_output_config
 .text.vl53lmz_send_output_config_and_start
                0x000000000800684c      0x2a0 ./VL53LMZ_ULD_API/src/vl53lmz_api.o
                0x000000000800684c                vl53lmz_send_output_config_and_start
 .text.HT_init  0x0000000008006aec       0x4c ../GesturesMZ/libGesturesMZ.a(htmz.o)
                0x0000000008006aec                HT_init
 .text.HT_set_path_length
                0x0000000008006b38       0x3e ../GesturesMZ/libGesturesMZ.a(htmz.o)
                0x0000000008006b38                HT_set_path_length
 *fill*         0x0000000008006b76        0x2 
 .text.HT_set_frequency
                0x0000000008006b78       0xb4 ../GesturesMZ/libGesturesMZ.a(htmz.o)
                0x0000000008006b78                HT_set_frequency
 .text.HT_struct_init
                0x0000000008006c2c       0x34 ../GesturesMZ/libGesturesMZ.a(htmz.o)
                0x0000000008006c2c                HT_struct_init
 .text.HT_set_square_resolution
                0x0000000008006c60       0x32 ../GesturesMZ/libGesturesMZ.a(htmz.o)
                0x0000000008006c60                HT_set_square_resolution
 *fill*         0x0000000008006c92        0x6 
 .text.HT_find_hand
                0x0000000008006c98      0x6a4 ../GesturesMZ/libGesturesMZ.a(htmz.o)
                0x0000000008006c98                HT_find_hand
 .text.HT_path_interpolate
                0x000000000800733c      0x106 ../GesturesMZ/libGesturesMZ.a(htmz.o)
                0x000000000800733c                HT_path_interpolate
 .text.HT_update_path
                0x0000000008007442       0x8e ../GesturesMZ/libGesturesMZ.a(htmz.o)
                0x0000000008007442                HT_update_path
 .text.HT_run   0x00000000080074d0       0x1e ../GesturesMZ/libGesturesMZ.a(htmz.o)
                0x00000000080074d0                HT_run
 .text.RFBVM_init
                0x00000000080074ee       0x2e ../GesturesMZ/libGesturesMZ.a(ring_fbuffer_vm.o)
                0x00000000080074ee                RFBVM_init
 .text.RFBVM_push
                0x000000000800751c       0x46 ../GesturesMZ/libGesturesMZ.a(ring_fbuffer_vm.o)
                0x000000000800751c                RFBVM_push
 .text.RFBVM_get_element_pointer
                0x0000000008007562       0x2c ../GesturesMZ/libGesturesMZ.a(ring_fbuffer_vm.o)
                0x0000000008007562                RFBVM_get_element_pointer
 *fill*         0x000000000800758e        0x2 
 .text.RFBVM_get_element_value
                0x0000000008007590       0x18 ../GesturesMZ/libGesturesMZ.a(ring_fbuffer_vm.o)
                0x0000000008007590                RFBVM_get_element_value
 .text.RFBVM_set_element_value
                0x00000000080075a8       0x16 ../GesturesMZ/libGesturesMZ.a(ring_fbuffer_vm.o)
                0x00000000080075a8                RFBVM_set_element_value
 *fill*         0x00000000080075be        0x2 
 .text.SEN_init
                0x00000000080075c0       0x28 ../GesturesMZ/libGesturesMZ.a(sensor.o)
                0x00000000080075c0                SEN_init
 .text.SEN_set_frequency
                0x00000000080075e8       0x20 ../GesturesMZ/libGesturesMZ.a(sensor.o)
                0x00000000080075e8                SEN_set_frequency
 .text.SEN_set_resolution
                0x0000000008007608       0x28 ../GesturesMZ/libGesturesMZ.a(sensor.o)
                0x0000000008007608                SEN_set_resolution
 .text.SEN_set_square_resolution
                0x0000000008007630       0x4a ../GesturesMZ/libGesturesMZ.a(sensor.o)
                0x0000000008007630                SEN_set_square_resolution
 .text.SEN_set_data
                0x000000000800767a       0x2e ../GesturesMZ/libGesturesMZ.a(sensor.o)
                0x000000000800767a                SEN_set_data
 .text.SEN_idx_to_col_row
                0x00000000080076a8       0x80 ../GesturesMZ/libGesturesMZ.a(sensor.o)
                0x00000000080076a8                SEN_idx_to_col_row
 .text.SEN_col_row_to_idx
                0x0000000008007728       0x86 ../GesturesMZ/libGesturesMZ.a(sensor.o)
                0x0000000008007728                SEN_col_row_to_idx
 .text.SEN_zone_size
                0x00000000080077ae       0xbc ../GesturesMZ/libGesturesMZ.a(sensor.o)
                0x00000000080077ae                SEN_zone_size
 .text.SEN_actual_res
                0x000000000800786a       0x22 ../GesturesMZ/libGesturesMZ.a(sensor.o)
                0x000000000800786a                SEN_actual_res
 .text.SEN_col_row_to_mm
                0x000000000800788c       0x86 ../GesturesMZ/libGesturesMZ.a(sensor.o)
                0x000000000800788c                SEN_col_row_to_mm
 .text.SEN_idx_to_mm
                0x0000000008007912       0x3e ../GesturesMZ/libGesturesMZ.a(sensor.o)
                0x0000000008007912                SEN_idx_to_mm
 .text.SEN_mm_to_col_row
                0x0000000008007950       0xc2 ../GesturesMZ/libGesturesMZ.a(sensor.o)
                0x0000000008007950                SEN_mm_to_col_row
 .text.SEN_mm_to_idx
                0x0000000008007a12       0x3e ../GesturesMZ/libGesturesMZ.a(sensor.o)
                0x0000000008007a12                SEN_mm_to_idx
 .text.memset   0x0000000008007a50       0x10 /opt/st/stm32cubeide_1.13.2/plugins/com.st.stm32cube.ide.mcu.externaltools.gnu-tools-for-stm32.11.3.rel1.linux64_1.1.1.202309131626/tools/bin/../lib/gcc/arm-none-eabi/11.3.1/../../../../arm-none-eabi/lib/thumb/v7e-m+fp/hard/libc_nano.a(libc_a-memset.o)
                0x0000000008007a50                memset
 .text.__errno  0x0000000008007a60        0xc /opt/st/stm32cubeide_1.13.2/plugins/com.st.stm32cube.ide.mcu.externaltools.gnu-tools-for-stm32.11.3.rel1.linux64_1.1.1.202309131626/tools/bin/../lib/gcc/arm-none-eabi/11.3.1/../../../../arm-none-eabi/lib/thumb/v7e-m+fp/hard/libc_nano.a(libc_a-errno.o)
                0x0000000008007a60                __errno
 .text.__libc_init_array
                0x0000000008007a6c       0x48 /opt/st/stm32cubeide_1.13.2/plugins/com.st.stm32cube.ide.mcu.externaltools.gnu-tools-for-stm32.11.3.rel1.linux64_1.1.1.202309131626/tools/bin/../lib/gcc/arm-none-eabi/11.3.1/../../../../arm-none-eabi/lib/thumb/v7e-m+fp/hard/libc_nano.a(libc_a-init.o)
                0x0000000008007a6c                __libc_init_array
 .text.memcpy   0x0000000008007ab4       0x1c /opt/st/stm32cubeide_1.13.2/plugins/com.st.stm32cube.ide.mcu.externaltools.gnu-tools-for-stm32.11.3.rel1.linux64_1.1.1.202309131626/tools/bin/../lib/gcc/arm-none-eabi/11.3.1/../../../../arm-none-eabi/lib/thumb/v7e-m+fp/hard/libc_nano.a(libc_a-memcpy-stub.o)
                0x0000000008007ab4                memcpy
 .text.exp      0x0000000008007ad0       0x90 /opt/st/stm32cubeide_1.13.2/plugins/com.st.stm32cube.ide.mcu.externaltools.gnu-tools-for-stm32.11.3.rel1.linux64_1.1.1.202309131626/tools/bin/../lib/gcc/arm-none-eabi/11.3.1/../../../../arm-none-eabi/lib/thumb/v7e-m+fp/hard/libm.a(libm_a-w_exp.o)
                0x0000000008007ad0                exp
 .text.pow      0x0000000008007b60       0xe0 /opt/st/stm32cubeide_1.13.2/plugins/com.st.stm32cube.ide.mcu.externaltools.gnu-tools-for-stm32.11.3.rel1.linux64_1.1.1.202309131626/tools/bin/../lib/gcc/arm-none-eabi/11.3.1/../../../../arm-none-eabi/lib/thumb/v7e-m+fp/hard/libm.a(libm_a-w_pow.o)
                0x0000000008007b60                pow
 .text.sqrt     0x0000000008007c40       0x58 /opt/st/stm32cubeide_1.13.2/plugins/com.st.stm32cube.ide.mcu.externaltools.gnu-tools-for-stm32.11.3.rel1.linux64_1.1.1.202309131626/tools/bin/../lib/gcc/arm-none-eabi/11.3.1/../../../../arm-none-eabi/lib/thumb/v7e-m+fp/hard/libm.a(libm_a-w_sqrt.o)
                0x0000000008007c40                sqrt
 .text.tan      0x0000000008007c98       0x68 /opt/st/stm32cubeide_1.13.2/plugins/com.st.stm32cube.ide.mcu.externaltools.gnu-tools-for-stm32.11.3.rel1.linux64_1.1.1.202309131626/tools/bin/../lib/gcc/arm-none-eabi/11.3.1/../../../../arm-none-eabi/lib/thumb/v7e-m+fp/hard/libm.a(libm_a-s_tan.o)
                0x0000000008007c98                tan
 .text.finite   0x0000000008007d00       0x16 /opt/st/stm32cubeide_1.13.2/plugins/com.st.stm32cube.ide.mcu.externaltools.gnu-tools-for-stm32.11.3.rel1.linux64_1.1.1.202309131626/tools/bin/../lib/gcc/arm-none-eabi/11.3.1/../../../../arm-none-eabi/lib/thumb/v7e-m+fp/hard/libm.a(libm_a-s_finite.o)
                0x0000000008007d00                finite
 *fill*         0x0000000008007d16        0x2 
 .text.__ieee754_sqrt
                0x0000000008007d18      0x1b4 /opt/st/stm32cubeide_1.13.2/plugins/com.st.stm32cube.ide.mcu.externaltools.gnu-tools-for-stm32.11.3.rel1.linux64_1.1.1.202309131626/tools/bin/../lib/gcc/arm-none-eabi/11.3.1/../../../../arm-none-eabi/lib/thumb/v7e-m+fp/hard/libm.a(libm_a-e_sqrt.o)
                0x0000000008007d18                __ieee754_sqrt
 *fill*         0x0000000008007ecc        0x4 
 .text.ceil     0x0000000008007ed0      0x100 /opt/st/stm32cubeide_1.13.2/plugins/com.st.stm32cube.ide.mcu.externaltools.gnu-tools-for-stm32.11.3.rel1.linux64_1.1.1.202309131626/tools/bin/../lib/gcc/arm-none-eabi/11.3.1/../../../../arm-none-eabi/lib/thumb/v7e-m+fp/hard/libm.a(libm_a-s_ceil.o)
                0x0000000008007ed0                ceil
 .text.__kernel_tan
                0x0000000008007fd0      0x414 /opt/st/stm32cubeide_1.13.2/plugins/com.st.stm32cube.ide.mcu.externaltools.gnu-tools-for-stm32.11.3.rel1.linux64_1.1.1.202309131626/tools/bin/../lib/gcc/arm-none-eabi/11.3.1/../../../../arm-none-eabi/lib/thumb/v7e-m+fp/hard/libm.a(libm_a-k_tan.o)
                0x0000000008007fd0                __kernel_tan
 *fill*         0x00000000080083e4        0x4 
 .text.__ieee754_exp
                0x00000000080083e8      0x304 /opt/st/stm32cubeide_1.13.2/plugins/com.st.stm32cube.ide.mcu.externaltools.gnu-tools-for-stm32.11.3.rel1.linux64_1.1.1.202309131626/tools/bin/../lib/gcc/arm-none-eabi/11.3.1/../../../../arm-none-eabi/lib/thumb/v7e-m+fp/hard/libm.a(libm_a-e_exp.o)
                0x00000000080083e8                __ieee754_exp
 *fill*         0x00000000080086ec        0x4 
 .text.__ieee754_pow
                0x00000000080086f0      0xa54 /opt/st/stm32cubeide_1.13.2/plugins/com.st.stm32cube.ide.mcu.externaltools.gnu-tools-for-stm32.11.3.rel1.linux64_1.1.1.202309131626/tools/bin/../lib/gcc/arm-none-eabi/11.3.1/../../../../arm-none-eabi/lib/thumb/v7e-m+fp/hard/libm.a(libm_a-e_pow.o)
                0x00000000080086f0                __ieee754_pow
 *fill*         0x0000000008009144        0x4 
 .text.__ieee754_rem_pio2
                0x0000000008009148      0x40c /opt/st/stm32cubeide_1.13.2/plugins/com.st.stm32cube.ide.mcu.externaltools.gnu-tools-for-stm32.11.3.rel1.linux64_1.1.1.202309131626/tools/bin/../lib/gcc/arm-none-eabi/11.3.1/../../../../arm-none-eabi/lib/thumb/v7e-m+fp/hard/libm.a(libm_a-e_rem_pio2.o)
                0x0000000008009148                __ieee754_rem_pio2
 .text.fabs     0x0000000008009554       0x12 /opt/st/stm32cubeide_1.13.2/plugins/com.st.stm32cube.ide.mcu.externaltools.gnu-tools-for-stm32.11.3.rel1.linux64_1.1.1.202309131626/tools/bin/../lib/gcc/arm-none-eabi/11.3.1/../../../../arm-none-eabi/lib/thumb/v7e-m+fp/hard/libm.a(libm_a-s_fabs.o)
                0x0000000008009554                fabs
 *fill*         0x0000000008009566        0x2 
 .text.scalbn   0x0000000008009568       0xfc /opt/st/stm32cubeide_1.13.2/plugins/com.st.stm32cube.ide.mcu.externaltools.gnu-tools-for-stm32.11.3.rel1.linux64_1.1.1.202309131626/tools/bin/../lib/gcc/arm-none-eabi/11.3.1/../../../../arm-none-eabi/lib/thumb/v7e-m+fp/hard/libm.a(libm_a-s_scalbn.o)
                0x0000000008009568                scalbn
 .text.with_errno
                0x0000000008009664       0x14 /opt/st/stm32cubeide_1.13.2/plugins/com.st.stm32cube.ide.mcu.externaltools.gnu-tools-for-stm32.11.3.rel1.linux64_1.1.1.202309131626/tools/bin/../lib/gcc/arm-none-eabi/11.3.1/../../../../arm-none-eabi/lib/thumb/v7e-m+fp/hard/libm.a(libm_a-math_err.o)
 .text.xflow    0x0000000008009678       0x28 /opt/st/stm32cubeide_1.13.2/plugins/com.st.stm32cube.ide.mcu.externaltools.gnu-tools-for-stm32.11.3.rel1.linux64_1.1.1.202309131626/tools/bin/../lib/gcc/arm-none-eabi/11.3.1/../../../../arm-none-eabi/lib/thumb/v7e-m+fp/hard/libm.a(libm_a-math_err.o)
 .text.__math_uflow
                0x00000000080096a0       0x12 /opt/st/stm32cubeide_1.13.2/plugins/com.st.stm32cube.ide.mcu.externaltools.gnu-tools-for-stm32.11.3.rel1.linux64_1.1.1.202309131626/tools/bin/../lib/gcc/arm-none-eabi/11.3.1/../../../../arm-none-eabi/lib/thumb/v7e-m+fp/hard/libm.a(libm_a-math_err.o)
                0x00000000080096a0                __math_uflow
 .text.__math_oflow
                0x00000000080096b2       0x12 /opt/st/stm32cubeide_1.13.2/plugins/com.st.stm32cube.ide.mcu.externaltools.gnu-tools-for-stm32.11.3.rel1.linux64_1.1.1.202309131626/tools/bin/../lib/gcc/arm-none-eabi/11.3.1/../../../../arm-none-eabi/lib/thumb/v7e-m+fp/hard/libm.a(libm_a-math_err.o)
                0x00000000080096b2                __math_oflow
 *fill*         0x00000000080096c4        0x4 
 .text.__kernel_rem_pio2
                0x00000000080096c8      0x69c /opt/st/stm32cubeide_1.13.2/plugins/com.st.stm32cube.ide.mcu.externaltools.gnu-tools-for-stm32.11.3.rel1.linux64_1.1.1.202309131626/tools/bin/../lib/gcc/arm-none-eabi/11.3.1/../../../../arm-none-eabi/lib/thumb/v7e-m+fp/hard/libm.a(libm_a-k_rem_pio2.o)
                0x00000000080096c8                __kernel_rem_pio2
 *fill*         0x0000000008009d64        0x4 
 .text.floor    0x0000000008009d68      0x100 /opt/st/stm32cubeide_1.13.2/plugins/com.st.stm32cube.ide.mcu.externaltools.gnu-tools-for-stm32.11.3.rel1.linux64_1.1.1.202309131626/tools/bin/../lib/gcc/arm-none-eabi/11.3.1/../../../../arm-none-eabi/lib/thumb/v7e-m+fp/hard/libm.a(libm_a-s_floor.o)
                0x0000000008009d68                floor
 *(.glue_7)
 .glue_7        0x0000000008009e68        0x0 linker stubs
 *(.glue_7t)
 .glue_7t       0x0000000008009e68        0x0 linker stubs
 *(.eh_frame)
 .eh_frame      0x0000000008009e68        0x0 /opt/st/stm32cubeide_1.13.2/plugins/com.st.stm32cube.ide.mcu.externaltools.gnu-tools-for-stm32.11.3.rel1.linux64_1.1.1.202309131626/tools/bin/../lib/gcc/arm-none-eabi/11.3.1/thumb/v7e-m+fp/hard/crtbegin.o
 *(.init)
 .init          0x0000000008009e68        0x4 /opt/st/stm32cubeide_1.13.2/plugins/com.st.stm32cube.ide.mcu.externaltools.gnu-tools-for-stm32.11.3.rel1.linux64_1.1.1.202309131626/tools/bin/../lib/gcc/arm-none-eabi/11.3.1/thumb/v7e-m+fp/hard/crti.o
                0x0000000008009e68                _init
 .init          0x0000000008009e6c        0x8 /opt/st/stm32cubeide_1.13.2/plugins/com.st.stm32cube.ide.mcu.externaltools.gnu-tools-for-stm32.11.3.rel1.linux64_1.1.1.202309131626/tools/bin/../lib/gcc/arm-none-eabi/11.3.1/thumb/v7e-m+fp/hard/crtn.o
 *(.fini)
 .fini          0x0000000008009e74        0x4 /opt/st/stm32cubeide_1.13.2/plugins/com.st.stm32cube.ide.mcu.externaltools.gnu-tools-for-stm32.11.3.rel1.linux64_1.1.1.202309131626/tools/bin/../lib/gcc/arm-none-eabi/11.3.1/thumb/v7e-m+fp/hard/crti.o
                0x0000000008009e74                _fini
 .fini          0x0000000008009e78        0x8 /opt/st/stm32cubeide_1.13.2/plugins/com.st.stm32cube.ide.mcu.externaltools.gnu-tools-for-stm32.11.3.rel1.linux64_1.1.1.202309131626/tools/bin/../lib/gcc/arm-none-eabi/11.3.1/thumb/v7e-m+fp/hard/crtn.o
                0x0000000008009e80                . = ALIGN (0x4)
                0x0000000008009e80                _etext = .

.vfp11_veneer   0x0000000008009e80        0x0
 .vfp11_veneer  0x0000000008009e80        0x0 linker stubs

.v4_bx          0x0000000008009e80        0x0
 .v4_bx         0x0000000008009e80        0x0 linker stubs

.iplt           0x0000000008009e80        0x0
 .iplt          0x0000000008009e80        0x0 /opt/st/stm32cubeide_1.13.2/plugins/com.st.stm32cube.ide.mcu.externaltools.gnu-tools-for-stm32.11.3.rel1.linux64_1.1.1.202309131626/tools/bin/../lib/gcc/arm-none-eabi/11.3.1/thumb/v7e-m+fp/hard/crtbegin.o

.rodata         0x0000000008009e80    0x15d78
                0x0000000008009e80                . = ALIGN (0x4)
 *(.rodata)
 .rodata        0x0000000008009e80       0x5c ./VL53LMZ_ULD_API/src/vl53lmz_api.o
 *(.rodata*)
 .rodata.AHBPrescTable
                0x0000000008009edc       0x10 ./Core/Src/system_stm32f4xx.o
                0x0000000008009edc                AHBPrescTable
 .rodata.APBPrescTable
                0x0000000008009eec        0x8 ./Core/Src/system_stm32f4xx.o
                0x0000000008009eec                APBPrescTable
 .rodata.VL53LMZ_FIRMWARE
                0x0000000008009ef4    0x15000 ./VL53LMZ_ULD_API/src/vl53lmz_api.o
                0x0000000008009ef4                VL53LMZ_FIRMWARE
 .rodata.VL53L8_DEFAULT_CONFIGURATION
                0x000000000801eef4      0x3cc ./VL53LMZ_ULD_API/src/vl53lmz_api.o
                0x000000000801eef4                VL53L8_DEFAULT_CONFIGURATION
 .rodata.VL53L7_DEFAULT_CONFIGURATION
                0x000000000801f2c0      0x3cc ./VL53LMZ_ULD_API/src/vl53lmz_api.o
                0x000000000801f2c0                VL53L7_DEFAULT_CONFIGURATION
 .rodata.VL53LMZ_DEFAULT_XTALK
                0x000000000801f68c      0x308 ./VL53LMZ_ULD_API/src/vl53lmz_api.o
                0x000000000801f68c                VL53LMZ_DEFAULT_XTALK
 .rodata.VL53LMZ_GET_NVM_CMD
                0x000000000801f994       0x28 ./VL53LMZ_ULD_API/src/vl53lmz_api.o
                0x000000000801f994                VL53LMZ_GET_NVM_CMD
 *fill*         0x000000000801f9bc        0x4 
 .rodata.halF   0x000000000801f9c0       0x10 /opt/st/stm32cubeide_1.13.2/plugins/com.st.stm32cube.ide.mcu.externaltools.gnu-tools-for-stm32.11.3.rel1.linux64_1.1.1.202309131626/tools/bin/../lib/gcc/arm-none-eabi/11.3.1/../../../../arm-none-eabi/lib/thumb/v7e-m+fp/hard/libm.a(libm_a-e_exp.o)
 .rodata.ln2HI  0x000000000801f9d0       0x10 /opt/st/stm32cubeide_1.13.2/plugins/com.st.stm32cube.ide.mcu.externaltools.gnu-tools-for-stm32.11.3.rel1.linux64_1.1.1.202309131626/tools/bin/../lib/gcc/arm-none-eabi/11.3.1/../../../../arm-none-eabi/lib/thumb/v7e-m+fp/hard/libm.a(libm_a-e_exp.o)
 .rodata.ln2LO  0x000000000801f9e0       0x10 /opt/st/stm32cubeide_1.13.2/plugins/com.st.stm32cube.ide.mcu.externaltools.gnu-tools-for-stm32.11.3.rel1.linux64_1.1.1.202309131626/tools/bin/../lib/gcc/arm-none-eabi/11.3.1/../../../../arm-none-eabi/lib/thumb/v7e-m+fp/hard/libm.a(libm_a-e_exp.o)
 .rodata.bp     0x000000000801f9f0       0x10 /opt/st/stm32cubeide_1.13.2/plugins/com.st.stm32cube.ide.mcu.externaltools.gnu-tools-for-stm32.11.3.rel1.linux64_1.1.1.202309131626/tools/bin/../lib/gcc/arm-none-eabi/11.3.1/../../../../arm-none-eabi/lib/thumb/v7e-m+fp/hard/libm.a(libm_a-e_pow.o)
 .rodata.dp_h   0x000000000801fa00       0x10 /opt/st/stm32cubeide_1.13.2/plugins/com.st.stm32cube.ide.mcu.externaltools.gnu-tools-for-stm32.11.3.rel1.linux64_1.1.1.202309131626/tools/bin/../lib/gcc/arm-none-eabi/11.3.1/../../../../arm-none-eabi/lib/thumb/v7e-m+fp/hard/libm.a(libm_a-e_pow.o)
 .rodata.dp_l   0x000000000801fa10       0x10 /opt/st/stm32cubeide_1.13.2/plugins/com.st.stm32cube.ide.mcu.externaltools.gnu-tools-for-stm32.11.3.rel1.linux64_1.1.1.202309131626/tools/bin/../lib/gcc/arm-none-eabi/11.3.1/../../../../arm-none-eabi/lib/thumb/v7e-m+fp/hard/libm.a(libm_a-e_pow.o)
 .rodata.npio2_hw
                0x000000000801fa20       0x80 /opt/st/stm32cubeide_1.13.2/plugins/com.st.stm32cube.ide.mcu.externaltools.gnu-tools-for-stm32.11.3.rel1.linux64_1.1.1.202309131626/tools/bin/../lib/gcc/arm-none-eabi/11.3.1/../../../../arm-none-eabi/lib/thumb/v7e-m+fp/hard/libm.a(libm_a-e_rem_pio2.o)
 .rodata.two_over_pi
                0x000000000801faa0      0x108 /opt/st/stm32cubeide_1.13.2/plugins/com.st.stm32cube.ide.mcu.externaltools.gnu-tools-for-stm32.11.3.rel1.linux64_1.1.1.202309131626/tools/bin/../lib/gcc/arm-none-eabi/11.3.1/../../../../arm-none-eabi/lib/thumb/v7e-m+fp/hard/libm.a(libm_a-e_rem_pio2.o)
 .rodata.PIo2   0x000000000801fba8       0x40 /opt/st/stm32cubeide_1.13.2/plugins/com.st.stm32cube.ide.mcu.externaltools.gnu-tools-for-stm32.11.3.rel1.linux64_1.1.1.202309131626/tools/bin/../lib/gcc/arm-none-eabi/11.3.1/../../../../arm-none-eabi/lib/thumb/v7e-m+fp/hard/libm.a(libm_a-k_rem_pio2.o)
 .rodata.init_jk
                0x000000000801fbe8       0x10 /opt/st/stm32cubeide_1.13.2/plugins/com.st.stm32cube.ide.mcu.externaltools.gnu-tools-for-stm32.11.3.rel1.linux64_1.1.1.202309131626/tools/bin/../lib/gcc/arm-none-eabi/11.3.1/../../../../arm-none-eabi/lib/thumb/v7e-m+fp/hard/libm.a(libm_a-k_rem_pio2.o)
                0x000000000801fbf8                . = ALIGN (0x4)

.ARM.extab      0x000000000801fbf8        0x0
                0x000000000801fbf8                . = ALIGN (0x4)
 *(.ARM.extab* .gnu.linkonce.armextab.*)
                0x000000000801fbf8                . = ALIGN (0x4)

.ARM            0x000000000801fbf8        0x8
                0x000000000801fbf8                . = ALIGN (0x4)
                0x000000000801fbf8                __exidx_start = .
 *(.ARM.exidx*)
 .ARM.exidx     0x000000000801fbf8        0x8 /opt/st/stm32cubeide_1.13.2/plugins/com.st.stm32cube.ide.mcu.externaltools.gnu-tools-for-stm32.11.3.rel1.linux64_1.1.1.202309131626/tools/bin/../lib/gcc/arm-none-eabi/11.3.1/thumb/v7e-m+fp/hard/libgcc.a(_udivmoddi4.o)
                0x000000000801fc00                __exidx_end = .
                0x000000000801fc00                . = ALIGN (0x4)

.rel.dyn        0x000000000801fc00        0x0
 .rel.iplt      0x000000000801fc00        0x0 /opt/st/stm32cubeide_1.13.2/plugins/com.st.stm32cube.ide.mcu.externaltools.gnu-tools-for-stm32.11.3.rel1.linux64_1.1.1.202309131626/tools/bin/../lib/gcc/arm-none-eabi/11.3.1/thumb/v7e-m+fp/hard/crtbegin.o

.preinit_array  0x000000000801fc00        0x0
                0x000000000801fc00                . = ALIGN (0x4)
                0x000000000801fc00                PROVIDE (__preinit_array_start = .)
 *(.preinit_array*)
                0x000000000801fc00                PROVIDE (__preinit_array_end = .)
                0x000000000801fc00                . = ALIGN (0x4)

.init_array     0x000000000801fc00        0x4
                0x000000000801fc00                . = ALIGN (0x4)
                0x000000000801fc00                PROVIDE (__init_array_start = .)
 *(SORT_BY_NAME(.init_array.*))
 *(.init_array*)
 .init_array    0x000000000801fc00        0x4 /opt/st/stm32cubeide_1.13.2/plugins/com.st.stm32cube.ide.mcu.externaltools.gnu-tools-for-stm32.11.3.rel1.linux64_1.1.1.202309131626/tools/bin/../lib/gcc/arm-none-eabi/11.3.1/thumb/v7e-m+fp/hard/crtbegin.o
                0x000000000801fc04                PROVIDE (__init_array_end = .)
                0x000000000801fc04                . = ALIGN (0x4)

.fini_array     0x000000000801fc04        0x4
                0x000000000801fc04                . = ALIGN (0x4)
                [!provide]                        PROVIDE (__fini_array_start = .)
 *(SORT_BY_NAME(.fini_array.*))
 *(.fini_array*)
 .fini_array    0x000000000801fc04        0x4 /opt/st/stm32cubeide_1.13.2/plugins/com.st.stm32cube.ide.mcu.externaltools.gnu-tools-for-stm32.11.3.rel1.linux64_1.1.1.202309131626/tools/bin/../lib/gcc/arm-none-eabi/11.3.1/thumb/v7e-m+fp/hard/crtbegin.o
                [!provide]                        PROVIDE (__fini_array_end = .)
                0x000000000801fc08                . = ALIGN (0x4)
                0x000000000801fc08                _sidata = LOADADDR (.data)

.data           0x0000000020000000       0x80 load address 0x000000000801fc08
                0x0000000020000000                . = ALIGN (0x4)
                0x0000000020000000                _sdata = .
 *(.data)
 *(.data*)
 .data.SystemCoreClock
                0x0000000020000000        0x4 ./Core/Src/system_stm32f4xx.o
                0x0000000020000000                SystemCoreClock
 .data.uwTickPrio
                0x0000000020000004        0x4 ./Drivers/STM32F4xx_HAL_Driver/Src/stm32f4xx_hal.o
                0x0000000020000004                uwTickPrio
 .data.uwTickFreq
                0x0000000020000008        0x1 ./Drivers/STM32F4xx_HAL_Driver/Src/stm32f4xx_hal.o
                0x0000000020000008                uwTickFreq
 *fill*         0x0000000020000009        0x3 
 .data.g_output_bh_enable
                0x000000002000000c       0x10 ./VL53LMZ_ULD_API/src/vl53lmz_api.o
 .data._impure_data
                0x000000002000001c       0x4c /opt/st/stm32cubeide_1.13.2/plugins/com.st.stm32cube.ide.mcu.externaltools.gnu-tools-for-stm32.11.3.rel1.linux64_1.1.1.202309131626/tools/bin/../lib/gcc/arm-none-eabi/11.3.1/../../../../arm-none-eabi/lib/thumb/v7e-m+fp/hard/libc_nano.a(libc_a-impure.o)
                0x000000002000001c                _impure_data
 .data._impure_ptr
                0x0000000020000068        0x4 /opt/st/stm32cubeide_1.13.2/plugins/com.st.stm32cube.ide.mcu.externaltools.gnu-tools-for-stm32.11.3.rel1.linux64_1.1.1.202309131626/tools/bin/../lib/gcc/arm-none-eabi/11.3.1/../../../../arm-none-eabi/lib/thumb/v7e-m+fp/hard/libc_nano.a(libc_a-impure.o)
                0x0000000020000068                _impure_ptr
 *fill*         0x000000002000006c        0x4 
 .data.one      0x0000000020000070        0x8 /opt/st/stm32cubeide_1.13.2/plugins/com.st.stm32cube.ide.mcu.externaltools.gnu-tools-for-stm32.11.3.rel1.linux64_1.1.1.202309131626/tools/bin/../lib/gcc/arm-none-eabi/11.3.1/../../../../arm-none-eabi/lib/thumb/v7e-m+fp/hard/libm.a(libm_a-e_sqrt.o)
 .data.tiny     0x0000000020000078        0x8 /opt/st/stm32cubeide_1.13.2/plugins/com.st.stm32cube.ide.mcu.externaltools.gnu-tools-for-stm32.11.3.rel1.linux64_1.1.1.202309131626/tools/bin/../lib/gcc/arm-none-eabi/11.3.1/../../../../arm-none-eabi/lib/thumb/v7e-m+fp/hard/libm.a(libm_a-e_sqrt.o)
 *(.RamFunc)
 *(.RamFunc*)
                0x0000000020000080                . = ALIGN (0x4)
                0x0000000020000080                _edata = .

.igot.plt       0x0000000020000080        0x0 load address 0x000000000801fc88
 .igot.plt      0x0000000020000080        0x0 /opt/st/stm32cubeide_1.13.2/plugins/com.st.stm32cube.ide.mcu.externaltools.gnu-tools-for-stm32.11.3.rel1.linux64_1.1.1.202309131626/tools/bin/../lib/gcc/arm-none-eabi/11.3.1/thumb/v7e-m+fp/hard/crtbegin.o
                0x0000000020000080                . = ALIGN (0x4)

.bss            0x0000000020000080     0x35ec load address 0x000000000801fc88
                0x0000000020000080                _sbss = .
                0x0000000020000080                __bss_start__ = _sbss
 *(.bss)
 .bss           0x0000000020000080       0x1c /opt/st/stm32cubeide_1.13.2/plugins/com.st.stm32cube.ide.mcu.externaltools.gnu-tools-for-stm32.11.3.rel1.linux64_1.1.1.202309131626/tools/bin/../lib/gcc/arm-none-eabi/11.3.1/thumb/v7e-m+fp/hard/crtbegin.o
 *(.bss*)
 .bss.hi2c1     0x000000002000009c       0x54 ./Core/Src/main.o
                0x000000002000009c                hi2c1
 .bss.huart2    0x00000000200000f0       0x44 ./Core/Src/main.o
                0x00000000200000f0                huart2
 .bss.huart6    0x0000000020000134       0x44 ./Core/Src/main.o
                0x0000000020000134                huart6
 .bss.Sensor1Cfg
                0x0000000020000178     0x23d0 ./Core/Src/tof_lib.o
                0x0000000020000178                Sensor1Cfg
 .bss.Sensor1Results
                0x0000000020002548      0x550 ./Core/Src/tof_lib.o
                0x0000000020002548                Sensor1Results
 .bss.hand_tracker
                0x0000000020002a98      0x7b8 ./Core/Src/tof_lib.o
                0x0000000020002a98                hand_tracker
 .bss.sensor_data
                0x0000000020003250      0x260 ./Core/Src/tof_lib.o
                0x0000000020003250                sensor_data
 .bss.uwTick    0x00000000200034b0        0x4 ./Drivers/STM32F4xx_HAL_Driver/Src/stm32f4xx_hal.o
                0x00000000200034b0                uwTick
 .bss.g_output_config
                0x00000000200034b4       0x80 ./VL53LMZ_ULD_API/src/vl53lmz_api.o
 .bss.__sf      0x0000000020003534      0x138 /opt/st/stm32cubeide_1.13.2/plugins/com.st.stm32cube.ide.mcu.externaltools.gnu-tools-for-stm32.11.3.rel1.linux64_1.1.1.202309131626/tools/bin/../lib/gcc/arm-none-eabi/11.3.1/../../../../arm-none-eabi/lib/thumb/v7e-m+fp/hard/libc_nano.a(libc_a-findfp.o)
                0x0000000020003534                __sf
 *(COMMON)
                0x000000002000366c                . = ALIGN (0x4)
                0x000000002000366c                _ebss = .
                0x000000002000366c                __bss_end__ = _ebss

._user_heap_stack
                0x000000002000366c      0x604 load address 0x000000000801fc88
                0x0000000020003670                . = ALIGN (0x8)
 *fill*         0x000000002000366c        0x4 
                [!provide]                        PROVIDE (end = .)
                0x0000000020003670                PROVIDE (_end = .)
                0x0000000020003870                . = (. + _Min_Heap_Size)
 *fill*         0x0000000020003670      0x200 
                0x0000000020003c70                . = (. + _Min_Stack_Size)
 *fill*         0x0000000020003870      0x400 
                0x0000000020003c70                . = ALIGN (0x8)

/DISCARD/
 libc.a(*)
 libm.a(*)
 libgcc.a(*)

.ARM.attributes
                0x0000000000000000       0x30
 *(.ARM.attributes)
 .ARM.attributes
                0x0000000000000000       0x1e /opt/st/stm32cubeide_1.13.2/plugins/com.st.stm32cube.ide.mcu.externaltools.gnu-tools-for-stm32.11.3.rel1.linux64_1.1.1.202309131626/tools/bin/../lib/gcc/arm-none-eabi/11.3.1/thumb/v7e-m+fp/hard/crti.o
 .ARM.attributes
                0x000000000000001e       0x34 /opt/st/stm32cubeide_1.13.2/plugins/com.st.stm32cube.ide.mcu.externaltools.gnu-tools-for-stm32.11.3.rel1.linux64_1.1.1.202309131626/tools/bin/../lib/gcc/arm-none-eabi/11.3.1/thumb/v7e-m+fp/hard/crtbegin.o
 .ARM.attributes
                0x0000000000000052       0x34 ./Core/Src/main.o
 .ARM.attributes
                0x0000000000000086       0x34 ./Core/Src/stm32f4xx_hal_msp.o
 .ARM.attributes
                0x00000000000000ba       0x34 ./Core/Src/stm32f4xx_it.o
 .ARM.attributes
                0x00000000000000ee       0x34 ./Core/Src/system_stm32f4xx.o
 .ARM.attributes
                0x0000000000000122       0x34 ./Core/Src/tof_lib.o
 .ARM.attributes
                0x0000000000000156       0x21 ./Core/Startup/startup_stm32f401retx.o
 .ARM.attributes
                0x0000000000000177       0x34 ./Drivers/STM32F4xx_HAL_Driver/Src/stm32f4xx_hal.o
 .ARM.attributes
                0x00000000000001ab       0x34 ./Drivers/STM32F4xx_HAL_Driver/Src/stm32f4xx_hal_cortex.o
 .ARM.attributes
                0x00000000000001df       0x34 ./Drivers/STM32F4xx_HAL_Driver/Src/stm32f4xx_hal_dma.o
 .ARM.attributes
                0x0000000000000213       0x34 ./Drivers/STM32F4xx_HAL_Driver/Src/stm32f4xx_hal_gpio.o
 .ARM.attributes
                0x0000000000000247       0x34 ./Drivers/STM32F4xx_HAL_Driver/Src/stm32f4xx_hal_i2c.o
 .ARM.attributes
                0x000000000000027b       0x34 ./Drivers/STM32F4xx_HAL_Driver/Src/stm32f4xx_hal_rcc.o
 .ARM.attributes
                0x00000000000002af       0x34 ./Drivers/STM32F4xx_HAL_Driver/Src/stm32f4xx_hal_uart.o
 .ARM.attributes
                0x00000000000002e3       0x34 ./Platform/platform.o
 .ARM.attributes
                0x0000000000000317       0x34 ./VL53LMZ_ULD_API/src/vl53lmz_api.o
 .ARM.attributes
                0x000000000000034b       0x34 ../GesturesMZ/libGesturesMZ.a(htmz.o)
 .ARM.attributes
                0x000000000000037f       0x34 ../GesturesMZ/libGesturesMZ.a(ring_fbuffer_vm.o)
 .ARM.attributes
                0x00000000000003b3       0x34 ../GesturesMZ/libGesturesMZ.a(sensor.o)
 .ARM.attributes
                0x00000000000003e7       0x34 /opt/st/stm32cubeide_1.13.2/plugins/com.st.stm32cube.ide.mcu.externaltools.gnu-tools-for-stm32.11.3.rel1.linux64_1.1.1.202309131626/tools/bin/../lib/gcc/arm-none-eabi/11.3.1/../../../../arm-none-eabi/lib/thumb/v7e-m+fp/hard/libc_nano.a(libc_a-findfp.o)
 .ARM.attributes
                0x000000000000041b       0x34 /opt/st/stm32cubeide_1.13.2/plugins/com.st.stm32cube.ide.mcu.externaltools.gnu-tools-for-stm32.11.3.rel1.linux64_1.1.1.202309131626/tools/bin/../lib/gcc/arm-none-eabi/11.3.1/../../../../arm-none-eabi/lib/thumb/v7e-m+fp/hard/libc_nano.a(libc_a-memset.o)
 .ARM.attributes
                0x000000000000044f       0x34 /opt/st/stm32cubeide_1.13.2/plugins/com.st.stm32cube.ide.mcu.externaltools.gnu-tools-for-stm32.11.3.rel1.linux64_1.1.1.202309131626/tools/bin/../lib/gcc/arm-none-eabi/11.3.1/../../../../arm-none-eabi/lib/thumb/v7e-m+fp/hard/libc_nano.a(libc_a-impure.o)
 .ARM.attributes
                0x0000000000000483       0x34 /opt/st/stm32cubeide_1.13.2/plugins/com.st.stm32cube.ide.mcu.externaltools.gnu-tools-for-stm32.11.3.rel1.linux64_1.1.1.202309131626/tools/bin/../lib/gcc/arm-none-eabi/11.3.1/../../../../arm-none-eabi/lib/thumb/v7e-m+fp/hard/libc_nano.a(libc_a-errno.o)
 .ARM.attributes
                0x00000000000004b7       0x34 /opt/st/stm32cubeide_1.13.2/plugins/com.st.stm32cube.ide.mcu.externaltools.gnu-tools-for-stm32.11.3.rel1.linux64_1.1.1.202309131626/tools/bin/../lib/gcc/arm-none-eabi/11.3.1/../../../../arm-none-eabi/lib/thumb/v7e-m+fp/hard/libc_nano.a(libc_a-init.o)
 .ARM.attributes
                0x00000000000004eb       0x34 /opt/st/stm32cubeide_1.13.2/plugins/com.st.stm32cube.ide.mcu.externaltools.gnu-tools-for-stm32.11.3.rel1.linux64_1.1.1.202309131626/tools/bin/../lib/gcc/arm-none-eabi/11.3.1/../../../../arm-none-eabi/lib/thumb/v7e-m+fp/hard/libc_nano.a(libc_a-memcpy-stub.o)
 .ARM.attributes
                0x000000000000051f       0x34 /opt/st/stm32cubeide_1.13.2/plugins/com.st.stm32cube.ide.mcu.externaltools.gnu-tools-for-stm32.11.3.rel1.linux64_1.1.1.202309131626/tools/bin/../lib/gcc/arm-none-eabi/11.3.1/../../../../arm-none-eabi/lib/thumb/v7e-m+fp/hard/libm.a(libm_a-w_exp.o)
 .ARM.attributes
                0x0000000000000553       0x34 /opt/st/stm32cubeide_1.13.2/plugins/com.st.stm32cube.ide.mcu.externaltools.gnu-tools-for-stm32.11.3.rel1.linux64_1.1.1.202309131626/tools/bin/../lib/gcc/arm-none-eabi/11.3.1/../../../../arm-none-eabi/lib/thumb/v7e-m+fp/hard/libm.a(libm_a-w_pow.o)
 .ARM.attributes
                0x0000000000000587       0x34 /opt/st/stm32cubeide_1.13.2/plugins/com.st.stm32cube.ide.mcu.externaltools.gnu-tools-for-stm32.11.3.rel1.linux64_1.1.1.202309131626/tools/bin/../lib/gcc/arm-none-eabi/11.3.1/../../../../arm-none-eabi/lib/thumb/v7e-m+fp/hard/libm.a(libm_a-w_sqrt.o)
 .ARM.attributes
                0x00000000000005bb       0x34 /opt/st/stm32cubeide_1.13.2/plugins/com.st.stm32cube.ide.mcu.externaltools.gnu-tools-for-stm32.11.3.rel1.linux64_1.1.1.202309131626/tools/bin/../lib/gcc/arm-none-eabi/11.3.1/../../../../arm-none-eabi/lib/thumb/v7e-m+fp/hard/libm.a(libm_a-s_tan.o)
 .ARM.attributes
                0x00000000000005ef       0x34 /opt/st/stm32cubeide_1.13.2/plugins/com.st.stm32cube.ide.mcu.externaltools.gnu-tools-for-stm32.11.3.rel1.linux64_1.1.1.202309131626/tools/bin/../lib/gcc/arm-none-eabi/11.3.1/../../../../arm-none-eabi/lib/thumb/v7e-m+fp/hard/libm.a(libm_a-s_finite.o)
 .ARM.attributes
                0x0000000000000623       0x34 /opt/st/stm32cubeide_1.13.2/plugins/com.st.stm32cube.ide.mcu.externaltools.gnu-tools-for-stm32.11.3.rel1.linux64_1.1.1.202309131626/tools/bin/../lib/gcc/arm-none-eabi/11.3.1/../../../../arm-none-eabi/lib/thumb/v7e-m+fp/hard/libm.a(libm_a-e_sqrt.o)
 .ARM.attributes
                0x0000000000000657       0x34 /opt/st/stm32cubeide_1.13.2/plugins/com.st.stm32cube.ide.mcu.externaltools.gnu-tools-for-stm32.11.3.rel1.linux64_1.1.1.202309131626/tools/bin/../lib/gcc/arm-none-eabi/11.3.1/../../../../arm-none-eabi/lib/thumb/v7e-m+fp/hard/libm.a(libm_a-s_ceil.o)
 .ARM.attributes
                0x000000000000068b       0x34 /opt/st/stm32cubeide_1.13.2/plugins/com.st.stm32cube.ide.mcu.externaltools.gnu-tools-for-stm32.11.3.rel1.linux64_1.1.1.202309131626/tools/bin/../lib/gcc/arm-none-eabi/11.3.1/../../../../arm-none-eabi/lib/thumb/v7e-m+fp/hard/libm.a(libm_a-k_tan.o)
 .ARM.attributes
                0x00000000000006bf       0x34 /opt/st/stm32cubeide_1.13.2/plugins/com.st.stm32cube.ide.mcu.externaltools.gnu-tools-for-stm32.11.3.rel1.linux64_1.1.1.202309131626/tools/bin/../lib/gcc/arm-none-eabi/11.3.1/../../../../arm-none-eabi/lib/thumb/v7e-m+fp/hard/libm.a(libm_a-e_exp.o)
 .ARM.attributes
                0x00000000000006f3       0x34 /opt/st/stm32cubeide_1.13.2/plugins/com.st.stm32cube.ide.mcu.externaltools.gnu-tools-for-stm32.11.3.rel1.linux64_1.1.1.202309131626/tools/bin/../lib/gcc/arm-none-eabi/11.3.1/../../../../arm-none-eabi/lib/thumb/v7e-m+fp/hard/libm.a(libm_a-e_pow.o)
 .ARM.attributes
                0x0000000000000727       0x34 /opt/st/stm32cubeide_1.13.2/plugins/com.st.stm32cube.ide.mcu.externaltools.gnu-tools-for-stm32.11.3.rel1.linux64_1.1.1.202309131626/tools/bin/../lib/gcc/arm-none-eabi/11.3.1/../../../../arm-none-eabi/lib/thumb/v7e-m+fp/hard/libm.a(libm_a-e_rem_pio2.o)
 .ARM.attributes
                0x000000000000075b       0x34 /opt/st/stm32cubeide_1.13.2/plugins/com.st.stm32cube.ide.mcu.externaltools.gnu-tools-for-stm32.11.3.rel1.linux64_1.1.1.202309131626/tools/bin/../lib/gcc/arm-none-eabi/11.3.1/../../../../arm-none-eabi/lib/thumb/v7e-m+fp/hard/libm.a(libm_a-s_fabs.o)
 .ARM.attributes
                0x000000000000078f       0x34 /opt/st/stm32cubeide_1.13.2/plugins/com.st.stm32cube.ide.mcu.externaltools.gnu-tools-for-stm32.11.3.rel1.linux64_1.1.1.202309131626/tools/bin/../lib/gcc/arm-none-eabi/11.3.1/../../../../arm-none-eabi/lib/thumb/v7e-m+fp/hard/libm.a(libm_a-s_scalbn.o)
 .ARM.attributes
                0x00000000000007c3       0x34 /opt/st/stm32cubeide_1.13.2/plugins/com.st.stm32cube.ide.mcu.externaltools.gnu-tools-for-stm32.11.3.rel1.linux64_1.1.1.202309131626/tools/bin/../lib/gcc/arm-none-eabi/11.3.1/../../../../arm-none-eabi/lib/thumb/v7e-m+fp/hard/libm.a(libm_a-math_err.o)
 .ARM.attributes
                0x00000000000007f7       0x34 /opt/st/stm32cubeide_1.13.2/plugins/com.st.stm32cube.ide.mcu.externaltools.gnu-tools-for-stm32.11.3.rel1.linux64_1.1.1.202309131626/tools/bin/../lib/gcc/arm-none-eabi/11.3.1/../../../../arm-none-eabi/lib/thumb/v7e-m+fp/hard/libm.a(libm_a-k_rem_pio2.o)
 .ARM.attributes
                0x000000000000082b       0x34 /opt/st/stm32cubeide_1.13.2/plugins/com.st.stm32cube.ide.mcu.externaltools.gnu-tools-for-stm32.11.3.rel1.linux64_1.1.1.202309131626/tools/bin/../lib/gcc/arm-none-eabi/11.3.1/../../../../arm-none-eabi/lib/thumb/v7e-m+fp/hard/libm.a(libm_a-s_floor.o)
 .ARM.attributes
                0x000000000000085f       0x1e /opt/st/stm32cubeide_1.13.2/plugins/com.st.stm32cube.ide.mcu.externaltools.gnu-tools-for-stm32.11.3.rel1.linux64_1.1.1.202309131626/tools/bin/../lib/gcc/arm-none-eabi/11.3.1/thumb/v7e-m+fp/hard/libgcc.a(_arm_addsubdf3.o)
 .ARM.attributes
                0x000000000000087d       0x1e /opt/st/stm32cubeide_1.13.2/plugins/com.st.stm32cube.ide.mcu.externaltools.gnu-tools-for-stm32.11.3.rel1.linux64_1.1.1.202309131626/tools/bin/../lib/gcc/arm-none-eabi/11.3.1/thumb/v7e-m+fp/hard/libgcc.a(_arm_muldivdf3.o)
 .ARM.attributes
                0x000000000000089b       0x1e /opt/st/stm32cubeide_1.13.2/plugins/com.st.stm32cube.ide.mcu.externaltools.gnu-tools-for-stm32.11.3.rel1.linux64_1.1.1.202309131626/tools/bin/../lib/gcc/arm-none-eabi/11.3.1/thumb/v7e-m+fp/hard/libgcc.a(_arm_cmpdf2.o)
 .ARM.attributes
                0x00000000000008b9       0x1e /opt/st/stm32cubeide_1.13.2/plugins/com.st.stm32cube.ide.mcu.externaltools.gnu-tools-for-stm32.11.3.rel1.linux64_1.1.1.202309131626/tools/bin/../lib/gcc/arm-none-eabi/11.3.1/thumb/v7e-m+fp/hard/libgcc.a(_arm_unorddf2.o)
 .ARM.attributes
                0x00000000000008d7       0x1e /opt/st/stm32cubeide_1.13.2/plugins/com.st.stm32cube.ide.mcu.externaltools.gnu-tools-for-stm32.11.3.rel1.linux64_1.1.1.202309131626/tools/bin/../lib/gcc/arm-none-eabi/11.3.1/thumb/v7e-m+fp/hard/libgcc.a(_arm_fixdfsi.o)
 .ARM.attributes
                0x00000000000008f5       0x1e /opt/st/stm32cubeide_1.13.2/plugins/com.st.stm32cube.ide.mcu.externaltools.gnu-tools-for-stm32.11.3.rel1.linux64_1.1.1.202309131626/tools/bin/../lib/gcc/arm-none-eabi/11.3.1/thumb/v7e-m+fp/hard/libgcc.a(_arm_truncdfsf2.o)
 .ARM.attributes
                0x0000000000000913       0x1e /opt/st/stm32cubeide_1.13.2/plugins/com.st.stm32cube.ide.mcu.externaltools.gnu-tools-for-stm32.11.3.rel1.linux64_1.1.1.202309131626/tools/bin/../lib/gcc/arm-none-eabi/11.3.1/thumb/v7e-m+fp/hard/libgcc.a(_aeabi_uldivmod.o)
 .ARM.attributes
                0x0000000000000931       0x34 /opt/st/stm32cubeide_1.13.2/plugins/com.st.stm32cube.ide.mcu.externaltools.gnu-tools-for-stm32.11.3.rel1.linux64_1.1.1.202309131626/tools/bin/../lib/gcc/arm-none-eabi/11.3.1/thumb/v7e-m+fp/hard/libgcc.a(_udivmoddi4.o)
 .ARM.attributes
                0x0000000000000965       0x1e /opt/st/stm32cubeide_1.13.2/plugins/com.st.stm32cube.ide.mcu.externaltools.gnu-tools-for-stm32.11.3.rel1.linux64_1.1.1.202309131626/tools/bin/../lib/gcc/arm-none-eabi/11.3.1/thumb/v7e-m+fp/hard/libgcc.a(_dvmd_tls.o)
 .ARM.attributes
                0x0000000000000983       0x1e /opt/st/stm32cubeide_1.13.2/plugins/com.st.stm32cube.ide.mcu.externaltools.gnu-tools-for-stm32.11.3.rel1.linux64_1.1.1.202309131626/tools/bin/../lib/gcc/arm-none-eabi/11.3.1/thumb/v7e-m+fp/hard/crtn.o
OUTPUT(LEDMatrixApp.elf elf32-littlearm)
LOAD linker stubs
LOAD /opt/st/stm32cubeide_1.13.2/plugins/com.st.stm32cube.ide.mcu.externaltools.gnu-tools-for-stm32.11.3.rel1.linux64_1.1.1.202309131626/tools/bin/../lib/gcc/arm-none-eabi/11.3.1/../../../../arm-none-eabi/lib/thumb/v7e-m+fp/hard/libc.a
LOAD /opt/st/stm32cubeide_1.13.2/plugins/com.st.stm32cube.ide.mcu.externaltools.gnu-tools-for-stm32.11.3.rel1.linux64_1.1.1.202309131626/tools/bin/../lib/gcc/arm-none-eabi/11.3.1/../../../../arm-none-eabi/lib/thumb/v7e-m+fp/hard/libm.a
LOAD /opt/st/stm32cubeide_1.13.2/plugins/com.st.stm32cube.ide.mcu.externaltools.gnu-tools-for-stm32.11.3.rel1.linux64_1.1.1.202309131626/tools/bin/../lib/gcc/arm-none-eabi/11.3.1/thumb/v7e-m+fp/hard/libgcc.a

.comment        0x0000000000000000       0x93
 .comment       0x0000000000000000       0x43 /opt/st/stm32cubeide_1.13.2/plugins/com.st.stm32cube.ide.mcu.externaltools.gnu-tools-for-stm32.11.3.rel1.linux64_1.1.1.202309131626/tools/bin/../lib/gcc/arm-none-eabi/11.3.1/thumb/v7e-m+fp/hard/crtbegin.o
                                         0x44 (size before relaxing)
 .comment       0x0000000000000043       0x44 ./Core/Src/main.o
 .comment       0x0000000000000043       0x44 ./Core/Src/stm32f4xx_hal_msp.o
 .comment       0x0000000000000043       0x44 ./Core/Src/stm32f4xx_it.o
 .comment       0x0000000000000043       0x44 ./Core/Src/system_stm32f4xx.o
 .comment       0x0000000000000043       0x44 ./Core/Src/tof_lib.o
 .comment       0x0000000000000043       0x44 ./Drivers/STM32F4xx_HAL_Driver/Src/stm32f4xx_hal.o
 .comment       0x0000000000000043       0x44 ./Drivers/STM32F4xx_HAL_Driver/Src/stm32f4xx_hal_cortex.o
 .comment       0x0000000000000043       0x44 ./Drivers/STM32F4xx_HAL_Driver/Src/stm32f4xx_hal_dma.o
 .comment       0x0000000000000043       0x44 ./Drivers/STM32F4xx_HAL_Driver/Src/stm32f4xx_hal_gpio.o
 .comment       0x0000000000000043       0x44 ./Drivers/STM32F4xx_HAL_Driver/Src/stm32f4xx_hal_i2c.o
 .comment       0x0000000000000043       0x44 ./Drivers/STM32F4xx_HAL_Driver/Src/stm32f4xx_hal_rcc.o
 .comment       0x0000000000000043       0x44 ./Drivers/STM32F4xx_HAL_Driver/Src/stm32f4xx_hal_uart.o
 .comment       0x0000000000000043       0x44 ./Platform/platform.o
 .comment       0x0000000000000043       0x44 ./VL53LMZ_ULD_API/src/vl53lmz_api.o
 .comment       0x0000000000000043       0x50 ../GesturesMZ/libGesturesMZ.a(htmz.o)
                                         0x51 (size before relaxing)
 .comment       0x0000000000000093       0x51 ../GesturesMZ/libGesturesMZ.a(ring_fbuffer_vm.o)
 .comment       0x0000000000000093       0x51 ../GesturesMZ/libGesturesMZ.a(sensor.o)

.debug_info     0x0000000000000000     0xe0f3
 .debug_info    0x0000000000000000     0x108d ./Core/Src/main.o
 .debug_info    0x000000000000108d      0xe5c ./Core/Src/stm32f4xx_hal_msp.o
 .debug_info    0x0000000000001ee9      0x660 ./Core/Src/stm32f4xx_it.o
 .debug_info    0x0000000000002549      0x53e ./Core/Src/system_stm32f4xx.o
 .debug_info    0x0000000000002a87     0x1587 ./Core/Src/tof_lib.o
 .debug_info    0x000000000000400e       0x23 ./Core/Startup/startup_stm32f401retx.o
 .debug_info    0x0000000000004031      0x8bb ./Drivers/STM32F4xx_HAL_Driver/Src/stm32f4xx_hal.o
 .debug_info    0x00000000000048ec      0xcb0 ./Drivers/STM32F4xx_HAL_Driver/Src/stm32f4xx_hal_cortex.o
 .debug_info    0x000000000000559c      0x8e6 ./Drivers/STM32F4xx_HAL_Driver/Src/stm32f4xx_hal_dma.o
 .debug_info    0x0000000000005e82      0x6f9 ./Drivers/STM32F4xx_HAL_Driver/Src/stm32f4xx_hal_gpio.o
 .debug_info    0x000000000000657b     0x23f2 ./Drivers/STM32F4xx_HAL_Driver/Src/stm32f4xx_hal_i2c.o
 .debug_info    0x000000000000896d      0x8f3 ./Drivers/STM32F4xx_HAL_Driver/Src/stm32f4xx_hal_rcc.o
 .debug_info    0x0000000000009260     0x2fbf ./Drivers/STM32F4xx_HAL_Driver/Src/stm32f4xx_hal_uart.o
 .debug_info    0x000000000000c21f      0x9f5 ./Platform/platform.o
 .debug_info    0x000000000000cc14     0x14df ./VL53LMZ_ULD_API/src/vl53lmz_api.o

.debug_abbrev   0x0000000000000000     0x20a2
 .debug_abbrev  0x0000000000000000      0x294 ./Core/Src/main.o
 .debug_abbrev  0x0000000000000294      0x1cb ./Core/Src/stm32f4xx_hal_msp.o
 .debug_abbrev  0x000000000000045f      0x197 ./Core/Src/stm32f4xx_it.o
 .debug_abbrev  0x00000000000005f6      0x11a ./Core/Src/system_stm32f4xx.o
 .debug_abbrev  0x0000000000000710      0x2a7 ./Core/Src/tof_lib.o
 .debug_abbrev  0x00000000000009b7       0x12 ./Core/Startup/startup_stm32f401retx.o
 .debug_abbrev  0x00000000000009c9      0x24b ./Drivers/STM32F4xx_HAL_Driver/Src/stm32f4xx_hal.o
 .debug_abbrev  0x0000000000000c14      0x327 ./Drivers/STM32F4xx_HAL_Driver/Src/stm32f4xx_hal_cortex.o
 .debug_abbrev  0x0000000000000f3b      0x221 ./Drivers/STM32F4xx_HAL_Driver/Src/stm32f4xx_hal_dma.o
 .debug_abbrev  0x000000000000115c      0x1d3 ./Drivers/STM32F4xx_HAL_Driver/Src/stm32f4xx_hal_gpio.o
 .debug_abbrev  0x000000000000132f      0x2bc ./Drivers/STM32F4xx_HAL_Driver/Src/stm32f4xx_hal_i2c.o
 .debug_abbrev  0x00000000000015eb      0x2b5 ./Drivers/STM32F4xx_HAL_Driver/Src/stm32f4xx_hal_rcc.o
 .debug_abbrev  0x00000000000018a0      0x31b ./Drivers/STM32F4xx_HAL_Driver/Src/stm32f4xx_hal_uart.o
 .debug_abbrev  0x0000000000001bbb      0x22b ./Platform/platform.o
 .debug_abbrev  0x0000000000001de6      0x2bc ./VL53LMZ_ULD_API/src/vl53lmz_api.o

.debug_aranges  0x0000000000000000      0xb70
 .debug_aranges
                0x0000000000000000       0x50 ./Core/Src/main.o
 .debug_aranges
                0x0000000000000050       0x40 ./Core/Src/stm32f4xx_hal_msp.o
 .debug_aranges
                0x0000000000000090       0x70 ./Core/Src/stm32f4xx_it.o
 .debug_aranges
                0x0000000000000100       0x28 ./Core/Src/system_stm32f4xx.o
 .debug_aranges
                0x0000000000000128       0x50 ./Core/Src/tof_lib.o
 .debug_aranges
                0x0000000000000178       0x28 ./Core/Startup/startup_stm32f401retx.o
 .debug_aranges
                0x00000000000001a0       0xf0 ./Drivers/STM32F4xx_HAL_Driver/Src/stm32f4xx_hal.o
 .debug_aranges
                0x0000000000000290      0x118 ./Drivers/STM32F4xx_HAL_Driver/Src/stm32f4xx_hal_cortex.o
 .debug_aranges
                0x00000000000003a8       0x90 ./Drivers/STM32F4xx_HAL_Driver/Src/stm32f4xx_hal_dma.o
 .debug_aranges
                0x0000000000000438       0x58 ./Drivers/STM32F4xx_HAL_Driver/Src/stm32f4xx_hal_gpio.o
 .debug_aranges
                0x0000000000000490      0x2a0 ./Drivers/STM32F4xx_HAL_Driver/Src/stm32f4xx_hal_i2c.o
 .debug_aranges
                0x0000000000000730       0x88 ./Drivers/STM32F4xx_HAL_Driver/Src/stm32f4xx_hal_rcc.o
 .debug_aranges
                0x00000000000007b8      0x200 ./Drivers/STM32F4xx_HAL_Driver/Src/stm32f4xx_hal_uart.o
 .debug_aranges
                0x00000000000009b8       0x68 ./Platform/platform.o
 .debug_aranges
                0x0000000000000a20      0x150 ./VL53LMZ_ULD_API/src/vl53lmz_api.o

.debug_rnglists
                0x0000000000000000      0x8f4
 .debug_rnglists
                0x0000000000000000       0x39 ./Core/Src/main.o
 .debug_rnglists
                0x0000000000000039       0x2d ./Core/Src/stm32f4xx_hal_msp.o
 .debug_rnglists
                0x0000000000000066       0x4f ./Core/Src/stm32f4xx_it.o
 .debug_rnglists
                0x00000000000000b5       0x1a ./Core/Src/system_stm32f4xx.o
 .debug_rnglists
                0x00000000000000cf       0x39 ./Core/Src/tof_lib.o
 .debug_rnglists
                0x0000000000000108       0x19 ./Core/Startup/startup_stm32f401retx.o
 .debug_rnglists
                0x0000000000000121       0xaf ./Drivers/STM32F4xx_HAL_Driver/Src/stm32f4xx_hal.o
 .debug_rnglists
                0x00000000000001d0       0xce ./Drivers/STM32F4xx_HAL_Driver/Src/stm32f4xx_hal_cortex.o
 .debug_rnglists
                0x000000000000029e       0x70 ./Drivers/STM32F4xx_HAL_Driver/Src/stm32f4xx_hal_dma.o
 .debug_rnglists
                0x000000000000030e       0x3f ./Drivers/STM32F4xx_HAL_Driver/Src/stm32f4xx_hal_gpio.o
 .debug_rnglists
                0x000000000000034d      0x235 ./Drivers/STM32F4xx_HAL_Driver/Src/stm32f4xx_hal_i2c.o
 .debug_rnglists
                0x0000000000000582       0x66 ./Drivers/STM32F4xx_HAL_Driver/Src/stm32f4xx_hal_rcc.o
 .debug_rnglists
                0x00000000000005e8      0x1b7 ./Drivers/STM32F4xx_HAL_Driver/Src/stm32f4xx_hal_uart.o
 .debug_rnglists
                0x000000000000079f       0x49 ./Platform/platform.o
 .debug_rnglists
                0x00000000000007e8      0x10c ./VL53LMZ_ULD_API/src/vl53lmz_api.o

.debug_macro    0x0000000000000000    0x173c4
 .debug_macro   0x0000000000000000      0x3c0 ./Core/Src/main.o
 .debug_macro   0x00000000000003c0      0xaa8 ./Core/Src/main.o
 .debug_macro   0x0000000000000e68      0x29b ./Core/Src/main.o
 .debug_macro   0x0000000000001103       0x2e ./Core/Src/main.o
 .debug_macro   0x0000000000001131       0x28 ./Core/Src/main.o
 .debug_macro   0x0000000000001159       0x22 ./Core/Src/main.o
 .debug_macro   0x000000000000117b       0x8e ./Core/Src/main.o
 .debug_macro   0x0000000000001209       0x51 ./Core/Src/main.o
 .debug_macro   0x000000000000125a      0x103 ./Core/Src/main.o
 .debug_macro   0x000000000000135d       0x6a ./Core/Src/main.o
 .debug_macro   0x00000000000013c7      0x1df ./Core/Src/main.o
 .debug_macro   0x00000000000015a6       0x1c ./Core/Src/main.o
 .debug_macro   0x00000000000015c2       0x22 ./Core/Src/main.o
 .debug_macro   0x00000000000015e4       0xd9 ./Core/Src/main.o
 .debug_macro   0x00000000000016bd     0x102d ./Core/Src/main.o
 .debug_macro   0x00000000000026ea      0x11f ./Core/Src/main.o
 .debug_macro   0x0000000000002809     0xb86c ./Core/Src/main.o
 .debug_macro   0x000000000000e075       0x6d ./Core/Src/main.o
 .debug_macro   0x000000000000e0e2     0x367e ./Core/Src/main.o
 .debug_macro   0x0000000000011760      0x174 ./Core/Src/main.o
 .debug_macro   0x00000000000118d4       0x5c ./Core/Src/main.o
 .debug_macro   0x0000000000011930      0x416 ./Core/Src/main.o
 .debug_macro   0x0000000000011d46      0x9fe ./Core/Src/main.o
 .debug_macro   0x0000000000012744      0x115 ./Core/Src/main.o
 .debug_macro   0x0000000000012859       0xf8 ./Core/Src/main.o
 .debug_macro   0x0000000000012951       0xa5 ./Core/Src/main.o
 .debug_macro   0x00000000000129f6      0x15f ./Core/Src/main.o
 .debug_macro   0x0000000000012b55      0x287 ./Core/Src/main.o
 .debug_macro   0x0000000000012ddc       0x5f ./Core/Src/main.o
 .debug_macro   0x0000000000012e3b      0x236 ./Core/Src/main.o
 .debug_macro   0x0000000000013071      0x132 ./Core/Src/main.o
 .debug_macro   0x00000000000131a3      0x264 ./Core/Src/main.o
 .debug_macro   0x0000000000013407       0x2e ./Core/Src/main.o
 .debug_macro   0x0000000000013435      0x1b5 ./Core/Src/main.o
 .debug_macro   0x00000000000135ea       0x22 ./Core/Src/main.o
 .debug_macro   0x000000000001360c       0xd6 ./Core/Src/main.o
 .debug_macro   0x00000000000136e2      0x11a ./Core/Src/main.o
 .debug_macro   0x00000000000137fc       0x85 ./Core/Src/main.o
 .debug_macro   0x0000000000013881       0x89 ./Core/Src/main.o
 .debug_macro   0x000000000001390a      0x295 ./Core/Src/main.o
 .debug_macro   0x0000000000013b9f      0x126 ./Core/Src/main.o
 .debug_macro   0x0000000000013cc5       0x61 ./Core/Src/main.o
 .debug_macro   0x0000000000013d26       0x2a ./Core/Src/main.o
 .debug_macro   0x0000000000013d50       0x43 ./Core/Src/main.o
 .debug_macro   0x0000000000013d93       0x34 ./Core/Src/main.o
 .debug_macro   0x0000000000013dc7       0x16 ./Core/Src/main.o
 .debug_macro   0x0000000000013ddd       0x35 ./Core/Src/main.o
 .debug_macro   0x0000000000013e12      0x369 ./Core/Src/main.o
 .debug_macro   0x000000000001417b       0x10 ./Core/Src/main.o
 .debug_macro   0x000000000001418b       0x16 ./Core/Src/main.o
 .debug_macro   0x00000000000141a1       0x43 ./Core/Src/main.o
 .debug_macro   0x00000000000141e4       0x34 ./Core/Src/main.o
 .debug_macro   0x0000000000014218       0x10 ./Core/Src/main.o
 .debug_macro   0x0000000000014228       0x58 ./Core/Src/main.o
 .debug_macro   0x0000000000014280       0x8e ./Core/Src/main.o
 .debug_macro   0x000000000001430e       0x1c ./Core/Src/main.o
 .debug_macro   0x000000000001432a      0x177 ./Core/Src/main.o
 .debug_macro   0x00000000000144a1       0x16 ./Core/Src/main.o
 .debug_macro   0x00000000000144b7       0x16 ./Core/Src/main.o
 .debug_macro   0x00000000000144cd      0x147 ./Core/Src/main.o
 .debug_macro   0x0000000000014614       0x16 ./Core/Src/main.o
 .debug_macro   0x000000000001462a       0x20 ./Core/Src/main.o
 .debug_macro   0x000000000001464a       0x16 ./Core/Src/main.o
 .debug_macro   0x0000000000014660       0x16 ./Core/Src/main.o
 .debug_macro   0x0000000000014676       0x29 ./Core/Src/main.o
 .debug_macro   0x000000000001469f       0x28 ./Core/Src/main.o
 .debug_macro   0x00000000000146c7      0x229 ./Core/Src/main.o
 .debug_macro   0x00000000000148f0       0x22 ./Core/Src/main.o
 .debug_macro   0x0000000000014912      0x201 ./Core/Src/main.o
 .debug_macro   0x0000000000014b13      0x186 ./Core/Src/main.o
 .debug_macro   0x0000000000014c99       0x3a ./Core/Src/main.o
 .debug_macro   0x0000000000014cd3       0x2e ./Core/Src/main.o
 .debug_macro   0x0000000000014d01       0x10 ./Core/Src/main.o
 .debug_macro   0x0000000000014d11       0x34 ./Core/Src/main.o
 .debug_macro   0x0000000000014d45       0x10 ./Core/Src/main.o
 .debug_macro   0x0000000000014d55       0xca ./Core/Src/main.o
 .debug_macro   0x0000000000014e1f       0x1c ./Core/Src/main.o
 .debug_macro   0x0000000000014e3b       0xe2 ./Core/Src/main.o
 .debug_macro   0x0000000000014f1d      0x3c0 ./Core/Src/stm32f4xx_hal_msp.o
 .debug_macro   0x00000000000152dd      0x3ca ./Core/Src/stm32f4xx_it.o
 .debug_macro   0x00000000000156a7      0x1d3 ./Core/Src/system_stm32f4xx.o
 .debug_macro   0x000000000001587a      0x3ab ./Core/Src/tof_lib.o
 .debug_macro   0x0000000000015c25       0x97 ./Core/Src/tof_lib.o
 .debug_macro   0x0000000000015cbc       0xfd ./Core/Src/tof_lib.o
 .debug_macro   0x0000000000015db9       0x56 ./Core/Src/tof_lib.o
 .debug_macro   0x0000000000015e0f      0x233 ./Drivers/STM32F4xx_HAL_Driver/Src/stm32f4xx_hal.o
 .debug_macro   0x0000000000016042      0x1d3 ./Drivers/STM32F4xx_HAL_Driver/Src/stm32f4xx_hal_cortex.o
 .debug_macro   0x0000000000016215      0x1d9 ./Drivers/STM32F4xx_HAL_Driver/Src/stm32f4xx_hal_dma.o
 .debug_macro   0x00000000000163ee      0x1d9 ./Drivers/STM32F4xx_HAL_Driver/Src/stm32f4xx_hal_gpio.o
 .debug_macro   0x00000000000165c7      0x21a ./Drivers/STM32F4xx_HAL_Driver/Src/stm32f4xx_hal_i2c.o
 .debug_macro   0x00000000000167e1      0x1f7 ./Drivers/STM32F4xx_HAL_Driver/Src/stm32f4xx_hal_rcc.o
 .debug_macro   0x00000000000169d8      0x1d4 ./Drivers/STM32F4xx_HAL_Driver/Src/stm32f4xx_hal_uart.o
 .debug_macro   0x0000000000016bac      0x318 ./Platform/platform.o
 .debug_macro   0x0000000000016ec4      0x339 ./VL53LMZ_ULD_API/src/vl53lmz_api.o
 .debug_macro   0x00000000000171fd      0x10e ./VL53LMZ_ULD_API/src/vl53lmz_api.o
 .debug_macro   0x000000000001730b       0x8d ./VL53LMZ_ULD_API/src/vl53lmz_api.o
 .debug_macro   0x0000000000017398       0x1c ./VL53LMZ_ULD_API/src/vl53lmz_api.o
 .debug_macro   0x00000000000173b4       0x10 ./VL53LMZ_ULD_API/src/vl53lmz_api.o

.debug_line     0x0000000000000000     0xf855
 .debug_line    0x0000000000000000      0xb71 ./Core/Src/main.o
 .debug_line    0x0000000000000b71      0xab1 ./Core/Src/stm32f4xx_hal_msp.o
 .debug_line    0x0000000000001622      0xad2 ./Core/Src/stm32f4xx_it.o
 .debug_line    0x00000000000020f4      0x70d ./Core/Src/system_stm32f4xx.o
 .debug_line    0x0000000000002801      0xbaf ./Core/Src/tof_lib.o
 .debug_line    0x00000000000033b0       0x7a ./Core/Startup/startup_stm32f401retx.o
 .debug_line    0x000000000000342a      0x973 ./Drivers/STM32F4xx_HAL_Driver/Src/stm32f4xx_hal.o
 .debug_line    0x0000000000003d9d      0xc22 ./Drivers/STM32F4xx_HAL_Driver/Src/stm32f4xx_hal_cortex.o
 .debug_line    0x00000000000049bf      0xed7 ./Drivers/STM32F4xx_HAL_Driver/Src/stm32f4xx_hal_dma.o
 .debug_line    0x0000000000005896      0xaab ./Drivers/STM32F4xx_HAL_Driver/Src/stm32f4xx_hal_gpio.o
 .debug_line    0x0000000000006341     0x3935 ./Drivers/STM32F4xx_HAL_Driver/Src/stm32f4xx_hal_i2c.o
 .debug_line    0x0000000000009c76      0xcec ./Drivers/STM32F4xx_HAL_Driver/Src/stm32f4xx_hal_rcc.o
 .debug_line    0x000000000000a962     0x2a15 ./Drivers/STM32F4xx_HAL_Driver/Src/stm32f4xx_hal_uart.o
 .debug_line    0x000000000000d377      0x9aa ./Platform/platform.o
 .debug_line    0x000000000000dd21     0x1b34 ./VL53LMZ_ULD_API/src/vl53lmz_api.o

.debug_str      0x0000000000000000    0x8a730
 .debug_str     0x0000000000000000    0x872f8 ./Core/Src/main.o
                                      0x876e3 (size before relaxing)
 .debug_str     0x00000000000872f8       0xbe ./Core/Src/stm32f4xx_hal_msp.o
                                      0x8751c (size before relaxing)
 .debug_str     0x00000000000873b6      0x119 ./Core/Src/stm32f4xx_it.o
                                      0x86dbf (size before relaxing)
 .debug_str     0x00000000000874cf       0xdb ./Core/Src/system_stm32f4xx.o
                                      0x809ab (size before relaxing)
 .debug_str     0x00000000000875aa      0x98e ./Core/Src/tof_lib.o
                                      0x874c1 (size before relaxing)
 .debug_str     0x0000000000087f38       0x34 ./Core/Startup/startup_stm32f401retx.o
                                         0x8a (size before relaxing)
 .debug_str     0x0000000000087f6c      0x5e4 ./Drivers/STM32F4xx_HAL_Driver/Src/stm32f4xx_hal.o
                                      0x813cd (size before relaxing)
 .debug_str     0x0000000000088550      0x323 ./Drivers/STM32F4xx_HAL_Driver/Src/stm32f4xx_hal_cortex.o
                                      0x810ee (size before relaxing)
 .debug_str     0x0000000000088873      0x322 ./Drivers/STM32F4xx_HAL_Driver/Src/stm32f4xx_hal_dma.o
                                      0x80db3 (size before relaxing)
 .debug_str     0x0000000000088b95       0xf5 ./Drivers/STM32F4xx_HAL_Driver/Src/stm32f4xx_hal_gpio.o
                                      0x80b26 (size before relaxing)
 .debug_str     0x0000000000088c8a      0xac6 ./Drivers/STM32F4xx_HAL_Driver/Src/stm32f4xx_hal_i2c.o
                                      0x81969 (size before relaxing)
 .debug_str     0x0000000000089750      0x213 ./Drivers/STM32F4xx_HAL_Driver/Src/stm32f4xx_hal_rcc.o
                                      0x80ddf (size before relaxing)
 .debug_str     0x0000000000089963      0x5c7 ./Drivers/STM32F4xx_HAL_Driver/Src/stm32f4xx_hal_uart.o
                                      0x8136c (size before relaxing)
 .debug_str     0x0000000000089f2a       0xf2 ./Platform/platform.o
                                      0x847d0 (size before relaxing)
 .debug_str     0x000000000008a01c      0x714 ./VL53LMZ_ULD_API/src/vl53lmz_api.o
                                      0x85ae3 (size before relaxing)

.debug_frame    0x0000000000000000     0x3868
 .debug_frame   0x0000000000000000       0xe0 ./Core/Src/main.o
 .debug_frame   0x00000000000000e0       0xc4 ./Core/Src/stm32f4xx_hal_msp.o
 .debug_frame   0x00000000000001a4      0x13c ./Core/Src/stm32f4xx_it.o
 .debug_frame   0x00000000000002e0       0x58 ./Core/Src/system_stm32f4xx.o
 .debug_frame   0x0000000000000338      0x10c ./Core/Src/tof_lib.o
 .debug_frame   0x0000000000000444      0x374 ./Drivers/STM32F4xx_HAL_Driver/Src/stm32f4xx_hal.o
 .debug_frame   0x00000000000007b8      0x498 ./Drivers/STM32F4xx_HAL_Driver/Src/stm32f4xx_hal_cortex.o
 .debug_frame   0x0000000000000c50      0x250 ./Drivers/STM32F4xx_HAL_Driver/Src/stm32f4xx_hal_dma.o
 .debug_frame   0x0000000000000ea0      0x14c ./Drivers/STM32F4xx_HAL_Driver/Src/stm32f4xx_hal_gpio.o
 .debug_frame   0x0000000000000fec      0xc5c ./Drivers/STM32F4xx_HAL_Driver/Src/stm32f4xx_hal_i2c.o
 .debug_frame   0x0000000000001c48      0x1f4 ./Drivers/STM32F4xx_HAL_Driver/Src/stm32f4xx_hal_rcc.o
 .debug_frame   0x0000000000001e3c      0x92c ./Drivers/STM32F4xx_HAL_Driver/Src/stm32f4xx_hal_uart.o
 .debug_frame   0x0000000000002768      0x180 ./Platform/platform.o
 .debug_frame   0x00000000000028e8      0x5b8 ./VL53LMZ_ULD_API/src/vl53lmz_api.o
 .debug_frame   0x0000000000002ea0      0x144 /opt/st/stm32cubeide_1.13.2/plugins/com.st.stm32cube.ide.mcu.externaltools.gnu-tools-for-stm32.11.3.rel1.linux64_1.1.1.202309131626/tools/bin/../lib/gcc/arm-none-eabi/11.3.1/../../../../arm-none-eabi/lib/thumb/v7e-m+fp/hard/libc_nano.a(libc_a-findfp.o)