Archive member included to satisfy reference by file (symbol)

/home/adam/Documents/capstone/CaptstoneRepo/capstone/STM_Workspace/GestureTest/Cortex-M0plus/libGesturesMZ_m0plus.a(gwmz.o)
                              ./Core/Src/tof_lib.o (GW_init)
/home/adam/Documents/capstone/CaptstoneRepo/capstone/STM_Workspace/GestureTest/Cortex-M0plus/libGesturesMZ_m0plus.a(htmz.o)
                              /home/adam/Documents/capstone/CaptstoneRepo/capstone/STM_Workspace/GestureTest/Cortex-M0plus/libGesturesMZ_m0plus.a(gwmz.o) (HT_init)
/home/adam/Documents/capstone/CaptstoneRepo/capstone/STM_Workspace/GestureTest/Cortex-M0plus/libGesturesMZ_m0plus.a(opti_math.o)
                              /home/adam/Documents/capstone/CaptstoneRepo/capstone/STM_Workspace/GestureTest/Cortex-M0plus/libGesturesMZ_m0plus.a(gwmz.o) (taylor_atan)
/home/adam/Documents/capstone/CaptstoneRepo/capstone/STM_Workspace/GestureTest/Cortex-M0plus/libGesturesMZ_m0plus.a(ring_fbuffer_vm.o)
                              /home/adam/Documents/capstone/CaptstoneRepo/capstone/STM_Workspace/GestureTest/Cortex-M0plus/libGesturesMZ_m0plus.a(gwmz.o) (RFBVM_init)
/home/adam/Documents/capstone/CaptstoneRepo/capstone/STM_Workspace/GestureTest/Cortex-M0plus/libGesturesMZ_m0plus.a(sensor.o)
                              /home/adam/Documents/capstone/CaptstoneRepo/capstone/STM_Workspace/GestureTest/Cortex-M0plus/libGesturesMZ_m0plus.a(htmz.o) (SEN_init)
/opt/st/stm32cubeide_1.13.2/plugins/com.st.stm32cube.ide.mcu.externaltools.gnu-tools-for-stm32.11.3.rel1.linux64_1.1.1.202309131626/tools/bin/../lib/gcc/arm-none-eabi/11.3.1/../../../../arm-none-eabi/lib/thumb/v6-m/nofp/libc_nano.a(libc_a-exit.o)
                              /opt/st/stm32cubeide_1.13.2/plugins/com.st.stm32cube.ide.mcu.externaltools.gnu-tools-for-stm32.11.3.rel1.linux64_1.1.1.202309131626/tools/bin/../lib/gcc/arm-none-eabi/11.3.1/../../../../arm-none-eabi/lib/thumb/v6-m/nofp/crt0.o (exit)
/opt/st/stm32cubeide_1.13.2/plugins/com.st.stm32cube.ide.mcu.externaltools.gnu-tools-for-stm32.11.3.rel1.linux64_1.1.1.202309131626/tools/bin/../lib/gcc/arm-none-eabi/11.3.1/../../../../arm-none-eabi/lib/thumb/v6-m/nofp/libc_nano.a(libc_a-findfp.o)
                              /opt/st/stm32cubeide_1.13.2/plugins/com.st.stm32cube.ide.mcu.externaltools.gnu-tools-for-stm32.11.3.rel1.linux64_1.1.1.202309131626/tools/bin/../lib/gcc/arm-none-eabi/11.3.1/../../../../arm-none-eabi/lib/thumb/v6-m/nofp/libc_nano.a(libc_a-exit.o) (__stdio_exit_handler)
/opt/st/stm32cubeide_1.13.2/plugins/com.st.stm32cube.ide.mcu.externaltools.gnu-tools-for-stm32.11.3.rel1.linux64_1.1.1.202309131626/tools/bin/../lib/gcc/arm-none-eabi/11.3.1/../../../../arm-none-eabi/lib/thumb/v6-m/nofp/libc_nano.a(libc_a-fwalk.o)
                              /opt/st/stm32cubeide_1.13.2/plugins/com.st.stm32cube.ide.mcu.externaltools.gnu-tools-for-stm32.11.3.rel1.linux64_1.1.1.202309131626/tools/bin/../lib/gcc/arm-none-eabi/11.3.1/../../../../arm-none-eabi/lib/thumb/v6-m/nofp/libc_nano.a(libc_a-findfp.o) (_fwalk_sglue)
/opt/st/stm32cubeide_1.13.2/plugins/com.st.stm32cube.ide.mcu.externaltools.gnu-tools-for-stm32.11.3.rel1.linux64_1.1.1.202309131626/tools/bin/../lib/gcc/arm-none-eabi/11.3.1/../../../../arm-none-eabi/lib/thumb/v6-m/nofp/libc_nano.a(libc_a-stdio.o)
                              /opt/st/stm32cubeide_1.13.2/plugins/com.st.stm32cube.ide.mcu.externaltools.gnu-tools-for-stm32.11.3.rel1.linux64_1.1.1.202309131626/tools/bin/../lib/gcc/arm-none-eabi/11.3.1/../../../../arm-none-eabi/lib/thumb/v6-m/nofp/libc_nano.a(libc_a-findfp.o) (__sread)
/opt/st/stm32cubeide_1.13.2/plugins/com.st.stm32cube.ide.mcu.externaltools.gnu-tools-for-stm32.11.3.rel1.linux64_1.1.1.202309131626/tools/bin/../lib/gcc/arm-none-eabi/11.3.1/../../../../arm-none-eabi/lib/thumb/v6-m/nofp/libc_nano.a(libc_a-memset.o)
                              /opt/st/stm32cubeide_1.13.2/plugins/com.st.stm32cube.ide.mcu.externaltools.gnu-tools-for-stm32.11.3.rel1.linux64_1.1.1.202309131626/tools/bin/../lib/gcc/arm-none-eabi/11.3.1/../../../../arm-none-eabi/lib/thumb/v6-m/nofp/crt0.o (memset)
/opt/st/stm32cubeide_1.13.2/plugins/com.st.stm32cube.ide.mcu.externaltools.gnu-tools-for-stm32.11.3.rel1.linux64_1.1.1.202309131626/tools/bin/../lib/gcc/arm-none-eabi/11.3.1/../../../../arm-none-eabi/lib/thumb/v6-m/nofp/libc_nano.a(libc_a-closer.o)
                              /opt/st/stm32cubeide_1.13.2/plugins/com.st.stm32cube.ide.mcu.externaltools.gnu-tools-for-stm32.11.3.rel1.linux64_1.1.1.202309131626/tools/bin/../lib/gcc/arm-none-eabi/11.3.1/../../../../arm-none-eabi/lib/thumb/v6-m/nofp/libc_nano.a(libc_a-stdio.o) (_close_r)
/opt/st/stm32cubeide_1.13.2/plugins/com.st.stm32cube.ide.mcu.externaltools.gnu-tools-for-stm32.11.3.rel1.linux64_1.1.1.202309131626/tools/bin/../lib/gcc/arm-none-eabi/11.3.1/../../../../arm-none-eabi/lib/thumb/v6-m/nofp/libc_nano.a(libc_a-reent.o)
[...]
Memory Configuration

Name             Origin             Length             Attributes
RAM              0x0000000020000000 0x0000000000009000 xrw
FLASH            0x0000000008000000 0x0000000000020000 xr
*default*        0x0000000000000000 0xffffffffffffffff

Linker script and memory map

LOAD /opt/st/stm32cubeide_1.13.2/plugins/com.st.stm32cube.ide.mcu.externaltools.gnu-tools-for-stm32.11.3.rel1.linux64_1.1.1.202309131626/tools/bin/../lib/gcc/arm-none-eabi/11.3.1/thumb/v6-m/nofp/crti.o
LOAD /opt/st/stm32cubeide_1.13.2/plugins/com.st.stm32cube.ide.mcu.externaltools.gnu-tools-for-stm32.11.3.rel1.linux64_1.1.1.202309131626/tools/bin/../lib/gcc/arm-none-eabi/11.3.1/thumb/v6-m/nofp/crtbegin.o
LOAD /opt/st/stm32cubeide_1.13.2/plugins/com.st.stm32cube.ide.mcu.externaltools.gnu-tools-for-stm32.11.3.rel1.linux64_1.1.1.202309131626/tools/bin/../lib/gcc/arm-none-eabi/11.3.1/../../../../arm-none-eabi/lib/thumb/v6-m/nofp/crt0.o
LOAD ./Core/Src/main.o
LOAD ./Core/Src/stm32g0xx_hal_msp.o
LOAD ./Core/Src/stm32g0xx_it.o
LOAD ./Core/Src/syscalls.o
LOAD ./Core/Src/sysmem.o
LOAD ./Core/Src/system_stm32g0xx.o
LOAD ./Core/Src/tof_lib.o
LOAD ./Core/Startup/startup_stm32g071rbtx.o
LOAD ./Drivers/STM32G0xx_HAL_Driver/Src/stm32g0xx_hal.o
LOAD ./Drivers/STM32G0xx_HAL_Driver/Src/stm32g0xx_hal_cortex.o
LOAD ./Drivers/STM32G0xx_HAL_Driver/Src/stm32g0xx_hal_dma.o
LOAD ./Drivers/STM32G0xx_HAL_Driver/Src/stm32g0xx_hal_dma_ex.o
LOAD ./Drivers/STM32G0xx_HAL_Driver/Src/stm32g0xx_hal_exti.o
LOAD ./Drivers/STM32G0xx_HAL_Driver/Src/stm32g0xx_hal_flash.o
LOAD ./Drivers/STM32G0xx_HAL_Driver/Src/stm32g0xx_hal_flash_ex.o
LOAD ./Drivers/STM32G0xx_HAL_Driver/Src/stm32g0xx_hal_gpio.o
LOAD ./Drivers/STM32G0xx_HAL_Driver/Src/stm32g0xx_hal_i2c.o
LOAD ./Drivers/STM32G0xx_HAL_Driver/Src/stm32g0xx_hal_i2c_ex.o
LOAD ./Drivers/STM32G0xx_HAL_Driver/Src/stm32g0xx_hal_pwr.o
LOAD ./Drivers/STM32G0xx_HAL_Driver/Src/stm32g0xx_hal_pwr_ex.o
LOAD ./Drivers/STM32G0xx_HAL_Driver/Src/stm32g0xx_hal_rcc.o
LOAD ./Drivers/STM32G0xx_HAL_Driver/Src/stm32g0xx_hal_rcc_ex.o
LOAD ./Drivers/STM32G0xx_HAL_Driver/Src/stm32g0xx_hal_tim.o
LOAD ./Drivers/STM32G0xx_HAL_Driver/Src/stm32g0xx_hal_tim_ex.o
LOAD ./Drivers/STM32G0xx_HAL_Driver/Src/stm32g0xx_hal_uart.o
LOAD ./Drivers/STM32G0xx_HAL_Driver/Src/stm32g0xx_hal_uart_ex.o
LOAD ./Drivers/STM32G0xx_HAL_Driver/Src/stm32g0xx_ll_dma.o
LOAD ./Drivers/STM32G0xx_HAL_Driver/Src/stm32g0xx_ll_rcc.o
LOAD ./Platform/platform.o
LOAD ./VL53L5CX_ULD_API/src/vl53l5cx_api.o
LOAD ./VL53L5CX_ULD_API/src/vl53l5cx_plugin_detection_thresholds.o
LOAD ./VL53L5CX_ULD_API/src/vl53l5cx_plugin_motion_indicator.o
LOAD ./VL53L5CX_ULD_API/src/vl53l5cx_plugin_xtalk.o
LOAD /home/adam/Documents/capstone/CaptstoneRepo/capstone/STM_Workspace/GestureTest/Cortex-M0plus/libGesturesMZ_m0plus.a
START GROUP
LOAD /opt/st/stm32cubeide_1.13.2/plugins/com.st.stm32cube.ide.mcu.externaltools.gnu-tools-for-stm32.11.3.rel1.linux64_1.1.1.202309131626/tools/bin/../lib/gcc/arm-none-eabi/11.3.1/../../../../arm-none-eabi/lib/thumb/v6-m/nofp/libc_nano.a
LOAD /opt/st/stm32cubeide_1.13.2/plugins/com.st.stm32cube.ide.mcu.externaltools.gnu-tools-for-stm32.11.3.rel1.linux64_1.1.1.202309131626/tools/bin/../lib/gcc/arm-none-eabi/11.3.1/../../../../arm-none-eabi/lib/thumb/v6-m/nofp/libm.a
END GROUP
START GROUP
LOAD /opt/st/stm32cubeide_1.13.2/plugins/com.st.stm32cube.ide.mcu.externaltools.gnu-tools-for-stm32.11.3.rel1.linux64_1.1.1.202309131626/tools/bin/../lib/gcc/arm-none-eabi/11.3.1/thumb/v6-m/nofp/libgcc.a
LOAD /opt/st/stm32cubeide_1.13.2/plugins/com.st.stm32cube.ide.mcu.externaltools.gnu-tools-for-stm32.11.3.rel1.linux64_1.1.1.202309131626/tools/bin/../lib/gcc/arm-none-eabi/11.3.1/../../../../arm-none-eabi/lib/thumb/v6-m/nofp/libc_nano.a
END GROUP
START GROUP
LOAD /opt/st/stm32cubeide_1.13.2/plugins/com.st.stm32cube.ide.mcu.externaltools.gnu-tools-for-stm32.11.3.rel1.linux64_1.1.1.202309131626/tools/bin/../lib/gcc/arm-none-eabi/11.3.1/thumb/v6-m/nofp/libgcc.a
LOAD /opt/st/stm32cubeide_1.13.2/plugins/com.st.stm32cube.ide.mcu.externaltools.gnu-tools-for-stm32.11.3.rel1.linux64_1.1.1.202309131626/tools/bin/../lib/gcc/arm-none-eabi/11.3.1/../../../../arm-none-eabi/lib/thumb/v6-m/nofp/libc_nano.a
LOAD /opt/st/stm32cubeide_1.13.2/plugins/com.st.stm32cube.ide.mcu.externaltools.gnu-tools-for-stm32.11.3.rel1.linux64_1.1.1.202309131626/tools/bin/../lib/gcc/arm-none-eabi/11.3.1/../../../../arm-none-eabi/lib/thumb/v6-m/nofp/libnosys.a
END GROUP
START GROUP
LOAD /opt/st/stm32cubeide_1.13.2/plugins/com.st.stm32cube.ide.mcu.externaltools.gnu-tools-for-stm32.11.3.rel1.linux64_1.1.1.202309131626/tools/bin/../lib/gcc/arm-none-eabi/11.3.1/thumb/v6-m/nofp/libgcc.a
LOAD /opt/st/stm32cubeide_1.13.2/plugins/com.st.stm32cube.ide.mcu.externaltools.gnu-tools-for-stm32.11.3.rel1.linux64_1.1.1.202309131626/tools/bin/../lib/gcc/arm-none-eabi/11.3.1/../../../../arm-none-eabi/lib/thumb/v6-m/nofp/libc_nano.a
LOAD /opt/st/stm32cubeide_1.13.2/plugins/com.st.stm32cube.ide.mcu.externaltools.gnu-tools-for-stm32.11.3.rel1.linux64_1.1.1.202309131626/tools/bin/../lib/gcc/arm-none-eabi/11.3.1/../../../../arm-none-eabi/lib/thumb/v6-m/nofp/libnosys.a
END GROUP
LOAD /opt/st/stm32cubeide_1.13.2/plugins/com.st.stm32cube.ide.mcu.externaltools.gnu-tools-for-stm32.11.3.rel1.linux64_1.1.1.202309131626/tools/bin/../lib/gcc/arm-none-eabi/11.3.1/thumb/v6-m/nofp/crtend.o
LOAD /opt/st/stm32cubeide_1.13.2/plugins/com.st.stm32cube.ide.mcu.externaltools.gnu-tools-for-stm32.11.3.rel1.linux64_1.1.1.202309131626/tools/bin/../lib/gcc/arm-none-eabi/11.3.1/thumb/v6-m/nofp/crtn.o
                0x0000000020009000                _estack = (ORIGIN (RAM) + LENGTH (RAM))
                0x0000000000000200                _Min_Heap_Size = 0x200
                0x0000000000000400                _Min_Stack_Size = 0x400

.isr_vector     0x0000000008000000       0xbc
                0x0000000008000000                . = ALIGN (0x4)
 *(.isr_vector)
 .isr_vector    0x0000000008000000       0xbc ./Core/Startup/startup_stm32g071rbtx.o
                0x0000000008000000                g_pfnVectors
                0x00000000080000bc                . = ALIGN (0x4)

.text           0x00000000080000bc     0x93cc
                0x00000000080000bc                . = ALIGN (0x4)
 *(.text)
 .text          0x00000000080000bc       0x48 /opt/st/stm32cubeide_1.13.2/plugins/com.st.stm32cube.ide.mcu.externaltools.gnu-tools-for-stm32.11.3.rel1.linux64_1.1.1.202309131626/tools/bin/../lib/gcc/arm-none-eabi/11.3.1/thumb/v6-m/nofp/crtbegin.o
 .text          0x0000000008000104      0x114 /opt/st/stm32cubeide_1.13.2/plugins/com.st.stm32cube.ide.mcu.externaltools.gnu-tools-for-stm32.11.3.rel1.linux64_1.1.1.202309131626/tools/bin/../lib/gcc/arm-none-eabi/11.3.1/thumb/v6-m/nofp/libgcc.a(_udivsi3.o)
                0x0000000008000104                __udivsi3
                0x0000000008000104                __aeabi_uidiv
                0x0000000008000210                __aeabi_uidivmod
 .text          0x0000000008000218      0x1d4 /opt/st/stm32cubeide_1.13.2/plugins/com.st.stm32cube.ide.mcu.externaltools.gnu-tools-for-stm32.11.3.rel1.linux64_1.1.1.202309131626/tools/bin/../lib/gcc/arm-none-eabi/11.3.1/thumb/v6-m/nofp/libgcc.a(_divsi3.o)
                0x0000000008000218                __aeabi_idiv
                0x0000000008000218                __divsi3
                0x00000000080003e4                __aeabi_idivmod
 .text          0x00000000080003ec        0x4 /opt/st/stm32cubeide_1.13.2/plugins/com.st.stm32cube.ide.mcu.externaltools.gnu-tools-for-stm32.11.3.rel1.linux64_1.1.1.202309131626/tools/bin/../lib/gcc/arm-none-eabi/11.3.1/thumb/v6-m/nofp/libgcc.a(_dvmd_tls.o)
                0x00000000080003ec                __aeabi_ldiv0
                0x00000000080003ec                __aeabi_idiv0
 .text          0x00000000080003f0       0x7c /opt/st/stm32cubeide_1.13.2/plugins/com.st.stm32cube.ide.mcu.externaltools.gnu-tools-for-stm32.11.3.rel1.linux64_1.1.1.202309131626/tools/bin/../lib/gcc/arm-none-eabi/11.3.1/thumb/v6-m/nofp/libgcc.a(_arm_cmpdf2.o)
                0x00000000080003f0                __aeabi_cdrcmple
                0x0000000008000400                __aeabi_cdcmple
                0x0000000008000400                __aeabi_cdcmpeq
                0x0000000008000410                __aeabi_dcmpeq
                0x000000000800041c                __aeabi_dcmplt
                0x0000000008000430                __aeabi_dcmple
                0x0000000008000444                __aeabi_dcmpgt
                0x0000000008000458                __aeabi_dcmpge
 .text          0x000000000800046c       0x74 /opt/st/stm32cubeide_1.13.2/plugins/com.st.stm32cube.ide.mcu.externaltools.gnu-tools-for-stm32.11.3.rel1.linux64_1.1.1.202309131626/tools/bin/../lib/gcc/arm-none-eabi/11.3.1/thumb/v6-m/nofp/libgcc.a(_arm_cmpsf2.o)
                0x000000000800046c                __aeabi_cfrcmple
                0x0000000008000474                __aeabi_cfcmple
                0x0000000008000474                __aeabi_cfcmpeq
                0x0000000008000484                __aeabi_fcmpeq
                0x0000000008000490                __aeabi_fcmplt
                0x00000000080004a4                __aeabi_fcmple
                0x00000000080004b8                __aeabi_fcmpgt
                0x00000000080004cc                __aeabi_fcmpge
 .text          0x00000000080004e0       0x40 /opt/st/stm32cubeide_1.13.2/plugins/com.st.stm32cube.ide.mcu.externaltools.gnu-tools-for-stm32.11.3.rel1.linux64_1.1.1.202309131626/tools/bin/../lib/gcc/arm-none-eabi/11.3.1/thumb/v6-m/nofp/libgcc.a(_aeabi_uldivmod.o)
                0x00000000080004e0                __aeabi_uldivmod
 .text          0x0000000008000520      0x198 /opt/st/stm32cubeide_1.13.2/plugins/com.st.stm32cube.ide.mcu.externaltools.gnu-tools-for-stm32.11.3.rel1.linux64_1.1.1.202309131626/tools/bin/../lib/gcc/arm-none-eabi/11.3.1/thumb/v6-m/nofp/libgcc.a(_udivmoddi4.o)
                0x0000000008000520                __udivmoddi4
 .text          0x00000000080006b8      0x234 /opt/st/stm32cubeide_1.13.2/plugins/com.st.stm32cube.ide.mcu.externaltools.gnu-tools-for-stm32.11.3.rel1.linux64_1.1.1.202309131626/tools/bin/../lib/gcc/arm-none-eabi/11.3.1/thumb/v6-m/nofp/libgcc.a(divsf3.o)
                0x00000000080006b8                __aeabi_fdiv
 .text          0x00000000080008ec       0x4c /opt/st/stm32cubeide_1.13.2/plugins/com.st.stm32cube.ide.mcu.externaltools.gnu-tools-for-stm32.11.3.rel1.linux64_1.1.1.202309131626/tools/bin/../lib/gcc/arm-none-eabi/11.3.1/thumb/v6-m/nofp/libgcc.a(eqsf2.o)
                0x00000000080008ec                __nesf2
                0x00000000080008ec                __eqsf2
 .text          0x0000000008000938       0x8c /opt/st/stm32cubeide_1.13.2/plugins/com.st.stm32cube.ide.mcu.externaltools.gnu-tools-for-stm32.11.3.rel1.linux64_1.1.1.202309131626/tools/bin/../lib/gcc/arm-none-eabi/11.3.1/thumb/v6-m/nofp/libgcc.a(gesf2.o)
                0x0000000008000938                __gtsf2
                0x0000000008000938                __gesf2
 .text          0x00000000080009c4       0x88 /opt/st/stm32cubeide_1.13.2/plugins/com.st.stm32cube.ide.mcu.externaltools.gnu-tools-for-stm32.11.3.rel1.linux64_1.1.1.202309131626/tools/bin/../lib/gcc/arm-none-eabi/11.3.1/thumb/v6-m/nofp/libgcc.a(lesf2.o)
                0x00000000080009c4                __lesf2
                0x00000000080009c4                __ltsf2
 .text          0x0000000008000a4c      0x29c /opt/st/stm32cubeide_1.13.2/plugins/com.st.stm32cube.ide.mcu.externaltools.gnu-tools-for-stm32.11.3.rel1.linux64_1.1.1.202309131626/tools/bin/../lib/gcc/arm-none-eabi/11.3.1/thumb/v6-m/nofp/libgcc.a(mulsf3.o)
                0x0000000008000a4c                __aeabi_fmul
 .text          0x0000000008000ce8       0xa4 /opt/st/stm32cubeide_1.13.2/plugins/com.st.stm32cube.ide.mcu.externaltools.gnu-tools-for-stm32.11.3.rel1.linux64_1.1.1.202309131626/tools/bin/../lib/gcc/arm-none-eabi/11.3.1/thumb/v6-m/nofp/libgcc.a(floatsisf.o)
                0x0000000008000ce8                __aeabi_i2f
 .text          0x0000000008000d8c      0x6c0 /opt/st/stm32cubeide_1.13.2/plugins/com.st.stm32cube.ide.mcu.externaltools.gnu-tools-for-stm32.11.3.rel1.linux64_1.1.1.202309131626/tools/bin/../lib/gcc/arm-none-eabi/11.3.1/thumb/v6-m/nofp/libgcc.a(adddf3.o)
                0x0000000008000d8c                __aeabi_dadd
 .text          0x000000000800144c      0x5dc /opt/st/stm32cubeide_1.13.2/plugins/com.st.stm32cube.ide.mcu.externaltools.gnu-tools-for-stm32.11.3.rel1.linux64_1.1.1.202309131626/tools/bin/../lib/gcc/arm-none-eabi/11.3.1/thumb/v6-m/nofp/libgcc.a(divdf3.o)
                0x000000000800144c                __aeabi_ddiv
 .text          0x0000000008001a28       0x84 /opt/st/stm32cubeide_1.13.2/plugins/com.st.stm32cube.ide.mcu.externaltools.gnu-tools-for-stm32.11.3.rel1.linux64_1.1.1.202309131626/tools/bin/../lib/gcc/arm-none-eabi/11.3.1/thumb/v6-m/nofp/libgcc.a(eqdf2.o)
                0x0000000008001a28                __eqdf2
                0x0000000008001a28                __nedf2
 .text          0x0000000008001aac       0xcc /opt/st/stm32cubeide_1.13.2/plugins/com.st.stm32cube.ide.mcu.externaltools.gnu-tools-for-stm32.11.3.rel1.linux64_1.1.1.202309131626/tools/bin/../lib/gcc/arm-none-eabi/11.3.1/thumb/v6-m/nofp/libgcc.a(gedf2.o)
                0x0000000008001aac                __gtdf2
                0x0000000008001aac                __gedf2
 .text          0x0000000008001b78       0xc8 /opt/st/stm32cubeide_1.13.2/plugins/com.st.stm32cube.ide.mcu.externaltools.gnu-tools-for-stm32.11.3.rel1.linux64_1.1.1.202309131626/tools/bin/../lib/gcc/arm-none-eabi/11.3.1/thumb/v6-m/nofp/libgcc.a(ledf2.o)
                0x0000000008001b78                __ltdf2
                0x0000000008001b78                __ledf2
 .text          0x0000000008001c40      0x584 /opt/st/stm32cubeide_1.13.2/plugins/com.st.stm32cube.ide.mcu.externaltools.gnu-tools-for-stm32.11.3.rel1.linux64_1.1.1.202309131626/tools/bin/../lib/gcc/arm-none-eabi/11.3.1/thumb/v6-m/nofp/libgcc.a(muldf3.o)
                0x0000000008001c40                __aeabi_dmul
 .text          0x00000000080021c4      0x704 /opt/st/stm32cubeide_1.13.2/plugins/com.st.stm32cube.ide.mcu.externaltools.gnu-tools-for-stm32.11.3.rel1.linux64_1.1.1.202309131626/tools/bin/../lib/gcc/arm-none-eabi/11.3.1/thumb/v6-m/nofp/libgcc.a(subdf3.o)
                0x00000000080021c4                __aeabi_dsub
 .text          0x00000000080028c8       0x3c /opt/st/stm32cubeide_1.13.2/plugins/com.st.stm32cube.ide.mcu.externaltools.gnu-tools-for-stm32.11.3.rel1.linux64_1.1.1.202309131626/tools/bin/../lib/gcc/arm-none-eabi/11.3.1/thumb/v6-m/nofp/libgcc.a(unorddf2.o)
                0x00000000080028c8                __aeabi_dcmpun
 .text          0x0000000008002904       0x6c /opt/st/stm32cubeide_1.13.2/plugins/com.st.stm32cube.ide.mcu.externaltools.gnu-tools-for-stm32.11.3.rel1.linux64_1.1.1.202309131626/tools/bin/../lib/gcc/arm-none-eabi/11.3.1/thumb/v6-m/nofp/libgcc.a(fixdfsi.o)
                0x0000000008002904                __aeabi_d2iz
 .text          0x0000000008002970       0x60 /opt/st/stm32cubeide_1.13.2/plugins/com.st.stm32cube.ide.mcu.externaltools.gnu-tools-for-stm32.11.3.rel1.linux64_1.1.1.202309131626/tools/bin/../lib/gcc/arm-none-eabi/11.3.1/thumb/v6-m/nofp/libgcc.a(floatsidf.o)
                0x0000000008002970                __aeabi_i2d
 .text          0x00000000080029d0       0x4c /opt/st/stm32cubeide_1.13.2/plugins/com.st.stm32cube.ide.mcu.externaltools.gnu-tools-for-stm32.11.3.rel1.linux64_1.1.1.202309131626/tools/bin/../lib/gcc/arm-none-eabi/11.3.1/thumb/v6-m/nofp/libgcc.a(floatunsidf.o)
                0x00000000080029d0                __aeabi_ui2d
 .text          0x0000000008002a1c       0x90 /opt/st/stm32cubeide_1.13.2/plugins/com.st.stm32cube.ide.mcu.externaltools.gnu-tools-for-stm32.11.3.rel1.linux64_1.1.1.202309131626/tools/bin/../lib/gcc/arm-none-eabi/11.3.1/thumb/v6-m/nofp/libgcc.a(extendsfdf2.o)
                0x0000000008002a1c                __aeabi_f2d
 .text          0x0000000008002aac      0x10c /opt/st/stm32cubeide_1.13.2/plugins/com.st.stm32cube.ide.mcu.externaltools.gnu-tools-for-stm32.11.3.rel1.linux64_1.1.1.202309131626/tools/bin/../lib/gcc/arm-none-eabi/11.3.1/thumb/v6-m/nofp/libgcc.a(truncdfsf2.o)
                0x0000000008002aac                __aeabi_d2f
 .text          0x0000000008002bb8       0x3c /opt/st/stm32cubeide_1.13.2/plugins/com.st.stm32cube.ide.mcu.externaltools.gnu-tools-for-stm32.11.3.rel1.linux64_1.1.1.202309131626/tools/bin/../lib/gcc/arm-none-eabi/11.3.1/thumb/v6-m/nofp/libgcc.a(_clzsi2.o)
                0x0000000008002bb8                __clzsi2
 .text          0x0000000008002bf4       0x18 /opt/st/stm32cubeide_1.13.2/plugins/com.st.stm32cube.ide.mcu.externaltools.gnu-tools-for-stm32.11.3.rel1.linux64_1.1.1.202309131626/tools/bin/../lib/gcc/arm-none-eabi/11.3.1/thumb/v6-m/nofp/libgcc.a(_clzdi2.o)
                0x0000000008002bf4                __clzdi2
 *(.text*)
 .text.main     0x0000000008002c0c      0x110 ./Core/Src/main.o
                0x0000000008002c0c                main
 .text.SystemClock_Config
                0x0000000008002d1c       0x90 ./Core/Src/main.o
                0x0000000008002d1c                SystemClock_Config
 .text.MX_I2C1_Init
                0x0000000008002dac       0x80 ./Core/Src/main.o
 .text.MX_USART2_UART_Init
                0x0000000008002e2c       0x9c ./Core/Src/main.o
 .text.MX_GPIO_Init
                0x0000000008002ec8      0x25c ./Core/Src/main.o
 .text.Error_Handler
                0x0000000008003124        0xa ./Core/Src/main.o
                0x0000000008003124                Error_Handler
 *fill*         0x000000000800312e        0x2 
 .text.HAL_MspInit
                0x0000000008003130       0x48 ./Core/Src/stm32g0xx_hal_msp.o
                0x0000000008003130                HAL_MspInit
 .text.HAL_I2C_MspInit
                0x0000000008003178       0xc4 ./Core/Src/stm32g0xx_hal_msp.o
                0x0000000008003178                HAL_I2C_MspInit
 .text.HAL_UART_MspInit
                0x000000000800323c       0xc0 ./Core/Src/stm32g0xx_hal_msp.o
                0x000000000800323c                HAL_UART_MspInit
 .text.NMI_Handler
                0x00000000080032fc        0x6 ./Core/Src/stm32g0xx_it.o
                0x00000000080032fc                NMI_Handler
 .text.HardFault_Handler
                0x0000000008003302        0x6 ./Core/Src/stm32g0xx_it.o
                0x0000000008003302                HardFault_Handler
 .text.SVC_Handler
                0x0000000008003308        0xa ./Core/Src/stm32g0xx_it.o
                0x0000000008003308                SVC_Handler
 .text.PendSV_Handler
                0x0000000008003312        0xa ./Core/Src/stm32g0xx_it.o
                0x0000000008003312                PendSV_Handler
 .text.SysTick_Handler
                0x000000000800331c        0xe ./Core/Src/stm32g0xx_it.o
                0x000000000800331c                SysTick_Handler
 .text.SystemInit
                0x000000000800332a        0xa ./Core/Src/system_stm32g0xx.o
                0x000000000800332a                SystemInit
 .text.init_tof
                0x0000000008003334       0xe0 ./Core/Src/tof_lib.o
                0x0000000008003334                init_tof
 .text.sample_once
                0x0000000008003414       0x5e ./Core/Src/tof_lib.o
                0x0000000008003414                sample_once
 .text.select_target_index
                0x0000000008003472       0x1c ./Core/Src/tof_lib.o
                0x0000000008003472                select_target_index
 *fill*         0x000000000800348e        0x2 
 .text.SEN_CopyRangingData
                0x0000000008003490      0x12c ./Core/Src/tof_lib.o
                0x0000000008003490                SEN_CopyRangingData
 .text.Reset_Handler
                0x00000000080035bc       0x50 ./Core/Startup/startup_stm32g071rbtx.o
                0x00000000080035bc                Reset_Handler
 .text.Default_Handler
                0x000000000800360c        0x2 ./Core/Startup/startup_stm32g071rbtx.o
                0x000000000800360c                USART3_4_LPUART1_IRQHandler
                0x000000000800360c                TIM1_CC_IRQHandler
                0x000000000800360c                ADC1_COMP_IRQHandler
                0x000000000800360c                PVD_IRQHandler
                0x000000000800360c                I2C1_IRQHandler
                0x000000000800360c                TIM7_LPTIM2_IRQHandler
                0x000000000800360c                RTC_TAMP_IRQHandler
                0x000000000800360c                SPI1_IRQHandler
                0x000000000800360c                EXTI2_3_IRQHandler
                0x000000000800360c                I2C2_IRQHandler
                0x000000000800360c                TIM17_IRQHandler
                0x000000000800360c                TIM16_IRQHandler
                0x000000000800360c                TIM3_IRQHandler
                0x000000000800360c                EXTI4_15_IRQHandler
                0x000000000800360c                RCC_IRQHandler
                0x000000000800360c                DMA1_Channel1_IRQHandler
                0x000000000800360c                Default_Handler
                0x000000000800360c                CEC_IRQHandler
                0x000000000800360c                TIM14_IRQHandler
                0x000000000800360c                TIM15_IRQHandler
                0x000000000800360c                EXTI0_1_IRQHandler
                0x000000000800360c                SPI2_IRQHandler
                0x000000000800360c                TIM6_DAC_LPTIM1_IRQHandler
                0x000000000800360c                WWDG_IRQHandler
                0x000000000800360c                TIM2_IRQHandler
                0x000000000800360c                DMA1_Ch4_7_DMAMUX1_OVR_IRQHandler
                0x000000000800360c                DMA1_Channel2_3_IRQHandler
                0x000000000800360c                UCPD1_2_IRQHandler
                0x000000000800360c                USART2_IRQHandler
                0x000000000800360c                FLASH_IRQHandler
                0x000000000800360c                USART1_IRQHandler
                0x000000000800360c                TIM1_BRK_UP_TRG_COM_IRQHandler
 *fill*         0x000000000800360e        0x2 
 .text.HAL_Init
                0x0000000008003610       0x40 ./Drivers/STM32G0xx_HAL_Driver/Src/stm32g0xx_hal.o
                0x0000000008003610                HAL_Init
 .text.HAL_InitTick
                0x0000000008003650       0x94 ./Drivers/STM32G0xx_HAL_Driver/Src/stm32g0xx_hal.o
                0x0000000008003650                HAL_InitTick
 .text.HAL_IncTick
                0x00000000080036e4       0x24 ./Drivers/STM32G0xx_HAL_Driver/Src/stm32g0xx_hal.o
                0x00000000080036e4                HAL_IncTick
 .text.HAL_GetTick
                0x0000000008003708       0x14 ./Drivers/STM32G0xx_HAL_Driver/Src/stm32g0xx_hal.o
                0x0000000008003708                HAL_GetTick
 .text.HAL_Delay
                0x000000000800371c       0x48 ./Drivers/STM32G0xx_HAL_Driver/Src/stm32g0xx_hal.o
                0x000000000800371c                HAL_Delay
 .text.__NVIC_SetPriority
                0x0000000008003764       0xdc ./Drivers/STM32G0xx_HAL_Driver/Src/stm32g0xx_hal_cortex.o
 .text.SysTick_Config
                0x0000000008003840       0x48 ./Drivers/STM32G0xx_HAL_Driver/Src/stm32g0xx_hal_cortex.o
 .text.HAL_NVIC_SetPriority
                0x0000000008003888       0x2a ./Drivers/STM32G0xx_HAL_Driver/Src/stm32g0xx_hal_cortex.o
                0x0000000008003888                HAL_NVIC_SetPriority
 .text.HAL_SYSTICK_Config
                0x00000000080038b2       0x1a ./Drivers/STM32G0xx_HAL_Driver/Src/stm32g0xx_hal_cortex.o
                0x00000000080038b2                HAL_SYSTICK_Config
 .text.HAL_GPIO_Init
                0x00000000080038cc      0x2c8 ./Drivers/STM32G0xx_HAL_Driver/Src/stm32g0xx_hal_gpio.o
                0x00000000080038cc                HAL_GPIO_Init
 .text.HAL_GPIO_WritePin
                0x0000000008003b94       0x3a ./Drivers/STM32G0xx_HAL_Driver/Src/stm32g0xx_hal_gpio.o
                0x0000000008003b94                HAL_GPIO_WritePin
 .text.HAL_GPIO_TogglePin
                0x0000000008003bce       0x36 ./Drivers/STM32G0xx_HAL_Driver/Src/stm32g0xx_hal_gpio.o
                0x0000000008003bce                HAL_GPIO_TogglePin
 .text.HAL_I2C_Init
                0x0000000008003c04      0x12c ./Drivers/STM32G0xx_HAL_Driver/Src/stm32g0xx_hal_i2c.o
                0x0000000008003c04                HAL_I2C_Init
 .text.HAL_I2C_Master_Transmit
                0x0000000008003d30      0x210 ./Drivers/STM32G0xx_HAL_Driver/Src/stm32g0xx_hal_i2c.o
                0x0000000008003d30                HAL_I2C_Master_Transmit
 .text.HAL_I2C_Master_Receive
                0x0000000008003f40      0x210 ./Drivers/STM32G0xx_HAL_Driver/Src/stm32g0xx_hal_i2c.o
                0x0000000008003f40                HAL_I2C_Master_Receive
 .text.HAL_I2C_Mem_Write
                0x0000000008004150      0x25c ./Drivers/STM32G0xx_HAL_Driver/Src/stm32g0xx_hal_i2c.o
                0x0000000008004150                HAL_I2C_Mem_Write
 .text.I2C_RequestMemoryWrite
                0x00000000080043ac       0xc8 ./Drivers/STM32G0xx_HAL_Driver/Src/stm32g0xx_hal_i2c.o
 .text.I2C_Flush_TXDR
                0x0000000008004474       0x44 ./Drivers/STM32G0xx_HAL_Driver/Src/stm32g0xx_hal_i2c.o
 .text.I2C_WaitOnFlagUntilTimeout
                0x00000000080044b8       0x7e ./Drivers/STM32G0xx_HAL_Driver/Src/stm32g0xx_hal_i2c.o
 .text.I2C_WaitOnTXISFlagUntilTimeout
                0x0000000008004536       0x7e ./Drivers/STM32G0xx_HAL_Driver/Src/stm32g0xx_hal_i2c.o
 .text.I2C_WaitOnSTOPFlagUntilTimeout
                0x00000000080045b4       0x78 ./Drivers/STM32G0xx_HAL_Driver/Src/stm32g0xx_hal_i2c.o
 .text.I2C_WaitOnRXNEFlagUntilTimeout
                0x000000000800462c       0xf4 ./Drivers/STM32G0xx_HAL_Driver/Src/stm32g0xx_hal_i2c.o
 .text.I2C_IsErrorOccurred
                0x0000000008004720      0x200 ./Drivers/STM32G0xx_HAL_Driver/Src/stm32g0xx_hal_i2c.o
 .text.I2C_TransferConfig
                0x0000000008004920       0x74 ./Drivers/STM32G0xx_HAL_Driver/Src/stm32g0xx_hal_i2c.o
 .text.HAL_I2CEx_ConfigAnalogFilter
                0x0000000008004994       0x98 ./Drivers/STM32G0xx_HAL_Driver/Src/stm32g0xx_hal_i2c_ex.o
                0x0000000008004994                HAL_I2CEx_ConfigAnalogFilter
 .text.HAL_I2CEx_ConfigDigitalFilter
                0x0000000008004a2c       0x98 ./Drivers/STM32G0xx_HAL_Driver/Src/stm32g0xx_hal_i2c_ex.o
                0x0000000008004a2c                HAL_I2CEx_ConfigDigitalFilter
 .text.HAL_PWREx_ControlVoltageScaling
                0x0000000008004ac4       0x80 ./Drivers/STM32G0xx_HAL_Driver/Src/stm32g0xx_hal_pwr_ex.o
                0x0000000008004ac4                HAL_PWREx_ControlVoltageScaling
 .text.LL_RCC_GetAPB1Prescaler
                0x0000000008004b44       0x18 ./Drivers/STM32G0xx_HAL_Driver/Src/stm32g0xx_hal_rcc.o
 .text.HAL_RCC_OscConfig
                0x0000000008004b5c      0x634 ./Drivers/STM32G0xx_HAL_Driver/Src/stm32g0xx_hal_rcc.o
                0x0000000008004b5c                HAL_RCC_OscConfig
 .text.HAL_RCC_ClockConfig
                0x0000000008005190      0x210 ./Drivers/STM32G0xx_HAL_Driver/Src/stm32g0xx_hal_rcc.o
                0x0000000008005190                HAL_RCC_ClockConfig
 .text.HAL_RCC_GetSysClockFreq
                0x00000000080053a0      0x104 ./Drivers/STM32G0xx_HAL_Driver/Src/stm32g0xx_hal_rcc.o
                0x00000000080053a0                HAL_RCC_GetSysClockFreq
 .text.HAL_RCC_GetHCLKFreq
                0x00000000080054a4       0x14 ./Drivers/STM32G0xx_HAL_Driver/Src/stm32g0xx_hal_rcc.o
                0x00000000080054a4                HAL_RCC_GetHCLKFreq
 .text.HAL_RCC_GetPCLK1Freq
                0x00000000080054b8       0x2c ./Drivers/STM32G0xx_HAL_Driver/Src/stm32g0xx_hal_rcc.o
                0x00000000080054b8                HAL_RCC_GetPCLK1Freq
 .text.HAL_RCCEx_PeriphCLKConfig
                0x00000000080054e4      0x370 ./Drivers/STM32G0xx_HAL_Driver/Src/stm32g0xx_hal_rcc_ex.o
                0x00000000080054e4                HAL_RCCEx_PeriphCLKConfig
 .text.HAL_UART_Init
                0x0000000008005854       0xac ./Drivers/STM32G0xx_HAL_Driver/Src/stm32g0xx_hal_uart.o
                0x0000000008005854                HAL_UART_Init
 .text.UART_SetConfig
                0x0000000008005900      0x57c ./Drivers/STM32G0xx_HAL_Driver/Src/stm32g0xx_hal_uart.o
                0x0000000008005900                UART_SetConfig
 .text.UART_AdvFeatureConfig
                0x0000000008005e7c      0x168 ./Drivers/STM32G0xx_HAL_Driver/Src/stm32g0xx_hal_uart.o
                0x0000000008005e7c                UART_AdvFeatureConfig
 .text.UART_CheckIdleState
                0x0000000008005fe4       0x9c ./Drivers/STM32G0xx_HAL_Driver/Src/stm32g0xx_hal_uart.o
                0x0000000008005fe4                UART_CheckIdleState
 .text.UART_WaitOnFlagUntilTimeout
                0x0000000008006080      0x190 ./Drivers/STM32G0xx_HAL_Driver/Src/stm32g0xx_hal_uart.o
                0x0000000008006080                UART_WaitOnFlagUntilTimeout
 .text.HAL_UARTEx_DisableFifoMode
                0x0000000008006210       0x74 ./Drivers/STM32G0xx_HAL_Driver/Src/stm32g0xx_hal_uart_ex.o
                0x0000000008006210                HAL_UARTEx_DisableFifoMode
 .text.HAL_UARTEx_SetTxFifoThreshold
                0x0000000008006284       0x7e ./Drivers/STM32G0xx_HAL_Driver/Src/stm32g0xx_hal_uart_ex.o
                0x0000000008006284                HAL_UARTEx_SetTxFifoThreshold
 *fill*         0x0000000008006302        0x2 
 .text.HAL_UARTEx_SetRxFifoThreshold
                0x0000000008006304       0x84 ./Drivers/STM32G0xx_HAL_Driver/Src/stm32g0xx_hal_uart_ex.o
                0x0000000008006304                HAL_UARTEx_SetRxFifoThreshold
 .text.UARTEx_SetNbDataToProcess
                0x0000000008006388       0xbc ./Drivers/STM32G0xx_HAL_Driver/Src/stm32g0xx_hal_uart_ex.o
 .text.RdByte   0x0000000008006444       0x84 ./Platform/platform.o
                0x0000000008006444                RdByte
 .text.WrByte   0x00000000080064c8       0x6c ./Platform/platform.o
                0x00000000080064c8                WrByte
 .text.WrMulti  0x0000000008006534       0x50 ./Platform/platform.o
                0x0000000008006534                WrMulti
 .text.RdMulti  0x0000000008006584       0x80 ./Platform/platform.o
                0x0000000008006584                RdMulti
 .text.SwapBuffer
                0x0000000008006604       0x74 ./Platform/platform.o
                0x0000000008006604                SwapBuffer
 .text.WaitMs   0x0000000008006678       0x1c ./Platform/platform.o
                0x0000000008006678                WaitMs
 .text._vl53l5cx_poll_for_answer
                0x0000000008006694       0xf0 ./VL53L5CX_ULD_API/src/vl53l5cx_api.o
 .text._vl53l5cx_poll_for_mcu_boot
                0x0000000008006784       0xae ./VL53L5CX_ULD_API/src/vl53l5cx_api.o
 *fill*         0x0000000008006832        0x2 
 .text._vl53l5cx_send_offset_data
                0x0000000008006834      0x3b0 ./VL53L5CX_ULD_API/src/vl53l5cx_api.o
 .text._vl53l5cx_send_xtalk_data
                0x0000000008006be4      0x298 ./VL53L5CX_ULD_API/src/vl53l5cx_api.o
 .text.vl53l5cx_init
                0x0000000008006e7c      0xa38 ./VL53L5CX_ULD_API/src/vl53l5cx_api.o
                0x0000000008006e7c                vl53l5cx_init
 .text.vl53l5cx_start_ranging
                0x00000000080078b4      0x364 ./VL53L5CX_ULD_API/src/vl53l5cx_api.o
                0x00000000080078b4                vl53l5cx_start_ranging
 .text.vl53l5cx_stop_ranging
                0x0000000008007c18      0x210 ./VL53L5CX_ULD_API/src/vl53l5cx_api.o
                0x0000000008007c18                vl53l5cx_stop_ranging
 .text.vl53l5cx_check_data_ready
                0x0000000008007e28       0xc8 ./VL53L5CX_ULD_API/src/vl53l5cx_api.o
                0x0000000008007e28                vl53l5cx_check_data_ready
 .text.vl53l5cx_get_ranging_data
                0x0000000008007ef0      0x4d4 ./VL53L5CX_ULD_API/src/vl53l5cx_api.o
                0x0000000008007ef0                vl53l5cx_get_ranging_data
 .text.vl53l5cx_get_resolution
                0x00000000080083c4       0x60 ./VL53L5CX_ULD_API/src/vl53l5cx_api.o
                0x00000000080083c4                vl53l5cx_get_resolution
 .text.vl53l5cx_set_resolution
                0x0000000008008424      0x1f4 ./VL53L5CX_ULD_API/src/vl53l5cx_api.o
                0x0000000008008424                vl53l5cx_set_resolution
 .text.vl53l5cx_set_ranging_frequency_hz
                0x0000000008008618       0x54 ./VL53L5CX_ULD_API/src/vl53l5cx_api.o
                0x0000000008008618                vl53l5cx_set_ranging_frequency_hz
 .text.vl53l5cx_dci_read_data
                0x000000000800866c      0x14c ./VL53L5CX_ULD_API/src/vl53l5cx_api.o
                0x000000000800866c                vl53l5cx_dci_read_data
 .text.vl53l5cx_dci_write_data
                0x00000000080087b8      0x1bc ./VL53L5CX_ULD_API/src/vl53l5cx_api.o
                0x00000000080087b8                vl53l5cx_dci_write_data
 .text.vl53l5cx_dci_replace_data
                0x0000000008008974       0x7c ./VL53L5CX_ULD_API/src/vl53l5cx_api.o
                0x0000000008008974                vl53l5cx_dci_replace_data
 .text.GW_set_params
                0x00000000080089f0      0x200 /home/adam/Documents/capstone/CaptstoneRepo/capstone/STM_Workspace/GestureTest/Cortex-M0plus/libGesturesMZ_m0plus.a(gwmz.o)
                0x00000000080089f0                GW_set_params
 .text.GW_init  0x0000000008008bf0       0xbc /home/adam/Documents/capstone/CaptstoneRepo/capstone/STM_Workspace/GestureTest/Cortex-M0plus/libGesturesMZ_m0plus.a(gwmz.o)
                0x0000000008008bf0                GW_init
 .text.GW_set_buffer_length
                0x0000000008008cac       0xd8 /home/adam/Documents/capstone/CaptstoneRepo/capstone/STM_Workspace/GestureTest/Cortex-M0plus/libGesturesMZ_m0plus.a(gwmz.o)
                0x0000000008008cac                GW_set_buffer_length
 .text.GW_set_frequency
                0x0000000008008d84       0x44 /home/adam/Documents/capstone/CaptstoneRepo/capstone/STM_Workspace/GestureTest/Cortex-M0plus/libGesturesMZ_m0plus.a(gwmz.o)
                0x0000000008008d84                GW_set_frequency
 .text.HT_init  0x0000000008008dc8       0x4a /home/adam/Documents/capstone/CaptstoneRepo/capstone/STM_Workspace/GestureTest/Cortex-M0plus/libGesturesMZ_m0plus.a(htmz.o)
                0x0000000008008dc8                HT_init
 *fill*         0x0000000008008e12        0x2 
 .text.HT_set_path_length
                0x0000000008008e14       0x44 /home/adam/Documents/capstone/CaptstoneRepo/capstone/STM_Workspace/GestureTest/Cortex-M0plus/libGesturesMZ_m0plus.a(htmz.o)
                0x0000000008008e14                HT_set_path_length
 .text.HT_set_frequency
                0x0000000008008e58       0x94 /home/adam/Documents/capstone/CaptstoneRepo/capstone/STM_Workspace/GestureTest/Cortex-M0plus/libGesturesMZ_m0plus.a(htmz.o)
                0x0000000008008e58                HT_set_frequency
 .text.HT_struct_init
                0x0000000008008eec       0x36 /home/adam/Documents/capstone/CaptstoneRepo/capstone/STM_Workspace/GestureTest/Cortex-M0plus/libGesturesMZ_m0plus.a(htmz.o)
                0x0000000008008eec                HT_struct_init
 .text.HT_set_square_resolution
                0x0000000008008f22       0x34 /home/adam/Documents/capstone/CaptstoneRepo/capstone/STM_Workspace/GestureTest/Cortex-M0plus/libGesturesMZ_m0plus.a(htmz.o)
                0x0000000008008f22                HT_set_square_resolution
 .text.RFBVM_init
                0x0000000008008f56       0x3c /home/adam/Documents/capstone/CaptstoneRepo/capstone/STM_Workspace/GestureTest/Cortex-M0plus/libGesturesMZ_m0plus.a(ring_fbuffer_vm.o)
                0x0000000008008f56                RFBVM_init
 .text.RFBVM_push
                0x0000000008008f92       0x48 /home/adam/Documents/capstone/CaptstoneRepo/capstone/STM_Workspace/GestureTest/Cortex-M0plus/libGesturesMZ_m0plus.a(ring_fbuffer_vm.o)
                0x0000000008008f92                RFBVM_push
 *fill*         0x0000000008008fda        0x2 
 .text.SEN_init
                0x0000000008008fdc       0x28 /home/adam/Documents/capstone/CaptstoneRepo/capstone/STM_Workspace/GestureTest/Cortex-M0plus/libGesturesMZ_m0plus.a(sensor.o)
                0x0000000008008fdc                SEN_init
 .text.SEN_set_frequency
                0x0000000008009004       0x24 /home/adam/Documents/capstone/CaptstoneRepo/capstone/STM_Workspace/GestureTest/Cortex-M0plus/libGesturesMZ_m0plus.a(sensor.o)
                0x0000000008009004                SEN_set_frequency
 .text.SEN_set_resolution
                0x0000000008009028       0x24 /home/adam/Documents/capstone/CaptstoneRepo/capstone/STM_Workspace/GestureTest/Cortex-M0plus/libGesturesMZ_m0plus.a(sensor.o)
                0x0000000008009028                SEN_set_resolution
 .text.SEN_set_square_resolution
                0x000000000800904c       0x3e /home/adam/Documents/capstone/CaptstoneRepo/capstone/STM_Workspace/GestureTest/Cortex-M0plus/libGesturesMZ_m0plus.a(sensor.o)
                0x000000000800904c                SEN_set_square_resolution
 .text.SEN_set_data
                0x000000000800908a       0x36 /home/adam/Documents/capstone/CaptstoneRepo/capstone/STM_Workspace/GestureTest/Cortex-M0plus/libGesturesMZ_m0plus.a(sensor.o)
                0x000000000800908a                SEN_set_data
 .text.memset   0x00000000080090c0       0x10 /opt/st/stm32cubeide_1.13.2/plugins/com.st.stm32cube.ide.mcu.externaltools.gnu-tools-for-stm32.11.3.rel1.linux64_1.1.1.202309131626/tools/bin/../lib/gcc/arm-none-eabi/11.3.1/../../../../arm-none-eabi/lib/thumb/v6-m/nofp/libc_nano.a(libc_a-memset.o)
                0x00000000080090c0                memset
 .text.__errno  0x00000000080090d0        0xc /opt/st/stm32cubeide_1.13.2/plugins/com.st.stm32cube.ide.mcu.externaltools.gnu-tools-for-stm32.11.3.rel1.linux64_1.1.1.202309131626/tools/bin/../lib/gcc/arm-none-eabi/11.3.1/../../../../arm-none-eabi/lib/thumb/v6-m/nofp/libc_nano.a(libc_a-errno.o)
                0x00000000080090d0                __errno
 .text.__libc_init_array
                0x00000000080090dc       0x48 /opt/st/stm32cubeide_1.13.2/plugins/com.st.stm32cube.ide.mcu.externaltools.gnu-tools-for-stm32.11.3.rel1.linux64_1.1.1.202309131626/tools/bin/../lib/gcc/arm-none-eabi/11.3.1/../../../../arm-none-eabi/lib/thumb/v6-m/nofp/libc_nano.a(libc_a-init.o)
                0x00000000080090dc                __libc_init_array
 .text.memcpy   0x0000000008009124       0x12 /opt/st/stm32cubeide_1.13.2/plugins/com.st.stm32cube.ide.mcu.externaltools.gnu-tools-for-stm32.11.3.rel1.linux64_1.1.1.202309131626/tools/bin/../lib/gcc/arm-none-eabi/11.3.1/../../../../arm-none-eabi/lib/thumb/v6-m/nofp/libc_nano.a(libc_a-memcpy-stub.o)
                0x0000000008009124                memcpy
 .text.sqrt     0x0000000008009136       0x4c /opt/st/stm32cubeide_1.13.2/plugins/com.st.stm32cube.ide.mcu.externaltools.gnu-tools-for-stm32.11.3.rel1.linux64_1.1.1.202309131626/tools/bin/../lib/gcc/arm-none-eabi/11.3.1/../../../../arm-none-eabi/lib/thumb/v6-m/nofp/libm.a(libm_a-w_sqrt.o)
                0x0000000008009136                sqrt
 *fill*         0x0000000008009182        0x2 
 .text.__ieee754_sqrt
                0x0000000008009184      0x1d8 /opt/st/stm32cubeide_1.13.2/plugins/com.st.stm32cube.ide.mcu.externaltools.gnu-tools-for-stm32.11.3.rel1.linux64_1.1.1.202309131626/tools/bin/../lib/gcc/arm-none-eabi/11.3.1/../../../../arm-none-eabi/lib/thumb/v6-m/nofp/libm.a(libm_a-e_sqrt.o)
                0x0000000008009184                __ieee754_sqrt
 .text.ceil     0x000000000800935c      0x114 /opt/st/stm32cubeide_1.13.2/plugins/com.st.stm32cube.ide.mcu.externaltools.gnu-tools-for-stm32.11.3.rel1.linux64_1.1.1.202309131626/tools/bin/../lib/gcc/arm-none-eabi/11.3.1/../../../../arm-none-eabi/lib/thumb/v6-m/nofp/libm.a(libm_a-s_ceil.o)
                0x000000000800935c                ceil
 *(.glue_7)
 .glue_7        0x0000000008009470        0x0 linker stubs
 *(.glue_7t)
 .glue_7t       0x0000000008009470        0x0 linker stubs
 *(.eh_frame)
 .eh_frame      0x0000000008009470        0x0 /opt/st/stm32cubeide_1.13.2/plugins/com.st.stm32cube.ide.mcu.externaltools.gnu-tools-for-stm32.11.3.rel1.linux64_1.1.1.202309131626/tools/bin/../lib/gcc/arm-none-eabi/11.3.1/thumb/v6-m/nofp/crtbegin.o
 *(.init)
 .init          0x0000000008009470        0x4 /opt/st/stm32cubeide_1.13.2/plugins/com.st.stm32cube.ide.mcu.externaltools.gnu-tools-for-stm32.11.3.rel1.linux64_1.1.1.202309131626/tools/bin/../lib/gcc/arm-none-eabi/11.3.1/thumb/v6-m/nofp/crti.o
                0x0000000008009470                _init
 .init          0x0000000008009474        0x8 /opt/st/stm32cubeide_1.13.2/plugins/com.st.stm32cube.ide.mcu.externaltools.gnu-tools-for-stm32.11.3.rel1.linux64_1.1.1.202309131626/tools/bin/../lib/gcc/arm-none-eabi/11.3.1/thumb/v6-m/nofp/crtn.o
 *(.fini)
 .fini          0x000000000800947c        0x4 /opt/st/stm32cubeide_1.13.2/plugins/com.st.stm32cube.ide.mcu.externaltools.gnu-tools-for-stm32.11.3.rel1.linux64_1.1.1.202309131626/tools/bin/../lib/gcc/arm-none-eabi/11.3.1/thumb/v6-m/nofp/crti.o
                0x000000000800947c                _fini
 .fini          0x0000000008009480        0x8 /opt/st/stm32cubeide_1.13.2/plugins/com.st.stm32cube.ide.mcu.externaltools.gnu-tools-for-stm32.11.3.rel1.linux64_1.1.1.202309131626/tools/bin/../lib/gcc/arm-none-eabi/11.3.1/thumb/v6-m/nofp/crtn.o
                0x0000000008009488                . = ALIGN (0x4)
                0x0000000008009488                _etext = .

.vfp11_veneer   0x0000000008009488        0x0
 .vfp11_veneer  0x0000000008009488        0x0 linker stubs

.v4_bx          0x0000000008009488        0x0
 .v4_bx         0x0000000008009488        0x0 linker stubs

.iplt           0x0000000008009488        0x0
 .iplt          0x0000000008009488        0x0 /opt/st/stm32cubeide_1.13.2/plugins/com.st.stm32cube.ide.mcu.externaltools.gnu-tools-for-stm32.11.3.rel1.linux64_1.1.1.202309131626/tools/bin/../lib/gcc/arm-none-eabi/11.3.1/thumb/v6-m/nofp/crtbegin.o

.rodata         0x0000000008009488    0x158b0
                0x0000000008009488                . = ALIGN (0x4)
 *(.rodata)
 .rodata        0x0000000008009488       0x6c ./VL53L5CX_ULD_API/src/vl53l5cx_api.o
 .rodata        0x00000000080094f4       0x80 /opt/st/stm32cubeide_1.13.2/plugins/com.st.stm32cube.ide.mcu.externaltools.gnu-tools-for-stm32.11.3.rel1.linux64_1.1.1.202309131626/tools/bin/../lib/gcc/arm-none-eabi/11.3.1/thumb/v6-m/nofp/libgcc.a(divsf3.o)
 .rodata        0x0000000008009574       0x40 /opt/st/stm32cubeide_1.13.2/plugins/com.st.stm32cube.ide.mcu.externaltools.gnu-tools-for-stm32.11.3.rel1.linux64_1.1.1.202309131626/tools/bin/../lib/gcc/arm-none-eabi/11.3.1/thumb/v6-m/nofp/libgcc.a(divdf3.o)
 *(.rodata*)
 .rodata.AHBPrescTable
                0x00000000080095b4       0x40 ./Core/Src/system_stm32g0xx.o
                0x00000000080095b4                AHBPrescTable
 .rodata.APBPrescTable
                0x00000000080095f4       0x20 ./Core/Src/system_stm32g0xx.o
                0x00000000080095f4                APBPrescTable
 .rodata.UARTPrescTable
                0x0000000008009614       0x18 ./Drivers/STM32G0xx_HAL_Driver/Src/stm32g0xx_hal_uart.o
                0x0000000008009614                UARTPrescTable
 .rodata.numerator.1
                0x000000000800962c        0x8 ./Drivers/STM32G0xx_HAL_Driver/Src/stm32g0xx_hal_uart_ex.o
 .rodata.denominator.0
                0x0000000008009634        0x8 ./Drivers/STM32G0xx_HAL_Driver/Src/stm32g0xx_hal_uart_ex.o
 .rodata.VL53L5CX_FIRMWARE
                0x000000000800963c    0x15000 ./VL53L5CX_ULD_API/src/vl53l5cx_api.o
                0x000000000800963c                VL53L5CX_FIRMWARE
 .rodata.VL53L5CX_DEFAULT_CONFIGURATION
                0x000000000801e63c      0x3cc ./VL53L5CX_ULD_API/src/vl53l5cx_api.o
                0x000000000801e63c                VL53L5CX_DEFAULT_CONFIGURATION
 .rodata.VL53L5CX_DEFAULT_XTALK
                0x000000000801ea08      0x308 ./VL53L5CX_ULD_API/src/vl53l5cx_api.o
                0x000000000801ea08                VL53L5CX_DEFAULT_XTALK
 .rodata.VL53L5CX_GET_NVM_CMD
                0x000000000801ed10       0x28 ./VL53L5CX_ULD_API/src/vl53l5cx_api.o
                0x000000000801ed10                VL53L5CX_GET_NVM_CMD
                0x000000000801ed38                . = ALIGN (0x4)

.ARM.extab      0x000000000801ed38        0x0
                0x000000000801ed38                . = ALIGN (0x4)
 *(.ARM.extab* .gnu.linkonce.armextab.*)
                0x000000000801ed38                . = ALIGN (0x4)

.ARM            0x000000000801ed38        0x8
                0x000000000801ed38                . = ALIGN (0x4)
                0x000000000801ed38                __exidx_start = .
 *(.ARM.exidx*)
 .ARM.exidx     0x000000000801ed38        0x8 /opt/st/stm32cubeide_1.13.2/plugins/com.st.stm32cube.ide.mcu.externaltools.gnu-tools-for-stm32.11.3.rel1.linux64_1.1.1.202309131626/tools/bin/../lib/gcc/arm-none-eabi/11.3.1/thumb/v6-m/nofp/libgcc.a(_udivmoddi4.o)
                0x000000000801ed40                __exidx_end = .
                0x000000000801ed40                . = ALIGN (0x4)

.rel.dyn        0x000000000801ed40        0x0
 .rel.iplt      0x000000000801ed40        0x0 /opt/st/stm32cubeide_1.13.2/plugins/com.st.stm32cube.ide.mcu.externaltools.gnu-tools-for-stm32.11.3.rel1.linux64_1.1.1.202309131626/tools/bin/../lib/gcc/arm-none-eabi/11.3.1/thumb/v6-m/nofp/crtbegin.o

.preinit_array  0x000000000801ed40        0x0
                0x000000000801ed40                . = ALIGN (0x4)
                0x000000000801ed40                PROVIDE (__preinit_array_start = .)
 *(.preinit_array*)
                0x000000000801ed40                PROVIDE (__preinit_array_end = .)
                0x000000000801ed40                . = ALIGN (0x4)

.init_array     0x000000000801ed40        0x4
                0x000000000801ed40                . = ALIGN (0x4)
                0x000000000801ed40                PROVIDE (__init_array_start = .)
 *(SORT_BY_NAME(.init_array.*))
 *(.init_array*)
 .init_array    0x000000000801ed40        0x4 /opt/st/stm32cubeide_1.13.2/plugins/com.st.stm32cube.ide.mcu.externaltools.gnu-tools-for-stm32.11.3.rel1.linux64_1.1.1.202309131626/tools/bin/../lib/gcc/arm-none-eabi/11.3.1/thumb/v6-m/nofp/crtbegin.o
                0x000000000801ed44                PROVIDE (__init_array_end = .)
                0x000000000801ed44                . = ALIGN (0x4)

.fini_array     0x000000000801ed44        0x4
                0x000000000801ed44                . = ALIGN (0x4)
                [!provide]                        PROVIDE (__fini_array_start = .)
 *(SORT_BY_NAME(.fini_array.*))
 *(.fini_array*)
 .fini_array    0x000000000801ed44        0x4 /opt/st/stm32cubeide_1.13.2/plugins/com.st.stm32cube.ide.mcu.externaltools.gnu-tools-for-stm32.11.3.rel1.linux64_1.1.1.202309131626/tools/bin/../lib/gcc/arm-none-eabi/11.3.1/thumb/v6-m/nofp/crtbegin.o
                [!provide]                        PROVIDE (__fini_array_end = .)
                0x000000000801ed48                . = ALIGN (0x4)
                0x000000000801ed48                _sidata = LOADADDR (.data)

.data           0x0000000020000000       0x70 load address 0x000000000801ed48
                0x0000000020000000                . = ALIGN (0x4)
                0x0000000020000000                _sdata = .
 *(.data)
 *(.data*)
 .data.SystemCoreClock
                0x0000000020000000        0x4 ./Core/Src/system_stm32g0xx.o
                0x0000000020000000                SystemCoreClock
 .data.uwTickPrio
                0x0000000020000004        0x4 ./Drivers/STM32G0xx_HAL_Driver/Src/stm32g0xx_hal.o
                0x0000000020000004                uwTickPrio
 .data.uwTickFreq
                0x0000000020000008        0x1 ./Drivers/STM32G0xx_HAL_Driver/Src/stm32g0xx_hal.o
                0x0000000020000008                uwTickFreq
 *fill*         0x0000000020000009        0x3 
 .data._impure_data
                0x000000002000000c       0x4c /opt/st/stm32cubeide_1.13.2/plugins/com.st.stm32cube.ide.mcu.externaltools.gnu-tools-for-stm32.11.3.rel1.linux64_1.1.1.202309131626/tools/bin/../lib/gcc/arm-none-eabi/11.3.1/../../../../arm-none-eabi/lib/thumb/v6-m/nofp/libc_nano.a(libc_a-impure.o)
                0x000000002000000c                _impure_data
 .data._impure_ptr
                0x0000000020000058        0x4 /opt/st/stm32cubeide_1.13.2/plugins/com.st.stm32cube.ide.mcu.externaltools.gnu-tools-for-stm32.11.3.rel1.linux64_1.1.1.202309131626/tools/bin/../lib/gcc/arm-none-eabi/11.3.1/../../../../arm-none-eabi/lib/thumb/v6-m/nofp/libc_nano.a(libc_a-impure.o)
                0x0000000020000058                _impure_ptr
 *fill*         0x000000002000005c        0x4 
 .data.one      0x0000000020000060        0x8 /opt/st/stm32cubeide_1.13.2/plugins/com.st.stm32cube.ide.mcu.externaltools.gnu-tools-for-stm32.11.3.rel1.linux64_1.1.1.202309131626/tools/bin/../lib/gcc/arm-none-eabi/11.3.1/../../../../arm-none-eabi/lib/thumb/v6-m/nofp/libm.a(libm_a-e_sqrt.o)
 .data.tiny     0x0000000020000068        0x8 /opt/st/stm32cubeide_1.13.2/plugins/com.st.stm32cube.ide.mcu.externaltools.gnu-tools-for-stm32.11.3.rel1.linux64_1.1.1.202309131626/tools/bin/../lib/gcc/arm-none-eabi/11.3.1/../../../../arm-none-eabi/lib/thumb/v6-m/nofp/libm.a(libm_a-e_sqrt.o)
 *(.RamFunc)
 *(.RamFunc*)
                0x0000000020000070                . = ALIGN (0x4)
                0x0000000020000070                _edata = .

.igot.plt       0x0000000020000070        0x0 load address 0x000000000801edb8
 .igot.plt      0x0000000020000070        0x0 /opt/st/stm32cubeide_1.13.2/plugins/com.st.stm32cube.ide.mcu.externaltools.gnu-tools-for-stm32.11.3.rel1.linux64_1.1.1.202309131626/tools/bin/../lib/gcc/arm-none-eabi/11.3.1/thumb/v6-m/nofp/crtbegin.o
                0x0000000020000070                . = ALIGN (0x4)

.bss            0x0000000020000070     0x2bbc load address 0x000000000801edb8
                0x0000000020000070                _sbss = .
                0x0000000020000070                __bss_start__ = _sbss
 *(.bss)
 .bss           0x0000000020000070       0x1c /opt/st/stm32cubeide_1.13.2/plugins/com.st.stm32cube.ide.mcu.externaltools.gnu-tools-for-stm32.11.3.rel1.linux64_1.1.1.202309131626/tools/bin/../lib/gcc/arm-none-eabi/11.3.1/thumb/v6-m/nofp/crtbegin.o
 *(.bss*)
 .bss.hi2c1     0x000000002000008c       0x54 ./Core/Src/main.o
                0x000000002000008c                hi2c1
 .bss.huart2    0x00000000200000e0       0x94 ./Core/Src/main.o
                0x00000000200000e0                huart2
 .bss.Sensor1Cfg
                0x0000000020000174      0xab0 ./Core/Src/main.o
                0x0000000020000174                Sensor1Cfg
 .bss.Sensor1Results
                0x0000000020000c24      0x550 ./Core/Src/main.o
                0x0000000020000c24                Sensor1Results
 .bss.gest_predictor
                0x0000000020001174      0xf60 ./Core/Src/main.o
                0x0000000020001174                gest_predictor
 .bss.hand_tracker
                0x00000000200020d4      0x7b8 ./Core/Src/main.o
                0x00000000200020d4                hand_tracker
 .bss.sensor_data
                0x000000002000288c      0x260 ./Core/Src/main.o
                0x000000002000288c                sensor_data
 .bss.is_alive  0x0000000020002aec        0x1 ./Core/Src/main.o
                0x0000000020002aec                is_alive
 .bss.is_ready  0x0000000020002aed        0x1 ./Core/Src/main.o
                0x0000000020002aed                is_ready
 *fill*         0x0000000020002aee        0x2 
 .bss.uwTick    0x0000000020002af0        0x4 ./Drivers/STM32G0xx_HAL_Driver/Src/stm32g0xx_hal.o
                0x0000000020002af0                uwTick
 .bss.__sf      0x0000000020002af4      0x138 /opt/st/stm32cubeide_1.13.2/plugins/com.st.stm32cube.ide.mcu.externaltools.gnu-tools-for-stm32.11.3.rel1.linux64_1.1.1.202309131626/tools/bin/../lib/gcc/arm-none-eabi/11.3.1/../../../../arm-none-eabi/lib/thumb/v6-m/nofp/libc_nano.a(libc_a-findfp.o)
                0x0000000020002af4                __sf
 *(COMMON)
                0x0000000020002c2c                . = ALIGN (0x4)
                0x0000000020002c2c                _ebss = .
                0x0000000020002c2c                __bss_end__ = _ebss

._user_heap_stack
                0x0000000020002c2c      0x604 load address 0x000000000801edb8
                0x0000000020002c30                . = ALIGN (0x8)
 *fill*         0x0000000020002c2c        0x4 
                [!provide]                        PROVIDE (end = .)
                0x0000000020002c30                PROVIDE (_end = .)
                0x0000000020002e30                . = (. + _Min_Heap_Size)
 *fill*         0x0000000020002c30      0x200 
                0x0000000020003230                . = (. + _Min_Stack_Size)
 *fill*         0x0000000020002e30      0x400 
                0x0000000020003230                . = ALIGN (0x8)

/DISCARD/
 libc.a(*)
 libm.a(*)
 libgcc.a(*)

.ARM.attributes
                0x0000000000000000       0x28
 *(.ARM.attributes)
 .ARM.attributes
                0x0000000000000000       0x1e /opt/st/stm32cubeide_1.13.2/plugins/com.st.stm32cube.ide.mcu.externaltools.gnu-tools-for-stm32.11.3.rel1.linux64_1.1.1.202309131626/tools/bin/../lib/gcc/arm-none-eabi/11.3.1/thumb/v6-m/nofp/crti.o
 .ARM.attributes
                0x000000000000001e       0x2c /opt/st/stm32cubeide_1.13.2/plugins/com.st.stm32cube.ide.mcu.externaltools.gnu-tools-for-stm32.11.3.rel1.linux64_1.1.1.202309131626/tools/bin/../lib/gcc/arm-none-eabi/11.3.1/thumb/v6-m/nofp/crtbegin.o
 .ARM.attributes
                0x000000000000004a       0x2c ./Core/Src/main.o
 .ARM.attributes
                0x0000000000000076       0x2c ./Core/Src/stm32g0xx_hal_msp.o
 .ARM.attributes
                0x00000000000000a2       0x2c ./Core/Src/stm32g0xx_it.o
 .ARM.attributes
                0x00000000000000ce       0x2c ./Core/Src/system_stm32g0xx.o
 .ARM.attributes
                0x00000000000000fa       0x2c ./Core/Src/tof_lib.o
 .ARM.attributes
                0x0000000000000126       0x22 ./Core/Startup/startup_stm32g071rbtx.o
 .ARM.attributes
                0x0000000000000148       0x2c ./Drivers/STM32G0xx_HAL_Driver/Src/stm32g0xx_hal.o
 .ARM.attributes
                0x0000000000000174       0x2c ./Drivers/STM32G0xx_HAL_Driver/Src/stm32g0xx_hal_cortex.o
 .ARM.attributes
                0x00000000000001a0       0x2c ./Drivers/STM32G0xx_HAL_Driver/Src/stm32g0xx_hal_gpio.o
 .ARM.attributes
                0x00000000000001cc       0x2c ./Drivers/STM32G0xx_HAL_Driver/Src/stm32g0xx_hal_i2c.o
 .ARM.attributes
                0x00000000000001f8       0x2c ./Drivers/STM32G0xx_HAL_Driver/Src/stm32g0xx_hal_i2c_ex.o
 .ARM.attributes
                0x0000000000000224       0x2c ./Drivers/STM32G0xx_HAL_Driver/Src/stm32g0xx_hal_pwr_ex.o
 .ARM.attributes
                0x0000000000000250       0x2c ./Drivers/STM32G0xx_HAL_Driver/Src/stm32g0xx_hal_rcc.o
 .ARM.attributes
                0x000000000000027c       0x2c ./Drivers/STM32G0xx_HAL_Driver/Src/stm32g0xx_hal_rcc_ex.o
 .ARM.attributes
                0x00000000000002a8       0x2c ./Drivers/STM32G0xx_HAL_Driver/Src/stm32g0xx_hal_uart.o
 .ARM.attributes
                0x00000000000002d4       0x2c ./Drivers/STM32G0xx_HAL_Driver/Src/stm32g0xx_hal_uart_ex.o
 .ARM.attributes
                0x0000000000000300       0x2c ./Platform/platform.o
 .ARM.attributes
                0x000000000000032c       0x2c ./VL53L5CX_ULD_API/src/vl53l5cx_api.o
 .ARM.attributes
                0x0000000000000358       0x2c /home/adam/Documents/capstone/CaptstoneRepo/capstone/STM_Workspace/GestureTest/Cortex-M0plus/libGesturesMZ_m0plus.a(gwmz.o)
 .ARM.attributes
                0x0000000000000384       0x2c /home/adam/Documents/capstone/CaptstoneRepo/capstone/STM_Workspace/GestureTest/Cortex-M0plus/libGesturesMZ_m0plus.a(htmz.o)
 .ARM.attributes
                0x00000000000003b0       0x2c /home/adam/Documents/capstone/CaptstoneRepo/capstone/STM_Workspace/GestureTest/Cortex-M0plus/libGesturesMZ_m0plus.a(ring_fbuffer_vm.o)
 .ARM.attributes
                0x00000000000003dc       0x2c /home/adam/Documents/capstone/CaptstoneRepo/capstone/STM_Workspace/GestureTest/Cortex-M0plus/libGesturesMZ_m0plus.a(sensor.o)
 .ARM.attributes
                0x0000000000000408       0x2c /opt/st/stm32cubeide_1.13.2/plugins/com.st.stm32cube.ide.mcu.externaltools.gnu-tools-for-stm32.11.3.rel1.linux64_1.1.1.202309131626/tools/bin/../lib/gcc/arm-none-eabi/11.3.1/../../../../arm-none-eabi/lib/thumb/v6-m/nofp/libc_nano.a(libc_a-findfp.o)
 .ARM.attributes
                0x0000000000000434       0x2c /opt/st/stm32cubeide_1.13.2/plugins/com.st.stm32cube.ide.mcu.externaltools.gnu-tools-for-stm32.11.3.rel1.linux64_1.1.1.202309131626/tools/bin/../lib/gcc/arm-none-eabi/11.3.1/../../../../arm-none-eabi/lib/thumb/v6-m/nofp/libc_nano.a(libc_a-memset.o)
 .ARM.attributes
                0x0000000000000460       0x2c /opt/st/stm32cubeide_1.13.2/plugins/com.st.stm32cube.ide.mcu.externaltools.gnu-tools-for-stm32.11.3.rel1.linux64_1.1.1.202309131626/tools/bin/../lib/gcc/arm-none-eabi/11.3.1/../../../../arm-none-eabi/lib/thumb/v6-m/nofp/libc_nano.a(libc_a-impure.o)
 .ARM.attributes
                0x000000000000048c       0x2c /opt/st/stm32cubeide_1.13.2/plugins/com.st.stm32cube.ide.mcu.externaltools.gnu-tools-for-stm32.11.3.rel1.linux64_1.1.1.202309131626/tools/bin/../lib/gcc/arm-none-eabi/11.3.1/../../../../arm-none-eabi/lib/thumb/v6-m/nofp/libc_nano.a(libc_a-errno.o)
 .ARM.attributes
                0x00000000000004b8       0x2c /opt/st/stm32cubeide_1.13.2/plugins/com.st.stm32cube.ide.mcu.externaltools.gnu-tools-for-stm32.11.3.rel1.linux64_1.1.1.202309131626/tools/bin/../lib/gcc/arm-none-eabi/11.3.1/../../../../arm-none-eabi/lib/thumb/v6-m/nofp/libc_nano.a(libc_a-init.o)
 .ARM.attributes
                0x00000000000004e4       0x2c /opt/st/stm32cubeide_1.13.2/plugins/com.st.stm32cube.ide.mcu.externaltools.gnu-tools-for-stm32.11.3.rel1.linux64_1.1.1.202309131626/tools/bin/../lib/gcc/arm-none-eabi/11.3.1/../../../../arm-none-eabi/lib/thumb/v6-m/nofp/libc_nano.a(libc_a-memcpy-stub.o)
 .ARM.attributes
                0x0000000000000510       0x2c /opt/st/stm32cubeide_1.13.2/plugins/com.st.stm32cube.ide.mcu.externaltools.gnu-tools-for-stm32.11.3.rel1.linux64_1.1.1.202309131626/tools/bin/../lib/gcc/arm-none-eabi/11.3.1/../../../../arm-none-eabi/lib/thumb/v6-m/nofp/libm.a(libm_a-w_sqrt.o)
 .ARM.attributes
                0x000000000000053c       0x2c /opt/st/stm32cubeide_1.13.2/plugins/com.st.stm32cube.ide.mcu.externaltools.gnu-tools-for-stm32.11.3.rel1.linux64_1.1.1.202309131626/tools/bin/../lib/gcc/arm-none-eabi/11.3.1/../../../../arm-none-eabi/lib/thumb/v6-m/nofp/libm.a(libm_a-e_sqrt.o)
 .ARM.attributes
                0x0000000000000568       0x2c /opt/st/stm32cubeide_1.13.2/plugins/com.st.stm32cube.ide.mcu.externaltools.gnu-tools-for-stm32.11.3.rel1.linux64_1.1.1.202309131626/tools/bin/../lib/gcc/arm-none-eabi/11.3.1/../../../../arm-none-eabi/lib/thumb/v6-m/nofp/libm.a(libm_a-s_ceil.o)
 .ARM.attributes
                0x0000000000000594       0x1e /opt/st/stm32cubeide_1.13.2/plugins/com.st.stm32cube.ide.mcu.externaltools.gnu-tools-for-stm32.11.3.rel1.linux64_1.1.1.202309131626/tools/bin/../lib/gcc/arm-none-eabi/11.3.1/thumb/v6-m/nofp/libgcc.a(_udivsi3.o)
 .ARM.attributes
                0x00000000000005b2       0x1e /opt/st/stm32cubeide_1.13.2/plugins/com.st.stm32cube.ide.mcu.externaltools.gnu-tools-for-stm32.11.3.rel1.linux64_1.1.1.202309131626/tools/bin/../lib/gcc/arm-none-eabi/11.3.1/thumb/v6-m/nofp/libgcc.a(_divsi3.o)
 .ARM.attributes
                0x00000000000005d0       0x1e /opt/st/stm32cubeide_1.13.2/plugins/com.st.stm32cube.ide.mcu.externaltools.gnu-tools-for-stm32.11.3.rel1.linux64_1.1.1.202309131626/tools/bin/../lib/gcc/arm-none-eabi/11.3.1/thumb/v6-m/nofp/libgcc.a(_dvmd_tls.o)
 .ARM.attributes
                0x00000000000005ee       0x1e /opt/st/stm32cubeide_1.13.2/plugins/com.st.stm32cube.ide.mcu.externaltools.gnu-tools-for-stm32.11.3.rel1.linux64_1.1.1.202309131626/tools/bin/../lib/gcc/arm-none-eabi/11.3.1/thumb/v6-m/nofp/libgcc.a(_arm_cmpdf2.o)
 .ARM.attributes
                0x000000000000060c       0x1e /opt/st/stm32cubeide_1.13.2/plugins/com.st.stm32cube.ide.mcu.externaltools.gnu-tools-for-stm32.11.3.rel1.linux64_1.1.1.202309131626/tools/bin/../lib/gcc/arm-none-eabi/11.3.1/thumb/v6-m/nofp/libgcc.a(_arm_cmpsf2.o)
 .ARM.attributes
                0x000000000000062a       0x1e /opt/st/stm32cubeide_1.13.2/plugins/com.st.stm32cube.ide.mcu.externaltools.gnu-tools-for-stm32.11.3.rel1.linux64_1.1.1.202309131626/tools/bin/../lib/gcc/arm-none-eabi/11.3.1/thumb/v6-m/nofp/libgcc.a(_aeabi_uldivmod.o)
 .ARM.attributes
                0x0000000000000648       0x2c /opt/st/stm32cubeide_1.13.2/plugins/com.st.stm32cube.ide.mcu.externaltools.gnu-tools-for-stm32.11.3.rel1.linux64_1.1.1.202309131626/tools/bin/../lib/gcc/arm-none-eabi/11.3.1/thumb/v6-m/nofp/libgcc.a(_udivmoddi4.o)
 .ARM.attributes
                0x0000000000000674       0x2c /opt/st/stm32cubeide_1.13.2/plugins/com.st.stm32cube.ide.mcu.externaltools.gnu-tools-for-stm32.11.3.rel1.linux64_1.1.1.202309131626/tools/bin/../lib/gcc/arm-none-eabi/11.3.1/thumb/v6-m/nofp/libgcc.a(divsf3.o)
 .ARM.attributes
                0x00000000000006a0       0x2c /opt/st/stm32cubeide_1.13.2/plugins/com.st.stm32cube.ide.mcu.externaltools.gnu-tools-for-stm32.11.3.rel1.linux64_1.1.1.202309131626/tools/bin/../lib/gcc/arm-none-eabi/11.3.1/thumb/v6-m/nofp/libgcc.a(eqsf2.o)
 .ARM.attributes
                0x00000000000006cc       0x2c /opt/st/stm32cubeide_1.13.2/plugins/com.st.stm32cube.ide.mcu.externaltools.gnu-tools-for-stm32.11.3.rel1.linux64_1.1.1.202309131626/tools/bin/../lib/gcc/arm-none-eabi/11.3.1/thumb/v6-m/nofp/libgcc.a(gesf2.o)
 .ARM.attributes
                0x00000000000006f8       0x2c /opt/st/stm32cubeide_1.13.2/plugins/com.st.stm32cube.ide.mcu.externaltools.gnu-tools-for-stm32.11.3.rel1.linux64_1.1.1.202309131626/tools/bin/../lib/gcc/arm-none-eabi/11.3.1/thumb/v6-m/nofp/libgcc.a(lesf2.o)
 .ARM.attributes
                0x0000000000000724       0x2c /opt/st/stm32cubeide_1.13.2/plugins/com.st.stm32cube.ide.mcu.externaltools.gnu-tools-for-stm32.11.3.rel1.linux64_1.1.1.202309131626/tools/bin/../lib/gcc/arm-none-eabi/11.3.1/thumb/v6-m/nofp/libgcc.a(mulsf3.o)
 .ARM.attributes
                0x0000000000000750       0x2c /opt/st/stm32cubeide_1.13.2/plugins/com.st.stm32cube.ide.mcu.externaltools.gnu-tools-for-stm32.11.3.rel1.linux64_1.1.1.202309131626/tools/bin/../lib/gcc/arm-none-eabi/11.3.1/thumb/v6-m/nofp/libgcc.a(floatsisf.o)
 .ARM.attributes
                0x000000000000077c       0x2c /opt/st/stm32cubeide_1.13.2/plugins/com.st.stm32cube.ide.mcu.externaltools.gnu-tools-for-stm32.11.3.rel1.linux64_1.1.1.202309131626/tools/bin/../lib/gcc/arm-none-eabi/11.3.1/thumb/v6-m/nofp/libgcc.a(adddf3.o)
 .ARM.attributes
                0x00000000000007a8       0x2c /opt/st/stm32cubeide_1.13.2/plugins/com.st.stm32cube.ide.mcu.externaltools.gnu-tools-for-stm32.11.3.rel1.linux64_1.1.1.202309131626/tools/bin/../lib/gcc/arm-none-eabi/11.3.1/thumb/v6-m/nofp/libgcc.a(divdf3.o)
 .ARM.attributes
                0x00000000000007d4       0x2c /opt/st/stm32cubeide_1.13.2/plugins/com.st.stm32cube.ide.mcu.externaltools.gnu-tools-for-stm32.11.3.rel1.linux64_1.1.1.202309131626/tools/bin/../lib/gcc/arm-none-eabi/11.3.1/thumb/v6-m/nofp/libgcc.a(eqdf2.o)
 .ARM.attributes
                0x0000000000000800       0x2c /opt/st/stm32cubeide_1.13.2/plugins/com.st.stm32cube.ide.mcu.externaltools.gnu-tools-for-stm32.11.3.rel1.linux64_1.1.1.202309131626/tools/bin/../lib/gcc/arm-none-eabi/11.3.1/thumb/v6-m/nofp/libgcc.a(gedf2.o)
 .ARM.attributes
                0x000000000000082c       0x2c /opt/st/stm32cubeide_1.13.2/plugins/com.st.stm32cube.ide.mcu.externaltools.gnu-tools-for-stm32.11.3.rel1.linux64_1.1.1.202309131626/tools/bin/../lib/gcc/arm-none-eabi/11.3.1/thumb/v6-m/nofp/libgcc.a(ledf2.o)
 .ARM.attributes
                0x0000000000000858       0x2c /opt/st/stm32cubeide_1.13.2/plugins/com.st.stm32cube.ide.mcu.externaltools.gnu-tools-for-stm32.11.3.rel1.linux64_1.1.1.202309131626/tools/bin/../lib/gcc/arm-none-eabi/11.3.1/thumb/v6-m/nofp/libgcc.a(muldf3.o)
 .ARM.attributes
                0x0000000000000884       0x2c /opt/st/stm32cubeide_1.13.2/plugins/com.st.stm32cube.ide.mcu.externaltools.gnu-tools-for-stm32.11.3.rel1.linux64_1.1.1.202309131626/tools/bin/../lib/gcc/arm-none-eabi/11.3.1/thumb/v6-m/nofp/libgcc.a(subdf3.o)
 .ARM.attributes
                0x00000000000008b0       0x2c /opt/st/stm32cubeide_1.13.2/plugins/com.st.stm32cube.ide.mcu.externaltools.gnu-tools-for-stm32.11.3.rel1.linux64_1.1.1.202309131626/tools/bin/../lib/gcc/arm-none-eabi/11.3.1/thumb/v6-m/nofp/libgcc.a(unorddf2.o)
 .ARM.attributes
                0x00000000000008dc       0x2c /opt/st/stm32cubeide_1.13.2/plugins/com.st.stm32cube.ide.mcu.externaltools.gnu-tools-for-stm32.11.3.rel1.linux64_1.1.1.202309131626/tools/bin/../lib/gcc/arm-none-eabi/11.3.1/thumb/v6-m/nofp/libgcc.a(fixdfsi.o)
 .ARM.attributes
                0x0000000000000908       0x2c /opt/st/stm32cubeide_1.13.2/plugins/com.st.stm32cube.ide.mcu.externaltools.gnu-tools-for-stm32.11.3.rel1.linux64_1.1.1.202309131626/tools/bin/../lib/gcc/arm-none-eabi/11.3.1/thumb/v6-m/nofp/libgcc.a(floatsidf.o)
 .ARM.attributes
                0x0000000000000934       0x2c /opt/st/stm32cubeide_1.13.2/plugins/com.st.stm32cube.ide.mcu.externaltools.gnu-tools-for-stm32.11.3.rel1.linux64_1.1.1.202309131626/tools/bin/../lib/gcc/arm-none-eabi/11.3.1/thumb/v6-m/nofp/libgcc.a(floatunsidf.o)
 .ARM.attributes
                0x0000000000000960       0x2c /opt/st/stm32cubeide_1.13.2/plugins/com.st.stm32cube.ide.mcu.externaltools.gnu-tools-for-stm32.11.3.rel1.linux64_1.1.1.202309131626/tools/bin/../lib/gcc/arm-none-eabi/11.3.1/thumb/v6-m/nofp/libgcc.a(extendsfdf2.o)
 .ARM.attributes
                0x000000000000098c       0x2c /opt/st/stm32cubeide_1.13.2/plugins/com.st.stm32cube.ide.mcu.externaltools.gnu-tools-for-stm32.11.3.rel1.linux64_1.1.1.202309131626/tools/bin/../lib/gcc/arm-none-eabi/11.3.1/thumb/v6-m/nofp/libgcc.a(truncdfsf2.o)
 .ARM.attributes
                0x00000000000009b8       0x1e /opt/st/stm32cubeide_1.13.2/plugins/com.st.stm32cube.ide.mcu.externaltools.gnu-tools-for-stm32.11.3.rel1.linux64_1.1.1.202309131626/tools/bin/../lib/gcc/arm-none-eabi/11.3.1/thumb/v6-m/nofp/libgcc.a(_clzsi2.o)
 .ARM.attributes
                0x00000000000009d6       0x1e /opt/st/stm32cubeide_1.13.2/plugins/com.st.stm32cube.ide.mcu.externaltools.gnu-tools-for-stm32.11.3.rel1.linux64_1.1.1.202309131626/tools/bin/../lib/gcc/arm-none-eabi/11.3.1/thumb/v6-m/nofp/libgcc.a(_clzdi2.o)
 .ARM.attributes
                0x00000000000009f4       0x1e /opt/st/stm32cubeide_1.13.2/plugins/com.st.stm32cube.ide.mcu.externaltools.gnu-tools-for-stm32.11.3.rel1.linux64_1.1.1.202309131626/tools/bin/../lib/gcc/arm-none-eabi/11.3.1/thumb/v6-m/nofp/crtn.o
OUTPUT(GestureTest.elf elf32-littlearm)
LOAD linker stubs
LOAD /opt/st/stm32cubeide_1.13.2/plugins/com.st.stm32cube.ide.mcu.externaltools.gnu-tools-for-stm32.11.3.rel1.linux64_1.1.1.202309131626/tools/bin/../lib/gcc/arm-none-eabi/11.3.1/../../../../arm-none-eabi/lib/thumb/v6-m/nofp/libc.a
LOAD /opt/st/stm32cubeide_1.13.2/plugins/com.st.stm32cube.ide.mcu.externaltools.gnu-tools-for-stm32.11.3.rel1.linux64_1.1.1.202309131626/tools/bin/../lib/gcc/arm-none-eabi/11.3.1/../../../../arm-none-eabi/lib/thumb/v6-m/nofp/libm.a
LOAD /opt/st/stm32cubeide_1.13.2/plugins/com.st.stm32cube.ide.mcu.externaltools.gnu-tools-for-stm32.11.3.rel1.linux64_1.1.1.202309131626/tools/bin/../lib/gcc/arm-none-eabi/11.3.1/thumb/v6-m/nofp/libgcc.a

.comment        0x0000000000000000       0x93
 .comment       0x0000000000000000       0x43 /opt/st/stm32cubeide_1.13.2/plugins/com.st.stm32cube.ide.mcu.externaltools.gnu-tools-for-stm32.11.3.rel1.linux64_1.1.1.202309131626/tools/bin/../lib/gcc/arm-none-eabi/11.3.1/thumb/v6-m/nofp/crtbegin.o
                                         0x44 (size before relaxing)
 .comment       0x0000000000000043       0x44 ./Core/Src/main.o
 .comment       0x0000000000000043       0x44 ./Core/Src/stm32g0xx_hal_msp.o
 .comment       0x0000000000000043       0x44 ./Core/Src/stm32g0xx_it.o
 .comment       0x0000000000000043       0x44 ./Core/Src/system_stm32g0xx.o
 .comment       0x0000000000000043       0x44 ./Core/Src/tof_lib.o
 .comment       0x0000000000000043       0x44 ./Drivers/STM32G0xx_HAL_Driver/Src/stm32g0xx_hal.o
 .comment       0x0000000000000043       0x44 ./Drivers/STM32G0xx_HAL_Driver/Src/stm32g0xx_hal_cortex.o
 .comment       0x0000000000000043       0x44 ./Drivers/STM32G0xx_HAL_Driver/Src/stm32g0xx_hal_gpio.o
 .comment       0x0000000000000043       0x44 ./Drivers/STM32G0xx_HAL_Driver/Src/stm32g0xx_hal_i2c.o
 .comment       0x0000000000000043       0x44 ./Drivers/STM32G0xx_HAL_Driver/Src/stm32g0xx_hal_i2c_ex.o
 .comment       0x0000000000000043       0x44 ./Drivers/STM32G0xx_HAL_Driver/Src/stm32g0xx_hal_pwr_ex.o
 .comment       0x0000000000000043       0x44 ./Drivers/STM32G0xx_HAL_Driver/Src/stm32g0xx_hal_rcc.o
 .comment       0x0000000000000043       0x44 ./Drivers/STM32G0xx_HAL_Driver/Src/stm32g0xx_hal_rcc_ex.o
 .comment       0x0000000000000043       0x44 ./Drivers/STM32G0xx_HAL_Driver/Src/stm32g0xx_hal_uart.o
 .comment       0x0000000000000043       0x44 ./Drivers/STM32G0xx_HAL_Driver/Src/stm32g0xx_hal_uart_ex.o
 .comment       0x0000000000000043       0x44 ./Platform/platform.o
 .comment       0x0000000000000043       0x44 ./VL53L5CX_ULD_API/src/vl53l5cx_api.o
 .comment       0x0000000000000043       0x50 /home/adam/Documents/capstone/CaptstoneRepo/capstone/STM_Workspace/GestureTest/Cortex-M0plus/libGesturesMZ_m0plus.a(gwmz.o)
                                         0x51 (size before relaxing)
 .comment       0x0000000000000093       0x51 /home/adam/Documents/capstone/CaptstoneRepo/capstone/STM_Workspace/GestureTest/Cortex-M0plus/libGesturesMZ_m0plus.a(htmz.o)
 .comment       0x0000000000000093       0x51 /home/adam/Documents/capstone/CaptstoneRepo/capstone/STM_Workspace/GestureTest/Cortex-M0plus/libGesturesMZ_m0plus.a(ring_fbuffer_vm.o)
 .comment       0x0000000000000093       0x51 /home/adam/Documents/capstone/CaptstoneRepo/capstone/STM_Workspace/GestureTest/Cortex-M0plus/libGesturesMZ_m0plus.a(sensor.o)

.debug_info     0x0000000000000000    0x1111d
 .debug_info    0x0000000000000000     0x1dfd ./Core/Src/main.o
 .debug_info    0x0000000000001dfd      0xf8a ./Core/Src/stm32g0xx_hal_msp.o
 .debug_info    0x0000000000002d87      0x117 ./Core/Src/stm32g0xx_it.o
 .debug_info    0x0000000000002e9e      0x316 ./Core/Src/system_stm32g0xx.o
 .debug_info    0x00000000000031b4      0xe45 ./Core/Src/tof_lib.o
 .debug_info    0x0000000000003ff9       0x23 ./Core/Startup/startup_stm32g071rbtx.o
 .debug_info    0x000000000000401c      0xa34 ./Drivers/STM32G0xx_HAL_Driver/Src/stm32g0xx_hal.o
 .debug_info    0x0000000000004a50      0x88d ./Drivers/STM32G0xx_HAL_Driver/Src/stm32g0xx_hal_cortex.o
 .debug_info    0x00000000000052dd      0x5b9 ./Drivers/STM32G0xx_HAL_Driver/Src/stm32g0xx_hal_gpio.o
 .debug_info    0x0000000000005896     0x2152 ./Drivers/STM32G0xx_HAL_Driver/Src/stm32g0xx_hal_i2c.o
 .debug_info    0x00000000000079e8      0xa15 ./Drivers/STM32G0xx_HAL_Driver/Src/stm32g0xx_hal_i2c_ex.o
 .debug_info    0x00000000000083fd      0x7c1 ./Drivers/STM32G0xx_HAL_Driver/Src/stm32g0xx_hal_pwr_ex.o
 .debug_info    0x0000000000008bbe      0xb1d ./Drivers/STM32G0xx_HAL_Driver/Src/stm32g0xx_hal_rcc.o
 .debug_info    0x00000000000096db      0x77f ./Drivers/STM32G0xx_HAL_Driver/Src/stm32g0xx_hal_rcc_ex.o
 .debug_info    0x0000000000009e5a     0x46ff ./Drivers/STM32G0xx_HAL_Driver/Src/stm32g0xx_hal_uart.o
 .debug_info    0x000000000000e559      0xf9f ./Drivers/STM32G0xx_HAL_Driver/Src/stm32g0xx_hal_uart_ex.o
 .debug_info    0x000000000000f4f8      0xa77 ./Platform/platform.o
 .debug_info    0x000000000000ff6f     0x11ae ./VL53L5CX_ULD_API/src/vl53l5cx_api.o

.debug_abbrev   0x0000000000000000     0x25e2
 .debug_abbrev  0x0000000000000000      0x2c3 ./Core/Src/main.o
 .debug_abbrev  0x00000000000002c3      0x1dc ./Core/Src/stm32g0xx_hal_msp.o
 .debug_abbrev  0x000000000000049f       0xac ./Core/Src/stm32g0xx_it.o
 .debug_abbrev  0x000000000000054b      0x119 ./Core/Src/system_stm32g0xx.o
 .debug_abbrev  0x0000000000000664      0x21f ./Core/Src/tof_lib.o
 .debug_abbrev  0x0000000000000883       0x12 ./Core/Startup/startup_stm32g071rbtx.o
 .debug_abbrev  0x0000000000000895      0x2b2 ./Drivers/STM32G0xx_HAL_Driver/Src/stm32g0xx_hal.o
 .debug_abbrev  0x0000000000000b47      0x2ab ./Drivers/STM32G0xx_HAL_Driver/Src/stm32g0xx_hal_cortex.o
 .debug_abbrev  0x0000000000000df2      0x1c8 ./Drivers/STM32G0xx_HAL_Driver/Src/stm32g0xx_hal_gpio.o
 .debug_abbrev  0x0000000000000fba      0x291 ./Drivers/STM32G0xx_HAL_Driver/Src/stm32g0xx_hal_i2c.o
 .debug_abbrev  0x000000000000124b      0x1e6 ./Drivers/STM32G0xx_HAL_Driver/Src/stm32g0xx_hal_i2c_ex.o
 .debug_abbrev  0x0000000000001431      0x238 ./Drivers/STM32G0xx_HAL_Driver/Src/stm32g0xx_hal_pwr_ex.o
 .debug_abbrev  0x0000000000001669      0x2ab ./Drivers/STM32G0xx_HAL_Driver/Src/stm32g0xx_hal_rcc.o
 .debug_abbrev  0x0000000000001914      0x229 ./Drivers/STM32G0xx_HAL_Driver/Src/stm32g0xx_hal_rcc_ex.o
 .debug_abbrev  0x0000000000001b3d      0x322 ./Drivers/STM32G0xx_HAL_Driver/Src/stm32g0xx_hal_uart.o
 .debug_abbrev  0x0000000000001e5f      0x2e4 ./Drivers/STM32G0xx_HAL_Driver/Src/stm32g0xx_hal_uart_ex.o
 .debug_abbrev  0x0000000000002143      0x202 ./Platform/platform.o
 .debug_abbrev  0x0000000000002345      0x29d ./VL53L5CX_ULD_API/src/vl53l5cx_api.o

.debug_aranges  0x0000000000000000      0xcb0
 .debug_aranges
                0x0000000000000000       0x48 ./Core/Src/main.o
 .debug_aranges
                0x0000000000000048       0x40 ./Core/Src/stm32g0xx_hal_msp.o
 .debug_aranges
                0x0000000000000088       0x40 ./Core/Src/stm32g0xx_it.o
 .debug_aranges
                0x00000000000000c8       0x28 ./Core/Src/system_stm32g0xx.o
 .debug_aranges
                0x00000000000000f0       0x40 ./Core/Src/tof_lib.o
 .debug_aranges
                0x0000000000000130       0x28 ./Core/Startup/startup_stm32g071rbtx.o
 .debug_aranges
                0x0000000000000158      0x120 ./Drivers/STM32G0xx_HAL_Driver/Src/stm32g0xx_hal.o
 .debug_aranges
                0x0000000000000278       0xd8 ./Drivers/STM32G0xx_HAL_Driver/Src/stm32g0xx_hal_cortex.o
 .debug_aranges
                0x0000000000000350       0x60 ./Drivers/STM32G0xx_HAL_Driver/Src/stm32g0xx_hal_gpio.o
 .debug_aranges
                0x00000000000003b0      0x2a0 ./Drivers/STM32G0xx_HAL_Driver/Src/stm32g0xx_hal_i2c.o
 .debug_aranges
                0x0000000000000650       0x48 ./Drivers/STM32G0xx_HAL_Driver/Src/stm32g0xx_hal_i2c_ex.o
 .debug_aranges
                0x0000000000000698       0xf0 ./Drivers/STM32G0xx_HAL_Driver/Src/stm32g0xx_hal_pwr_ex.o
 .debug_aranges
                0x0000000000000788       0xa0 ./Drivers/STM32G0xx_HAL_Driver/Src/stm32g0xx_hal_rcc.o
 .debug_aranges
                0x0000000000000828       0x40 ./Drivers/STM32G0xx_HAL_Driver/Src/stm32g0xx_hal_rcc_ex.o
 .debug_aranges
                0x0000000000000868      0x248 ./Drivers/STM32G0xx_HAL_Driver/Src/stm32g0xx_hal_uart.o
 .debug_aranges
                0x0000000000000ab0       0xa8 ./Drivers/STM32G0xx_HAL_Driver/Src/stm32g0xx_hal_uart_ex.o
 .debug_aranges
                0x0000000000000b58       0x50 ./Platform/platform.o
 .debug_aranges
                0x0000000000000ba8      0x108 ./VL53L5CX_ULD_API/src/vl53l5cx_api.o

.debug_rnglists
                0x0000000000000000      0x9e9
 .debug_rnglists
                0x0000000000000000       0x36 ./Core/Src/main.o
 .debug_rnglists
                0x0000000000000036       0x2d ./Core/Src/stm32g0xx_hal_msp.o
 .debug_rnglists
                0x0000000000000063       0x2b ./Core/Src/stm32g0xx_it.o
 .debug_rnglists
                0x000000000000008e       0x1a ./Core/Src/system_stm32g0xx.o
 .debug_rnglists
                0x00000000000000a8       0x2d ./Core/Src/tof_lib.o
 .debug_rnglists
                0x00000000000000d5       0x19 ./Core/Startup/startup_stm32g071rbtx.o
 .debug_rnglists
                0x00000000000000ee       0xd4 ./Drivers/STM32G0xx_HAL_Driver/Src/stm32g0xx_hal.o
 .debug_rnglists
                0x00000000000001c2       0x9f ./Drivers/STM32G0xx_HAL_Driver/Src/stm32g0xx_hal_cortex.o
 .debug_rnglists
                0x0000000000000261       0x45 ./Drivers/STM32G0xx_HAL_Driver/Src/stm32g0xx_hal_gpio.o
 .debug_rnglists
                0x00000000000002a6      0x226 ./Drivers/STM32G0xx_HAL_Driver/Src/stm32g0xx_hal_i2c.o
 .debug_rnglists
                0x00000000000004cc       0x35 ./Drivers/STM32G0xx_HAL_Driver/Src/stm32g0xx_hal_i2c_ex.o
 .debug_rnglists
                0x0000000000000501       0xb5 ./Drivers/STM32G0xx_HAL_Driver/Src/stm32g0xx_hal_pwr_ex.o
 .debug_rnglists
                0x00000000000005b6       0x79 ./Drivers/STM32G0xx_HAL_Driver/Src/stm32g0xx_hal_rcc.o
 .debug_rnglists
                0x000000000000062f       0x30 ./Drivers/STM32G0xx_HAL_Driver/Src/stm32g0xx_hal_rcc_ex.o
 .debug_rnglists
                0x000000000000065f      0x1fb ./Drivers/STM32G0xx_HAL_Driver/Src/stm32g0xx_hal_uart.o
 .debug_rnglists
                0x000000000000085a       0x80 ./Drivers/STM32G0xx_HAL_Driver/Src/stm32g0xx_hal_uart_ex.o
 .debug_rnglists
                0x00000000000008da       0x39 ./Platform/platform.o
 .debug_rnglists
                0x0000000000000913       0xd6 ./VL53L5CX_ULD_API/src/vl53l5cx_api.o

.debug_macro    0x0000000000000000    0x19635
 .debug_macro   0x0000000000000000      0x3ad ./Core/Src/main.o
 .debug_macro   0x00000000000003ad      0xa7e ./Core/Src/main.o
 .debug_macro   0x0000000000000e2b      0x11d ./Core/Src/main.o
 .debug_macro   0x0000000000000f48       0x2e ./Core/Src/main.o
 .debug_macro   0x0000000000000f76       0x28 ./Core/Src/main.o
 .debug_macro   0x0000000000000f9e       0x22 ./Core/Src/main.o
 .debug_macro   0x0000000000000fc0       0x8e ./Core/Src/main.o
 .debug_macro   0x000000000000104e       0x51 ./Core/Src/main.o
 .debug_macro   0x000000000000109f      0x103 ./Core/Src/main.o
 .debug_macro   0x00000000000011a2       0x6a ./Core/Src/main.o
 .debug_macro   0x000000000000120c      0x1df ./Core/Src/main.o
 .debug_macro   0x00000000000013eb       0x1c ./Core/Src/main.o
 .debug_macro   0x0000000000001407       0x22 ./Core/Src/main.o
 .debug_macro   0x0000000000001429       0xd1 ./Core/Src/main.o
 .debug_macro   0x00000000000014fa      0x4da ./Core/Src/main.o
 .debug_macro   0x00000000000019d4      0x11f ./Core/Src/main.o
 .debug_macro   0x0000000000001af3     0xc730 ./Core/Src/main.o
 .debug_macro   0x000000000000e223       0x66 ./Core/Src/main.o
 .debug_macro   0x000000000000e289     0x34fd ./Core/Src/main.o
 .debug_macro   0x0000000000011786      0x174 ./Core/Src/main.o
 .debug_macro   0x00000000000118fa       0x5c ./Core/Src/main.o
 .debug_macro   0x0000000000011956      0x56c ./Core/Src/main.o
 .debug_macro   0x0000000000011ec2     0x10d5 ./Core/Src/main.o
 .debug_macro   0x0000000000012f97      0x264 ./Core/Src/main.o
 .debug_macro   0x00000000000131fb      0x1cf ./Core/Src/main.o
 .debug_macro   0x00000000000133ca      0x1d8 ./Core/Src/main.o
 .debug_macro   0x00000000000135a2      0x426 ./Core/Src/main.o
 .debug_macro   0x00000000000139c8      0x280 ./Core/Src/main.o
 .debug_macro   0x0000000000013c48      0x3a7 ./Core/Src/main.o
 .debug_macro   0x0000000000013fef      0x1b2 ./Core/Src/main.o
 .debug_macro   0x00000000000141a1       0x43 ./Core/Src/main.o
 .debug_macro   0x00000000000141e4      0x1f1 ./Core/Src/main.o
 .debug_macro   0x00000000000143d5      0x1d6 ./Core/Src/main.o
 .debug_macro   0x00000000000145ab      0x38a ./Core/Src/main.o
 .debug_macro   0x0000000000014935       0x28 ./Core/Src/main.o
 .debug_macro   0x000000000001495d       0xe4 ./Core/Src/main.o
 .debug_macro   0x0000000000014a41      0x22c ./Core/Src/main.o
 .debug_macro   0x0000000000014c6d       0x67 ./Core/Src/main.o
 .debug_macro   0x0000000000014cd4       0xa5 ./Core/Src/main.o
 .debug_macro   0x0000000000014d79      0x125 ./Core/Src/main.o
 .debug_macro   0x0000000000014e9e      0x240 ./Core/Src/main.o
 .debug_macro   0x00000000000150de      0x693 ./Core/Src/main.o
 .debug_macro   0x0000000000015771       0xa6 ./Core/Src/main.o
 .debug_macro   0x0000000000015817      0x4f2 ./Core/Src/main.o
 .debug_macro   0x0000000000015d09       0xb8 ./Core/Src/main.o
 .debug_macro   0x0000000000015dc1       0x61 ./Core/Src/main.o
 .debug_macro   0x0000000000015e22       0x24 ./Core/Src/main.o
 .debug_macro   0x0000000000015e46       0x43 ./Core/Src/main.o
 .debug_macro   0x0000000000015e89       0x34 ./Core/Src/main.o
 .debug_macro   0x0000000000015ebd       0x16 ./Core/Src/main.o
 .debug_macro   0x0000000000015ed3       0x35 ./Core/Src/main.o
 .debug_macro   0x0000000000015f08      0x369 ./Core/Src/main.o
 .debug_macro   0x0000000000016271       0x10 ./Core/Src/main.o
 .debug_macro   0x0000000000016281       0x16 ./Core/Src/main.o
 .debug_macro   0x0000000000016297       0x43 ./Core/Src/main.o
 .debug_macro   0x00000000000162da       0x34 ./Core/Src/main.o
 .debug_macro   0x000000000001630e       0x10 ./Core/Src/main.o
 .debug_macro   0x000000000001631e       0x58 ./Core/Src/main.o
 .debug_macro   0x0000000000016376       0x8e ./Core/Src/main.o
 .debug_macro   0x0000000000016404       0x1c ./Core/Src/main.o
 .debug_macro   0x0000000000016420      0x177 ./Core/Src/main.o
 .debug_macro   0x0000000000016597       0x16 ./Core/Src/main.o
 .debug_macro   0x00000000000165ad       0x16 ./Core/Src/main.o
 .debug_macro   0x00000000000165c3      0x147 ./Core/Src/main.o
 .debug_macro   0x000000000001670a       0x16 ./Core/Src/main.o
 .debug_macro   0x0000000000016720       0x20 ./Core/Src/main.o
 .debug_macro   0x0000000000016740      0x1e9 ./Core/Src/main.o
 .debug_macro   0x0000000000016929       0x22 ./Core/Src/main.o
 .debug_macro   0x000000000001694b      0x201 ./Core/Src/main.o
 .debug_macro   0x0000000000016b4c      0x186 ./Core/Src/main.o
 .debug_macro   0x0000000000016cd2       0x3a ./Core/Src/main.o
 .debug_macro   0x0000000000016d0c       0x2e ./Core/Src/main.o
 .debug_macro   0x0000000000016d3a       0x10 ./Core/Src/main.o
 .debug_macro   0x0000000000016d4a       0x34 ./Core/Src/main.o
 .debug_macro   0x0000000000016d7e       0x10 ./Core/Src/main.o
 .debug_macro   0x0000000000016d8e       0xca ./Core/Src/main.o
 .debug_macro   0x0000000000016e58      0x1f3 ./Core/Src/stm32g0xx_hal_msp.o
 .debug_macro   0x000000000001704b      0x1fd ./Core/Src/stm32g0xx_it.o
 .debug_macro   0x0000000000017248      0x1e4 ./Core/Src/system_stm32g0xx.o
 .debug_macro   0x000000000001742c      0x398 ./Core/Src/tof_lib.o
 .debug_macro   0x00000000000177c4       0x97 ./Core/Src/tof_lib.o
 .debug_macro   0x000000000001785b       0xfd ./Core/Src/tof_lib.o
 .debug_macro   0x0000000000017958       0x56 ./Core/Src/tof_lib.o
 .debug_macro   0x00000000000179ae      0x208 ./Drivers/STM32G0xx_HAL_Driver/Src/stm32g0xx_hal.o
 .debug_macro   0x0000000000017bb6      0x1e4 ./Drivers/STM32G0xx_HAL_Driver/Src/stm32g0xx_hal_cortex.o
 .debug_macro   0x0000000000017d9a      0x1eb ./Drivers/STM32G0xx_HAL_Driver/Src/stm32g0xx_hal_gpio.o
 .debug_macro   0x0000000000017f85      0x2b0 ./Drivers/STM32G0xx_HAL_Driver/Src/stm32g0xx_hal_i2c.o
 .debug_macro   0x0000000000018235      0x1e4 ./Drivers/STM32G0xx_HAL_Driver/Src/stm32g0xx_hal_i2c_ex.o
 .debug_macro   0x0000000000018419      0x20e ./Drivers/STM32G0xx_HAL_Driver/Src/stm32g0xx_hal_pwr_ex.o
 .debug_macro   0x0000000000018627      0x220 ./Drivers/STM32G0xx_HAL_Driver/Src/stm32g0xx_hal_rcc.o
 .debug_macro   0x0000000000018847      0x1fc ./Drivers/STM32G0xx_HAL_Driver/Src/stm32g0xx_hal_rcc_ex.o
 .debug_macro   0x0000000000018a43      0x20f ./Drivers/STM32G0xx_HAL_Driver/Src/stm32g0xx_hal_uart.o
 .debug_macro   0x0000000000018c52      0x1f0 ./Drivers/STM32G0xx_HAL_Driver/Src/stm32g0xx_hal_uart_ex.o
 .debug_macro   0x0000000000018e42      0x2f6 ./Platform/platform.o
 .debug_macro   0x0000000000019138      0x336 ./VL53L5CX_ULD_API/src/vl53l5cx_api.o
 .debug_macro   0x000000000001946e      0x10e ./VL53L5CX_ULD_API/src/vl53l5cx_api.o
 .debug_macro   0x000000000001957c       0x8d ./VL53L5CX_ULD_API/src/vl53l5cx_api.o
 .debug_macro   0x0000000000019609       0x1c ./VL53L5CX_ULD_API/src/vl53l5cx_api.o
 .debug_macro   0x0000000000019625       0x10 ./VL53L5CX_ULD_API/src/vl53l5cx_api.o

.debug_line     0x0000000000000000    0x1157d
 .debug_line    0x0000000000000000      0xb74 ./Core/Src/main.o
 .debug_line    0x0000000000000b74      0x790 ./Core/Src/stm32g0xx_hal_msp.o
 .debug_line    0x0000000000001304      0x733 ./Core/Src/stm32g0xx_it.o
 .debug_line    0x0000000000001a37      0x741 ./Core/Src/system_stm32g0xx.o
 .debug_line    0x0000000000002178      0xae2 ./Core/Src/tof_lib.o
 .debug_line    0x0000000000002c5a       0x7b ./Core/Startup/startup_stm32g071rbtx.o
 .debug_line    0x0000000000002cd5      0xa77 ./Drivers/STM32G0xx_HAL_Driver/Src/stm32g0xx_hal.o
 .debug_line    0x000000000000374c      0xaf8 ./Drivers/STM32G0xx_HAL_Driver/Src/stm32g0xx_hal_cortex.o
 .debug_line    0x0000000000004244      0xae4 ./Drivers/STM32G0xx_HAL_Driver/Src/stm32g0xx_hal_gpio.o
 .debug_line    0x0000000000004d28     0x3694 ./Drivers/STM32G0xx_HAL_Driver/Src/stm32g0xx_hal_i2c.o
 .debug_line    0x00000000000083bc      0x8ec ./Drivers/STM32G0xx_HAL_Driver/Src/stm32g0xx_hal_i2c_ex.o
 .debug_line    0x0000000000008ca8      0xa54 ./Drivers/STM32G0xx_HAL_Driver/Src/stm32g0xx_hal_pwr_ex.o
 .debug_line    0x00000000000096fc      0xe9f ./Drivers/STM32G0xx_HAL_Driver/Src/stm32g0xx_hal_rcc.o
 .debug_line    0x000000000000a59b      0xcb3 ./Drivers/STM32G0xx_HAL_Driver/Src/stm32g0xx_hal_rcc_ex.o
 .debug_line    0x000000000000b24e     0x3415 ./Drivers/STM32G0xx_HAL_Driver/Src/stm32g0xx_hal_uart.o
 .debug_line    0x000000000000e663      0xd76 ./Drivers/STM32G0xx_HAL_Driver/Src/stm32g0xx_hal_uart_ex.o
 .debug_line    0x000000000000f3d9      0x96e ./Platform/platform.o
 .debug_line    0x000000000000fd47     0x1836 ./VL53L5CX_ULD_API/src/vl53l5cx_api.o

.debug_str      0x0000000000000000    0x9c086
 .debug_str     0x0000000000000000    0x98706 ./Core/Src/main.o
                                      0x98f24 (size before relaxing)
 .debug_str     0x0000000000098706      0x1d0 ./Core/Src/stm32g0xx_hal_msp.o
                                      0x92998 (size before relaxing)
 .debug_str     0x00000000000988d6       0x82 ./Core/Src/stm32g0xx_it.o
                                      0x91eda (size before relaxing)
 .debug_str     0x0000000000098958       0x8e ./Core/Src/system_stm32g0xx.o
                                      0x91d1d (size before relaxing)
 .debug_str     0x00000000000989e6      0x16f ./Core/Src/tof_lib.o
                                      0x9801c (size before relaxing)
 .debug_str     0x0000000000098b55       0x34 ./Core/Startup/startup_stm32g071rbtx.o
                                         0x89 (size before relaxing)
 .debug_str     0x0000000000098b89      0x74a ./Drivers/STM32G0xx_HAL_Driver/Src/stm32g0xx_hal.o
                                      0x9251a (size before relaxing)
 .debug_str     0x00000000000992d3      0x290 ./Drivers/STM32G0xx_HAL_Driver/Src/stm32g0xx_hal_cortex.o
                                      0x921ac (size before relaxing)
 .debug_str     0x0000000000099563      0x13e ./Drivers/STM32G0xx_HAL_Driver/Src/stm32g0xx_hal_gpio.o
                                      0x91e66 (size before relaxing)
 .debug_str     0x00000000000996a1      0xde4 ./Drivers/STM32G0xx_HAL_Driver/Src/stm32g0xx_hal_i2c.o
                                      0x930ec (size before relaxing)
 .debug_str     0x000000000009a485       0xb8 ./Drivers/STM32G0xx_HAL_Driver/Src/stm32g0xx_hal_i2c_ex.o
                                      0x92386 (size before relaxing)
 .debug_str     0x000000000009a53d      0x38b ./Drivers/STM32G0xx_HAL_Driver/Src/stm32g0xx_hal_pwr_ex.o
                                      0x921aa (size before relaxing)
 .debug_str     0x000000000009a8c8      0x345 ./Drivers/STM32G0xx_HAL_Driver/Src/stm32g0xx_hal_rcc.o
                                      0x92340 (size before relaxing)
 .debug_str     0x000000000009ac0d      0x17b ./Drivers/STM32G0xx_HAL_Driver/Src/stm32g0xx_hal_rcc_ex.o
                                      0x920e7 (size before relaxing)
 .debug_str     0x000000000009ad88      0x9d3 ./Drivers/STM32G0xx_HAL_Driver/Src/stm32g0xx_hal_uart.o
                                      0x92ce8 (size before relaxing)
 .debug_str     0x000000000009b75b      0x274 ./Drivers/STM32G0xx_HAL_Driver/Src/stm32g0xx_hal_uart_ex.o
                                      0x925a7 (size before relaxing)
 .debug_str     0x000000000009b9cf       0x9a ./Platform/platform.o
                                      0x95a79 (size before relaxing)
 .debug_str     0x000000000009ba69      0x61d ./VL53L5CX_ULD_API/src/vl53l5cx_api.o
                                      0x96aeb (size before relaxing)

.debug_frame    0x0000000000000000     0x330c
 .debug_frame   0x0000000000000000       0xc4 ./Core/Src/main.o
 .debug_frame   0x00000000000000c4       0xb0 ./Core/Src/stm32g0xx_hal_msp.o
 .debug_frame   0x0000000000000174       0x9c ./Core/Src/stm32g0xx_it.o
 .debug_frame   0x0000000000000210       0x4c ./Core/Src/system_stm32g0xx.o
 .debug_frame   0x000000000000025c       0xb0 ./Core/Src/tof_lib.o
 .debug_frame   0x000000000000030c      0x3dc ./Drivers/STM32G0xx_HAL_Driver/Src/stm32g0xx_hal.o
 .debug_frame   0x00000000000006e8      0x2fc ./Drivers/STM32G0xx_HAL_Driver/Src/stm32g0xx_hal_cortex.o
 .debug_frame   0x00000000000009e4      0x130 ./Drivers/STM32G0xx_HAL_Driver/Src/stm32g0xx_hal_gpio.o
 .debug_frame   0x0000000000000b14      0xa64 ./Drivers/STM32G0xx_HAL_Driver/Src/stm32g0xx_hal_i2c.o
 .debug_frame   0x0000000000001578       0xd0 ./Drivers/STM32G0xx_HAL_Driver/Src/stm32g0xx_hal_i2c_ex.o
 .debug_frame   0x0000000000001648      0x32c ./Drivers/STM32G0xx_HAL_Driver/Src/stm32g0xx_hal_pwr_ex.o
 .debug_frame   0x0000000000001974      0x214 ./Drivers/STM32G0xx_HAL_Driver/Src/stm32g0xx_hal_rcc.o
 .debug_frame   0x0000000000001b88       0xb0 ./Drivers/STM32G0xx_HAL_Driver/Src/stm32g0xx_hal_rcc_ex.o
 .debug_frame   0x0000000000001c38      0x8d8 ./Drivers/STM32G0xx_HAL_Driver/Src/stm32g0xx_hal_uart.o
 .debug_frame   0x0000000000002510      0x25c ./Drivers/STM32G0xx_HAL_Driver/Src/stm32g0xx_hal_uart_ex.o
 .debug_frame   0x000000000000276c      0x100 ./Platform/platform.o
 .debug_frame   0x000000000000286c      0x410 ./VL53L5CX_ULD_API/src/vl53l5cx_api.o
 .debug_frame   0x0000000000002c7c      0x138 /opt/st/stm32cubeide_1.13.2/plugins/com.st.stm32cube.ide.mcu.externaltools.gnu-tools-for-stm32.11.3.rel1.linux64_1.1.1.202309131626/tools/bin/../lib/gcc/arm-none-eabi/11.3.1/../../../../arm-none-eabi/lib/thumb/v6-m/nofp/libc_nano.a(libc_a-findfp.o)
 .debug_frame   0x0000000000002db4       0x20 /opt/st/stm32cubeide_1.13.2/plugins/com.st.stm32cube.ide.mcu.externaltools.gnu-tools-for-stm32.11.3.rel1.linux64_1.1.1.202309131626/tools/bin/../lib/gcc/arm-none-eabi/11.3.1/../../../../arm-none-eabi/lib/thumb/v6-m/nofp/libc_nano.a(libc_a-memset.o)
 .debug_frame   0x0000000000002dd4       0x20 /opt/st/stm32cubeide_1.13.2/plugins/com.st.stm32cube.ide.mcu.externaltools.gnu-tools-for-stm32.11.3.rel1.linux64_1.1.1.202309131626/tools/bin/../lib/gcc/arm-none-eabi/11.3.1/../../../../arm-none-eabi/lib/thumb/v6-m/nofp/libc_nano.a(libc_a-errno.o)
 .debug_frame   0x0000000000002df4       0x2c /opt/st/stm32cubeide_1.13.2/plugins/com.st.stm32cube.ide.mcu.externaltools.gnu-tools-for-stm32.11.3.rel1.linux64_1.1.1.202309131626/tools/bin/../lib/gcc/arm-none-eabi/11.3.1/../../../../arm-none-eabi/lib/thumb/v6-m/nofp/libc_nano.a(libc_a-init.o)
 .debug_frame   0x0000000000002e20       0x28 /opt/st/stm32cubeide_1.13.2/plugins/com.st.stm32cube.ide.mcu.externaltools.gnu-tools-for-stm32.11.3.rel1.linux64_1.1.1.202309131626/tools/bin/../lib/gcc/arm-none-eabi/11.3.1/../../../../arm-none-eabi/lib/thumb/v6-m/nofp/libc_nano.a(libc_a-memcpy-stub.o)
 .debug_frame   0x0000000000002e48       0x30 /opt/st/stm32cubeide_1.13.2/plugins/com.st.stm32cube.ide.mcu.externaltools.gnu-tools-for-stm32.11.3.rel1.linux64_1.1.1.202309131626/tools/bin/../lib/gcc/arm-none-eabi/11.3.1/../../../../arm-none-eabi/lib/thumb/v6-m/nofp/libm.a(libm_a-w_sqrt.o)
 .debug_frame   0x0000000000002e78       0x30 /opt/st/stm32cubeide_1.13.2/plugins/com.st.stm32cube.ide.mcu.externaltools.gnu-tools-for-stm32.11.3.rel1.linux64_1.1.1.202309131626/tools/bin/../lib/gcc/arm-none-eabi/11.3.1/../../../../arm-none-eabi/lib/thumb/v6-m/nofp/libm.a(libm_a-e_sqrt.o)
 .debug_frame   0x0000000000002ea8       0x34 /opt/st/stm32cubeide_1.13.2/plugins/com.st.stm32cube.ide.mcu.externaltools.gnu-tools-for-stm32.11.3.rel1.linux64_1.1.1.202309131626/tools/bin/../lib/gcc/arm-none-eabi/11.3.1/../../../../arm-none-eabi/lib/thumb/v6-m/nofp/libm.a(libm_a-s_ceil.o)
 .debug_frame   0x0000000000002edc       0x20 /opt/st/stm32cubeide_1.13.2/plugins/com.st.stm32cube.ide.mcu.externaltools.gnu-tools-for-stm32.11.3.rel1.linux64_1.1.1.202309131626/tools/bin/../lib/gcc/arm-none-eabi/11.3.1/thumb/v6-m/nofp/libgcc.a(_udivsi3.o)
 .debug_frame   0x0000000000002efc       0x20 /opt/st/stm32cubeide_1.13.2/plugins/com.st.stm32cube.ide.mcu.externaltools.gnu-tools-for-stm32.11.3.rel1.linux64_1.1.1.202309131626/tools/bin/../lib/gcc/arm-none-eabi/11.3.1/thumb/v6-m/nofp/libgcc.a(_divsi3.o)
 .debug_frame   0x0000000000002f1c       0x3c /opt/st/stm32cubeide_1.13.2/plugins/com.st.stm32cube.ide.mcu.externaltools.gnu-tools-for-stm32.11.3.rel1.linux64_1.1.1.202309131626/tools/bin/../lib/gcc/arm-none-eabi/11.3.1/thumb/v6-m/nofp/libgcc.a(_udivmoddi4.o)
 .debug_frame   0x0000000000002f58       0x38 /opt/st/stm32cubeide_1.13.2/plugins/com.st.stm32cube.ide.mcu.externaltools.gnu-tools-for-stm32.11.3.rel1.linux64_1.1.1.202309131626/tools/bin/../lib/gcc/arm-none-eabi/11.3.1/thumb/v6-m/nofp/libgcc.a(divsf3.o)
 .debug_frame   0x0000000000002f90       0x2c /opt/st/stm32cubeide_1.13.2/plugins/com.st.stm32cube.ide.mcu.externaltools.gnu-tools-for-stm32.11.3.rel1.linux64_1.1.1.202309131626/tools/bin/../lib/gcc/arm-none-eabi/11.3.1/thumb/v6-m/nofp/libgcc.a(eqsf2.o)