16:08:03 **** Incremental Build of configuration Debug for project LEDMatrixApp ****
make -j8 all 
arm-none-eabi-gcc "../Core/Src/tof_lib.c" -mcpu=cortex-m4 -std=gnu11 -g3 -DDEBUG -DUSE_HAL_DRIVER -DSTM32F401xE -c -I../Core/Inc -I../Drivers/STM32F4xx_HAL_Driver/Inc -I../Drivers/STM32F4xx_HAL_Driver/Inc/Legacy -I../Drivers/CMSIS/Device/ST/STM32F4xx/Include -I../Drivers/CMSIS/Include -I"/home/adam/Documents/capstone/CaptstoneRepo/capstone/STM_Workspace/LEDMatrixApp/VL53LMZ_ULD_API/inc" -I"/home/adam/Documents/capstone/CaptstoneRepo/capstone/STM_Workspace/LEDMatrixApp/Platform" -I"/home/adam/Documents/capstone/CaptstoneRepo/capstone/STM_Workspace/LEDMatrixApp/GesturesMZ" -I"/home/adam/Documents/capstone/CaptstoneRepo/capstone/STM_Workspace/LEDMatrixApp/apps_layer" -O0 -ffunction-sections -fdata-sections -Wall -fstack-usage -fcyclomatic-complexity -MMD -MP -MF"Core/Src/tof_lib.d" -MT"Core/Src/tof_lib.o" --specs=nano.specs -mfpu=fpv4-sp-d16 -mfloat-abi=hard -mthumb -o "Core/Src/tof_lib.o"
../Core/Src/tof_lib.c: In function 'update_led_matrix':
../Core/Src/tof_lib.c:149:22: warning: variable 'col' set but not used [-Wunused-but-set-variable]
  149 |         uint8_t row, col;
      |                      ^~~
../Core/Src/tof_lib.c:149:17: warning: variable 'row' set but not used [-Wunused-but-set-variable]
  149 |         uint8_t row, col;
      |                 ^~~
arm-none-eabi-gcc -o "LEDMatrixApp.elf" @"objects.list"  -lGesturesMZ -mcpu=cortex-m4 -T"/home/adam/Documents/capstone/CaptstoneRepo/capstone/STM_Workspace/LEDMatrixApp/STM32F401RETX_FLASH.ld" --specs=nosys.specs -Wl,-Map="LEDMatrixApp.map" -Wl,--gc-sections -static -L../GesturesMZ --specs=nano.specs -mfpu=fpv4-sp-d16 -mfloat-abi=hard -mthumb -Wl,--start-group -lc -lm -Wl,--end-group
Finished building target: LEDMatrixApp.elf
 
arm-none-eabi-size   LEDMatrixApp.elf 
arm-none-eabi-objdump -h -S  LEDMatrixApp.elf  > "LEDMatrixApp.list"
   text	   data	    bss	    dec	    hex	filename
 134940	    136	  19352	 154428	  25b3c	LEDMatrixApp.elf
Finished building: default.size.stdout
 
Finished building: LEDMatrixApp.list
 
16:08:16 **** Incremental Build of configuration Debug for project LEDMatrixApp ****
make -j8 all 
arm-none-eabi-size   LEDMatrixApp.elf 
   text	   data	    bss	    dec	    hex	filename
 134940	    136	  19352	 154428	  25b3c	LEDMatrixApp.elf
Finished building: default.size.stdout
 
16:20:34 **** Incremental Build of configuration Debug for project LEDMatrixApp ****
make -j8 all 
arm-none-eabi-gcc "../Core/Src/main.c" -mcpu=cortex-m4 -std=gnu11 -g3 -DDEBUG -DUSE_HAL_DRIVER -DSTM32F401xE -c -I../Core/Inc -I../Drivers/STM32F4xx_HAL_Driver/Inc -I../Drivers/STM32F4xx_HAL_Driver/Inc/Legacy -I../Drivers/CMSIS/Device/ST/STM32F4xx/Include -I../Drivers/CMSIS/Include -I"/home/adam/Documents/capstone/CaptstoneRepo/capstone/STM_Workspace/LEDMatrixApp/VL53LMZ_ULD_API/inc" -I"/home/adam/Documents/capstone/CaptstoneRepo/capstone/STM_Workspace/LEDMatrixApp/Platform" -I"/home/adam/Documents/capstone/CaptstoneRepo/capstone/STM_Workspace/LEDMatrixApp/GesturesMZ" -I"/home/adam/Documents/capstone/CaptstoneRepo/capstone/STM_Workspace/LEDMatrixApp/apps_layer" -O0 -ffunction-sections -fdata-sections -Wall -fstack-usage -fcyclomatic-complexity -MMD -MP -MF"Core/Src/main.d" -MT"Core/Src/main.o" --specs=nano.specs -mfpu=fpv4-sp-d16 -mfloat-abi=hard -mthumb -o "Core/Src/main.o"
arm-none-eabi-gcc "../Core/Src/stm32f4xx_hal_msp.c" -mcpu=cortex-m4 -std=gnu11 -g3 -DDEBUG -DUSE_HAL_DRIVER -DSTM32F401xE -c -I../Core/Inc -I../Drivers/STM32F4xx_HAL_Driver/Inc -I../Drivers/STM32F4xx_HAL_Driver/Inc/Legacy -I../Drivers/CMSIS/Device/ST/STM32F4xx/Include -I../Drivers/CMSIS/Include -I"/home/adam/Documents/capstone/CaptstoneRepo/capstone/STM_Workspace/LEDMatrixApp/VL53LMZ_ULD_API/inc" -I"/home/adam/Documents/capstone/CaptstoneRepo/capstone/STM_Workspace/LEDMatrixApp/Platform" -I"/home/adam/Documents/capstone/CaptstoneRepo/capstone/STM_Workspace/LEDMatrixApp/GesturesMZ" -I"/home/adam/Documents/capstone/CaptstoneRepo/capstone/STM_Workspace/LEDMatrixApp/apps_layer" -O0 -ffunction-sections -fdata-sections -Wall -fstack-usage -fcyclomatic-complexity -MMD -MP -MF"Core/Src/stm32f4xx_hal_msp.d" -MT"Core/Src/stm32f4xx_hal_msp.o" --specs=nano.specs -mfpu=fpv4-sp-d16 -mfloat-abi=hard -mthumb -o "Core/Src/stm32f4xx_hal_msp.o"
arm-none-eabi-gcc "../Core/Src/stm32f4xx_it.c" -mcpu=cortex-m4 -std=gnu11 -g3 -DDEBUG -DUSE_HAL_DRIVER -DSTM32F401xE -c -I../Core/Inc -I../Drivers/STM32F4xx_HAL_Driver/Inc -I../Drivers/STM32F4xx_HAL_Driver/Inc/Legacy -I../Drivers/CMSIS/Device/ST/STM32F4xx/Include -I../Drivers/CMSIS/Include -I"/home/adam/Documents/capstone/CaptstoneRepo/capstone/STM_Workspace/LEDMatrixApp/VL53LMZ_ULD_API/inc" -I"/home/adam/Documents/capstone/CaptstoneRepo/capstone/STM_Workspace/LEDMatrixApp/Platform" -I"/home/adam/Documents/capstone/CaptstoneRepo/capstone/STM_Workspace/LEDMatrixApp/GesturesMZ" -I"/home/adam/Documents/capstone/CaptstoneRepo/capstone/STM_Workspace/LEDMatrixApp/apps_layer" -O0 -ffunction-sections -fdata-sections -Wall -fstack-usage -fcyclomatic-complexity -MMD -MP -MF"Core/Src/stm32f4xx_it.d" -MT"Core/Src/stm32f4xx_it.o" --specs=nano.specs -mfpu=fpv4-sp-d16 -mfloat-abi=hard -mthumb -o "Core/Src/stm32f4xx_it.o"
arm-none-eabi-gcc "../Core/Src/tof_lib.c" -mcpu=cortex-m4 -std=gnu11 -g3 -DDEBUG -DUSE_HAL_DRIVER -DSTM32F401xE -c -I../Core/Inc -I../Drivers/STM32F4xx_HAL_Driver/Inc -I../Drivers/STM32F4xx_HAL_Driver/Inc/Legacy -I../Drivers/CMSIS/Device/ST/STM32F4xx/Include -I../Drivers/CMSIS/Include -I"/home/adam/Documents/capstone/CaptstoneRepo/capstone/STM_Workspace/LEDMatrixApp/VL53LMZ_ULD_API/inc" -I"/home/adam/Documents/capstone/CaptstoneRepo/capstone/STM_Workspace/LEDMatrixApp/Platform" -I"/home/adam/Documents/capstone/CaptstoneRepo/capstone/STM_Workspace/LEDMatrixApp/GesturesMZ" -I"/home/adam/Documents/capstone/CaptstoneRepo/capstone/STM_Workspace/LEDMatrixApp/apps_layer" -O0 -ffunction-sections -fdata-sections -Wall -fstack-usage -fcyclomatic-complexity -MMD -MP -MF"Core/Src/tof_lib.d" -MT"Core/Src/tof_lib.o" --specs=nano.specs -mfpu=fpv4-sp-d16 -mfloat-abi=hard -mthumb -o "Core/Src/tof_lib.o"
../Core/Src/tof_lib.c: In function 'update_led_matrix':
../Core/Src/tof_lib.c:149:22: warning: variable 'col' set but not used [-Wunused-but-set-variable]
  149 |         uint8_t row, col;
      |                      ^~~
../Core/Src/tof_lib.c:149:17: warning: variable 'row' set but not used [-Wunused-but-set-variable]
  149 |         uint8_t row, col;
      |                 ^~~
arm-none-eabi-gcc -o "LEDMatrixApp.elf" @"objects.list"  -lGesturesMZ -mcpu=cortex-m4 -T"/home/adam/Documents/capstone/CaptstoneRepo/capstone/STM_Workspace/LEDMatrixApp/STM32F401RETX_FLASH.ld" --specs=nosys.specs -Wl,-Map="LEDMatrixApp.map" -Wl,--gc-sections -static -L../GesturesMZ --specs=nano.specs -mfpu=fpv4-sp-d16 -mfloat-abi=hard -mthumb -Wl,--start-group -lc -lm -Wl,--end-group
Finished building target: LEDMatrixApp.elf
 
arm-none-eabi-size   LEDMatrixApp.elf 
arm-none-eabi-objdump -h -S  LEDMatrixApp.elf  > "LEDMatrixApp.list"
   text	   data	    bss	    dec	    hex	filename
 134940	    136	  19352	 154428	  25b3c	LEDMatrixApp.elf
Finished building: default.size.stdout
 
Finished building: LEDMatrixApp.list
 
16:25:04 **** Incremental Build of configuration Debug for project LEDMatrixApp ****
make -j8 all 
arm-none-eabi-gcc "../Core/Src/tof_lib.c" -mcpu=cortex-m4 -std=gnu11 -g3 -DDEBUG -DUSE_HAL_DRIVER -DSTM32F401xE -c -I../Core/Inc -I../Drivers/STM32F4xx_HAL_Driver/Inc -I../Drivers/STM32F4xx_HAL_Driver/Inc/Legacy -I../Drivers/CMSIS/Device/ST/STM32F4xx/Include -I../Drivers/CMSIS/Include -I"/home/adam/Documents/capstone/CaptstoneRepo/capstone/STM_Workspace/LEDMatrixApp/VL53LMZ_ULD_API/inc" -I"/home/adam/Documents/capstone/CaptstoneRepo/capstone/STM_Workspace/LEDMatrixApp/Platform" -I"/home/adam/Documents/capstone/CaptstoneRepo/capstone/STM_Workspace/LEDMatrixApp/GesturesMZ" -I"/home/adam/Documents/capstone/CaptstoneRepo/capstone/STM_Workspace/LEDMatrixApp/apps_layer" -O0 -ffunction-sections -fdata-sections -Wall -fstack-usage -fcyclomatic-complexity -MMD -MP -MF"Core/Src/tof_lib.d" -MT"Core/Src/tof_lib.o" --specs=nano.specs -mfpu=fpv4-sp-d16 -mfloat-abi=hard -mthumb -o "Core/Src/tof_lib.o"
../Core/Src/tof_lib.c: In function 'update_led_matrix':
../Core/Src/tof_lib.c:153:22: warning: variable 'col' set but not used [-Wunused-but-set-variable]
  153 |         uint8_t row, col;
      |                      ^~~
../Core/Src/tof_lib.c:153:17: warning: variable 'row' set but not used [-Wunused-but-set-variable]
  153 |         uint8_t row, col;
      |                 ^~~
arm-none-eabi-gcc -o "LEDMatrixApp.elf" @"objects.list"  -lGesturesMZ -mcpu=cortex-m4 -T"/home/adam/Documents/capstone/CaptstoneRepo/capstone/STM_Workspace/LEDMatrixApp/STM32F401RETX_FLASH.ld" --specs=nosys.specs -Wl,-Map="LEDMatrixApp.map" -Wl,--gc-sections -static -L../GesturesMZ --specs=nano.specs -mfpu=fpv4-sp-d16 -mfloat-abi=hard -mthumb -Wl,--start-group -lc -lm -Wl,--end-group
Finished building target: LEDMatrixApp.elf
 
arm-none-eabi-size   LEDMatrixApp.elf 
arm-none-eabi-objdump -h -S  LEDMatrixApp.elf  > "LEDMatrixApp.list"
   text	   data	    bss	    dec	    hex	filename
 134940	    136	  19352	 154428	  25b3c	LEDMatrixApp.elf
Finished building: default.size.stdout
 
Finished building: LEDMatrixApp.list
 
16:25:16 **** Incremental Build of configuration Debug for project LEDMatrixApp ****
make -j8 all 
arm-none-eabi-size   LEDMatrixApp.elf 
   text	   data	    bss	    dec	    hex	filename
 134940	    136	  19352	 154428	  25b3c	LEDMatrixApp.elf
Finished building: default.size.stdout
 
16:25:39 **** Incremental Build of configuration Debug for project LEDMatrixApp ****
make -j8 all 
arm-none-eabi-size   LEDMatrixApp.elf 
   text	   data	    bss	    dec	    hex	filename
 134940	    136	  19352	 154428	  25b3c	LEDMatrixApp.elf
Finished building: default.size.stdout
 
16:26:34 **** Incremental Build of configuration Debug for project LEDMatrixApp ****
make -j8 all 
arm-none-eabi-gcc "../Core/Src/tof_lib.c" -mcpu=cortex-m4 -std=gnu11 -g3 -DDEBUG -DUSE_HAL_DRIVER -DSTM32F401xE -c -I../Core/Inc -I../Drivers/STM32F4xx_HAL_Driver/Inc -I../Drivers/STM32F4xx_HAL_Driver/Inc/Legacy -I../Drivers/CMSIS/Device/ST/STM32F4xx/Include -I../Drivers/CMSIS/Include -I"/home/adam/Documents/capstone/CaptstoneRepo/capstone/STM_Workspace/LEDMatrixApp/VL53LMZ_ULD_API/inc" -I"/home/adam/Documents/capstone/CaptstoneRepo/capstone/STM_Workspace/LEDMatrixApp/Platform" -I"/home/adam/Documents/capstone/CaptstoneRepo/capstone/STM_Workspace/LEDMatrixApp/GesturesMZ" -I"/home/adam/Documents/capstone/CaptstoneRepo/capstone/STM_Workspace/LEDMatrixApp/apps_layer" -O0 -ffunction-sections -fdata-sections -Wall -fstack-usage -fcyclomatic-complexity -MMD -MP -MF"Core/Src/tof_lib.d" -MT"Core/Src/tof_lib.o" --specs=nano.specs -mfpu=fpv4-sp-d16 -mfloat-abi=hard -mthumb -o "Core/Src/tof_lib.o"
arm-none-eabi-gcc -o "LEDMatrixApp.elf" @"objects.list"  -lGesturesMZ -mcpu=cortex-m4 -T"/home/adam/Documents/capstone/CaptstoneRepo/capstone/STM_Workspace/LEDMatrixApp/STM32F401RETX_FLASH.ld" --specs=nosys.specs -Wl,-Map="LEDMatrixApp.map" -Wl,--gc-sections -static -L../GesturesMZ --specs=nano.specs -mfpu=fpv4-sp-d16 -mfloat-abi=hard -mthumb -Wl,--start-group -lc -lm -Wl,--end-group
Finished building target: LEDMatrixApp.elf
 
arm-none-eabi-size   LEDMatrixApp.elf 
arm-none-eabi-objdump -h -S  LEDMatrixApp.elf  > "LEDMatrixApp.list"
   text	   data	    bss	    dec	    hex	filename
 135628	    136	  19352	 155116	  25dec	LEDMatrixApp.elf
Finished building: default.size.stdout
 
Finished building: LEDMatrixApp.list
 
16:28:08 **** Incremental Build of configuration Debug for project LEDMatrixApp ****
make -j8 all 
arm-none-eabi-gcc "../Core/Src/tof_lib.c" -mcpu=cortex-m4 -std=gnu11 -g3 -DDEBUG -DUSE_HAL_DRIVER -DSTM32F401xE -c -I../Core/Inc -I../Drivers/STM32F4xx_HAL_Driver/Inc -I../Drivers/STM32F4xx_HAL_Driver/Inc/Legacy -I../Drivers/CMSIS/Device/ST/STM32F4xx/Include -I../Drivers/CMSIS/Include -I"/home/adam/Documents/capstone/CaptstoneRepo/capstone/STM_Workspace/LEDMatrixApp/VL53LMZ_ULD_API/inc" -I"/home/adam/Documents/capstone/CaptstoneRepo/capstone/STM_Workspace/LEDMatrixApp/Platform" -I"/home/adam/Documents/capstone/CaptstoneRepo/capstone/STM_Workspace/LEDMatrixApp/GesturesMZ" -I"/home/adam/Documents/capstone/CaptstoneRepo/capstone/STM_Workspace/LEDMatrixApp/apps_layer" -O0 -ffunction-sections -fdata-sections -Wall -fstack-usage -fcyclomatic-complexity -MMD -MP -MF"Core/Src/tof_lib.d" -MT"Core/Src/tof_lib.o" --specs=nano.specs -mfpu=fpv4-sp-d16 -mfloat-abi=hard -mthumb -o "Core/Src/tof_lib.o"
arm-none-eabi-gcc -o "LEDMatrixApp.elf" @"objects.list"  -lGesturesMZ -mcpu=cortex-m4 -T"/home/adam/Documents/capstone/CaptstoneRepo/capstone/STM_Workspace/LEDMatrixApp/STM32F401RETX_FLASH.ld" --specs=nosys.specs -Wl,-Map="LEDMatrixApp.map" -Wl,--gc-sections -static -L../GesturesMZ --specs=nano.specs -mfpu=fpv4-sp-d16 -mfloat-abi=hard -mthumb -Wl,--start-group -lc -lm -Wl,--end-group
Finished building target: LEDMatrixApp.elf
 
arm-none-eabi-size   LEDMatrixApp.elf 
arm-none-eabi-objdump -h -S  LEDMatrixApp.elf  > "LEDMatrixApp.list"
   text	   data	    bss	    dec	    hex	filename
 135564	    136	  19352	 155052	  25dac	LEDMatrixApp.elf
Finished building: default.size.stdout
 
Finished building: LEDMatrixApp.list
 
16:29:05 **** Incremental Build of configuration Debug for project LEDMatrixApp ****
make -j8 all 
arm-none-eabi-size   LEDMatrixApp.elf 
   text	   data	    bss	    dec	    hex	filename
 135564	    136	  19352	 155052	  25dac	LEDMatrixApp.elf
Finished building: default.size.stdout
 
16:30:02 **** Incremental Build of configuration Debug for project LEDMatrixApp ****
make -j8 all 
arm-none-eabi-size   LEDMatrixApp.elf 
   text	   data	    bss	    dec	    hex	filename
 135564	    136	  19352	 155052	  25dac	LEDMatrixApp.elf
Finished building: default.size.stdout
 
16:34:04 **** Incremental Build of configuration Debug for project LEDMatrixApp ****
make -j8 all 
arm-none-eabi-gcc "../Core/Src/main.c" -mcpu=cortex-m4 -std=gnu11 -g3 -DDEBUG -DUSE_HAL_DRIVER -DSTM32F401xE -c -I../Core/Inc -I../Drivers/STM32F4xx_HAL_Driver/Inc -I../Drivers/STM32F4xx_HAL_Driver/Inc/Legacy -I../Drivers/CMSIS/Device/ST/STM32F4xx/Include -I../Drivers/CMSIS/Include -I"/home/adam/Documents/capstone/CaptstoneRepo/capstone/STM_Workspace/LEDMatrixApp/VL53LMZ_ULD_API/inc" -I"/home/adam/Documents/capstone/CaptstoneRepo/capstone/STM_Workspace/LEDMatrixApp/Platform" -I"/home/adam/Documents/capstone/CaptstoneRepo/capstone/STM_Workspace/LEDMatrixApp/GesturesMZ" -I"/home/adam/Documents/capstone/CaptstoneRepo/capstone/STM_Workspace/LEDMatrixApp/apps_layer" -O0 -ffunction-sections -fdata-sections -Wall -fstack-usage -fcyclomatic-complexity -MMD -MP -MF"Core/Src/main.d" -MT"Core/Src/main.o" --specs=nano.specs -mfpu=fpv4-sp-d16 -mfloat-abi=hard -mthumb -o "Core/Src/main.o"
../Core/Src/main.c: In function 'main':
../Core/Src/main.c:102:30: warning: excess elements in struct initializer
  102 |   LED test_led = {2, 5, 100, 254, 255};
      |                              ^~~
../Core/Src/main.c:102:30: note: (near initialization for 'test_led')
../Core/Src/main.c:102:35: warning: excess elements in struct initializer
  102 |   LED test_led = {2, 5, 100, 254, 255};
      |                                   ^~~
../Core/Src/main.c:102:35: note: (near initialization for 'test_led')
arm-none-eabi-gcc -o "LEDMatrixApp.elf" @"objects.list"  -lGesturesMZ -mcpu=cortex-m4 -T"/home/adam/Documents/capstone/CaptstoneRepo/capstone/STM_Workspace/LEDMatrixApp/STM32F401RETX_FLASH.ld" --specs=nosys.specs -Wl,-Map="LEDMatrixApp.map" -Wl,--gc-sections -static -L../GesturesMZ --specs=nano.specs -mfpu=fpv4-sp-d16 -mfloat-abi=hard -mthumb -Wl,--start-group -lc -lm -Wl,--end-group
Finished building target: LEDMatrixApp.elf
 
arm-none-eabi-size   LEDMatrixApp.elf 
arm-none-eabi-objdump -h -S  LEDMatrixApp.elf  > "LEDMatrixApp.list"
   text	   data	    bss	    dec	    hex	filename
  12304	     20	   1788	  14112	   3720	LEDMatrixApp.elf
Finished building: default.size.stdout
 
Finished building: LEDMatrixApp.list
 
16:34:23 **** Incremental Build of configuration Debug for project LEDMatrixApp ****
make -j8 all 
arm-none-eabi-gcc "../Core/Src/main.c" -mcpu=cortex-m4 -std=gnu11 -g3 -DDEBUG -DUSE_HAL_DRIVER -DSTM32F401xE -c -I../Core/Inc -I../Drivers/STM32F4xx_HAL_Driver/Inc -I../Drivers/STM32F4xx_HAL_Driver/Inc/Legacy -I../Drivers/CMSIS/Device/ST/STM32F4xx/Include -I../Drivers/CMSIS/Include -I"/home/adam/Documents/capstone/CaptstoneRepo/capstone/STM_Workspace/LEDMatrixApp/VL53LMZ_ULD_API/inc" -I"/home/adam/Documents/capstone/CaptstoneRepo/capstone/STM_Workspace/LEDMatrixApp/Platform" -I"/home/adam/Documents/capstone/CaptstoneRepo/capstone/STM_Workspace/LEDMatrixApp/GesturesMZ" -I"/home/adam/Documents/capstone/CaptstoneRepo/capstone/STM_Workspace/LEDMatrixApp/apps_layer" -O0 -ffunction-sections -fdata-sections -Wall -fstack-usage -fcyclomatic-complexity -MMD -MP -MF"Core/Src/main.d" -MT"Core/Src/main.o" --specs=nano.specs -mfpu=fpv4-sp-d16 -mfloat-abi=hard -mthumb -o "Core/Src/main.o"
arm-none-eabi-gcc -o "LEDMatrixApp.elf" @"objects.list"  -lGesturesMZ -mcpu=cortex-m4 -T"/home/adam/Documents/capstone/CaptstoneRepo/capstone/STM_Workspace/LEDMatrixApp/STM32F401RETX_FLASH.ld" --specs=nosys.specs -Wl,-Map="LEDMatrixApp.map" -Wl,--gc-sections -static -L../GesturesMZ --specs=nano.specs -mfpu=fpv4-sp-d16 -mfloat-abi=hard -mthumb -Wl,--start-group -lc -lm -Wl,--end-group
Finished building target: LEDMatrixApp.elf
 
arm-none-eabi-size   LEDMatrixApp.elf 
arm-none-eabi-objdump -h -S  LEDMatrixApp.elf  > "LEDMatrixApp.list"
   text	   data	    bss	    dec	    hex	filename
  12304	     20	   1788	  14112	   3720	LEDMatrixApp.elf
Finished building: default.size.stdout
 
Finished building: LEDMatrixApp.list
 
16:35:49 **** Incremental Build of configuration Debug for project LEDMatrixApp ****
make -j8 all 
arm-none-eabi-size   LEDMatrixApp.elf 
   text	   data	    bss	    dec	    hex	filename
  12304	     20	   1788	  14112	   3720	LEDMatrixApp.elf
Finished building: default.size.stdout
 
16:36:16 **** Incremental Build of configuration Debug for project LEDMatrixApp ****
make -j8 all 
arm-none-eabi-size   LEDMatrixApp.elf 
   text	   data	    bss	    dec	    hex	filename
  12304	     20	   1788	  14112	   3720	LEDMatrixApp.elf
Finished building: default.size.stdout
 
16:38:23 **** Incremental Build of configuration Debug for project LEDMatrixApp ****
make -j8 all 
arm-none-eabi-size   LEDMatrixApp.elf 
   text	   data	    bss	    dec	    hex	filename
  12304	     20	   1788	  14112	   3720	LEDMatrixApp.elf
Finished building: default.size.stdout
 
16:39:48 **** Incremental Build of configuration Debug for project LEDMatrixApp ****
make -j8 all 
arm-none-eabi-gcc "../Core/Src/main.c" -mcpu=cortex-m4 -std=gnu11 -g3 -DDEBUG -DUSE_HAL_DRIVER -DSTM32F401xE -c -I../Core/Inc -I../Drivers/STM32F4xx_HAL_Driver/Inc -I../Drivers/STM32F4xx_HAL_Driver/Inc/Legacy -I../Drivers/CMSIS/Device/ST/STM32F4xx/Include -I../Drivers/CMSIS/Include -I"/home/adam/Documents/capstone/CaptstoneRepo/capstone/STM_Workspace/LEDMatrixApp/VL53LMZ_ULD_API/inc" -I"/home/adam/Documents/capstone/CaptstoneRepo/capstone/STM_Workspace/LEDMatrixApp/Platform" -I"/home/adam/Documents/capstone/CaptstoneRepo/capstone/STM_Workspace/LEDMatrixApp/GesturesMZ" -I"/home/adam/Documents/capstone/CaptstoneRepo/capstone/STM_Workspace/LEDMatrixApp/apps_layer" -O0 -ffunction-sections -fdata-sections -Wall -fstack-usage -fcyclomatic-complexity -MMD -MP -MF"Core/Src/main.d" -MT"Core/Src/main.o" --specs=nano.specs -mfpu=fpv4-sp-d16 -mfloat-abi=hard -mthumb -o "Core/Src/main.o"
arm-none-eabi-gcc -o "LEDMatrixApp.elf" @"objects.list"  -lGesturesMZ -mcpu=cortex-m4 -T"/home/adam/Documents/capstone/CaptstoneRepo/capstone/STM_Workspace/LEDMatrixApp/STM32F401RETX_FLASH.ld" --specs=nosys.specs -Wl,-Map="LEDMatrixApp.map" -Wl,--gc-sections -static -L../GesturesMZ --specs=nano.specs -mfpu=fpv4-sp-d16 -mfloat-abi=hard -mthumb -Wl,--start-group -lc -lm -Wl,--end-group
Finished building target: LEDMatrixApp.elf
 
arm-none-eabi-size   LEDMatrixApp.elf 
arm-none-eabi-objdump -h -S  LEDMatrixApp.elf  > "LEDMatrixApp.list"
   text	   data	    bss	    dec	    hex	filename
 135564	    136	  19352	 155052	  25dac	LEDMatrixApp.elf
Finished building: default.size.stdout
 
Finished building: LEDMatrixApp.list
 
16:40:59 **** Incremental Build of configuration Debug for project LEDMatrixApp ****
make -j8 all 
arm-none-eabi-size   LEDMatrixApp.elf 
   text	   data	    bss	    dec	    hex	filename
 135564	    136	  19352	 155052	  25dac	LEDMatrixApp.elf
Finished building: default.size.stdout
 
16:46:07 **** Incremental Build of configuration Debug for project LEDMatrixApp ****
make -j8 all 
arm-none-eabi-size   LEDMatrixApp.elf 
   text	   data	    bss	    dec	    hex	filename
 135564	    136	  19352	 155052	  25dac	LEDMatrixApp.elf
Finished building: default.size.stdout
 
16:49:11 **** Incremental Build of configuration Debug for project LEDMatrixApp ****
make -j8 all 
arm-none-eabi-gcc "../Core/Src/tof_lib.c" -mcpu=cortex-m4 -std=gnu11 -g3 -DDEBUG -DUSE_HAL_DRIVER -DSTM32F401xE -c -I../Core/Inc -I../Drivers/STM32F4xx_HAL_Driver/Inc -I../Drivers/STM32F4xx_HAL_Driver/Inc/Legacy -I../Drivers/CMSIS/Device/ST/STM32F4xx/Include -I../Drivers/CMSIS/Include -I"/home/adam/Documents/capstone/CaptstoneRepo/capstone/STM_Workspace/LEDMatrixApp/VL53LMZ_ULD_API/inc" -I"/home/adam/Documents/capstone/CaptstoneRepo/capstone/STM_Workspace/LEDMatrixApp/Platform" -I"/home/adam/Documents/capstone/CaptstoneRepo/capstone/STM_Workspace/LEDMatrixApp/GesturesMZ" -I"/home/adam/Documents/capstone/CaptstoneRepo/capstone/STM_Workspace/LEDMatrixApp/apps_layer" -O0 -ffunction-sections -fdata-sections -Wall -fstack-usage -fcyclomatic-complexity -MMD -MP -MF"Core/Src/tof_lib.d" -MT"Core/Src/tof_lib.o" --specs=nano.specs -mfpu=fpv4-sp-d16 -mfloat-abi=hard -mthumb -o "Core/Src/tof_lib.o"
arm-none-eabi-gcc -o "LEDMatrixApp.elf" @"objects.list"  -lGesturesMZ -mcpu=cortex-m4 -T"/home/adam/Documents/capstone/CaptstoneRepo/capstone/STM_Workspace/LEDMatrixApp/STM32F401RETX_FLASH.ld" --specs=nosys.specs -Wl,-Map="LEDMatrixApp.map" -Wl,--gc-sections -static -L../GesturesMZ --specs=nano.specs -mfpu=fpv4-sp-d16 -mfloat-abi=hard -mthumb -Wl,--start-group -lc -lm -Wl,--end-group
Finished building target: LEDMatrixApp.elf
 
arm-none-eabi-size   LEDMatrixApp.elf 
arm-none-eabi-objdump -h -S  LEDMatrixApp.elf  > "LEDMatrixApp.list"
   text	   data	    bss	    dec	    hex	filename
 135628	    136	  19352	 155116	  25dec	LEDMatrixApp.elf
Finished building: default.size.stdout
 
Finished building: LEDMatrixApp.list
 
16:53:22 **** Incremental Build of configuration Debug for project LEDMatrixApp ****
make -j8 all 
arm-none-eabi-gcc "../Core/Src/tof_lib.c" -mcpu=cortex-m4 -std=gnu11 -g3 -DDEBUG -DUSE_HAL_DRIVER -DSTM32F401xE -c -I../Core/Inc -I../Drivers/STM32F4xx_HAL_Driver/Inc -I../Drivers/STM32F4xx_HAL_Driver/Inc/Legacy -I../Drivers/CMSIS/Device/ST/STM32F4xx/Include -I../Drivers/CMSIS/Include -I"/home/adam/Documents/capstone/CaptstoneRepo/capstone/STM_Workspace/LEDMatrixApp/VL53LMZ_ULD_API/inc" -I"/home/adam/Documents/capstone/CaptstoneRepo/capstone/STM_Workspace/LEDMatrixApp/Platform" -I"/home/adam/Documents/capstone/CaptstoneRepo/capstone/STM_Workspace/LEDMatrixApp/GesturesMZ" -I"/home/adam/Documents/capstone/CaptstoneRepo/capstone/STM_Workspace/LEDMatrixApp/apps_layer" -O0 -ffunction-sections -fdata-sections -Wall -fstack-usage -fcyclomatic-complexity -MMD -MP -MF"Core/Src/tof_lib.d" -MT"Core/Src/tof_lib.o" --specs=nano.specs -mfpu=fpv4-sp-d16 -mfloat-abi=hard -mthumb -o "Core/Src/tof_lib.o"
../Core/Src/tof_lib.c: In function 'matrix_app_main':
../Core/Src/tof_lib.c:194:49: warning: excess elements in scalar initializer
  194 |                         uint8_t temp_buff = {0, 0, 0, 0, 0}
      |                                                 ^
../Core/Src/tof_lib.c:194:49: note: (near initialization for 'temp_buff')
../Core/Src/tof_lib.c:194:52: warning: excess elements in scalar initializer
  194 |                         uint8_t temp_buff = {0, 0, 0, 0, 0}
      |                                                    ^
../Core/Src/tof_lib.c:194:52: note: (near initialization for 'temp_buff')
../Core/Src/tof_lib.c:194:55: warning: excess elements in scalar initializer
  194 |                         uint8_t temp_buff = {0, 0, 0, 0, 0}
      |                                                       ^
../Core/Src/tof_lib.c:194:55: note: (near initialization for 'temp_buff')
../Core/Src/tof_lib.c:194:58: warning: excess elements in scalar initializer
  194 |                         uint8_t temp_buff = {0, 0, 0, 0, 0}
      |                                                          ^
../Core/Src/tof_lib.c:194:58: note: (near initialization for 'temp_buff')
../Core/Src/tof_lib.c:195:25: error: expected ',' or ';' before 'status'
  195 |                         status |= HAL_UART_Transmit(&huart6, temp_buff, 5, 1000);
      |                         ^~~~~~
../Core/Src/tof_lib.c:194:33: warning: unused variable 'temp_buff' [-Wunused-variable]
  194 |                         uint8_t temp_buff = {0, 0, 0, 0, 0}
      |                                 ^~~~~~~~~
make: *** [Core/Src/subdir.mk:37: Core/Src/tof_lib.o] Error 1
"make -j8 all" terminated with exit code 2. Build might be incomplete.
16:53:35 **** Incremental Build of configuration Debug for project LEDMatrixApp ****
make -j8 all 
arm-none-eabi-gcc "../Core/Src/tof_lib.c" -mcpu=cortex-m4 -std=gnu11 -g3 -DDEBUG -DUSE_HAL_DRIVER -DSTM32F401xE -c -I../Core/Inc -I../Drivers/STM32F4xx_HAL_Driver/Inc -I../Drivers/STM32F4xx_HAL_Driver/Inc/Legacy -I../Drivers/CMSIS/Device/ST/STM32F4xx/Include -I../Drivers/CMSIS/Include -I"/home/adam/Documents/capstone/CaptstoneRepo/capstone/STM_Workspace/LEDMatrixApp/VL53LMZ_ULD_API/inc" -I"/home/adam/Documents/capstone/CaptstoneRepo/capstone/STM_Workspace/LEDMatrixApp/Platform" -I"/home/adam/Documents/capstone/CaptstoneRepo/capstone/STM_Workspace/LEDMatrixApp/GesturesMZ" -I"/home/adam/Documents/capstone/CaptstoneRepo/capstone/STM_Workspace/LEDMatrixApp/apps_layer" -O0 -ffunction-sections -fdata-sections -Wall -fstack-usage -fcyclomatic-complexity -MMD -MP -MF"Core/Src/tof_lib.d" -MT"Core/Src/tof_lib.o" --specs=nano.specs -mfpu=fpv4-sp-d16 -mfloat-abi=hard -mthumb -o "Core/Src/tof_lib.o"
../Core/Src/tof_lib.c: In function 'matrix_app_main':
../Core/Src/tof_lib.c:195:25: error: expected ',' or ';' before 'status'
  195 |                         status |= HAL_UART_Transmit(&huart6, temp_buff, 5, 1000);
      |                         ^~~~~~
../Core/Src/tof_lib.c:194:33: warning: unused variable 'temp_buff' [-Wunused-variable]
  194 |                         uint8_t temp_buff[5] = {0, 0, 0, 0, 0}
      |                                 ^~~~~~~~~
make: *** [Core/Src/subdir.mk:37: Core/Src/tof_lib.o] Error 1
"make -j8 all" terminated with exit code 2. Build might be incomplete.
16:54:01 **** Incremental Build of configuration Debug for project LEDMatrixApp ****
make -j8 all 
arm-none-eabi-gcc "../Core/Src/tof_lib.c" -mcpu=cortex-m4 -std=gnu11 -g3 -DDEBUG -DUSE_HAL_DRIVER -DSTM32F401xE -c -I../Core/Inc -I../Drivers/STM32F4xx_HAL_Driver/Inc -I../Drivers/STM32F4xx_HAL_Driver/Inc/Legacy -I../Drivers/CMSIS/Device/ST/STM32F4xx/Include -I../Drivers/CMSIS/Include -I"/home/adam/Documents/capstone/CaptstoneRepo/capstone/STM_Workspace/LEDMatrixApp/VL53LMZ_ULD_API/inc" -I"/home/adam/Documents/capstone/CaptstoneRepo/capstone/STM_Workspace/LEDMatrixApp/Platform" -I"/home/adam/Documents/capstone/CaptstoneRepo/capstone/STM_Workspace/LEDMatrixApp/GesturesMZ" -I"/home/adam/Documents/capstone/CaptstoneRepo/capstone/STM_Workspace/LEDMatrixApp/apps_layer" -O0 -ffunction-sections -fdata-sections -Wall -fstack-usage -fcyclomatic-complexity -MMD -MP -MF"Core/Src/tof_lib.d" -MT"Core/Src/tof_lib.o" --specs=nano.specs -mfpu=fpv4-sp-d16 -mfloat-abi=hard -mthumb -o "Core/Src/tof_lib.o"
arm-none-eabi-gcc -o "LEDMatrixApp.elf" @"objects.list"  -lGesturesMZ -mcpu=cortex-m4 -T"/home/adam/Documents/capstone/CaptstoneRepo/capstone/STM_Workspace/LEDMatrixApp/STM32F401RETX_FLASH.ld" --specs=nosys.specs -Wl,-Map="LEDMatrixApp.map" -Wl,--gc-sections -static -L../GesturesMZ --specs=nano.specs -mfpu=fpv4-sp-d16 -mfloat-abi=hard -mthumb -Wl,--start-group -lc -lm -Wl,--end-group
Finished building target: LEDMatrixApp.elf
 
arm-none-eabi-size   LEDMatrixApp.elf 
arm-none-eabi-objdump -h -S  LEDMatrixApp.elf  > "LEDMatrixApp.list"
   text	   data	    bss	    dec	    hex	filename
 135628	    136	  19352	 155116	  25dec	LEDMatrixApp.elf
Finished building: default.size.stdout
 
Finished building: LEDMatrixApp.list
 
16:54:03 **** Incremental Build of configuration Debug for project LEDMatrixApp ****
make -j8 all 
arm-none-eabi-size   LEDMatrixApp.elf 
   text	   data	    bss	    dec	    hex	filename
 135628	    136	  19352	 155116	  25dec	LEDMatrixApp.elf
Finished building: default.size.stdout
 
16:57:11 **** Incremental Build of configuration Debug for project LEDMatrixApp ****
make -j8 all 
arm-none-eabi-gcc "../Core/Src/tof_lib.c" -mcpu=cortex-m4 -std=gnu11 -g3 -DDEBUG -DUSE_HAL_DRIVER -DSTM32F401xE -c -I../Core/Inc -I../Drivers/STM32F4xx_HAL_Driver/Inc -I../Drivers/STM32F4xx_HAL_Driver/Inc/Legacy -I../Drivers/CMSIS/Device/ST/STM32F4xx/Include -I../Drivers/CMSIS/Include -I"/home/adam/Documents/capstone/CaptstoneRepo/capstone/STM_Workspace/LEDMatrixApp/VL53LMZ_ULD_API/inc" -I"/home/adam/Documents/capstone/CaptstoneRepo/capstone/STM_Workspace/LEDMatrixApp/Platform" -I"/home/adam/Documents/capstone/CaptstoneRepo/capstone/STM_Workspace/LEDMatrixApp/GesturesMZ" -I"/home/adam/Documents/capstone/CaptstoneRepo/capstone/STM_Workspace/LEDMatrixApp/apps_layer" -O0 -ffunction-sections -fdata-sections -Wall -fstack-usage -fcyclomatic-complexity -MMD -MP -MF"Core/Src/tof_lib.d" -MT"Core/Src/tof_lib.o" --specs=nano.specs -mfpu=fpv4-sp-d16 -mfloat-abi=hard -mthumb -o "Core/Src/tof_lib.o"
arm-none-eabi-gcc -o "LEDMatrixApp.elf" @"objects.list"  -lGesturesMZ -mcpu=cortex-m4 -T"/home/adam/Documents/capstone/CaptstoneRepo/capstone/STM_Workspace/LEDMatrixApp/STM32F401RETX_FLASH.ld" --specs=nosys.specs -Wl,-Map="LEDMatrixApp.map" -Wl,--gc-sections -static -L../GesturesMZ --specs=nano.specs -mfpu=fpv4-sp-d16 -mfloat-abi=hard -mthumb -Wl,--start-group -lc -lm -Wl,--end-group
Finished building target: LEDMatrixApp.elf
 
arm-none-eabi-size   LEDMatrixApp.elf 
arm-none-eabi-objdump -h -S  LEDMatrixApp.elf  > "LEDMatrixApp.list"
   text	   data	    bss	    dec	    hex	filename
 135612	    136	  19352	 155100	  25ddc	LEDMatrixApp.elf
Finished building: default.size.stdout
 
Finished building: LEDMatrixApp.list
 
16:58:10 **** Incremental Build of configuration Debug for project LEDMatrixApp ****
make -j8 all 
arm-none-eabi-gcc "../Core/Src/tof_lib.c" -mcpu=cortex-m4 -std=gnu11 -g3 -DDEBUG -DUSE_HAL_DRIVER -DSTM32F401xE -c -I../Core/Inc -I../Drivers/STM32F4xx_HAL_Driver/Inc -I../Drivers/STM32F4xx_HAL_Driver/Inc/Legacy -I../Drivers/CMSIS/Device/ST/STM32F4xx/Include -I../Drivers/CMSIS/Include -I"/home/adam/Documents/capstone/CaptstoneRepo/capstone/STM_Workspace/LEDMatrixApp/VL53LMZ_ULD_API/inc" -I"/home/adam/Documents/capstone/CaptstoneRepo/capstone/STM_Workspace/LEDMatrixApp/Platform" -I"/home/adam/Documents/capstone/CaptstoneRepo/capstone/STM_Workspace/LEDMatrixApp/GesturesMZ" -I"/home/adam/Documents/capstone/CaptstoneRepo/capstone/STM_Workspace/LEDMatrixApp/apps_layer" -O0 -ffunction-sections -fdata-sections -Wall -fstack-usage -fcyclomatic-complexity -MMD -MP -MF"Core/Src/tof_lib.d" -MT"Core/Src/tof_lib.o" --specs=nano.specs -mfpu=fpv4-sp-d16 -mfloat-abi=hard -mthumb -o "Core/Src/tof_lib.o"
arm-none-eabi-gcc -o "LEDMatrixApp.elf" @"objects.list"  -lGesturesMZ -mcpu=cortex-m4 -T"/home/adam/Documents/capstone/CaptstoneRepo/capstone/STM_Workspace/LEDMatrixApp/STM32F401RETX_FLASH.ld" --specs=nosys.specs -Wl,-Map="LEDMatrixApp.map" -Wl,--gc-sections -static -L../GesturesMZ --specs=nano.specs -mfpu=fpv4-sp-d16 -mfloat-abi=hard -mthumb -Wl,--start-group -lc -lm -Wl,--end-group
Finished building target: LEDMatrixApp.elf
 
arm-none-eabi-size   LEDMatrixApp.elf 
arm-none-eabi-objdump -h -S  LEDMatrixApp.elf  > "LEDMatrixApp.list"
   text	   data	    bss	    dec	    hex	filename
 135628	    136	  19352	 155116	  25dec	LEDMatrixApp.elf
Finished building: default.size.stdout
 
Finished building: LEDMatrixApp.list
 
16:58:25 **** Incremental Build of configuration Debug for project LEDMatrixApp ****
make -j8 all 
arm-none-eabi-size   LEDMatrixApp.elf 
   text	   data	    bss	    dec	    hex	filename
 135628	    136	  19352	 155116	  25dec	LEDMatrixApp.elf
Finished building: default.size.stdout
 
17:00:05 **** Incremental Build of configuration Debug for project LEDMatrixApp ****
make -j8 all 
arm-none-eabi-gcc "../apps_layer/apps_layer_utils.c" -mcpu=cortex-m4 -std=gnu11 -g3 -DDEBUG -DUSE_HAL_DRIVER -DSTM32F401xE -c -I../Core/Inc -I../Drivers/STM32F4xx_HAL_Driver/Inc -I../Drivers/STM32F4xx_HAL_Driver/Inc/Legacy -I../Drivers/CMSIS/Device/ST/STM32F4xx/Include -I../Drivers/CMSIS/Include -I"/home/adam/Documents/capstone/CaptstoneRepo/capstone/STM_Workspace/LEDMatrixApp/VL53LMZ_ULD_API/inc" -I"/home/adam/Documents/capstone/CaptstoneRepo/capstone/STM_Workspace/LEDMatrixApp/Platform" -I"/home/adam/Documents/capstone/CaptstoneRepo/capstone/STM_Workspace/LEDMatrixApp/GesturesMZ" -I"/home/adam/Documents/capstone/CaptstoneRepo/capstone/STM_Workspace/LEDMatrixApp/apps_layer" -O0 -ffunction-sections -fdata-sections -Wall -fstack-usage -fcyclomatic-complexity -MMD -MP -MF"apps_layer/apps_layer_utils.d" -MT"apps_layer/apps_layer_utils.o" --specs=nano.specs -mfpu=fpv4-sp-d16 -mfloat-abi=hard -mthumb -o "apps_layer/apps_layer_utils.o"
arm-none-eabi-gcc "../VL53LMZ_ULD_API/src/vl53lmz_api.c" -mcpu=cortex-m4 -std=gnu11 -g3 -DDEBUG -DUSE_HAL_DRIVER -DSTM32F401xE -c -I../Core/Inc -I../Drivers/STM32F4xx_HAL_Driver/Inc -I../Drivers/STM32F4xx_HAL_Driver/Inc/Legacy -I../Drivers/CMSIS/Device/ST/STM32F4xx/Include -I../Drivers/CMSIS/Include -I"/home/adam/Documents/capstone/CaptstoneRepo/capstone/STM_Workspace/LEDMatrixApp/VL53LMZ_ULD_API/inc" -I"/home/adam/Documents/capstone/CaptstoneRepo/capstone/STM_Workspace/LEDMatrixApp/Platform" -I"/home/adam/Documents/capstone/CaptstoneRepo/capstone/STM_Workspace/LEDMatrixApp/GesturesMZ" -I"/home/adam/Documents/capstone/CaptstoneRepo/capstone/STM_Workspace/LEDMatrixApp/apps_layer" -O0 -ffunction-sections -fdata-sections -Wall -fstack-usage -fcyclomatic-complexity -MMD -MP -MF"VL53LMZ_ULD_API/src/vl53lmz_api.d" -MT"VL53LMZ_ULD_API/src/vl53lmz_api.o" --specs=nano.specs -mfpu=fpv4-sp-d16 -mfloat-abi=hard -mthumb -o "VL53LMZ_ULD_API/src/vl53lmz_api.o"
arm-none-eabi-gcc "../VL53LMZ_ULD_API/src/vl53lmz_plugin_cnh.c" -mcpu=cortex-m4 -std=gnu11 -g3 -DDEBUG -DUSE_HAL_DRIVER -DSTM32F401xE -c -I../Core/Inc -I../Drivers/STM32F4xx_HAL_Driver/Inc -I../Drivers/STM32F4xx_HAL_Driver/Inc/Legacy -I../Drivers/CMSIS/Device/ST/STM32F4xx/Include -I../Drivers/CMSIS/Include -I"/home/adam/Documents/capstone/CaptstoneRepo/capstone/STM_Workspace/LEDMatrixApp/VL53LMZ_ULD_API/inc" -I"/home/adam/Documents/capstone/CaptstoneRepo/capstone/STM_Workspace/LEDMatrixApp/Platform" -I"/home/adam/Documents/capstone/CaptstoneRepo/capstone/STM_Workspace/LEDMatrixApp/GesturesMZ" -I"/home/adam/Documents/capstone/CaptstoneRepo/capstone/STM_Workspace/LEDMatrixApp/apps_layer" -O0 -ffunction-sections -fdata-sections -Wall -fstack-usage -fcyclomatic-complexity -MMD -MP -MF"VL53LMZ_ULD_API/src/vl53lmz_plugin_cnh.d" -MT"VL53LMZ_ULD_API/src/vl53lmz_plugin_cnh.o" --specs=nano.specs -mfpu=fpv4-sp-d16 -mfloat-abi=hard -mthumb -o "VL53LMZ_ULD_API/src/vl53lmz_plugin_cnh.o"
arm-none-eabi-gcc "../VL53LMZ_ULD_API/src/vl53lmz_plugin_detection_thresholds.c" -mcpu=cortex-m4 -std=gnu11 -g3 -DDEBUG -DUSE_HAL_DRIVER -DSTM32F401xE -c -I../Core/Inc -I../Drivers/STM32F4xx_HAL_Driver/Inc -I../Drivers/STM32F4xx_HAL_Driver/Inc/Legacy -I../Drivers/CMSIS/Device/ST/STM32F4xx/Include -I../Drivers/CMSIS/Include -I"/home/adam/Documents/capstone/CaptstoneRepo/capstone/STM_Workspace/LEDMatrixApp/VL53LMZ_ULD_API/inc" -I"/home/adam/Documents/capstone/CaptstoneRepo/capstone/STM_Workspace/LEDMatrixApp/Platform" -I"/home/adam/Documents/capstone/CaptstoneRepo/capstone/STM_Workspace/LEDMatrixApp/GesturesMZ" -I"/home/adam/Documents/capstone/CaptstoneRepo/capstone/STM_Workspace/LEDMatrixApp/apps_layer" -O0 -ffunction-sections -fdata-sections -Wall -fstack-usage -fcyclomatic-complexity -MMD -MP -MF"VL53LMZ_ULD_API/src/vl53lmz_plugin_detection_thresholds.d" -MT"VL53LMZ_ULD_API/src/vl53lmz_plugin_detection_thresholds.o" --specs=nano.specs -mfpu=fpv4-sp-d16 -mfloat-abi=hard -mthumb -o "VL53LMZ_ULD_API/src/vl53lmz_plugin_detection_thresholds.o"
arm-none-eabi-gcc "../VL53LMZ_ULD_API/src/vl53lmz_plugin_motion_indicator.c" -mcpu=cortex-m4 -std=gnu11 -g3 -DDEBUG -DUSE_HAL_DRIVER -DSTM32F401xE -c -I../Core/Inc -I../Drivers/STM32F4xx_HAL_Driver/Inc -I../Drivers/STM32F4xx_HAL_Driver/Inc/Legacy -I../Drivers/CMSIS/Device/ST/STM32F4xx/Include -I../Drivers/CMSIS/Include -I"/home/adam/Documents/capstone/CaptstoneRepo/capstone/STM_Workspace/LEDMatrixApp/VL53LMZ_ULD_API/inc" -I"/home/adam/Documents/capstone/CaptstoneRepo/capstone/STM_Workspace/LEDMatrixApp/Platform" -I"/home/adam/Documents/capstone/CaptstoneRepo/capstone/STM_Workspace/LEDMatrixApp/GesturesMZ" -I"/home/adam/Documents/capstone/CaptstoneRepo/capstone/STM_Workspace/LEDMatrixApp/apps_layer" -O0 -ffunction-sections -fdata-sections -Wall -fstack-usage -fcyclomatic-complexity -MMD -MP -MF"VL53LMZ_ULD_API/src/vl53lmz_plugin_motion_indicator.d" -MT"VL53LMZ_ULD_API/src/vl53lmz_plugin_motion_indicator.o" --specs=nano.specs -mfpu=fpv4-sp-d16 -mfloat-abi=hard -mthumb -o "VL53LMZ_ULD_API/src/vl53lmz_plugin_motion_indicator.o"
arm-none-eabi-gcc "../VL53LMZ_ULD_API/src/vl53lmz_plugin_xtalk.c" -mcpu=cortex-m4 -std=gnu11 -g3 -DDEBUG -DUSE_HAL_DRIVER -DSTM32F401xE -c -I../Core/Inc -I../Drivers/STM32F4xx_HAL_Driver/Inc -I../Drivers/STM32F4xx_HAL_Driver/Inc/Legacy -I../Drivers/CMSIS/Device/ST/STM32F4xx/Include -I../Drivers/CMSIS/Include -I"/home/adam/Documents/capstone/CaptstoneRepo/capstone/STM_Workspace/LEDMatrixApp/VL53LMZ_ULD_API/inc" -I"/home/adam/Documents/capstone/CaptstoneRepo/capstone/STM_Workspace/LEDMatrixApp/Platform" -I"/home/adam/Documents/capstone/CaptstoneRepo/capstone/STM_Workspace/LEDMatrixApp/GesturesMZ" -I"/home/adam/Documents/capstone/CaptstoneRepo/capstone/STM_Workspace/LEDMatrixApp/apps_layer" -O0 -ffunction-sections -fdata-sections -Wall -fstack-usage -fcyclomatic-complexity -MMD -MP -MF"VL53LMZ_ULD_API/src/vl53lmz_plugin_xtalk.d" -MT"VL53LMZ_ULD_API/src/vl53lmz_plugin_xtalk.o" --specs=nano.specs -mfpu=fpv4-sp-d16 -mfloat-abi=hard -mthumb -o "VL53LMZ_ULD_API/src/vl53lmz_plugin_xtalk.o"
arm-none-eabi-gcc "../Platform/platform.c" -mcpu=cortex-m4 -std=gnu11 -g3 -DDEBUG -DUSE_HAL_DRIVER -DSTM32F401xE -c -I../Core/Inc -I../Drivers/STM32F4xx_HAL_Driver/Inc -I../Drivers/STM32F4xx_HAL_Driver/Inc/Legacy -I../Drivers/CMSIS/Device/ST/STM32F4xx/Include -I../Drivers/CMSIS/Include -I"/home/adam/Documents/capstone/CaptstoneRepo/capstone/STM_Workspace/LEDMatrixApp/VL53LMZ_ULD_API/inc" -I"/home/adam/Documents/capstone/CaptstoneRepo/capstone/STM_Workspace/LEDMatrixApp/Platform" -I"/home/adam/Documents/capstone/CaptstoneRepo/capstone/STM_Workspace/LEDMatrixApp/GesturesMZ" -I"/home/adam/Documents/capstone/CaptstoneRepo/capstone/STM_Workspace/LEDMatrixApp/apps_layer" -O0 -ffunction-sections -fdata-sections -Wall -fstack-usage -fcyclomatic-complexity -MMD -MP -MF"Platform/platform.d" -MT"Platform/platform.o" --specs=nano.specs -mfpu=fpv4-sp-d16 -mfloat-abi=hard -mthumb -o "Platform/platform.o"
arm-none-eabi-gcc "../Drivers/STM32F4xx_HAL_Driver/Src/stm32f4xx_hal.c" -mcpu=cortex-m4 -std=gnu11 -g3 -DDEBUG -DUSE_HAL_DRIVER -DSTM32F401xE -c -I../Core/Inc -I../Drivers/STM32F4xx_HAL_Driver/Inc -I../Drivers/STM32F4xx_HAL_Driver/Inc/Legacy -I../Drivers/CMSIS/Device/ST/STM32F4xx/Include -I../Drivers/CMSIS/Include -I"/home/adam/Documents/capstone/CaptstoneRepo/capstone/STM_Workspace/LEDMatrixApp/VL53LMZ_ULD_API/inc" -I"/home/adam/Documents/capstone/CaptstoneRepo/capstone/STM_Workspace/LEDMatrixApp/Platform" -I"/home/adam/Documents/capstone/CaptstoneRepo/capstone/STM_Workspace/LEDMatrixApp/GesturesMZ" -I"/home/adam/Documents/capstone/CaptstoneRepo/capstone/STM_Workspace/LEDMatrixApp/apps_layer" -O0 -ffunction-sections -fdata-sections -Wall -fstack-usage -fcyclomatic-complexity -MMD -MP -MF"Drivers/STM32F4xx_HAL_Driver/Src/stm32f4xx_hal.d" -MT"Drivers/STM32F4xx_HAL_Driver/Src/stm32f4xx_hal.o" --specs=nano.specs -mfpu=fpv4-sp-d16 -mfloat-abi=hard -mthumb -o "Drivers/STM32F4xx_HAL_Driver/Src/stm32f4xx_hal.o"
arm-none-eabi-gcc "../Drivers/STM32F4xx_HAL_Driver/Src/stm32f4xx_hal_cortex.c" -mcpu=cortex-m4 -std=gnu11 -g3 -DDEBUG -DUSE_HAL_DRIVER -DSTM32F401xE -c -I../Core/Inc -I../Drivers/STM32F4xx_HAL_Driver/Inc -I../Drivers/STM32F4xx_HAL_Driver/Inc/Legacy -I../Drivers/CMSIS/Device/ST/STM32F4xx/Include -I../Drivers/CMSIS/Include -I"/home/adam/Documents/capstone/CaptstoneRepo/capstone/STM_Workspace/LEDMatrixApp/VL53LMZ_ULD_API/inc" -I"/home/adam/Documents/capstone/CaptstoneRepo/capstone/STM_Workspace/LEDMatrixApp/Platform" -I"/home/adam/Documents/capstone/CaptstoneRepo/capstone/STM_Workspace/LEDMatrixApp/GesturesMZ" -I"/home/adam/Documents/capstone/CaptstoneRepo/capstone/STM_Workspace/LEDMatrixApp/apps_layer" -O0 -ffunction-sections -fdata-sections -Wall -fstack-usage -fcyclomatic-complexity -MMD -MP -MF"Drivers/STM32F4xx_HAL_Driver/Src/stm32f4xx_hal_cortex.d" -MT"Drivers/STM32F4xx_HAL_Driver/Src/stm32f4xx_hal_cortex.o" --specs=nano.specs -mfpu=fpv4-sp-d16 -mfloat-abi=hard -mthumb -o "Drivers/STM32F4xx_HAL_Driver/Src/stm32f4xx_hal_cortex.o"
arm-none-eabi-gcc "../Drivers/STM32F4xx_HAL_Driver/Src/stm32f4xx_hal_dma.c" -mcpu=cortex-m4 -std=gnu11 -g3 -DDEBUG -DUSE_HAL_DRIVER -DSTM32F401xE -c -I../Core/Inc -I../Drivers/STM32F4xx_HAL_Driver/Inc -I../Drivers/STM32F4xx_HAL_Driver/Inc/Legacy -I../Drivers/CMSIS/Device/ST/STM32F4xx/Include -I../Drivers/CMSIS/Include -I"/home/adam/Documents/capstone/CaptstoneRepo/capstone/STM_Workspace/LEDMatrixApp/VL53LMZ_ULD_API/inc" -I"/home/adam/Documents/capstone/CaptstoneRepo/capstone/STM_Workspace/LEDMatrixApp/Platform" -I"/home/adam/Documents/capstone/CaptstoneRepo/capstone/STM_Workspace/LEDMatrixApp/GesturesMZ" -I"/home/adam/Documents/capstone/CaptstoneRepo/capstone/STM_Workspace/LEDMatrixApp/apps_layer" -O0 -ffunction-sections -fdata-sections -Wall -fstack-usage -fcyclomatic-complexity -MMD -MP -MF"Drivers/STM32F4xx_HAL_Driver/Src/stm32f4xx_hal_dma.d" -MT"Drivers/STM32F4xx_HAL_Driver/Src/stm32f4xx_hal_dma.o" --specs=nano.specs -mfpu=fpv4-sp-d16 -mfloat-abi=hard -mthumb -o "Drivers/STM32F4xx_HAL_Driver/Src/stm32f4xx_hal_dma.o"
arm-none-eabi-gcc "../Drivers/STM32F4xx_HAL_Driver/Src/stm32f4xx_hal_dma_ex.c" -mcpu=cortex-m4 -std=gnu11 -g3 -DDEBUG -DUSE_HAL_DRIVER -DSTM32F401xE -c -I../Core/Inc -I../Drivers/STM32F4xx_HAL_Driver/Inc -I../Drivers/STM32F4xx_HAL_Driver/Inc/Legacy -I../Drivers/CMSIS/Device/ST/STM32F4xx/Include -I../Drivers/CMSIS/Include -I"/home/adam/Documents/capstone/CaptstoneRepo/capstone/STM_Workspace/LEDMatrixApp/VL53LMZ_ULD_API/inc" -I"/home/adam/Documents/capstone/CaptstoneRepo/capstone/STM_Workspace/LEDMatrixApp/Platform" -I"/home/adam/Documents/capstone/CaptstoneRepo/capstone/STM_Workspace/LEDMatrixApp/GesturesMZ" -I"/home/adam/Documents/capstone/CaptstoneRepo/capstone/STM_Workspace/LEDMatrixApp/apps_layer" -O0 -ffunction-sections -fdata-sections -Wall -fstack-usage -fcyclomatic-complexity -MMD -MP -MF"Drivers/STM32F4xx_HAL_Driver/Src/stm32f4xx_hal_dma_ex.d" -MT"Drivers/STM32F4xx_HAL_Driver/Src/stm32f4xx_hal_dma_ex.o" --specs=nano.specs -mfpu=fpv4-sp-d16 -mfloat-abi=hard -mthumb -o "Drivers/STM32F4xx_HAL_Driver/Src/stm32f4xx_hal_dma_ex.o"
arm-none-eabi-gcc "../Drivers/STM32F4xx_HAL_Driver/Src/stm32f4xx_hal_exti.c" -mcpu=cortex-m4 -std=gnu11 -g3 -DDEBUG -DUSE_HAL_DRIVER -DSTM32F401xE -c -I../Core/Inc -I../Drivers/STM32F4xx_HAL_Driver/Inc -I../Drivers/STM32F4xx_HAL_Driver/Inc/Legacy -I../Drivers/CMSIS/Device/ST/STM32F4xx/Include -I../Drivers/CMSIS/Include -I"/home/adam/Documents/capstone/CaptstoneRepo/capstone/STM_Workspace/LEDMatrixApp/VL53LMZ_ULD_API/inc" -I"/home/adam/Documents/capstone/CaptstoneRepo/capstone/STM_Workspace/LEDMatrixApp/Platform" -I"/home/adam/Documents/capstone/CaptstoneRepo/capstone/STM_Workspace/LEDMatrixApp/GesturesMZ" -I"/home/adam/Documents/capstone/CaptstoneRepo/capstone/STM_Workspace/LEDMatrixApp/apps_layer" -O0 -ffunction-sections -fdata-sections -Wall -fstack-usage -fcyclomatic-complexity -MMD -MP -MF"Drivers/STM32F4xx_HAL_Driver/Src/stm32f4xx_hal_exti.d" -MT"Drivers/STM32F4xx_HAL_Driver/Src/stm32f4xx_hal_exti.o" --specs=nano.specs -mfpu=fpv4-sp-d16 -mfloat-abi=hard -mthumb -o "Drivers/STM32F4xx_HAL_Driver/Src/stm32f4xx_hal_exti.o"
arm-none-eabi-gcc "../Drivers/STM32F4xx_HAL_Driver/Src/stm32f4xx_hal_flash.c" -mcpu=cortex-m4 -std=gnu11 -g3 -DDEBUG -DUSE_HAL_DRIVER -DSTM32F401xE -c -I../Core/Inc -I../Drivers/STM32F4xx_HAL_Driver/Inc -I../Drivers/STM32F4xx_HAL_Driver/Inc/Legacy -I../Drivers/CMSIS/Device/ST/STM32F4xx/Include -I../Drivers/CMSIS/Include -I"/home/adam/Documents/capstone/CaptstoneRepo/capstone/STM_Workspace/LEDMatrixApp/VL53LMZ_ULD_API/inc" -I"/home/adam/Documents/capstone/CaptstoneRepo/capstone/STM_Workspace/LEDMatrixApp/Platform" -I"/home/adam/Documents/capstone/CaptstoneRepo/capstone/STM_Workspace/LEDMatrixApp/GesturesMZ" -I"/home/adam/Documents/capstone/CaptstoneRepo/capstone/STM_Workspace/LEDMatrixApp/apps_layer" -O0 -ffunction-sections -fdata-sections -Wall -fstack-usage -fcyclomatic-complexity -MMD -MP -MF"Drivers/STM32F4xx_HAL_Driver/Src/stm32f4xx_hal_flash.d" -MT"Drivers/STM32F4xx_HAL_Driver/Src/stm32f4xx_hal_flash.o" --specs=nano.specs -mfpu=fpv4-sp-d16 -mfloat-abi=hard -mthumb -o "Drivers/STM32F4xx_HAL_Driver/Src/stm32f4xx_hal_flash.o"
arm-none-eabi-gcc "../Drivers/STM32F4xx_HAL_Driver/Src/stm32f4xx_hal_flash_ex.c" -mcpu=cortex-m4 -std=gnu11 -g3 -DDEBUG -DUSE_HAL_DRIVER -DSTM32F401xE -c -I../Core/Inc -I../Drivers/STM32F4xx_HAL_Driver/Inc -I../Drivers/STM32F4xx_HAL_Driver/Inc/Legacy -I../Drivers/CMSIS/Device/ST/STM32F4xx/Include -I../Drivers/CMSIS/Include -I"/home/adam/Documents/capstone/CaptstoneRepo/capstone/STM_Workspace/LEDMatrixApp/VL53LMZ_ULD_API/inc" -I"/home/adam/Documents/capstone/CaptstoneRepo/capstone/STM_Workspace/LEDMatrixApp/Platform" -I"/home/adam/Documents/capstone/CaptstoneRepo/capstone/STM_Workspace/LEDMatrixApp/GesturesMZ" -I"/home/adam/Documents/capstone/CaptstoneRepo/capstone/STM_Workspace/LEDMatrixApp/apps_layer" -O0 -ffunction-sections -fdata-sections -Wall -fstack-usage -fcyclomatic-complexity -MMD -MP -MF"Drivers/STM32F4xx_HAL_Driver/Src/stm32f4xx_hal_flash_ex.d" -MT"Drivers/STM32F4xx_HAL_Driver/Src/stm32f4xx_hal_flash_ex.o" --specs=nano.specs -mfpu=fpv4-sp-d16 -mfloat-abi=hard -mthumb -o "Drivers/STM32F4xx_HAL_Driver/Src/stm32f4xx_hal_flash_ex.o"
arm-none-eabi-gcc "../Drivers/STM32F4xx_HAL_Driver/Src/stm32f4xx_hal_flash_ramfunc.c" -mcpu=cortex-m4 -std=gnu11 -g3 -DDEBUG -DUSE_HAL_DRIVER -DSTM32F401xE -c -I../Core/Inc -I../Drivers/STM32F4xx_HAL_Driver/Inc -I../Drivers/STM32F4xx_HAL_Driver/Inc/Legacy -I../Drivers/CMSIS/Device/ST/STM32F4xx/Include -I../Drivers/CMSIS/Include -I"/home/adam/Documents/capstone/CaptstoneRepo/capstone/STM_Workspace/LEDMatrixApp/VL53LMZ_ULD_API/inc" -I"/home/adam/Documents/capstone/CaptstoneRepo/capstone/STM_Workspace/LEDMatrixApp/Platform" -I"/home/adam/Documents/capstone/CaptstoneRepo/capstone/STM_Workspace/LEDMatrixApp/GesturesMZ" -I"/home/adam/Documents/capstone/CaptstoneRepo/capstone/STM_Workspace/LEDMatrixApp/apps_layer" -O0 -ffunction-sections -fdata-sections -Wall -fstack-usage -fcyclomatic-complexity -MMD -MP -MF"Drivers/STM32F4xx_HAL_Driver/Src/stm32f4xx_hal_flash_ramfunc.d" -MT"Drivers/STM32F4xx_HAL_Driver/Src/stm32f4xx_hal_flash_ramfunc.o" --specs=nano.specs -mfpu=fpv4-sp-d16 -mfloat-abi=hard -mthumb -o "Drivers/STM32F4xx_HAL_Driver/Src/stm32f4xx_hal_flash_ramfunc.o"
arm-none-eabi-gcc "../Drivers/STM32F4xx_HAL_Driver/Src/stm32f4xx_hal_gpio.c" -mcpu=cortex-m4 -std=gnu11 -g3 -DDEBUG -DUSE_HAL_DRIVER -DSTM32F401xE -c -I../Core/Inc -I../Drivers/STM32F4xx_HAL_Driver/Inc -I../Drivers/STM32F4xx_HAL_Driver/Inc/Legacy -I../Drivers/CMSIS/Device/ST/STM32F4xx/Include -I../Drivers/CMSIS/Include -I"/home/adam/Documents/capstone/CaptstoneRepo/capstone/STM_Workspace/LEDMatrixApp/VL53LMZ_ULD_API/inc" -I"/home/adam/Documents/capstone/CaptstoneRepo/capstone/STM_Workspace/LEDMatrixApp/Platform" -I"/home/adam/Documents/capstone/CaptstoneRepo/capstone/STM_Workspace/LEDMatrixApp/GesturesMZ" -I"/home/adam/Documents/capstone/CaptstoneRepo/capstone/STM_Workspace/LEDMatrixApp/apps_layer" -O0 -ffunction-sections -fdata-sections -Wall -fstack-usage -fcyclomatic-complexity -MMD -MP -MF"Drivers/STM32F4xx_HAL_Driver/Src/stm32f4xx_hal_gpio.d" -MT"Drivers/STM32F4xx_HAL_Driver/Src/stm32f4xx_hal_gpio.o" --specs=nano.specs -mfpu=fpv4-sp-d16 -mfloat-abi=hard -mthumb -o "Drivers/STM32F4xx_HAL_Driver/Src/stm32f4xx_hal_gpio.o"
arm-none-eabi-gcc "../Drivers/STM32F4xx_HAL_Driver/Src/stm32f4xx_hal_i2c.c" -mcpu=cortex-m4 -std=gnu11 -g3 -DDEBUG -DUSE_HAL_DRIVER -DSTM32F401xE -c -I../Core/Inc -I../Drivers/STM32F4xx_HAL_Driver/Inc -I../Drivers/STM32F4xx_HAL_Driver/Inc/Legacy -I../Drivers/CMSIS/Device/ST/STM32F4xx/Include -I../Drivers/CMSIS/Include -I"/home/adam/Documents/capstone/CaptstoneRepo/capstone/STM_Workspace/LEDMatrixApp/VL53LMZ_ULD_API/inc" -I"/home/adam/Documents/capstone/CaptstoneRepo/capstone/STM_Workspace/LEDMatrixApp/Platform" -I"/home/adam/Documents/capstone/CaptstoneRepo/capstone/STM_Workspace/LEDMatrixApp/GesturesMZ" -I"/home/adam/Documents/capstone/CaptstoneRepo/capstone/STM_Workspace/LEDMatrixApp/apps_layer" -O0 -ffunction-sections -fdata-sections -Wall -fstack-usage -fcyclomatic-complexity -MMD -MP -MF"Drivers/STM32F4xx_HAL_Driver/Src/stm32f4xx_hal_i2c.d" -MT"Drivers/STM32F4xx_HAL_Driver/Src/stm32f4xx_hal_i2c.o" --specs=nano.specs -mfpu=fpv4-sp-d16 -mfloat-abi=hard -mthumb -o "Drivers/STM32F4xx_HAL_Driver/Src/stm32f4xx_hal_i2c.o"
arm-none-eabi-gcc "../Drivers/STM32F4xx_HAL_Driver/Src/stm32f4xx_hal_i2c_ex.c" -mcpu=cortex-m4 -std=gnu11 -g3 -DDEBUG -DUSE_HAL_DRIVER -DSTM32F401xE -c -I../Core/Inc -I../Drivers/STM32F4xx_HAL_Driver/Inc -I../Drivers/STM32F4xx_HAL_Driver/Inc/Legacy -I../Drivers/CMSIS/Device/ST/STM32F4xx/Include -I../Drivers/CMSIS/Include -I"/home/adam/Documents/capstone/CaptstoneRepo/capstone/STM_Workspace/LEDMatrixApp/VL53LMZ_ULD_API/inc" -I"/home/adam/Documents/capstone/CaptstoneRepo/capstone/STM_Workspace/LEDMatrixApp/Platform" -I"/home/adam/Documents/capstone/CaptstoneRepo/capstone/STM_Workspace/LEDMatrixApp/GesturesMZ" -I"/home/adam/Documents/capstone/CaptstoneRepo/capstone/STM_Workspace/LEDMatrixApp/apps_layer" -O0 -ffunction-sections -fdata-sections -Wall -fstack-usage -fcyclomatic-complexity -MMD -MP -MF"Drivers/STM32F4xx_HAL_Driver/Src/stm32f4xx_hal_i2c_ex.d" -MT"Drivers/STM32F4xx_HAL_Driver/Src/stm32f4xx_hal_i2c_ex.o" --specs=nano.specs -mfpu=fpv4-sp-d16 -mfloat-abi=hard -mthumb -o "Drivers/STM32F4xx_HAL_Driver/Src/stm32f4xx_hal_i2c_ex.o"
arm-none-eabi-gcc "../Drivers/STM32F4xx_HAL_Driver/Src/stm32f4xx_hal_pwr.c" -mcpu=cortex-m4 -std=gnu11 -g3 -DDEBUG -DUSE_HAL_DRIVER -DSTM32F401xE -c -I../Core/Inc -I../Drivers/STM32F4xx_HAL_Driver/Inc -I../Drivers/STM32F4xx_HAL_Driver/Inc/Legacy -I../Drivers/CMSIS/Device/ST/STM32F4xx/Include -I../Drivers/CMSIS/Include -I"/home/adam/Documents/capstone/CaptstoneRepo/capstone/STM_Workspace/LEDMatrixApp/VL53LMZ_ULD_API/inc" -I"/home/adam/Documents/capstone/CaptstoneRepo/capstone/STM_Workspace/LEDMatrixApp/Platform" -I"/home/adam/Documents/capstone/CaptstoneRepo/capstone/STM_Workspace/LEDMatrixApp/GesturesMZ" -I"/home/adam/Documents/capstone/CaptstoneRepo/capstone/STM_Workspace/LEDMatrixApp/apps_layer" -O0 -ffunction-sections -fdata-sections -Wall -fstack-usage -fcyclomatic-complexity -MMD -MP -MF"Drivers/STM32F4xx_HAL_Driver/Src/stm32f4xx_hal_pwr.d" -MT"Drivers/STM32F4xx_HAL_Driver/Src/stm32f4xx_hal_pwr.o" --specs=nano.specs -mfpu=fpv4-sp-d16 -mfloat-abi=hard -mthumb -o "Drivers/STM32F4xx_HAL_Driver/Src/stm32f4xx_hal_pwr.o"
arm-none-eabi-gcc "../Drivers/STM32F4xx_HAL_Driver/Src/stm32f4xx_hal_pwr_ex.c" -mcpu=cortex-m4 -std=gnu11 -g3 -DDEBUG -DUSE_HAL_DRIVER -DSTM32F401xE -c -I../Core/Inc -I../Drivers/STM32F4xx_HAL_Driver/Inc -I../Drivers/STM32F4xx_HAL_Driver/Inc/Legacy -I../Drivers/CMSIS/Device/ST/STM32F4xx/Include -I../Drivers/CMSIS/Include -I"/home/adam/Documents/capstone/CaptstoneRepo/capstone/STM_Workspace/LEDMatrixApp/VL53LMZ_ULD_API/inc" -I"/home/adam/Documents/capstone/CaptstoneRepo/capstone/STM_Workspace/LEDMatrixApp/Platform" -I"/home/adam/Documents/capstone/CaptstoneRepo/capstone/STM_Workspace/LEDMatrixApp/GesturesMZ" -I"/home/adam/Documents/capstone/CaptstoneRepo/capstone/STM_Workspace/LEDMatrixApp/apps_layer" -O0 -ffunction-sections -fdata-sections -Wall -fstack-usage -fcyclomatic-complexity -MMD -MP -MF"Drivers/STM32F4xx_HAL_Driver/Src/stm32f4xx_hal_pwr_ex.d" -MT"Drivers/STM32F4xx_HAL_Driver/Src/stm32f4xx_hal_pwr_ex.o" --specs=nano.specs -mfpu=fpv4-sp-d16 -mfloat-abi=hard -mthumb -o "Drivers/STM32F4xx_HAL_Driver/Src/stm32f4xx_hal_pwr_ex.o"
arm-none-eabi-gcc "../Drivers/STM32F4xx_HAL_Driver/Src/stm32f4xx_hal_rcc.c" -mcpu=cortex-m4 -std=gnu11 -g3 -DDEBUG -DUSE_HAL_DRIVER -DSTM32F401xE -c -I../Core/Inc -I../Drivers/STM32F4xx_HAL_Driver/Inc -I../Drivers/STM32F4xx_HAL_Driver/Inc/Legacy -I../Drivers/CMSIS/Device/ST/STM32F4xx/Include -I../Drivers/CMSIS/Include -I"/home/adam/Documents/capstone/CaptstoneRepo/capstone/STM_Workspace/LEDMatrixApp/VL53LMZ_ULD_API/inc" -I"/home/adam/Documents/capstone/CaptstoneRepo/capstone/STM_Workspace/LEDMatrixApp/Platform" -I"/home/adam/Documents/capstone/CaptstoneRepo/capstone/STM_Workspace/LEDMatrixApp/GesturesMZ" -I"/home/adam/Documents/capstone/CaptstoneRepo/capstone/STM_Workspace/LEDMatrixApp/apps_layer" -O0 -ffunction-sections -fdata-sections -Wall -fstack-usage -fcyclomatic-complexity -MMD -MP -MF"Drivers/STM32F4xx_HAL_Driver/Src/stm32f4xx_hal_rcc.d" -MT"Drivers/STM32F4xx_HAL_Driver/Src/stm32f4xx_hal_rcc.o" --specs=nano.specs -mfpu=fpv4-sp-d16 -mfloat-abi=hard -mthumb -o "Drivers/STM32F4xx_HAL_Driver/Src/stm32f4xx_hal_rcc.o"
arm-none-eabi-gcc "../Drivers/STM32F4xx_HAL_Driver/Src/stm32f4xx_hal_rcc_ex.c" -mcpu=cortex-m4 -std=gnu11 -g3 -DDEBUG -DUSE_HAL_DRIVER -DSTM32F401xE -c -I../Core/Inc -I../Drivers/STM32F4xx_HAL_Driver/Inc -I../Drivers/STM32F4xx_HAL_Driver/Inc/Legacy -I../Drivers/CMSIS/Device/ST/STM32F4xx/Include -I../Drivers/CMSIS/Include -I"/home/adam/Documents/capstone/CaptstoneRepo/capstone/STM_Workspace/LEDMatrixApp/VL53LMZ_ULD_API/inc" -I"/home/adam/Documents/capstone/CaptstoneRepo/capstone/STM_Workspace/LEDMatrixApp/Platform" -I"/home/adam/Documents/capstone/CaptstoneRepo/capstone/STM_Workspace/LEDMatrixApp/GesturesMZ" -I"/home/adam/Documents/capstone/CaptstoneRepo/capstone/STM_Workspace/LEDMatrixApp/apps_layer" -O0 -ffunction-sections -fdata-sections -Wall -fstack-usage -fcyclomatic-complexity -MMD -MP -MF"Drivers/STM32F4xx_HAL_Driver/Src/stm32f4xx_hal_rcc_ex.d" -MT"Drivers/STM32F4xx_HAL_Driver/Src/stm32f4xx_hal_rcc_ex.o" --specs=nano.specs -mfpu=fpv4-sp-d16 -mfloat-abi=hard -mthumb -o "Drivers/STM32F4xx_HAL_Driver/Src/stm32f4xx_hal_rcc_ex.o"
arm-none-eabi-gcc "../Drivers/STM32F4xx_HAL_Driver/Src/stm32f4xx_hal_tim.c" -mcpu=cortex-m4 -std=gnu11 -g3 -DDEBUG -DUSE_HAL_DRIVER -DSTM32F401xE -c -I../Core/Inc -I../Drivers/STM32F4xx_HAL_Driver/Inc -I../Drivers/STM32F4xx_HAL_Driver/Inc/Legacy -I../Drivers/CMSIS/Device/ST/STM32F4xx/Include -I../Drivers/CMSIS/Include -I"/home/adam/Documents/capstone/CaptstoneRepo/capstone/STM_Workspace/LEDMatrixApp/VL53LMZ_ULD_API/inc" -I"/home/adam/Documents/capstone/CaptstoneRepo/capstone/STM_Workspace/LEDMatrixApp/Platform" -I"/home/adam/Documents/capstone/CaptstoneRepo/capstone/STM_Workspace/LEDMatrixApp/GesturesMZ" -I"/home/adam/Documents/capstone/CaptstoneRepo/capstone/STM_Workspace/LEDMatrixApp/apps_layer" -O0 -ffunction-sections -fdata-sections -Wall -fstack-usage -fcyclomatic-complexity -MMD -MP -MF"Drivers/STM32F4xx_HAL_Driver/Src/stm32f4xx_hal_tim.d" -MT"Drivers/STM32F4xx_HAL_Driver/Src/stm32f4xx_hal_tim.o" --specs=nano.specs -mfpu=fpv4-sp-d16 -mfloat-abi=hard -mthumb -o "Drivers/STM32F4xx_HAL_Driver/Src/stm32f4xx_hal_tim.o"
arm-none-eabi-gcc "../Drivers/STM32F4xx_HAL_Driver/Src/stm32f4xx_hal_tim_ex.c" -mcpu=cortex-m4 -std=gnu11 -g3 -DDEBUG -DUSE_HAL_DRIVER -DSTM32F401xE -c -I../Core/Inc -I../Drivers/STM32F4xx_HAL_Driver/Inc -I../Drivers/STM32F4xx_HAL_Driver/Inc/Legacy -I../Drivers/CMSIS/Device/ST/STM32F4xx/Include -I../Drivers/CMSIS/Include -I"/home/adam/Documents/capstone/CaptstoneRepo/capstone/STM_Workspace/LEDMatrixApp/VL53LMZ_ULD_API/inc" -I"/home/adam/Documents/capstone/CaptstoneRepo/capstone/STM_Workspace/LEDMatrixApp/Platform" -I"/home/adam/Documents/capstone/CaptstoneRepo/capstone/STM_Workspace/LEDMatrixApp/GesturesMZ" -I"/home/adam/Documents/capstone/CaptstoneRepo/capstone/STM_Workspace/LEDMatrixApp/apps_layer" -O0 -ffunction-sections -fdata-sections -Wall -fstack-usage -fcyclomatic-complexity -MMD -MP -MF"Drivers/STM32F4xx_HAL_Driver/Src/stm32f4xx_hal_tim_ex.d" -MT"Drivers/STM32F4xx_HAL_Driver/Src/stm32f4xx_hal_tim_ex.o" --specs=nano.specs -mfpu=fpv4-sp-d16 -mfloat-abi=hard -mthumb -o "Drivers/STM32F4xx_HAL_Driver/Src/stm32f4xx_hal_tim_ex.o"
arm-none-eabi-gcc "../Drivers/STM32F4xx_HAL_Driver/Src/stm32f4xx_hal_uart.c" -mcpu=cortex-m4 -std=gnu11 -g3 -DDEBUG -DUSE_HAL_DRIVER -DSTM32F401xE -c -I../Core/Inc -I../Drivers/STM32F4xx_HAL_Driver/Inc -I../Drivers/STM32F4xx_HAL_Driver/Inc/Legacy -I../Drivers/CMSIS/Device/ST/STM32F4xx/Include -I../Drivers/CMSIS/Include -I"/home/adam/Documents/capstone/CaptstoneRepo/capstone/STM_Workspace/LEDMatrixApp/VL53LMZ_ULD_API/inc" -I"/home/adam/Documents/capstone/CaptstoneRepo/capstone/STM_Workspace/LEDMatrixApp/Platform" -I"/home/adam/Documents/capstone/CaptstoneRepo/capstone/STM_Workspace/LEDMatrixApp/GesturesMZ" -I"/home/adam/Documents/capstone/CaptstoneRepo/capstone/STM_Workspace/LEDMatrixApp/apps_layer" -O0 -ffunction-sections -fdata-sections -Wall -fstack-usage -fcyclomatic-complexity -MMD -MP -MF"Drivers/STM32F4xx_HAL_Driver/Src/stm32f4xx_hal_uart.d" -MT"Drivers/STM32F4xx_HAL_Driver/Src/stm32f4xx_hal_uart.o" --specs=nano.specs -mfpu=fpv4-sp-d16 -mfloat-abi=hard -mthumb -o "Drivers/STM32F4xx_HAL_Driver/Src/stm32f4xx_hal_uart.o"
arm-none-eabi-gcc "../Core/Src/main.c" -mcpu=cortex-m4 -std=gnu11 -g3 -DDEBUG -DUSE_HAL_DRIVER -DSTM32F401xE -c -I../Core/Inc -I../Drivers/STM32F4xx_HAL_Driver/Inc -I../Drivers/STM32F4xx_HAL_Driver/Inc/Legacy -I../Drivers/CMSIS/Device/ST/STM32F4xx/Include -I../Drivers/CMSIS/Include -I"/home/adam/Documents/capstone/CaptstoneRepo/capstone/STM_Workspace/LEDMatrixApp/VL53LMZ_ULD_API/inc" -I"/home/adam/Documents/capstone/CaptstoneRepo/capstone/STM_Workspace/LEDMatrixApp/Platform" -I"/home/adam/Documents/capstone/CaptstoneRepo/capstone/STM_Workspace/LEDMatrixApp/GesturesMZ" -I"/home/adam/Documents/capstone/CaptstoneRepo/capstone/STM_Workspace/LEDMatrixApp/apps_layer" -O0 -ffunction-sections -fdata-sections -Wall -fstack-usage -fcyclomatic-complexity -MMD -MP -MF"Core/Src/main.d" -MT"Core/Src/main.o" --specs=nano.specs -mfpu=fpv4-sp-d16 -mfloat-abi=hard -mthumb -o "Core/Src/main.o"
arm-none-eabi-gcc "../Core/Src/stm32f4xx_hal_msp.c" -mcpu=cortex-m4 -std=gnu11 -g3 -DDEBUG -DUSE_HAL_DRIVER -DSTM32F401xE -c -I../Core/Inc -I../Drivers/STM32F4xx_HAL_Driver/Inc -I../Drivers/STM32F4xx_HAL_Driver/Inc/Legacy -I../Drivers/CMSIS/Device/ST/STM32F4xx/Include -I../Drivers/CMSIS/Include -I"/home/adam/Documents/capstone/CaptstoneRepo/capstone/STM_Workspace/LEDMatrixApp/VL53LMZ_ULD_API/inc" -I"/home/adam/Documents/capstone/CaptstoneRepo/capstone/STM_Workspace/LEDMatrixApp/Platform" -I"/home/adam/Documents/capstone/CaptstoneRepo/capstone/STM_Workspace/LEDMatrixApp/GesturesMZ" -I"/home/adam/Documents/capstone/CaptstoneRepo/capstone/STM_Workspace/LEDMatrixApp/apps_layer" -O0 -ffunction-sections -fdata-sections -Wall -fstack-usage -fcyclomatic-complexity -MMD -MP -MF"Core/Src/stm32f4xx_hal_msp.d" -MT"Core/Src/stm32f4xx_hal_msp.o" --specs=nano.specs -mfpu=fpv4-sp-d16 -mfloat-abi=hard -mthumb -o "Core/Src/stm32f4xx_hal_msp.o"
arm-none-eabi-gcc "../Core/Src/stm32f4xx_it.c" -mcpu=cortex-m4 -std=gnu11 -g3 -DDEBUG -DUSE_HAL_DRIVER -DSTM32F401xE -c -I../Core/Inc -I../Drivers/STM32F4xx_HAL_Driver/Inc -I../Drivers/STM32F4xx_HAL_Driver/Inc/Legacy -I../Drivers/CMSIS/Device/ST/STM32F4xx/Include -I../Drivers/CMSIS/Include -I"/home/adam/Documents/capstone/CaptstoneRepo/capstone/STM_Workspace/LEDMatrixApp/VL53LMZ_ULD_API/inc" -I"/home/adam/Documents/capstone/CaptstoneRepo/capstone/STM_Workspace/LEDMatrixApp/Platform" -I"/home/adam/Documents/capstone/CaptstoneRepo/capstone/STM_Workspace/LEDMatrixApp/GesturesMZ" -I"/home/adam/Documents/capstone/CaptstoneRepo/capstone/STM_Workspace/LEDMatrixApp/apps_layer" -O0 -ffunction-sections -fdata-sections -Wall -fstack-usage -fcyclomatic-complexity -MMD -MP -MF"Core/Src/stm32f4xx_it.d" -MT"Core/Src/stm32f4xx_it.o" --specs=nano.specs -mfpu=fpv4-sp-d16 -mfloat-abi=hard -mthumb -o "Core/Src/stm32f4xx_it.o"
arm-none-eabi-gcc "../Core/Src/system_stm32f4xx.c" -mcpu=cortex-m4 -std=gnu11 -g3 -DDEBUG -DUSE_HAL_DRIVER -DSTM32F401xE -c -I../Core/Inc -I../Drivers/STM32F4xx_HAL_Driver/Inc -I../Drivers/STM32F4xx_HAL_Driver/Inc/Legacy -I../Drivers/CMSIS/Device/ST/STM32F4xx/Include -I../Drivers/CMSIS/Include -I"/home/adam/Documents/capstone/CaptstoneRepo/capstone/STM_Workspace/LEDMatrixApp/VL53LMZ_ULD_API/inc" -I"/home/adam/Documents/capstone/CaptstoneRepo/capstone/STM_Workspace/LEDMatrixApp/Platform" -I"/home/adam/Documents/capstone/CaptstoneRepo/capstone/STM_Workspace/LEDMatrixApp/GesturesMZ" -I"/home/adam/Documents/capstone/CaptstoneRepo/capstone/STM_Workspace/LEDMatrixApp/apps_layer" -O0 -ffunction-sections -fdata-sections -Wall -fstack-usage -fcyclomatic-complexity -MMD -MP -MF"Core/Src/system_stm32f4xx.d" -MT"Core/Src/system_stm32f4xx.o" --specs=nano.specs -mfpu=fpv4-sp-d16 -mfloat-abi=hard -mthumb -o "Core/Src/system_stm32f4xx.o"
arm-none-eabi-gcc "../Core/Src/tof_lib.c" -mcpu=cortex-m4 -std=gnu11 -g3 -DDEBUG -DUSE_HAL_DRIVER -DSTM32F401xE -c -I../Core/Inc -I../Drivers/STM32F4xx_HAL_Driver/Inc -I../Drivers/STM32F4xx_HAL_Driver/Inc/Legacy -I../Drivers/CMSIS/Device/ST/STM32F4xx/Include -I../Drivers/CMSIS/Include -I"/home/adam/Documents/capstone/CaptstoneRepo/capstone/STM_Workspace/LEDMatrixApp/VL53LMZ_ULD_API/inc" -I"/home/adam/Documents/capstone/CaptstoneRepo/capstone/STM_Workspace/LEDMatrixApp/Platform" -I"/home/adam/Documents/capstone/CaptstoneRepo/capstone/STM_Workspace/LEDMatrixApp/GesturesMZ" -I"/home/adam/Documents/capstone/CaptstoneRepo/capstone/STM_Workspace/LEDMatrixApp/apps_layer" -O0 -ffunction-sections -fdata-sections -Wall -fstack-usage -fcyclomatic-complexity -MMD -MP -MF"Core/Src/tof_lib.d" -MT"Core/Src/tof_lib.o" --specs=nano.specs -mfpu=fpv4-sp-d16 -mfloat-abi=hard -mthumb -o "Core/Src/tof_lib.o"
arm-none-eabi-gcc -o "LEDMatrixApp.elf" @"objects.list"  -lGesturesMZ -mcpu=cortex-m4 -T"/home/adam/Documents/capstone/CaptstoneRepo/capstone/STM_Workspace/LEDMatrixApp/STM32F401RETX_FLASH.ld" --specs=nosys.specs -Wl,-Map="LEDMatrixApp.map" -Wl,--gc-sections -static -L../GesturesMZ --specs=nano.specs -mfpu=fpv4-sp-d16 -mfloat-abi=hard -mthumb -Wl,--start-group -lc -lm -Wl,--end-group
Finished building target: LEDMatrixApp.elf
 
arm-none-eabi-size   LEDMatrixApp.elf 
arm-none-eabi-objdump -h -S  LEDMatrixApp.elf  > "LEDMatrixApp.list"
   text	   data	    bss	    dec	    hex	filename
  11604	     20	   1788	  13412	   3464	LEDMatrixApp.elf
Finished building: default.size.stdout
 
Finished building: LEDMatrixApp.list
 
17:00:42 **** Incremental Build of configuration Debug for project LEDMatrixApp ****
make -j8 all 
arm-none-eabi-gcc "../Core/Src/main.c" -mcpu=cortex-m4 -std=gnu11 -g3 -DDEBUG -DUSE_HAL_DRIVER -DSTM32F401xE -c -I../Core/Inc -I../Drivers/STM32F4xx_HAL_Driver/Inc -I../Drivers/STM32F4xx_HAL_Driver/Inc/Legacy -I../Drivers/CMSIS/Device/ST/STM32F4xx/Include -I../Drivers/CMSIS/Include -I"/home/adam/Documents/capstone/CaptstoneRepo/capstone/STM_Workspace/LEDMatrixApp/VL53LMZ_ULD_API/inc" -I"/home/adam/Documents/capstone/CaptstoneRepo/capstone/STM_Workspace/LEDMatrixApp/Platform" -I"/home/adam/Documents/capstone/CaptstoneRepo/capstone/STM_Workspace/LEDMatrixApp/GesturesMZ" -I"/home/adam/Documents/capstone/CaptstoneRepo/capstone/STM_Workspace/LEDMatrixApp/apps_layer" -O0 -ffunction-sections -fdata-sections -Wall -fstack-usage -fcyclomatic-complexity -MMD -MP -MF"Core/Src/main.d" -MT"Core/Src/main.o" --specs=nano.specs -mfpu=fpv4-sp-d16 -mfloat-abi=hard -mthumb -o "Core/Src/main.o"
arm-none-eabi-gcc -o "LEDMatrixApp.elf" @"objects.list"  -lGesturesMZ -mcpu=cortex-m4 -T"/home/adam/Documents/capstone/CaptstoneRepo/capstone/STM_Workspace/LEDMatrixApp/STM32F401RETX_FLASH.ld" --specs=nosys.specs -Wl,-Map="LEDMatrixApp.map" -Wl,--gc-sections -static -L../GesturesMZ --specs=nano.specs -mfpu=fpv4-sp-d16 -mfloat-abi=hard -mthumb -Wl,--start-group -lc -lm -Wl,--end-group
Finished building target: LEDMatrixApp.elf
 
arm-none-eabi-size   LEDMatrixApp.elf 
arm-none-eabi-objdump -h -S  LEDMatrixApp.elf  > "LEDMatrixApp.list"
   text	   data	    bss	    dec	    hex	filename
 135628	    136	  19352	 155116	  25dec	LEDMatrixApp.elf
Finished building: default.size.stdout
 
Finished building: LEDMatrixApp.list
 
17:02:02 **** Incremental Build of configuration Debug for project LEDMatrixApp ****
make -j8 all 
arm-none-eabi-gcc "../Core/Src/main.c" -mcpu=cortex-m4 -std=gnu11 -g3 -DDEBUG -DUSE_HAL_DRIVER -DSTM32F401xE -c -I../Core/Inc -I../Drivers/STM32F4xx_HAL_Driver/Inc -I../Drivers/STM32F4xx_HAL_Driver/Inc/Legacy -I../Drivers/CMSIS/Device/ST/STM32F4xx/Include -I../Drivers/CMSIS/Include -I"/home/adam/Documents/capstone/CaptstoneRepo/capstone/STM_Workspace/LEDMatrixApp/VL53LMZ_ULD_API/inc" -I"/home/adam/Documents/capstone/CaptstoneRepo/capstone/STM_Workspace/LEDMatrixApp/Platform" -I"/home/adam/Documents/capstone/CaptstoneRepo/capstone/STM_Workspace/LEDMatrixApp/GesturesMZ" -I"/home/adam/Documents/capstone/CaptstoneRepo/capstone/STM_Workspace/LEDMatrixApp/apps_layer" -O0 -ffunction-sections -fdata-sections -Wall -fstack-usage -fcyclomatic-complexity -MMD -MP -MF"Core/Src/main.d" -MT"Core/Src/main.o" --specs=nano.specs -mfpu=fpv4-sp-d16 -mfloat-abi=hard -mthumb -o "Core/Src/main.o"
arm-none-eabi-gcc -o "LEDMatrixApp.elf" @"objects.list"  -lGesturesMZ -mcpu=cortex-m4 -T"/home/adam/Documents/capstone/CaptstoneRepo/capstone/STM_Workspace/LEDMatrixApp/STM32F401RETX_FLASH.ld" --specs=nosys.specs -Wl,-Map="LEDMatrixApp.map" -Wl,--gc-sections -static -L../GesturesMZ --specs=nano.specs -mfpu=fpv4-sp-d16 -mfloat-abi=hard -mthumb -Wl,--start-group -lc -lm -Wl,--end-group
Finished building target: LEDMatrixApp.elf
 
arm-none-eabi-size   LEDMatrixApp.elf 
arm-none-eabi-objdump -h -S  LEDMatrixApp.elf  > "LEDMatrixApp.list"
   text	   data	    bss	    dec	    hex	filename
 135628	    136	  19352	 155116	  25dec	LEDMatrixApp.elf
Finished building: default.size.stdout
 
Finished building: LEDMatrixApp.list
 
17:02:35 **** Incremental Build of configuration Debug for project LEDMatrixApp ****
make -j8 all 
arm-none-eabi-size   LEDMatrixApp.elf 
   text	   data	    bss	    dec	    hex	filename
 135628	    136	  19352	 155116	  25dec	LEDMatrixApp.elf
Finished building: default.size.stdout
 
17:06:02 **** Incremental Build of configuration Debug for project LEDMatrixApp ****
make -j8 all 
arm-none-eabi-gcc "../apps_layer/apps_layer_utils.c" -mcpu=cortex-m4 -std=gnu11 -g3 -DDEBUG -DUSE_HAL_DRIVER -DSTM32F401xE -c -I../Core/Inc -I../Drivers/STM32F4xx_HAL_Driver/Inc -I../Drivers/STM32F4xx_HAL_Driver/Inc/Legacy -I../Drivers/CMSIS/Device/ST/STM32F4xx/Include -I../Drivers/CMSIS/Include -I"/home/adam/Documents/capstone/CaptstoneRepo/capstone/STM_Workspace/LEDMatrixApp/VL53LMZ_ULD_API/inc" -I"/home/adam/Documents/capstone/CaptstoneRepo/capstone/STM_Workspace/LEDMatrixApp/Platform" -I"/home/adam/Documents/capstone/CaptstoneRepo/capstone/STM_Workspace/LEDMatrixApp/GesturesMZ" -I"/home/adam/Documents/capstone/CaptstoneRepo/capstone/STM_Workspace/LEDMatrixApp/apps_layer" -O0 -ffunction-sections -fdata-sections -Wall -fstack-usage -fcyclomatic-complexity -MMD -MP -MF"apps_layer/apps_layer_utils.d" -MT"apps_layer/apps_layer_utils.o" --specs=nano.specs -mfpu=fpv4-sp-d16 -mfloat-abi=hard -mthumb -o "apps_layer/apps_layer_utils.o"
arm-none-eabi-gcc "../VL53LMZ_ULD_API/src/vl53lmz_api.c" -mcpu=cortex-m4 -std=gnu11 -g3 -DDEBUG -DUSE_HAL_DRIVER -DSTM32F401xE -c -I../Core/Inc -I../Drivers/STM32F4xx_HAL_Driver/Inc -I../Drivers/STM32F4xx_HAL_Driver/Inc/Legacy -I../Drivers/CMSIS/Device/ST/STM32F4xx/Include -I../Drivers/CMSIS/Include -I"/home/adam/Documents/capstone/CaptstoneRepo/capstone/STM_Workspace/LEDMatrixApp/VL53LMZ_ULD_API/inc" -I"/home/adam/Documents/capstone/CaptstoneRepo/capstone/STM_Workspace/LEDMatrixApp/Platform" -I"/home/adam/Documents/capstone/CaptstoneRepo/capstone/STM_Workspace/LEDMatrixApp/GesturesMZ" -I"/home/adam/Documents/capstone/CaptstoneRepo/capstone/STM_Workspace/LEDMatrixApp/apps_layer" -O0 -ffunction-sections -fdata-sections -Wall -fstack-usage -fcyclomatic-complexity -MMD -MP -MF"VL53LMZ_ULD_API/src/vl53lmz_api.d" -MT"VL53LMZ_ULD_API/src/vl53lmz_api.o" --specs=nano.specs -mfpu=fpv4-sp-d16 -mfloat-abi=hard -mthumb -o "VL53LMZ_ULD_API/src/vl53lmz_api.o"
arm-none-eabi-gcc "../VL53LMZ_ULD_API/src/vl53lmz_plugin_cnh.c" -mcpu=cortex-m4 -std=gnu11 -g3 -DDEBUG -DUSE_HAL_DRIVER -DSTM32F401xE -c -I../Core/Inc -I../Drivers/STM32F4xx_HAL_Driver/Inc -I../Drivers/STM32F4xx_HAL_Driver/Inc/Legacy -I../Drivers/CMSIS/Device/ST/STM32F4xx/Include -I../Drivers/CMSIS/Include -I"/home/adam/Documents/capstone/CaptstoneRepo/capstone/STM_Workspace/LEDMatrixApp/VL53LMZ_ULD_API/inc" -I"/home/adam/Documents/capstone/CaptstoneRepo/capstone/STM_Workspace/LEDMatrixApp/Platform" -I"/home/adam/Documents/capstone/CaptstoneRepo/capstone/STM_Workspace/LEDMatrixApp/GesturesMZ" -I"/home/adam/Documents/capstone/CaptstoneRepo/capstone/STM_Workspace/LEDMatrixApp/apps_layer" -O0 -ffunction-sections -fdata-sections -Wall -fstack-usage -fcyclomatic-complexity -MMD -MP -MF"VL53LMZ_ULD_API/src/vl53lmz_plugin_cnh.d" -MT"VL53LMZ_ULD_API/src/vl53lmz_plugin_cnh.o" --specs=nano.specs -mfpu=fpv4-sp-d16 -mfloat-abi=hard -mthumb -o "VL53LMZ_ULD_API/src/vl53lmz_plugin_cnh.o"
arm-none-eabi-gcc "../VL53LMZ_ULD_API/src/vl53lmz_plugin_detection_thresholds.c" -mcpu=cortex-m4 -std=gnu11 -g3 -DDEBUG -DUSE_HAL_DRIVER -DSTM32F401xE -c -I../Core/Inc -I../Drivers/STM32F4xx_HAL_Driver/Inc -I../Drivers/STM32F4xx_HAL_Driver/Inc/Legacy -I../Drivers/CMSIS/Device/ST/STM32F4xx/Include -I../Drivers/CMSIS/Include -I"/home/adam/Documents/capstone/CaptstoneRepo/capstone/STM_Workspace/LEDMatrixApp/VL53LMZ_ULD_API/inc" -I"/home/adam/Documents/capstone/CaptstoneRepo/capstone/STM_Workspace/LEDMatrixApp/Platform" -I"/home/adam/Documents/capstone/CaptstoneRepo/capstone/STM_Workspace/LEDMatrixApp/GesturesMZ" -I"/home/adam/Documents/capstone/CaptstoneRepo/capstone/STM_Workspace/LEDMatrixApp/apps_layer" -O0 -ffunction-sections -fdata-sections -Wall -fstack-usage -fcyclomatic-complexity -MMD -MP -MF"VL53LMZ_ULD_API/src/vl53lmz_plugin_detection_thresholds.d" -MT"VL53LMZ_ULD_API/src/vl53lmz_plugin_detection_thresholds.o" --specs=nano.specs -mfpu=fpv4-sp-d16 -mfloat-abi=hard -mthumb -o "VL53LMZ_ULD_API/src/vl53lmz_plugin_detection_thresholds.o"
arm-none-eabi-gcc "../VL53LMZ_ULD_API/src/vl53lmz_plugin_motion_indicator.c" -mcpu=cortex-m4 -std=gnu11 -g3 -DDEBUG -DUSE_HAL_DRIVER -DSTM32F401xE -c -I../Core/Inc -I../Drivers/STM32F4xx_HAL_Driver/Inc -I../Drivers/STM32F4xx_HAL_Driver/Inc/Legacy -I../Drivers/CMSIS/Device/ST/STM32F4xx/Include -I../Drivers/CMSIS/Include -I"/home/adam/Documents/capstone/CaptstoneRepo/capstone/STM_Workspace/LEDMatrixApp/VL53LMZ_ULD_API/inc" -I"/home/adam/Documents/capstone/CaptstoneRepo/capstone/STM_Workspace/LEDMatrixApp/Platform" -I"/home/adam/Documents/capstone/CaptstoneRepo/capstone/STM_Workspace/LEDMatrixApp/GesturesMZ" -I"/home/adam/Documents/capstone/CaptstoneRepo/capstone/STM_Workspace/LEDMatrixApp/apps_layer" -O0 -ffunction-sections -fdata-sections -Wall -fstack-usage -fcyclomatic-complexity -MMD -MP -MF"VL53LMZ_ULD_API/src/vl53lmz_plugin_motion_indicator.d" -MT"VL53LMZ_ULD_API/src/vl53lmz_plugin_motion_indicator.o" --specs=nano.specs -mfpu=fpv4-sp-d16 -mfloat-abi=hard -mthumb -o "VL53LMZ_ULD_API/src/vl53lmz_plugin_motion_indicator.o"
arm-none-eabi-gcc "../VL53LMZ_ULD_API/src/vl53lmz_plugin_xtalk.c" -mcpu=cortex-m4 -std=gnu11 -g3 -DDEBUG -DUSE_HAL_DRIVER -DSTM32F401xE -c -I../Core/Inc -I../Drivers/STM32F4xx_HAL_Driver/Inc -I../Drivers/STM32F4xx_HAL_Driver/Inc/Legacy -I../Drivers/CMSIS/Device/ST/STM32F4xx/Include -I../Drivers/CMSIS/Include -I"/home/adam/Documents/capstone/CaptstoneRepo/capstone/STM_Workspace/LEDMatrixApp/VL53LMZ_ULD_API/inc" -I"/home/adam/Documents/capstone/CaptstoneRepo/capstone/STM_Workspace/LEDMatrixApp/Platform" -I"/home/adam/Documents/capstone/CaptstoneRepo/capstone/STM_Workspace/LEDMatrixApp/GesturesMZ" -I"/home/adam/Documents/capstone/CaptstoneRepo/capstone/STM_Workspace/LEDMatrixApp/apps_layer" -O0 -ffunction-sections -fdata-sections -Wall -fstack-usage -fcyclomatic-complexity -MMD -MP -MF"VL53LMZ_ULD_API/src/vl53lmz_plugin_xtalk.d" -MT"VL53LMZ_ULD_API/src/vl53lmz_plugin_xtalk.o" --specs=nano.specs -mfpu=fpv4-sp-d16 -mfloat-abi=hard -mthumb -o "VL53LMZ_ULD_API/src/vl53lmz_plugin_xtalk.o"
arm-none-eabi-gcc "../Platform/platform.c" -mcpu=cortex-m4 -std=gnu11 -g3 -DDEBUG -DUSE_HAL_DRIVER -DSTM32F401xE -c -I../Core/Inc -I../Drivers/STM32F4xx_HAL_Driver/Inc -I../Drivers/STM32F4xx_HAL_Driver/Inc/Legacy -I../Drivers/CMSIS/Device/ST/STM32F4xx/Include -I../Drivers/CMSIS/Include -I"/home/adam/Documents/capstone/CaptstoneRepo/capstone/STM_Workspace/LEDMatrixApp/VL53LMZ_ULD_API/inc" -I"/home/adam/Documents/capstone/CaptstoneRepo/capstone/STM_Workspace/LEDMatrixApp/Platform" -I"/home/adam/Documents/capstone/CaptstoneRepo/capstone/STM_Workspace/LEDMatrixApp/GesturesMZ" -I"/home/adam/Documents/capstone/CaptstoneRepo/capstone/STM_Workspace/LEDMatrixApp/apps_layer" -O0 -ffunction-sections -fdata-sections -Wall -fstack-usage -fcyclomatic-complexity -MMD -MP -MF"Platform/platform.d" -MT"Platform/platform.o" --specs=nano.specs -mfpu=fpv4-sp-d16 -mfloat-abi=hard -mthumb -o "Platform/platform.o"
arm-none-eabi-gcc "../Drivers/STM32F4xx_HAL_Driver/Src/stm32f4xx_hal.c" -mcpu=cortex-m4 -std=gnu11 -g3 -DDEBUG -DUSE_HAL_DRIVER -DSTM32F401xE -c -I../Core/Inc -I../Drivers/STM32F4xx_HAL_Driver/Inc -I../Drivers/STM32F4xx_HAL_Driver/Inc/Legacy -I../Drivers/CMSIS/Device/ST/STM32F4xx/Include -I../Drivers/CMSIS/Include -I"/home/adam/Documents/capstone/CaptstoneRepo/capstone/STM_Workspace/LEDMatrixApp/VL53LMZ_ULD_API/inc" -I"/home/adam/Documents/capstone/CaptstoneRepo/capstone/STM_Workspace/LEDMatrixApp/Platform" -I"/home/adam/Documents/capstone/CaptstoneRepo/capstone/STM_Workspace/LEDMatrixApp/GesturesMZ" -I"/home/adam/Documents/capstone/CaptstoneRepo/capstone/STM_Workspace/LEDMatrixApp/apps_layer" -O0 -ffunction-sections -fdata-sections -Wall -fstack-usage -fcyclomatic-complexity -MMD -MP -MF"Drivers/STM32F4xx_HAL_Driver/Src/stm32f4xx_hal.d" -MT"Drivers/STM32F4xx_HAL_Driver/Src/stm32f4xx_hal.o" --specs=nano.specs -mfpu=fpv4-sp-d16 -mfloat-abi=hard -mthumb -o "Drivers/STM32F4xx_HAL_Driver/Src/stm32f4xx_hal.o"
arm-none-eabi-gcc "../Drivers/STM32F4xx_HAL_Driver/Src/stm32f4xx_hal_cortex.c" -mcpu=cortex-m4 -std=gnu11 -g3 -DDEBUG -DUSE_HAL_DRIVER -DSTM32F401xE -c -I../Core/Inc -I../Drivers/STM32F4xx_HAL_Driver/Inc -I../Drivers/STM32F4xx_HAL_Driver/Inc/Legacy -I../Drivers/CMSIS/Device/ST/STM32F4xx/Include -I../Drivers/CMSIS/Include -I"/home/adam/Documents/capstone/CaptstoneRepo/capstone/STM_Workspace/LEDMatrixApp/VL53LMZ_ULD_API/inc" -I"/home/adam/Documents/capstone/CaptstoneRepo/capstone/STM_Workspace/LEDMatrixApp/Platform" -I"/home/adam/Documents/capstone/CaptstoneRepo/capstone/STM_Workspace/LEDMatrixApp/GesturesMZ" -I"/home/adam/Documents/capstone/CaptstoneRepo/capstone/STM_Workspace/LEDMatrixApp/apps_layer" -O0 -ffunction-sections -fdata-sections -Wall -fstack-usage -fcyclomatic-complexity -MMD -MP -MF"Drivers/STM32F4xx_HAL_Driver/Src/stm32f4xx_hal_cortex.d" -MT"Drivers/STM32F4xx_HAL_Driver/Src/stm32f4xx_hal_cortex.o" --specs=nano.specs -mfpu=fpv4-sp-d16 -mfloat-abi=hard -mthumb -o "Drivers/STM32F4xx_HAL_Driver/Src/stm32f4xx_hal_cortex.o"
arm-none-eabi-gcc "../Drivers/STM32F4xx_HAL_Driver/Src/stm32f4xx_hal_dma.c" -mcpu=cortex-m4 -std=gnu11 -g3 -DDEBUG -DUSE_HAL_DRIVER -DSTM32F401xE -c -I../Core/Inc -I../Drivers/STM32F4xx_HAL_Driver/Inc -I../Drivers/STM32F4xx_HAL_Driver/Inc/Legacy -I../Drivers/CMSIS/Device/ST/STM32F4xx/Include -I../Drivers/CMSIS/Include -I"/home/adam/Documents/capstone/CaptstoneRepo/capstone/STM_Workspace/LEDMatrixApp/VL53LMZ_ULD_API/inc" -I"/home/adam/Documents/capstone/CaptstoneRepo/capstone/STM_Workspace/LEDMatrixApp/Platform" -I"/home/adam/Documents/capstone/CaptstoneRepo/capstone/STM_Workspace/LEDMatrixApp/GesturesMZ" -I"/home/adam/Documents/capstone/CaptstoneRepo/capstone/STM_Workspace/LEDMatrixApp/apps_layer" -O0 -ffunction-sections -fdata-sections -Wall -fstack-usage -fcyclomatic-complexity -MMD -MP -MF"Drivers/STM32F4xx_HAL_Driver/Src/stm32f4xx_hal_dma.d" -MT"Drivers/STM32F4xx_HAL_Driver/Src/stm32f4xx_hal_dma.o" --specs=nano.specs -mfpu=fpv4-sp-d16 -mfloat-abi=hard -mthumb -o "Drivers/STM32F4xx_HAL_Driver/Src/stm32f4xx_hal_dma.o"
arm-none-eabi-gcc "../Drivers/STM32F4xx_HAL_Driver/Src/stm32f4xx_hal_dma_ex.c" -mcpu=cortex-m4 -std=gnu11 -g3 -DDEBUG -DUSE_HAL_DRIVER -DSTM32F401xE -c -I../Core/Inc -I../Drivers/STM32F4xx_HAL_Driver/Inc -I../Drivers/STM32F4xx_HAL_Driver/Inc/Legacy -I../Drivers/CMSIS/Device/ST/STM32F4xx/Include -I../Drivers/CMSIS/Include -I"/home/adam/Documents/capstone/CaptstoneRepo/capstone/STM_Workspace/LEDMatrixApp/VL53LMZ_ULD_API/inc" -I"/home/adam/Documents/capstone/CaptstoneRepo/capstone/STM_Workspace/LEDMatrixApp/Platform" -I"/home/adam/Documents/capstone/CaptstoneRepo/capstone/STM_Workspace/LEDMatrixApp/GesturesMZ" -I"/home/adam/Documents/capstone/CaptstoneRepo/capstone/STM_Workspace/LEDMatrixApp/apps_layer" -O0 -ffunction-sections -fdata-sections -Wall -fstack-usage -fcyclomatic-complexity -MMD -MP -MF"Drivers/STM32F4xx_HAL_Driver/Src/stm32f4xx_hal_dma_ex.d" -MT"Drivers/STM32F4xx_HAL_Driver/Src/stm32f4xx_hal_dma_ex.o" --specs=nano.specs -mfpu=fpv4-sp-d16 -mfloat-abi=hard -mthumb -o "Drivers/STM32F4xx_HAL_Driver/Src/stm32f4xx_hal_dma_ex.o"
arm-none-eabi-gcc "../Drivers/STM32F4xx_HAL_Driver/Src/stm32f4xx_hal_exti.c" -mcpu=cortex-m4 -std=gnu11 -g3 -DDEBUG -DUSE_HAL_DRIVER -DSTM32F401xE -c -I../Core/Inc -I../Drivers/STM32F4xx_HAL_Driver/Inc -I../Drivers/STM32F4xx_HAL_Driver/Inc/Legacy -I../Drivers/CMSIS/Device/ST/STM32F4xx/Include -I../Drivers/CMSIS/Include -I"/home/adam/Documents/capstone/CaptstoneRepo/capstone/STM_Workspace/LEDMatrixApp/VL53LMZ_ULD_API/inc" -I"/home/adam/Documents/capstone/CaptstoneRepo/capstone/STM_Workspace/LEDMatrixApp/Platform" -I"/home/adam/Documents/capstone/CaptstoneRepo/capstone/STM_Workspace/LEDMatrixApp/GesturesMZ" -I"/home/adam/Documents/capstone/CaptstoneRepo/capstone/STM_Workspace/LEDMatrixApp/apps_layer" -O0 -ffunction-sections -fdata-sections -Wall -fstack-usage -fcyclomatic-complexity -MMD -MP -MF"Drivers/STM32F4xx_HAL_Driver/Src/stm32f4xx_hal_exti.d" -MT"Drivers/STM32F4xx_HAL_Driver/Src/stm32f4xx_hal_exti.o" --specs=nano.specs -mfpu=fpv4-sp-d16 -mfloat-abi=hard -mthumb -o "Drivers/STM32F4xx_HAL_Driver/Src/stm32f4xx_hal_exti.o"
[...]
arm-none-eabi-gcc "../Drivers/STM32F4xx_HAL_Driver/Src/stm32f4xx_hal_gpio.c" -mcpu=cortex-m4 -std=gnu11 -g3 -DDEBUG -DUSE_HAL_DRIVER -DSTM32F401xE -c -I../Core/Inc -I../Drivers/STM32F4xx_HAL_Driver/Inc -I../Drivers/STM32F4xx_HAL_Driver/Inc/Legacy -I../Drivers/CMSIS/Device/ST/STM32F4xx/Include -I../Drivers/CMSIS/Include -I"/home/adam/Documents/capstone/CaptstoneRepo/capstone/STM_Workspace/LEDMatrixApp/VL53LMZ_ULD_API/inc" -I"/home/adam/Documents/capstone/CaptstoneRepo/capstone/STM_Workspace/LEDMatrixApp/Platform" -I"/home/adam/Documents/capstone/CaptstoneRepo/capstone/STM_Workspace/LEDMatrixApp/GesturesMZ" -I"/home/adam/Documents/capstone/CaptstoneRepo/capstone/STM_Workspace/LEDMatrixApp/apps_layer" -O0 -ffunction-sections -fdata-sections -Wall -fstack-usage -fcyclomatic-complexity -MMD -MP -MF"Drivers/STM32F4xx_HAL_Driver/Src/stm32f4xx_hal_gpio.d" -MT"Drivers/STM32F4xx_HAL_Driver/Src/stm32f4xx_hal_gpio.o" --specs=nano.specs -mfpu=fpv4-sp-d16 -mfloat-abi=hard -mthumb -o "Drivers/STM32F4xx_HAL_Driver/Src/stm32f4xx_hal_gpio.o"
arm-none-eabi-gcc "../Drivers/STM32F4xx_HAL_Driver/Src/stm32f4xx_hal_i2c.c" -mcpu=cortex-m4 -std=gnu11 -g3 -DDEBUG -DUSE_HAL_DRIVER -DSTM32F401xE -c -I../Core/Inc -I../Drivers/STM32F4xx_HAL_Driver/Inc -I../Drivers/STM32F4xx_HAL_Driver/Inc/Legacy -I../Drivers/CMSIS/Device/ST/STM32F4xx/Include -I../Drivers/CMSIS/Include -I"/home/adam/Documents/capstone/CaptstoneRepo/capstone/STM_Workspace/LEDMatrixApp/VL53LMZ_ULD_API/inc" -I"/home/adam/Documents/capstone/CaptstoneRepo/capstone/STM_Workspace/LEDMatrixApp/Platform" -I"/home/adam/Documents/capstone/CaptstoneRepo/capstone/STM_Workspace/LEDMatrixApp/GesturesMZ" -I"/home/adam/Documents/capstone/CaptstoneRepo/capstone/STM_Workspace/LEDMatrixApp/apps_layer" -O0 -ffunction-sections -fdata-sections -Wall -fstack-usage -fcyclomatic-complexity -MMD -MP -MF"Drivers/STM32F4xx_HAL_Driver/Src/stm32f4xx_hal_i2c.d" -MT"Drivers/STM32F4xx_HAL_Driver/Src/stm32f4xx_hal_i2c.o" --specs=nano.specs -mfpu=fpv4-sp-d16 -mfloat-abi=hard -mthumb -o "Drivers/STM32F4xx_HAL_Driver/Src/stm32f4xx_hal_i2c.o"
arm-none-eabi-gcc "../Drivers/STM32F4xx_HAL_Driver/Src/stm32f4xx_hal_i2c_ex.c" -mcpu=cortex-m4 -std=gnu11 -g3 -DDEBUG -DUSE_HAL_DRIVER -DSTM32F401xE -c -I../Core/Inc -I../Drivers/STM32F4xx_HAL_Driver/Inc -I../Drivers/STM32F4xx_HAL_Driver/Inc/Legacy -I../Drivers/CMSIS/Device/ST/STM32F4xx/Include -I../Drivers/CMSIS/Include -I"/home/adam/Documents/capstone/CaptstoneRepo/capstone/STM_Workspace/LEDMatrixApp/VL53LMZ_ULD_API/inc" -I"/home/adam/Documents/capstone/CaptstoneRepo/capstone/STM_Workspace/LEDMatrixApp/Platform" -I"/home/adam/Documents/capstone/CaptstoneRepo/capstone/STM_Workspace/LEDMatrixApp/GesturesMZ" -I"/home/adam/Documents/capstone/CaptstoneRepo/capstone/STM_Workspace/LEDMatrixApp/apps_layer" -O0 -ffunction-sections -fdata-sections -Wall -fstack-usage -fcyclomatic-complexity -MMD -MP -MF"Drivers/STM32F4xx_HAL_Driver/Src/stm32f4xx_hal_i2c_ex.d" -MT"Drivers/STM32F4xx_HAL_Driver/Src/stm32f4xx_hal_i2c_ex.o" --specs=nano.specs -mfpu=fpv4-sp-d16 -mfloat-abi=hard -mthumb -o "Drivers/STM32F4xx_HAL_Driver/Src/stm32f4xx_hal_i2c_ex.o"
arm-none-eabi-gcc "../Drivers/STM32F4xx_HAL_Driver/Src/stm32f4xx_hal_pwr.c" -mcpu=cortex-m4 -std=gnu11 -g3 -DDEBUG -DUSE_HAL_DRIVER -DSTM32F401xE -c -I../Core/Inc -I../Drivers/STM32F4xx_HAL_Driver/Inc -I../Drivers/STM32F4xx_HAL_Driver/Inc/Legacy -I../Drivers/CMSIS/Device/ST/STM32F4xx/Include -I../Drivers/CMSIS/Include -I"/home/adam/Documents/capstone/CaptstoneRepo/capstone/STM_Workspace/LEDMatrixApp/VL53LMZ_ULD_API/inc" -I"/home/adam/Documents/capstone/CaptstoneRepo/capstone/STM_Workspace/LEDMatrixApp/Platform" -I"/home/adam/Documents/capstone/CaptstoneRepo/capstone/STM_Workspace/LEDMatrixApp/GesturesMZ" -I"/home/adam/Documents/capstone/CaptstoneRepo/capstone/STM_Workspace/LEDMatrixApp/apps_layer" -O0 -ffunction-sections -fdata-sections -Wall -fstack-usage -fcyclomatic-complexity -MMD -MP -MF"Drivers/STM32F4xx_HAL_Driver/Src/stm32f4xx_hal_pwr.d" -MT"Drivers/STM32F4xx_HAL_Driver/Src/stm32f4xx_hal_pwr.o" --specs=nano.specs -mfpu=fpv4-sp-d16 -mfloat-abi=hard -mthumb -o "Drivers/STM32F4xx_HAL_Driver/Src/stm32f4xx_hal_pwr.o"
arm-none-eabi-gcc "../Drivers/STM32F4xx_HAL_Driver/Src/stm32f4xx_hal_pwr_ex.c" -mcpu=cortex-m4 -std=gnu11 -g3 -DDEBUG -DUSE_HAL_DRIVER -DSTM32F401xE -c -I../Core/Inc -I../Drivers/STM32F4xx_HAL_Driver/Inc -I../Drivers/STM32F4xx_HAL_Driver/Inc/Legacy -I../Drivers/CMSIS/Device/ST/STM32F4xx/Include -I../Drivers/CMSIS/Include -I"/home/adam/Documents/capstone/CaptstoneRepo/capstone/STM_Workspace/LEDMatrixApp/VL53LMZ_ULD_API/inc" -I"/home/adam/Documents/capstone/CaptstoneRepo/capstone/STM_Workspace/LEDMatrixApp/Platform" -I"/home/adam/Documents/capstone/CaptstoneRepo/capstone/STM_Workspace/LEDMatrixApp/GesturesMZ" -I"/home/adam/Documents/capstone/CaptstoneRepo/capstone/STM_Workspace/LEDMatrixApp/apps_layer" -O0 -ffunction-sections -fdata-sections -Wall -fstack-usage -fcyclomatic-complexity -MMD -MP -MF"Drivers/STM32F4xx_HAL_Driver/Src/stm32f4xx_hal_pwr_ex.d" -MT"Drivers/STM32F4xx_HAL_Driver/Src/stm32f4xx_hal_pwr_ex.o" --specs=nano.specs -mfpu=fpv4-sp-d16 -mfloat-abi=hard -mthumb -o "Drivers/STM32F4xx_HAL_Driver/Src/stm32f4xx_hal_pwr_ex.o"
arm-none-eabi-gcc "../Drivers/STM32F4xx_HAL_Driver/Src/stm32f4xx_hal_rcc.c" -mcpu=cortex-m4 -std=gnu11 -g3 -DDEBUG -DUSE_HAL_DRIVER -DSTM32F401xE -c -I../Core/Inc -I../Drivers/STM32F4xx_HAL_Driver/Inc -I../Drivers/STM32F4xx_HAL_Driver/Inc/Legacy -I../Drivers/CMSIS/Device/ST/STM32F4xx/Include -I../Drivers/CMSIS/Include -I"/home/adam/Documents/capstone/CaptstoneRepo/capstone/STM_Workspace/LEDMatrixApp/VL53LMZ_ULD_API/inc" -I"/home/adam/Documents/capstone/CaptstoneRepo/capstone/STM_Workspace/LEDMatrixApp/Platform" -I"/home/adam/Documents/capstone/CaptstoneRepo/capstone/STM_Workspace/LEDMatrixApp/GesturesMZ" -I"/home/adam/Documents/capstone/CaptstoneRepo/capstone/STM_Workspace/LEDMatrixApp/apps_layer" -O0 -ffunction-sections -fdata-sections -Wall -fstack-usage -fcyclomatic-complexity -MMD -MP -MF"Drivers/STM32F4xx_HAL_Driver/Src/stm32f4xx_hal_rcc.d" -MT"Drivers/STM32F4xx_HAL_Driver/Src/stm32f4xx_hal_rcc.o" --specs=nano.specs -mfpu=fpv4-sp-d16 -mfloat-abi=hard -mthumb -o "Drivers/STM32F4xx_HAL_Driver/Src/stm32f4xx_hal_rcc.o"
arm-none-eabi-gcc "../Drivers/STM32F4xx_HAL_Driver/Src/stm32f4xx_hal_rcc_ex.c" -mcpu=cortex-m4 -std=gnu11 -g3 -DDEBUG -DUSE_HAL_DRIVER -DSTM32F401xE -c -I../Core/Inc -I../Drivers/STM32F4xx_HAL_Driver/Inc -I../Drivers/STM32F4xx_HAL_Driver/Inc/Legacy -I../Drivers/CMSIS/Device/ST/STM32F4xx/Include -I../Drivers/CMSIS/Include -I"/home/adam/Documents/capstone/CaptstoneRepo/capstone/STM_Workspace/LEDMatrixApp/VL53LMZ_ULD_API/inc" -I"/home/adam/Documents/capstone/CaptstoneRepo/capstone/STM_Workspace/LEDMatrixApp/Platform" -I"/home/adam/Documents/capstone/CaptstoneRepo/capstone/STM_Workspace/LEDMatrixApp/GesturesMZ" -I"/home/adam/Documents/capstone/CaptstoneRepo/capstone/STM_Workspace/LEDMatrixApp/apps_layer" -O0 -ffunction-sections -fdata-sections -Wall -fstack-usage -fcyclomatic-complexity -MMD -MP -MF"Drivers/STM32F4xx_HAL_Driver/Src/stm32f4xx_hal_rcc_ex.d" -MT"Drivers/STM32F4xx_HAL_Driver/Src/stm32f4xx_hal_rcc_ex.o" --specs=nano.specs -mfpu=fpv4-sp-d16 -mfloat-abi=hard -mthumb -o "Drivers/STM32F4xx_HAL_Driver/Src/stm32f4xx_hal_rcc_ex.o"
arm-none-eabi-gcc "../Drivers/STM32F4xx_HAL_Driver/Src/stm32f4xx_hal_tim.c" -mcpu=cortex-m4 -std=gnu11 -g3 -DDEBUG -DUSE_HAL_DRIVER -DSTM32F401xE -c -I../Core/Inc -I../Drivers/STM32F4xx_HAL_Driver/Inc -I../Drivers/STM32F4xx_HAL_Driver/Inc/Legacy -I../Drivers/CMSIS/Device/ST/STM32F4xx/Include -I../Drivers/CMSIS/Include -I"/home/adam/Documents/capstone/CaptstoneRepo/capstone/STM_Workspace/LEDMatrixApp/VL53LMZ_ULD_API/inc" -I"/home/adam/Documents/capstone/CaptstoneRepo/capstone/STM_Workspace/LEDMatrixApp/Platform" -I"/home/adam/Documents/capstone/CaptstoneRepo/capstone/STM_Workspace/LEDMatrixApp/GesturesMZ" -I"/home/adam/Documents/capstone/CaptstoneRepo/capstone/STM_Workspace/LEDMatrixApp/apps_layer" -O0 -ffunction-sections -fdata-sections -Wall -fstack-usage -fcyclomatic-complexity -MMD -MP -MF"Drivers/STM32F4xx_HAL_Driver/Src/stm32f4xx_hal_tim.d" -MT"Drivers/STM32F4xx_HAL_Driver/Src/stm32f4xx_hal_tim.o" --specs=nano.specs -mfpu=fpv4-sp-d16 -mfloat-abi=hard -mthumb -o "Drivers/STM32F4xx_HAL_Driver/Src/stm32f4xx_hal_tim.o"
arm-none-eabi-gcc "../Drivers/STM32F4xx_HAL_Driver/Src/stm32f4xx_hal_tim_ex.c" -mcpu=cortex-m4 -std=gnu11 -g3 -DDEBUG -DUSE_HAL_DRIVER -DSTM32F401xE -c -I../Core/Inc -I../Drivers/STM32F4xx_HAL_Driver/Inc -I../Drivers/STM32F4xx_HAL_Driver/Inc/Legacy -I../Drivers/CMSIS/Device/ST/STM32F4xx/Include -I../Drivers/CMSIS/Include -I"/home/adam/Documents/capstone/CaptstoneRepo/capstone/STM_Workspace/LEDMatrixApp/VL53LMZ_ULD_API/inc" -I"/home/adam/Documents/capstone/CaptstoneRepo/capstone/STM_Workspace/LEDMatrixApp/Platform" -I"/home/adam/Documents/capstone/CaptstoneRepo/capstone/STM_Workspace/LEDMatrixApp/GesturesMZ" -I"/home/adam/Documents/capstone/CaptstoneRepo/capstone/STM_Workspace/LEDMatrixApp/apps_layer" -O0 -ffunction-sections -fdata-sections -Wall -fstack-usage -fcyclomatic-complexity -MMD -MP -MF"Drivers/STM32F4xx_HAL_Driver/Src/stm32f4xx_hal_tim_ex.d" -MT"Drivers/STM32F4xx_HAL_Driver/Src/stm32f4xx_hal_tim_ex.o" --specs=nano.specs -mfpu=fpv4-sp-d16 -mfloat-abi=hard -mthumb -o "Drivers/STM32F4xx_HAL_Driver/Src/stm32f4xx_hal_tim_ex.o"
arm-none-eabi-gcc "../Drivers/STM32F4xx_HAL_Driver/Src/stm32f4xx_hal_uart.c" -mcpu=cortex-m4 -std=gnu11 -g3 -DDEBUG -DUSE_HAL_DRIVER -DSTM32F401xE -c -I../Core/Inc -I../Drivers/STM32F4xx_HAL_Driver/Inc -I../Drivers/STM32F4xx_HAL_Driver/Inc/Legacy -I../Drivers/CMSIS/Device/ST/STM32F4xx/Include -I../Drivers/CMSIS/Include -I"/home/adam/Documents/capstone/CaptstoneRepo/capstone/STM_Workspace/LEDMatrixApp/VL53LMZ_ULD_API/inc" -I"/home/adam/Documents/capstone/CaptstoneRepo/capstone/STM_Workspace/LEDMatrixApp/Platform" -I"/home/adam/Documents/capstone/CaptstoneRepo/capstone/STM_Workspace/LEDMatrixApp/GesturesMZ" -I"/home/adam/Documents/capstone/CaptstoneRepo/capstone/STM_Workspace/LEDMatrixApp/apps_layer" -O0 -ffunction-sections -fdata-sections -Wall -fstack-usage -fcyclomatic-complexity -MMD -MP -MF"Drivers/STM32F4xx_HAL_Driver/Src/stm32f4xx_hal_uart.d" -MT"Drivers/STM32F4xx_HAL_Driver/Src/stm32f4xx_hal_uart.o" --specs=nano.specs -mfpu=fpv4-sp-d16 -mfloat-abi=hard -mthumb -o "Drivers/STM32F4xx_HAL_Driver/Src/stm32f4xx_hal_uart.o"
arm-none-eabi-gcc "../Core/Src/main.c" -mcpu=cortex-m4 -std=gnu11 -g3 -DDEBUG -DUSE_HAL_DRIVER -DSTM32F401xE -c -I../Core/Inc -I../Drivers/STM32F4xx_HAL_Driver/Inc -I../Drivers/STM32F4xx_HAL_Driver/Inc/Legacy -I../Drivers/CMSIS/Device/ST/STM32F4xx/Include -I../Drivers/CMSIS/Include -I"/home/adam/Documents/capstone/CaptstoneRepo/capstone/STM_Workspace/LEDMatrixApp/VL53LMZ_ULD_API/inc" -I"/home/adam/Documents/capstone/CaptstoneRepo/capstone/STM_Workspace/LEDMatrixApp/Platform" -I"/home/adam/Documents/capstone/CaptstoneRepo/capstone/STM_Workspace/LEDMatrixApp/GesturesMZ" -I"/home/adam/Documents/capstone/CaptstoneRepo/capstone/STM_Workspace/LEDMatrixApp/apps_layer" -O0 -ffunction-sections -fdata-sections -Wall -fstack-usage -fcyclomatic-complexity -MMD -MP -MF"Core/Src/main.d" -MT"Core/Src/main.o" --specs=nano.specs -mfpu=fpv4-sp-d16 -mfloat-abi=hard -mthumb -o "Core/Src/main.o"
arm-none-eabi-gcc "../Core/Src/stm32f4xx_hal_msp.c" -mcpu=cortex-m4 -std=gnu11 -g3 -DDEBUG -DUSE_HAL_DRIVER -DSTM32F401xE -c -I../Core/Inc -I../Drivers/STM32F4xx_HAL_Driver/Inc -I../Drivers/STM32F4xx_HAL_Driver/Inc/Legacy -I../Drivers/CMSIS/Device/ST/STM32F4xx/Include -I../Drivers/CMSIS/Include -I"/home/adam/Documents/capstone/CaptstoneRepo/capstone/STM_Workspace/LEDMatrixApp/VL53LMZ_ULD_API/inc" -I"/home/adam/Documents/capstone/CaptstoneRepo/capstone/STM_Workspace/LEDMatrixApp/Platform" -I"/home/adam/Documents/capstone/CaptstoneRepo/capstone/STM_Workspace/LEDMatrixApp/GesturesMZ" -I"/home/adam/Documents/capstone/CaptstoneRepo/capstone/STM_Workspace/LEDMatrixApp/apps_layer" -O0 -ffunction-sections -fdata-sections -Wall -fstack-usage -fcyclomatic-complexity -MMD -MP -MF"Core/Src/stm32f4xx_hal_msp.d" -MT"Core/Src/stm32f4xx_hal_msp.o" --specs=nano.specs -mfpu=fpv4-sp-d16 -mfloat-abi=hard -mthumb -o "Core/Src/stm32f4xx_hal_msp.o"
arm-none-eabi-gcc "../Core/Src/stm32f4xx_it.c" -mcpu=cortex-m4 -std=gnu11 -g3 -DDEBUG -DUSE_HAL_DRIVER -DSTM32F401xE -c -I../Core/Inc -I../Drivers/STM32F4xx_HAL_Driver/Inc -I../Drivers/STM32F4xx_HAL_Driver/Inc/Legacy -I../Drivers/CMSIS/Device/ST/STM32F4xx/Include -I../Drivers/CMSIS/Include -I"/home/adam/Documents/capstone/CaptstoneRepo/capstone/STM_Workspace/LEDMatrixApp/VL53LMZ_ULD_API/inc" -I"/home/adam/Documents/capstone/CaptstoneRepo/capstone/STM_Workspace/LEDMatrixApp/Platform" -I"/home/adam/Documents/capstone/CaptstoneRepo/capstone/STM_Workspace/LEDMatrixApp/GesturesMZ" -I"/home/adam/Documents/capstone/CaptstoneRepo/capstone/STM_Workspace/LEDMatrixApp/apps_layer" -O0 -ffunction-sections -fdata-sections -Wall -fstack-usage -fcyclomatic-complexity -MMD -MP -MF"Core/Src/stm32f4xx_it.d" -MT"Core/Src/stm32f4xx_it.o" --specs=nano.specs -mfpu=fpv4-sp-d16 -mfloat-abi=hard -mthumb -o "Core/Src/stm32f4xx_it.o"
arm-none-eabi-gcc "../Core/Src/system_stm32f4xx.c" -mcpu=cortex-m4 -std=gnu11 -g3 -DDEBUG -DUSE_HAL_DRIVER -DSTM32F401xE -c -I../Core/Inc -I../Drivers/STM32F4xx_HAL_Driver/Inc -I../Drivers/STM32F4xx_HAL_Driver/Inc/Legacy -I../Drivers/CMSIS/Device/ST/STM32F4xx/Include -I../Drivers/CMSIS/Include -I"/home/adam/Documents/capstone/CaptstoneRepo/capstone/STM_Workspace/LEDMatrixApp/VL53LMZ_ULD_API/inc" -I"/home/adam/Documents/capstone/CaptstoneRepo/capstone/STM_Workspace/LEDMatrixApp/Platform" -I"/home/adam/Documents/capstone/CaptstoneRepo/capstone/STM_Workspace/LEDMatrixApp/GesturesMZ" -I"/home/adam/Documents/capstone/CaptstoneRepo/capstone/STM_Workspace/LEDMatrixApp/apps_layer" -O0 -ffunction-sections -fdata-sections -Wall -fstack-usage -fcyclomatic-complexity -MMD -MP -MF"Core/Src/system_stm32f4xx.d" -MT"Core/Src/system_stm32f4xx.o" --specs=nano.specs -mfpu=fpv4-sp-d16 -mfloat-abi=hard -mthumb -o "Core/Src/system_stm32f4xx.o"
arm-none-eabi-gcc "../Core/Src/tof_lib.c" -mcpu=cortex-m4 -std=gnu11 -g3 -DDEBUG -DUSE_HAL_DRIVER -DSTM32F401xE -c -I../Core/Inc -I../Drivers/STM32F4xx_HAL_Driver/Inc -I../Drivers/STM32F4xx_HAL_Driver/Inc/Legacy -I../Drivers/CMSIS/Device/ST/STM32F4xx/Include -I../Drivers/CMSIS/Include -I"/home/adam/Documents/capstone/CaptstoneRepo/capstone/STM_Workspace/LEDMatrixApp/VL53LMZ_ULD_API/inc" -I"/home/adam/Documents/capstone/CaptstoneRepo/capstone/STM_Workspace/LEDMatrixApp/Platform" -I"/home/adam/Documents/capstone/CaptstoneRepo/capstone/STM_Workspace/LEDMatrixApp/GesturesMZ" -I"/home/adam/Documents/capstone/CaptstoneRepo/capstone/STM_Workspace/LEDMatrixApp/apps_layer" -O0 -ffunction-sections -fdata-sections -Wall -fstack-usage -fcyclomatic-complexity -MMD -MP -MF"Core/Src/tof_lib.d" -MT"Core/Src/tof_lib.o" --specs=nano.specs -mfpu=fpv4-sp-d16 -mfloat-abi=hard -mthumb -o "Core/Src/tof_lib.o"
arm-none-eabi-gcc -o "LEDMatrixApp.elf" @"objects.list"  -lGesturesMZ -mcpu=cortex-m4 -T"/home/adam/Documents/capstone/CaptstoneRepo/capstone/STM_Workspace/LEDMatrixApp/STM32F401RETX_FLASH.ld" --specs=nosys.specs -Wl,-Map="LEDMatrixApp.map" -Wl,--gc-sections -static -L../GesturesMZ --specs=nano.specs -mfpu=fpv4-sp-d16 -mfloat-abi=hard -mthumb -Wl,--start-group -lc -lm -Wl,--end-group
Finished building target: LEDMatrixApp.elf
 
arm-none-eabi-size   LEDMatrixApp.elf 
   text	   data	    bss	    dec	    hex	filename
  11604	     20	   1788	  13412	   3464	LEDMatrixApp.elf
arm-none-eabi-objdump -h -S  LEDMatrixApp.elf  > "LEDMatrixApp.list"
Finished building: default.size.stdout
 
Finished building: LEDMatrixApp.list
 
17:06:29 **** Incremental Build of configuration Debug for project LEDMatrixApp ****
make -j8 all 
arm-none-eabi-gcc "../Core/Src/main.c" -mcpu=cortex-m4 -std=gnu11 -g3 -DDEBUG -DUSE_HAL_DRIVER -DSTM32F401xE -c -I../Core/Inc -I../Drivers/STM32F4xx_HAL_Driver/Inc -I../Drivers/STM32F4xx_HAL_Driver/Inc/Legacy -I../Drivers/CMSIS/Device/ST/STM32F4xx/Include -I../Drivers/CMSIS/Include -I"/home/adam/Documents/capstone/CaptstoneRepo/capstone/STM_Workspace/LEDMatrixApp/VL53LMZ_ULD_API/inc" -I"/home/adam/Documents/capstone/CaptstoneRepo/capstone/STM_Workspace/LEDMatrixApp/Platform" -I"/home/adam/Documents/capstone/CaptstoneRepo/capstone/STM_Workspace/LEDMatrixApp/GesturesMZ" -I"/home/adam/Documents/capstone/CaptstoneRepo/capstone/STM_Workspace/LEDMatrixApp/apps_layer" -O0 -ffunction-sections -fdata-sections -Wall -fstack-usage -fcyclomatic-complexity -MMD -MP -MF"Core/Src/main.d" -MT"Core/Src/main.o" --specs=nano.specs -mfpu=fpv4-sp-d16 -mfloat-abi=hard -mthumb -o "Core/Src/main.o"
arm-none-eabi-gcc -o "LEDMatrixApp.elf" @"objects.list"  -lGesturesMZ -mcpu=cortex-m4 -T"/home/adam/Documents/capstone/CaptstoneRepo/capstone/STM_Workspace/LEDMatrixApp/STM32F401RETX_FLASH.ld" --specs=nosys.specs -Wl,-Map="LEDMatrixApp.map" -Wl,--gc-sections -static -L../GesturesMZ --specs=nano.specs -mfpu=fpv4-sp-d16 -mfloat-abi=hard -mthumb -Wl,--start-group -lc -lm -Wl,--end-group
Finished building target: LEDMatrixApp.elf
 
arm-none-eabi-size   LEDMatrixApp.elf 
arm-none-eabi-objdump -h -S  LEDMatrixApp.elf  > "LEDMatrixApp.list"
   text	   data	    bss	    dec	    hex	filename
 135564	    136	  19352	 155052	  25dac	LEDMatrixApp.elf
Finished building: default.size.stdout
 
Finished building: LEDMatrixApp.list
 
17:06:33 **** Incremental Build of configuration Debug for project LEDMatrixApp ****
make -j8 all 
arm-none-eabi-size   LEDMatrixApp.elf 
   text	   data	    bss	    dec	    hex	filename
 135564	    136	  19352	 155052	  25dac	LEDMatrixApp.elf
Finished building: default.size.stdout
 
17:08:14 **** Incremental Build of configuration Debug for project LEDMatrixApp ****
make -j8 all 
arm-none-eabi-size   LEDMatrixApp.elf 
   text	   data	    bss	    dec	    hex	filename
 135564	    136	  19352	 155052	  25dac	LEDMatrixApp.elf
Finished building: default.size.stdout
 
17:09:19 **** Incremental Build of configuration Debug for project LEDMatrixApp ****
make -j8 all 
arm-none-eabi-gcc "../Core/Src/tof_lib.c" -mcpu=cortex-m4 -std=gnu11 -g3 -DDEBUG -DUSE_HAL_DRIVER -DSTM32F401xE -c -I../Core/Inc -I../Drivers/STM32F4xx_HAL_Driver/Inc -I../Drivers/STM32F4xx_HAL_Driver/Inc/Legacy -I../Drivers/CMSIS/Device/ST/STM32F4xx/Include -I../Drivers/CMSIS/Include -I"/home/adam/Documents/capstone/CaptstoneRepo/capstone/STM_Workspace/LEDMatrixApp/VL53LMZ_ULD_API/inc" -I"/home/adam/Documents/capstone/CaptstoneRepo/capstone/STM_Workspace/LEDMatrixApp/Platform" -I"/home/adam/Documents/capstone/CaptstoneRepo/capstone/STM_Workspace/LEDMatrixApp/GesturesMZ" -I"/home/adam/Documents/capstone/CaptstoneRepo/capstone/STM_Workspace/LEDMatrixApp/apps_layer" -O0 -ffunction-sections -fdata-sections -Wall -fstack-usage -fcyclomatic-complexity -MMD -MP -MF"Core/Src/tof_lib.d" -MT"Core/Src/tof_lib.o" --specs=nano.specs -mfpu=fpv4-sp-d16 -mfloat-abi=hard -mthumb -o "Core/Src/tof_lib.o"
arm-none-eabi-gcc -o "LEDMatrixApp.elf" @"objects.list"  -lGesturesMZ -mcpu=cortex-m4 -T"/home/adam/Documents/capstone/CaptstoneRepo/capstone/STM_Workspace/LEDMatrixApp/STM32F401RETX_FLASH.ld" --specs=nosys.specs -Wl,-Map="LEDMatrixApp.map" -Wl,--gc-sections -static -L../GesturesMZ --specs=nano.specs -mfpu=fpv4-sp-d16 -mfloat-abi=hard -mthumb -Wl,--start-group -lc -lm -Wl,--end-group
Finished building target: LEDMatrixApp.elf
 
arm-none-eabi-size   LEDMatrixApp.elf 
arm-none-eabi-objdump -h -S  LEDMatrixApp.elf  > "LEDMatrixApp.list"
   text	   data	    bss	    dec	    hex	filename
 135628	    136	  19352	 155116	  25dec	LEDMatrixApp.elf
Finished building: default.size.stdout
 
Finished building: LEDMatrixApp.list
 
