19:29:00 **** Incremental Build of configuration Debug for project LEDMatrixApp ****
make -j8 all 
arm-none-eabi-gcc "../apps_layer/apps_layer_utils.c" -mcpu=cortex-m4 -std=gnu11 -g3 -DDEBUG -DUSE_HAL_DRIVER -DSTM32F401xE -c -I../Core/Inc -I../Drivers/STM32F4xx_HAL_Driver/Inc -I../Drivers/STM32F4xx_HAL_Driver/Inc/Legacy -I../Drivers/CMSIS/Device/ST/STM32F4xx/Include -I../Drivers/CMSIS/Include -I"/home/adam/Documents/capstone/CaptstoneRepo/capstone/STM_Workspace/LEDMatrixApp/VL53LMZ_ULD_API/inc" -I"/home/adam/Documents/capstone/CaptstoneRepo/capstone/STM_Workspace/LEDMatrixApp/Platform" -I"/home/adam/Documents/capstone/CaptstoneRepo/capstone/STM_Workspace/LEDMatrixApp/GesturesMZ" -I"/home/adam/Documents/capstone/CaptstoneRepo/capstone/STM_Workspace/LEDMatrixApp/apps_layer" -O0 -ffunction-sections -fdata-sections -Wall -fstack-usage -fcyclomatic-complexity -MMD -MP -MF"apps_layer/apps_layer_utils.d" -MT"apps_layer/apps_layer_utils.o" --specs=nano.specs -mfpu=fpv4-sp-d16 -mfloat-abi=hard -mthumb -o "apps_layer/apps_layer_utils.o"
arm-none-eabi-gcc "../VL53LMZ_ULD_API/src/vl53lmz_api.c" -mcpu=cortex-m4 -std=gnu11 -g3 -DDEBUG -DUSE_HAL_DRIVER -DSTM32F401xE -c -I../Core/Inc -I../Drivers/STM32F4xx_HAL_Driver/Inc -I../Drivers/STM32F4xx_HAL_Driver/Inc/Legacy -I../Drivers/CMSIS/Device/ST/STM32F4xx/Include -I../Drivers/CMSIS/Include -I"/home/adam/Documents/capstone/CaptstoneRepo/capstone/STM_Workspace/LEDMatrixApp/VL53LMZ_ULD_API/inc" -I"/home/adam/Documents/capstone/CaptstoneRepo/capstone/STM_Workspace/LEDMatrixApp/Platform" -I"/home/adam/Documents/capstone/CaptstoneRepo/capstone/STM_Workspace/LEDMatrixApp/GesturesMZ" -I"/home/adam/Documents/capstone/CaptstoneRepo/capstone/STM_Workspace/LEDMatrixApp/apps_layer" -O0 -ffunction-sections -fdata-sections -Wall -fstack-usage -fcyclomatic-complexity -MMD -MP -MF"VL53LMZ_ULD_API/src/vl53lmz_api.d" -MT"VL53LMZ_ULD_API/src/vl53lmz_api.o" --specs=nano.specs -mfpu=fpv4-sp-d16 -mfloat-abi=hard -mthumb -o "VL53LMZ_ULD_API/src/vl53lmz_api.o"
arm-none-eabi-gcc "../VL53LMZ_ULD_API/src/vl53lmz_plugin_cnh.c" -mcpu=cortex-m4 -std=gnu11 -g3 -DDEBUG -DUSE_HAL_DRIVER -DSTM32F401xE -c -I../Core/Inc -I../Drivers/STM32F4xx_HAL_Driver/Inc -I../Drivers/STM32F4xx_HAL_Driver/Inc/Legacy -I../Drivers/CMSIS/Device/ST/STM32F4xx/Include -I../Drivers/CMSIS/Include -I"/home/adam/Documents/capstone/CaptstoneRepo/capstone/STM_Workspace/LEDMatrixApp/VL53LMZ_ULD_API/inc" -I"/home/adam/Documents/capstone/CaptstoneRepo/capstone/STM_Workspace/LEDMatrixApp/Platform" -I"/home/adam/Documents/capstone/CaptstoneRepo/capstone/STM_Workspace/LEDMatrixApp/GesturesMZ" -I"/home/adam/Documents/capstone/CaptstoneRepo/capstone/STM_Workspace/LEDMatrixApp/apps_layer" -O0 -ffunction-sections -fdata-sections -Wall -fstack-usage -fcyclomatic-complexity -MMD -MP -MF"VL53LMZ_ULD_API/src/vl53lmz_plugin_cnh.d" -MT"VL53LMZ_ULD_API/src/vl53lmz_plugin_cnh.o" --specs=nano.specs -mfpu=fpv4-sp-d16 -mfloat-abi=hard -mthumb -o "VL53LMZ_ULD_API/src/vl53lmz_plugin_cnh.o"
arm-none-eabi-gcc "../VL53LMZ_ULD_API/src/vl53lmz_plugin_detection_thresholds.c" -mcpu=cortex-m4 -std=gnu11 -g3 -DDEBUG -DUSE_HAL_DRIVER -DSTM32F401xE -c -I../Core/Inc -I../Drivers/STM32F4xx_HAL_Driver/Inc -I../Drivers/STM32F4xx_HAL_Driver/Inc/Legacy -I../Drivers/CMSIS/Device/ST/STM32F4xx/Include -I../Drivers/CMSIS/Include -I"/home/adam/Documents/capstone/CaptstoneRepo/capstone/STM_Workspace/LEDMatrixApp/VL53LMZ_ULD_API/inc" -I"/home/adam/Documents/capstone/CaptstoneRepo/capstone/STM_Workspace/LEDMatrixApp/Platform" -I"/home/adam/Documents/capstone/CaptstoneRepo/capstone/STM_Workspace/LEDMatrixApp/GesturesMZ" -I"/home/adam/Documents/capstone/CaptstoneRepo/capstone/STM_Workspace/LEDMatrixApp/apps_layer" -O0 -ffunction-sections -fdata-sections -Wall -fstack-usage -fcyclomatic-complexity -MMD -MP -MF"VL53LMZ_ULD_API/src/vl53lmz_plugin_detection_thresholds.d" -MT"VL53LMZ_ULD_API/src/vl53lmz_plugin_detection_thresholds.o" --specs=nano.specs -mfpu=fpv4-sp-d16 -mfloat-abi=hard -mthumb -o "VL53LMZ_ULD_API/src/vl53lmz_plugin_detection_thresholds.o"
arm-none-eabi-gcc "../VL53LMZ_ULD_API/src/vl53lmz_plugin_motion_indicator.c" -mcpu=cortex-m4 -std=gnu11 -g3 -DDEBUG -DUSE_HAL_DRIVER -DSTM32F401xE -c -I../Core/Inc -I../Drivers/STM32F4xx_HAL_Driver/Inc -I../Drivers/STM32F4xx_HAL_Driver/Inc/Legacy -I../Drivers/CMSIS/Device/ST/STM32F4xx/Include -I../Drivers/CMSIS/Include -I"/home/adam/Documents/capstone/CaptstoneRepo/capstone/STM_Workspace/LEDMatrixApp/VL53LMZ_ULD_API/inc" -I"/home/adam/Documents/capstone/CaptstoneRepo/capstone/STM_Workspace/LEDMatrixApp/Platform" -I"/home/adam/Documents/capstone/CaptstoneRepo/capstone/STM_Workspace/LEDMatrixApp/GesturesMZ" -I"/home/adam/Documents/capstone/CaptstoneRepo/capstone/STM_Workspace/LEDMatrixApp/apps_layer" -O0 -ffunction-sections -fdata-sections -Wall -fstack-usage -fcyclomatic-complexity -MMD -MP -MF"VL53LMZ_ULD_API/src/vl53lmz_plugin_motion_indicator.d" -MT"VL53LMZ_ULD_API/src/vl53lmz_plugin_motion_indicator.o" --specs=nano.specs -mfpu=fpv4-sp-d16 -mfloat-abi=hard -mthumb -o "VL53LMZ_ULD_API/src/vl53lmz_plugin_motion_indicator.o"
arm-none-eabi-gcc "../VL53LMZ_ULD_API/src/vl53lmz_plugin_xtalk.c" -mcpu=cortex-m4 -std=gnu11 -g3 -DDEBUG -DUSE_HAL_DRIVER -DSTM32F401xE -c -I../Core/Inc -I../Drivers/STM32F4xx_HAL_Driver/Inc -I../Drivers/STM32F4xx_HAL_Driver/Inc/Legacy -I../Drivers/CMSIS/Device/ST/STM32F4xx/Include -I../Drivers/CMSIS/Include -I"/home/adam/Documents/capstone/CaptstoneRepo/capstone/STM_Workspace/LEDMatrixApp/VL53LMZ_ULD_API/inc" -I"/home/adam/Documents/capstone/CaptstoneRepo/capstone/STM_Workspace/LEDMatrixApp/Platform" -I"/home/adam/Documents/capstone/CaptstoneRepo/capstone/STM_Workspace/LEDMatrixApp/GesturesMZ" -I"/home/adam/Documents/capstone/CaptstoneRepo/capstone/STM_Workspace/LEDMatrixApp/apps_layer" -O0 -ffunction-sections -fdata-sections -Wall -fstack-usage -fcyclomatic-complexity -MMD -MP -MF"VL53LMZ_ULD_API/src/vl53lmz_plugin_xtalk.d" -MT"VL53LMZ_ULD_API/src/vl53lmz_plugin_xtalk.o" --specs=nano.specs -mfpu=fpv4-sp-d16 -mfloat-abi=hard -mthumb -o "VL53LMZ_ULD_API/src/vl53lmz_plugin_xtalk.o"
arm-none-eabi-gcc "../Platform/platform.c" -mcpu=cortex-m4 -std=gnu11 -g3 -DDEBUG -DUSE_HAL_DRIVER -DSTM32F401xE -c -I../Core/Inc -I../Drivers/STM32F4xx_HAL_Driver/Inc -I../Drivers/STM32F4xx_HAL_Driver/Inc/Legacy -I../Drivers/CMSIS/Device/ST/STM32F4xx/Include -I../Drivers/CMSIS/Include -I"/home/adam/Documents/capstone/CaptstoneRepo/capstone/STM_Workspace/LEDMatrixApp/VL53LMZ_ULD_API/inc" -I"/home/adam/Documents/capstone/CaptstoneRepo/capstone/STM_Workspace/LEDMatrixApp/Platform" -I"/home/adam/Documents/capstone/CaptstoneRepo/capstone/STM_Workspace/LEDMatrixApp/GesturesMZ" -I"/home/adam/Documents/capstone/CaptstoneRepo/capstone/STM_Workspace/LEDMatrixApp/apps_layer" -O0 -ffunction-sections -fdata-sections -Wall -fstack-usage -fcyclomatic-complexity -MMD -MP -MF"Platform/platform.d" -MT"Platform/platform.o" --specs=nano.specs -mfpu=fpv4-sp-d16 -mfloat-abi=hard -mthumb -o "Platform/platform.o"
arm-none-eabi-gcc "../Drivers/STM32F4xx_HAL_Driver/Src/stm32f4xx_hal.c" -mcpu=cortex-m4 -std=gnu11 -g3 -DDEBUG -DUSE_HAL_DRIVER -DSTM32F401xE -c -I../Core/Inc -I../Drivers/STM32F4xx_HAL_Driver/Inc -I../Drivers/STM32F4xx_HAL_Driver/Inc/Legacy -I../Drivers/CMSIS/Device/ST/STM32F4xx/Include -I../Drivers/CMSIS/Include -I"/home/adam/Documents/capstone/CaptstoneRepo/capstone/STM_Workspace/LEDMatrixApp/VL53LMZ_ULD_API/inc" -I"/home/adam/Documents/capstone/CaptstoneRepo/capstone/STM_Workspace/LEDMatrixApp/Platform" -I"/home/adam/Documents/capstone/CaptstoneRepo/capstone/STM_Workspace/LEDMatrixApp/GesturesMZ" -I"/home/adam/Documents/capstone/CaptstoneRepo/capstone/STM_Workspace/LEDMatrixApp/apps_layer" -O0 -ffunction-sections -fdata-sections -Wall -fstack-usage -fcyclomatic-complexity -MMD -MP -MF"Drivers/STM32F4xx_HAL_Driver/Src/stm32f4xx_hal.d" -MT"Drivers/STM32F4xx_HAL_Driver/Src/stm32f4xx_hal.o" --specs=nano.specs -mfpu=fpv4-sp-d16 -mfloat-abi=hard -mthumb -o "Drivers/STM32F4xx_HAL_Driver/Src/stm32f4xx_hal.o"
arm-none-eabi-gcc "../Drivers/STM32F4xx_HAL_Driver/Src/stm32f4xx_hal_cortex.c" -mcpu=cortex-m4 -std=gnu11 -g3 -DDEBUG -DUSE_HAL_DRIVER -DSTM32F401xE -c -I../Core/Inc -I../Drivers/STM32F4xx_HAL_Driver/Inc -I../Drivers/STM32F4xx_HAL_Driver/Inc/Legacy -I../Drivers/CMSIS/Device/ST/STM32F4xx/Include -I../Drivers/CMSIS/Include -I"/home/adam/Documents/capstone/CaptstoneRepo/capstone/STM_Workspace/LEDMatrixApp/VL53LMZ_ULD_API/inc" -I"/home/adam/Documents/capstone/CaptstoneRepo/capstone/STM_Workspace/LEDMatrixApp/Platform" -I"/home/adam/Documents/capstone/CaptstoneRepo/capstone/STM_Workspace/LEDMatrixApp/GesturesMZ" -I"/home/adam/Documents/capstone/CaptstoneRepo/capstone/STM_Workspace/LEDMatrixApp/apps_layer" -O0 -ffunction-sections -fdata-sections -Wall -fstack-usage -fcyclomatic-complexity -MMD -MP -MF"Drivers/STM32F4xx_HAL_Driver/Src/stm32f4xx_hal_cortex.d" -MT"Drivers/STM32F4xx_HAL_Driver/Src/stm32f4xx_hal_cortex.o" --specs=nano.specs -mfpu=fpv4-sp-d16 -mfloat-abi=hard -mthumb -o "Drivers/STM32F4xx_HAL_Driver/Src/stm32f4xx_hal_cortex.o"
arm-none-eabi-gcc "../Drivers/STM32F4xx_HAL_Driver/Src/stm32f4xx_hal_dma.c" -mcpu=cortex-m4 -std=gnu11 -g3 -DDEBUG -DUSE_HAL_DRIVER -DSTM32F401xE -c -I../Core/Inc -I../Drivers/STM32F4xx_HAL_Driver/Inc -I../Drivers/STM32F4xx_HAL_Driver/Inc/Legacy -I../Drivers/CMSIS/Device/ST/STM32F4xx/Include -I../Drivers/CMSIS/Include -I"/home/adam/Documents/capstone/CaptstoneRepo/capstone/STM_Workspace/LEDMatrixApp/VL53LMZ_ULD_API/inc" -I"/home/adam/Documents/capstone/CaptstoneRepo/capstone/STM_Workspace/LEDMatrixApp/Platform" -I"/home/adam/Documents/capstone/CaptstoneRepo/capstone/STM_Workspace/LEDMatrixApp/GesturesMZ" -I"/home/adam/Documents/capstone/CaptstoneRepo/capstone/STM_Workspace/LEDMatrixApp/apps_layer" -O0 -ffunction-sections -fdata-sections -Wall -fstack-usage -fcyclomatic-complexity -MMD -MP -MF"Drivers/STM32F4xx_HAL_Driver/Src/stm32f4xx_hal_dma.d" -MT"Drivers/STM32F4xx_HAL_Driver/Src/stm32f4xx_hal_dma.o" --specs=nano.specs -mfpu=fpv4-sp-d16 -mfloat-abi=hard -mthumb -o "Drivers/STM32F4xx_HAL_Driver/Src/stm32f4xx_hal_dma.o"
arm-none-eabi-gcc "../Drivers/STM32F4xx_HAL_Driver/Src/stm32f4xx_hal_dma_ex.c" -mcpu=cortex-m4 -std=gnu11 -g3 -DDEBUG -DUSE_HAL_DRIVER -DSTM32F401xE -c -I../Core/Inc -I../Drivers/STM32F4xx_HAL_Driver/Inc -I../Drivers/STM32F4xx_HAL_Driver/Inc/Legacy -I../Drivers/CMSIS/Device/ST/STM32F4xx/Include -I../Drivers/CMSIS/Include -I"/home/adam/Documents/capstone/CaptstoneRepo/capstone/STM_Workspace/LEDMatrixApp/VL53LMZ_ULD_API/inc" -I"/home/adam/Documents/capstone/CaptstoneRepo/capstone/STM_Workspace/LEDMatrixApp/Platform" -I"/home/adam/Documents/capstone/CaptstoneRepo/capstone/STM_Workspace/LEDMatrixApp/GesturesMZ" -I"/home/adam/Documents/capstone/CaptstoneRepo/capstone/STM_Workspace/LEDMatrixApp/apps_layer" -O0 -ffunction-sections -fdata-sections -Wall -fstack-usage -fcyclomatic-complexity -MMD -MP -MF"Drivers/STM32F4xx_HAL_Driver/Src/stm32f4xx_hal_dma_ex.d" -MT"Drivers/STM32F4xx_HAL_Driver/Src/stm32f4xx_hal_dma_ex.o" --specs=nano.specs -mfpu=fpv4-sp-d16 -mfloat-abi=hard -mthumb -o "Drivers/STM32F4xx_HAL_Driver/Src/stm32f4xx_hal_dma_ex.o"
arm-none-eabi-gcc "../Drivers/STM32F4xx_HAL_Driver/Src/stm32f4xx_hal_exti.c" -mcpu=cortex-m4 -std=gnu11 -g3 -DDEBUG -DUSE_HAL_DRIVER -DSTM32F401xE -c -I../Core/Inc -I../Drivers/STM32F4xx_HAL_Driver/Inc -I../Drivers/STM32F4xx_HAL_Driver/Inc/Legacy -I../Drivers/CMSIS/Device/ST/STM32F4xx/Include -I../Drivers/CMSIS/Include -I"/home/adam/Documents/capstone/CaptstoneRepo/capstone/STM_Workspace/LEDMatrixApp/VL53LMZ_ULD_API/inc" -I"/home/adam/Documents/capstone/CaptstoneRepo/capstone/STM_Workspace/LEDMatrixApp/Platform" -I"/home/adam/Documents/capstone/CaptstoneRepo/capstone/STM_Workspace/LEDMatrixApp/GesturesMZ" -I"/home/adam/Documents/capstone/CaptstoneRepo/capstone/STM_Workspace/LEDMatrixApp/apps_layer" -O0 -ffunction-sections -fdata-sections -Wall -fstack-usage -fcyclomatic-complexity -MMD -MP -MF"Drivers/STM32F4xx_HAL_Driver/Src/stm32f4xx_hal_exti.d" -MT"Drivers/STM32F4xx_HAL_Driver/Src/stm32f4xx_hal_exti.o" --specs=nano.specs -mfpu=fpv4-sp-d16 -mfloat-abi=hard -mthumb -o "Drivers/STM32F4xx_HAL_Driver/Src/stm32f4xx_hal_exti.o"
arm-none-eabi-gcc "../Drivers/STM32F4xx_HAL_Driver/Src/stm32f4xx_hal_flash.c" -mcpu=cortex-m4 -std=gnu11 -g3 -DDEBUG -DUSE_HAL_DRIVER -DSTM32F401xE -c -I../Core/Inc -I../Drivers/STM32F4xx_HAL_Driver/Inc -I../Drivers/STM32F4xx_HAL_Driver/Inc/Legacy -I../Drivers/CMSIS/Device/ST/STM32F4xx/Include -I../Drivers/CMSIS/Include -I"/home/adam/Documents/capstone/CaptstoneRepo/capstone/STM_Workspace/LEDMatrixApp/VL53LMZ_ULD_API/inc" -I"/home/adam/Documents/capstone/CaptstoneRepo/capstone/STM_Workspace/LEDMatrixApp/Platform" -I"/home/adam/Documents/capstone/CaptstoneRepo/capstone/STM_Workspace/LEDMatrixApp/GesturesMZ" -I"/home/adam/Documents/capstone/CaptstoneRepo/capstone/STM_Workspace/LEDMatrixApp/apps_layer" -O0 -ffunction-sections -fdata-sections -Wall -fstack-usage -fcyclomatic-complexity -MMD -MP -MF"Drivers/STM32F4xx_HAL_Driver/Src/stm32f4xx_hal_flash.d" -MT"Drivers/STM32F4xx_HAL_Driver/Src/stm32f4xx_hal_flash.o" --specs=nano.specs -mfpu=fpv4-sp-d16 -mfloat-abi=hard -mthumb -o "Drivers/STM32F4xx_HAL_Driver/Src/stm32f4xx_hal_flash.o"
arm-none-eabi-gcc "../Drivers/STM32F4xx_HAL_Driver/Src/stm32f4xx_hal_flash_ex.c" -mcpu=cortex-m4 -std=gnu11 -g3 -DDEBUG -DUSE_HAL_DRIVER -DSTM32F401xE -c -I../Core/Inc -I../Drivers/STM32F4xx_HAL_Driver/Inc -I../Drivers/STM32F4xx_HAL_Driver/Inc/Legacy -I../Drivers/CMSIS/Device/ST/STM32F4xx/Include -I../Drivers/CMSIS/Include -I"/home/adam/Documents/capstone/CaptstoneRepo/capstone/STM_Workspace/LEDMatrixApp/VL53LMZ_ULD_API/inc" -I"/home/adam/Documents/capstone/CaptstoneRepo/capstone/STM_Workspace/LEDMatrixApp/Platform" -I"/home/adam/Documents/capstone/CaptstoneRepo/capstone/STM_Workspace/LEDMatrixApp/GesturesMZ" -I"/home/adam/Documents/capstone/CaptstoneRepo/capstone/STM_Workspace/LEDMatrixApp/apps_layer" -O0 -ffunction-sections -fdata-sections -Wall -fstack-usage -fcyclomatic-complexity -MMD -MP -MF"Drivers/STM32F4xx_HAL_Driver/Src/stm32f4xx_hal_flash_ex.d" -MT"Drivers/STM32F4xx_HAL_Driver/Src/stm32f4xx_hal_flash_ex.o" --specs=nano.specs -mfpu=fpv4-sp-d16 -mfloat-abi=hard -mthumb -o "Drivers/STM32F4xx_HAL_Driver/Src/stm32f4xx_hal_flash_ex.o"
arm-none-eabi-gcc "../Drivers/STM32F4xx_HAL_Driver/Src/stm32f4xx_hal_flash_ramfunc.c" -mcpu=cortex-m4 -std=gnu11 -g3 -DDEBUG -DUSE_HAL_DRIVER -DSTM32F401xE -c -I../Core/Inc -I../Drivers/STM32F4xx_HAL_Driver/Inc -I../Drivers/STM32F4xx_HAL_Driver/Inc/Legacy -I../Drivers/CMSIS/Device/ST/STM32F4xx/Include -I../Drivers/CMSIS/Include -I"/home/adam/Documents/capstone/CaptstoneRepo/capstone/STM_Workspace/LEDMatrixApp/VL53LMZ_ULD_API/inc" -I"/home/adam/Documents/capstone/CaptstoneRepo/capstone/STM_Workspace/LEDMatrixApp/Platform" -I"/home/adam/Documents/capstone/CaptstoneRepo/capstone/STM_Workspace/LEDMatrixApp/GesturesMZ" -I"/home/adam/Documents/capstone/CaptstoneRepo/capstone/STM_Workspace/LEDMatrixApp/apps_layer" -O0 -ffunction-sections -fdata-sections -Wall -fstack-usage -fcyclomatic-complexity -MMD -MP -MF"Drivers/STM32F4xx_HAL_Driver/Src/stm32f4xx_hal_flash_ramfunc.d" -MT"Drivers/STM32F4xx_HAL_Driver/Src/stm32f4xx_hal_flash_ramfunc.o" --specs=nano.specs -mfpu=fpv4-sp-d16 -mfloat-abi=hard -mthumb -o "Drivers/STM32F4xx_HAL_Driver/Src/stm32f4xx_hal_flash_ramfunc.o"
arm-none-eabi-gcc "../Drivers/STM32F4xx_HAL_Driver/Src/stm32f4xx_hal_gpio.c" -mcpu=cortex-m4 -std=gnu11 -g3 -DDEBUG -DUSE_HAL_DRIVER -DSTM32F401xE -c -I../Core/Inc -I../Drivers/STM32F4xx_HAL_Driver/Inc -I../Drivers/STM32F4xx_HAL_Driver/Inc/Legacy -I../Drivers/CMSIS/Device/ST/STM32F4xx/Include -I../Drivers/CMSIS/Include -I"/home/adam/Documents/capstone/CaptstoneRepo/capstone/STM_Workspace/LEDMatrixApp/VL53LMZ_ULD_API/inc" -I"/home/adam/Documents/capstone/CaptstoneRepo/capstone/STM_Workspace/LEDMatrixApp/Platform" -I"/home/adam/Documents/capstone/CaptstoneRepo/capstone/STM_Workspace/LEDMatrixApp/GesturesMZ" -I"/home/adam/Documents/capstone/CaptstoneRepo/capstone/STM_Workspace/LEDMatrixApp/apps_layer" -O0 -ffunction-sections -fdata-sections -Wall -fstack-usage -fcyclomatic-complexity -MMD -MP -MF"Drivers/STM32F4xx_HAL_Driver/Src/stm32f4xx_hal_gpio.d" -MT"Drivers/STM32F4xx_HAL_Driver/Src/stm32f4xx_hal_gpio.o" --specs=nano.specs -mfpu=fpv4-sp-d16 -mfloat-abi=hard -mthumb -o "Drivers/STM32F4xx_HAL_Driver/Src/stm32f4xx_hal_gpio.o"
arm-none-eabi-gcc "../Drivers/STM32F4xx_HAL_Driver/Src/stm32f4xx_hal_i2c.c" -mcpu=cortex-m4 -std=gnu11 -g3 -DDEBUG -DUSE_HAL_DRIVER -DSTM32F401xE -c -I../Core/Inc -I../Drivers/STM32F4xx_HAL_Driver/Inc -I../Drivers/STM32F4xx_HAL_Driver/Inc/Legacy -I../Drivers/CMSIS/Device/ST/STM32F4xx/Include -I../Drivers/CMSIS/Include -I"/home/adam/Documents/capstone/CaptstoneRepo/capstone/STM_Workspace/LEDMatrixApp/VL53LMZ_ULD_API/inc" -I"/home/adam/Documents/capstone/CaptstoneRepo/capstone/STM_Workspace/LEDMatrixApp/Platform" -I"/home/adam/Documents/capstone/CaptstoneRepo/capstone/STM_Workspace/LEDMatrixApp/GesturesMZ" -I"/home/adam/Documents/capstone/CaptstoneRepo/capstone/STM_Workspace/LEDMatrixApp/apps_layer" -O0 -ffunction-sections -fdata-sections -Wall -fstack-usage -fcyclomatic-complexity -MMD -MP -MF"Drivers/STM32F4xx_HAL_Driver/Src/stm32f4xx_hal_i2c.d" -MT"Drivers/STM32F4xx_HAL_Driver/Src/stm32f4xx_hal_i2c.o" --specs=nano.specs -mfpu=fpv4-sp-d16 -mfloat-abi=hard -mthumb -o "Drivers/STM32F4xx_HAL_Driver/Src/stm32f4xx_hal_i2c.o"
arm-none-eabi-gcc "../Drivers/STM32F4xx_HAL_Driver/Src/stm32f4xx_hal_i2c_ex.c" -mcpu=cortex-m4 -std=gnu11 -g3 -DDEBUG -DUSE_HAL_DRIVER -DSTM32F401xE -c -I../Core/Inc -I../Drivers/STM32F4xx_HAL_Driver/Inc -I../Drivers/STM32F4xx_HAL_Driver/Inc/Legacy -I../Drivers/CMSIS/Device/ST/STM32F4xx/Include -I../Drivers/CMSIS/Include -I"/home/adam/Documents/capstone/CaptstoneRepo/capstone/STM_Workspace/LEDMatrixApp/VL53LMZ_ULD_API/inc" -I"/home/adam/Documents/capstone/CaptstoneRepo/capstone/STM_Workspace/LEDMatrixApp/Platform" -I"/home/adam/Documents/capstone/CaptstoneRepo/capstone/STM_Workspace/LEDMatrixApp/GesturesMZ" -I"/home/adam/Documents/capstone/CaptstoneRepo/capstone/STM_Workspace/LEDMatrixApp/apps_layer" -O0 -ffunction-sections -fdata-sections -Wall -fstack-usage -fcyclomatic-complexity -MMD -MP -MF"Drivers/STM32F4xx_HAL_Driver/Src/stm32f4xx_hal_i2c_ex.d" -MT"Drivers/STM32F4xx_HAL_Driver/Src/stm32f4xx_hal_i2c_ex.o" --specs=nano.specs -mfpu=fpv4-sp-d16 -mfloat-abi=hard -mthumb -o "Drivers/STM32F4xx_HAL_Driver/Src/stm32f4xx_hal_i2c_ex.o"
arm-none-eabi-gcc "../Drivers/STM32F4xx_HAL_Driver/Src/stm32f4xx_hal_pwr.c" -mcpu=cortex-m4 -std=gnu11 -g3 -DDEBUG -DUSE_HAL_DRIVER -DSTM32F401xE -c -I../Core/Inc -I../Drivers/STM32F4xx_HAL_Driver/Inc -I../Drivers/STM32F4xx_HAL_Driver/Inc/Legacy -I../Drivers/CMSIS/Device/ST/STM32F4xx/Include -I../Drivers/CMSIS/Include -I"/home/adam/Documents/capstone/CaptstoneRepo/capstone/STM_Workspace/LEDMatrixApp/VL53LMZ_ULD_API/inc" -I"/home/adam/Documents/capstone/CaptstoneRepo/capstone/STM_Workspace/LEDMatrixApp/Platform" -I"/home/adam/Documents/capstone/CaptstoneRepo/capstone/STM_Workspace/LEDMatrixApp/GesturesMZ" -I"/home/adam/Documents/capstone/CaptstoneRepo/capstone/STM_Workspace/LEDMatrixApp/apps_layer" -O0 -ffunction-sections -fdata-sections -Wall -fstack-usage -fcyclomatic-complexity -MMD -MP -MF"Drivers/STM32F4xx_HAL_Driver/Src/stm32f4xx_hal_pwr.d" -MT"Drivers/STM32F4xx_HAL_Driver/Src/stm32f4xx_hal_pwr.o" --specs=nano.specs -mfpu=fpv4-sp-d16 -mfloat-abi=hard -mthumb -o "Drivers/STM32F4xx_HAL_Driver/Src/stm32f4xx_hal_pwr.o"
arm-none-eabi-gcc "../Drivers/STM32F4xx_HAL_Driver/Src/stm32f4xx_hal_pwr_ex.c" -mcpu=cortex-m4 -std=gnu11 -g3 -DDEBUG -DUSE_HAL_DRIVER -DSTM32F401xE -c -I../Core/Inc -I../Drivers/STM32F4xx_HAL_Driver/Inc -I../Drivers/STM32F4xx_HAL_Driver/Inc/Legacy -I../Drivers/CMSIS/Device/ST/STM32F4xx/Include -I../Drivers/CMSIS/Include -I"/home/adam/Documents/capstone/CaptstoneRepo/capstone/STM_Workspace/LEDMatrixApp/VL53LMZ_ULD_API/inc" -I"/home/adam/Documents/capstone/CaptstoneRepo/capstone/STM_Workspace/LEDMatrixApp/Platform" -I"/home/adam/Documents/capstone/CaptstoneRepo/capstone/STM_Workspace/LEDMatrixApp/GesturesMZ" -I"/home/adam/Documents/capstone/CaptstoneRepo/capstone/STM_Workspace/LEDMatrixApp/apps_layer" -O0 -ffunction-sections -fdata-sections -Wall -fstack-usage -fcyclomatic-complexity -MMD -MP -MF"Drivers/STM32F4xx_HAL_Driver/Src/stm32f4xx_hal_pwr_ex.d" -MT"Drivers/STM32F4xx_HAL_Driver/Src/stm32f4xx_hal_pwr_ex.o" --specs=nano.specs -mfpu=fpv4-sp-d16 -mfloat-abi=hard -mthumb -o "Drivers/STM32F4xx_HAL_Driver/Src/stm32f4xx_hal_pwr_ex.o"
arm-none-eabi-gcc "../Drivers/STM32F4xx_HAL_Driver/Src/stm32f4xx_hal_rcc.c" -mcpu=cortex-m4 -std=gnu11 -g3 -DDEBUG -DUSE_HAL_DRIVER -DSTM32F401xE -c -I../Core/Inc -I../Drivers/STM32F4xx_HAL_Driver/Inc -I../Drivers/STM32F4xx_HAL_Driver/Inc/Legacy -I../Drivers/CMSIS/Device/ST/STM32F4xx/Include -I../Drivers/CMSIS/Include -I"/home/adam/Documents/capstone/CaptstoneRepo/capstone/STM_Workspace/LEDMatrixApp/VL53LMZ_ULD_API/inc" -I"/home/adam/Documents/capstone/CaptstoneRepo/capstone/STM_Workspace/LEDMatrixApp/Platform" -I"/home/adam/Documents/capstone/CaptstoneRepo/capstone/STM_Workspace/LEDMatrixApp/GesturesMZ" -I"/home/adam/Documents/capstone/CaptstoneRepo/capstone/STM_Workspace/LEDMatrixApp/apps_layer" -O0 -ffunction-sections -fdata-sections -Wall -fstack-usage -fcyclomatic-complexity -MMD -MP -MF"Drivers/STM32F4xx_HAL_Driver/Src/stm32f4xx_hal_rcc.d" -MT"Drivers/STM32F4xx_HAL_Driver/Src/stm32f4xx_hal_rcc.o" --specs=nano.specs -mfpu=fpv4-sp-d16 -mfloat-abi=hard -mthumb -o "Drivers/STM32F4xx_HAL_Driver/Src/stm32f4xx_hal_rcc.o"
arm-none-eabi-gcc "../Drivers/STM32F4xx_HAL_Driver/Src/stm32f4xx_hal_rcc_ex.c" -mcpu=cortex-m4 -std=gnu11 -g3 -DDEBUG -DUSE_HAL_DRIVER -DSTM32F401xE -c -I../Core/Inc -I../Drivers/STM32F4xx_HAL_Driver/Inc -I../Drivers/STM32F4xx_HAL_Driver/Inc/Legacy -I../Drivers/CMSIS/Device/ST/STM32F4xx/Include -I../Drivers/CMSIS/Include -I"/home/adam/Documents/capstone/CaptstoneRepo/capstone/STM_Workspace/LEDMatrixApp/VL53LMZ_ULD_API/inc" -I"/home/adam/Documents/capstone/CaptstoneRepo/capstone/STM_Workspace/LEDMatrixApp/Platform" -I"/home/adam/Documents/capstone/CaptstoneRepo/capstone/STM_Workspace/LEDMatrixApp/GesturesMZ" -I"/home/adam/Documents/capstone/CaptstoneRepo/capstone/STM_Workspace/LEDMatrixApp/apps_layer" -O0 -ffunction-sections -fdata-sections -Wall -fstack-usage -fcyclomatic-complexity -MMD -MP -MF"Drivers/STM32F4xx_HAL_Driver/Src/stm32f4xx_hal_rcc_ex.d" -MT"Drivers/STM32F4xx_HAL_Driver/Src/stm32f4xx_hal_rcc_ex.o" --specs=nano.specs -mfpu=fpv4-sp-d16 -mfloat-abi=hard -mthumb -o "Drivers/STM32F4xx_HAL_Driver/Src/stm32f4xx_hal_rcc_ex.o"
arm-none-eabi-gcc "../Drivers/STM32F4xx_HAL_Driver/Src/stm32f4xx_hal_tim.c" -mcpu=cortex-m4 -std=gnu11 -g3 -DDEBUG -DUSE_HAL_DRIVER -DSTM32F401xE -c -I../Core/Inc -I../Drivers/STM32F4xx_HAL_Driver/Inc -I../Drivers/STM32F4xx_HAL_Driver/Inc/Legacy -I../Drivers/CMSIS/Device/ST/STM32F4xx/Include -I../Drivers/CMSIS/Include -I"/home/adam/Documents/capstone/CaptstoneRepo/capstone/STM_Workspace/LEDMatrixApp/VL53LMZ_ULD_API/inc" -I"/home/adam/Documents/capstone/CaptstoneRepo/capstone/STM_Workspace/LEDMatrixApp/Platform" -I"/home/adam/Documents/capstone/CaptstoneRepo/capstone/STM_Workspace/LEDMatrixApp/GesturesMZ" -I"/home/adam/Documents/capstone/CaptstoneRepo/capstone/STM_Workspace/LEDMatrixApp/apps_layer" -O0 -ffunction-sections -fdata-sections -Wall -fstack-usage -fcyclomatic-complexity -MMD -MP -MF"Drivers/STM32F4xx_HAL_Driver/Src/stm32f4xx_hal_tim.d" -MT"Drivers/STM32F4xx_HAL_Driver/Src/stm32f4xx_hal_tim.o" --specs=nano.specs -mfpu=fpv4-sp-d16 -mfloat-abi=hard -mthumb -o "Drivers/STM32F4xx_HAL_Driver/Src/stm32f4xx_hal_tim.o"
arm-none-eabi-gcc "../Drivers/STM32F4xx_HAL_Driver/Src/stm32f4xx_hal_tim_ex.c" -mcpu=cortex-m4 -std=gnu11 -g3 -DDEBUG -DUSE_HAL_DRIVER -DSTM32F401xE -c -I../Core/Inc -I../Drivers/STM32F4xx_HAL_Driver/Inc -I../Drivers/STM32F4xx_HAL_Driver/Inc/Legacy -I../Drivers/CMSIS/Device/ST/STM32F4xx/Include -I../Drivers/CMSIS/Include -I"/home/adam/Documents/capstone/CaptstoneRepo/capstone/STM_Workspace/LEDMatrixApp/VL53LMZ_ULD_API/inc" -I"/home/adam/Documents/capstone/CaptstoneRepo/capstone/STM_Workspace/LEDMatrixApp/Platform" -I"/home/adam/Documents/capstone/CaptstoneRepo/capstone/STM_Workspace/LEDMatrixApp/GesturesMZ" -I"/home/adam/Documents/capstone/CaptstoneRepo/capstone/STM_Workspace/LEDMatrixApp/apps_layer" -O0 -ffunction-sections -fdata-sections -Wall -fstack-usage -fcyclomatic-complexity -MMD -MP -MF"Drivers/STM32F4xx_HAL_Driver/Src/stm32f4xx_hal_tim_ex.d" -MT"Drivers/STM32F4xx_HAL_Driver/Src/stm32f4xx_hal_tim_ex.o" --specs=nano.specs -mfpu=fpv4-sp-d16 -mfloat-abi=hard -mthumb -o "Drivers/STM32F4xx_HAL_Driver/Src/stm32f4xx_hal_tim_ex.o"
arm-none-eabi-gcc "../Drivers/STM32F4xx_HAL_Driver/Src/stm32f4xx_hal_uart.c" -mcpu=cortex-m4 -std=gnu11 -g3 -DDEBUG -DUSE_HAL_DRIVER -DSTM32F401xE -c -I../Core/Inc -I../Drivers/STM32F4xx_HAL_Driver/Inc -I../Drivers/STM32F4xx_HAL_Driver/Inc/Legacy -I../Drivers/CMSIS/Device/ST/STM32F4xx/Include -I../Drivers/CMSIS/Include -I"/home/adam/Documents/capstone/CaptstoneRepo/capstone/STM_Workspace/LEDMatrixApp/VL53LMZ_ULD_API/inc" -I"/home/adam/Documents/capstone/CaptstoneRepo/capstone/STM_Workspace/LEDMatrixApp/Platform" -I"/home/adam/Documents/capstone/CaptstoneRepo/capstone/STM_Workspace/LEDMatrixApp/GesturesMZ" -I"/home/adam/Documents/capstone/CaptstoneRepo/capstone/STM_Workspace/LEDMatrixApp/apps_layer" -O0 -ffunction-sections -fdata-sections -Wall -fstack-usage -fcyclomatic-complexity -MMD -MP -MF"Drivers/STM32F4xx_HAL_Driver/Src/stm32f4xx_hal_uart.d" -MT"Drivers/STM32F4xx_HAL_Driver/Src/stm32f4xx_hal_uart.o" --specs=nano.specs -mfpu=fpv4-sp-d16 -mfloat-abi=hard -mthumb -o "Drivers/STM32F4xx_HAL_Driver/Src/stm32f4xx_hal_uart.o"
arm-none-eabi-gcc "../Core/Src/main.c" -mcpu=cortex-m4 -std=gnu11 -g3 -DDEBUG -DUSE_HAL_DRIVER -DSTM32F401xE -c -I../Core/Inc -I../Drivers/STM32F4xx_HAL_Driver/Inc -I../Drivers/STM32F4xx_HAL_Driver/Inc/Legacy -I../Drivers/CMSIS/Device/ST/STM32F4xx/Include -I../Drivers/CMSIS/Include -I"/home/adam/Documents/capstone/CaptstoneRepo/capstone/STM_Workspace/LEDMatrixApp/VL53LMZ_ULD_API/inc" -I"/home/adam/Documents/capstone/CaptstoneRepo/capstone/STM_Workspace/LEDMatrixApp/Platform" -I"/home/adam/Documents/capstone/CaptstoneRepo/capstone/STM_Workspace/LEDMatrixApp/GesturesMZ" -I"/home/adam/Documents/capstone/CaptstoneRepo/capstone/STM_Workspace/LEDMatrixApp/apps_layer" -O0 -ffunction-sections -fdata-sections -Wall -fstack-usage -fcyclomatic-complexity -MMD -MP -MF"Core/Src/main.d" -MT"Core/Src/main.o" --specs=nano.specs -mfpu=fpv4-sp-d16 -mfloat-abi=hard -mthumb -o "Core/Src/main.o"
arm-none-eabi-gcc "../Core/Src/stm32f4xx_hal_msp.c" -mcpu=cortex-m4 -std=gnu11 -g3 -DDEBUG -DUSE_HAL_DRIVER -DSTM32F401xE -c -I../Core/Inc -I../Drivers/STM32F4xx_HAL_Driver/Inc -I../Drivers/STM32F4xx_HAL_Driver/Inc/Legacy -I../Drivers/CMSIS/Device/ST/STM32F4xx/Include -I../Drivers/CMSIS/Include -I"/home/adam/Documents/capstone/CaptstoneRepo/capstone/STM_Workspace/LEDMatrixApp/VL53LMZ_ULD_API/inc" -I"/home/adam/Documents/capstone/CaptstoneRepo/capstone/STM_Workspace/LEDMatrixApp/Platform" -I"/home/adam/Documents/capstone/CaptstoneRepo/capstone/STM_Workspace/LEDMatrixApp/GesturesMZ" -I"/home/adam/Documents/capstone/CaptstoneRepo/capstone/STM_Workspace/LEDMatrixApp/apps_layer" -O0 -ffunction-sections -fdata-sections -Wall -fstack-usage -fcyclomatic-complexity -MMD -MP -MF"Core/Src/stm32f4xx_hal_msp.d" -MT"Core/Src/stm32f4xx_hal_msp.o" --specs=nano.specs -mfpu=fpv4-sp-d16 -mfloat-abi=hard -mthumb -o "Core/Src/stm32f4xx_hal_msp.o"
arm-none-eabi-gcc "../Core/Src/stm32f4xx_it.c" -mcpu=cortex-m4 -std=gnu11 -g3 -DDEBUG -DUSE_HAL_DRIVER -DSTM32F401xE -c -I../Core/Inc -I../Drivers/STM32F4xx_HAL_Driver/Inc -I../Drivers/STM32F4xx_HAL_Driver/Inc/Legacy -I../Drivers/CMSIS/Device/ST/STM32F4xx/Include -I../Drivers/CMSIS/Include -I"/home/adam/Documents/capstone/CaptstoneRepo/capstone/STM_Workspace/LEDMatrixApp/VL53LMZ_ULD_API/inc" -I"/home/adam/Documents/capstone/CaptstoneRepo/capstone/STM_Workspace/LEDMatrixApp/Platform" -I"/home/adam/Documents/capstone/CaptstoneRepo/capstone/STM_Workspace/LEDMatrixApp/GesturesMZ" -I"/home/adam/Documents/capstone/CaptstoneRepo/capstone/STM_Workspace/LEDMatrixApp/apps_layer" -O0 -ffunction-sections -fdata-sections -Wall -fstack-usage -fcyclomatic-complexity -MMD -MP -MF"Core/Src/stm32f4xx_it.d" -MT"Core/Src/stm32f4xx_it.o" --specs=nano.specs -mfpu=fpv4-sp-d16 -mfloat-abi=hard -mthumb -o "Core/Src/stm32f4xx_it.o"
arm-none-eabi-gcc "../Core/Src/system_stm32f4xx.c" -mcpu=cortex-m4 -std=gnu11 -g3 -DDEBUG -DUSE_HAL_DRIVER -DSTM32F401xE -c -I../Core/Inc -I../Drivers/STM32F4xx_HAL_Driver/Inc -I../Drivers/STM32F4xx_HAL_Driver/Inc/Legacy -I../Drivers/CMSIS/Device/ST/STM32F4xx/Include -I../Drivers/CMSIS/Include -I"/home/adam/Documents/capstone/CaptstoneRepo/capstone/STM_Workspace/LEDMatrixApp/VL53LMZ_ULD_API/inc" -I"/home/adam/Documents/capstone/CaptstoneRepo/capstone/STM_Workspace/LEDMatrixApp/Platform" -I"/home/adam/Documents/capstone/CaptstoneRepo/capstone/STM_Workspace/LEDMatrixApp/GesturesMZ" -I"/home/adam/Documents/capstone/CaptstoneRepo/capstone/STM_Workspace/LEDMatrixApp/apps_layer" -O0 -ffunction-sections -fdata-sections -Wall -fstack-usage -fcyclomatic-complexity -MMD -MP -MF"Core/Src/system_stm32f4xx.d" -MT"Core/Src/system_stm32f4xx.o" --specs=nano.specs -mfpu=fpv4-sp-d16 -mfloat-abi=hard -mthumb -o "Core/Src/system_stm32f4xx.o"
arm-none-eabi-gcc "../Core/Src/tof_lib.c" -mcpu=cortex-m4 -std=gnu11 -g3 -DDEBUG -DUSE_HAL_DRIVER -DSTM32F401xE -c -I../Core/Inc -I../Drivers/STM32F4xx_HAL_Driver/Inc -I../Drivers/STM32F4xx_HAL_Driver/Inc/Legacy -I../Drivers/CMSIS/Device/ST/STM32F4xx/Include -I../Drivers/CMSIS/Include -I"/home/adam/Documents/capstone/CaptstoneRepo/capstone/STM_Workspace/LEDMatrixApp/VL53LMZ_ULD_API/inc" -I"/home/adam/Documents/capstone/CaptstoneRepo/capstone/STM_Workspace/LEDMatrixApp/Platform" -I"/home/adam/Documents/capstone/CaptstoneRepo/capstone/STM_Workspace/LEDMatrixApp/GesturesMZ" -I"/home/adam/Documents/capstone/CaptstoneRepo/capstone/STM_Workspace/LEDMatrixApp/apps_layer" -O0 -ffunction-sections -fdata-sections -Wall -fstack-usage -fcyclomatic-complexity -MMD -MP -MF"Core/Src/tof_lib.d" -MT"Core/Src/tof_lib.o" --specs=nano.specs -mfpu=fpv4-sp-d16 -mfloat-abi=hard -mthumb -o "Core/Src/tof_lib.o"
arm-none-eabi-gcc -o "LEDMatrixApp.elf" @"objects.list"  -lGesturesMZ -mcpu=cortex-m4 -T"/home/adam/Documents/capstone/CaptstoneRepo/capstone/STM_Workspace/LEDMatrixApp/STM32F401RETX_FLASH.ld" --specs=nosys.specs -Wl,-Map="LEDMatrixApp.map" -Wl,--gc-sections -static -L../GesturesMZ --specs=nano.specs -mfpu=fpv4-sp-d16 -mfloat-abi=hard -mthumb -Wl,--start-group -lc -lm -Wl,--end-group
Finished building target: LEDMatrixApp.elf
 
arm-none-eabi-size   LEDMatrixApp.elf 
arm-none-eabi-objdump -h -S  LEDMatrixApp.elf  > "LEDMatrixApp.list"
   text	   data	    bss	    dec	    hex	filename
 135316	    136	  23232	 158684	  26bdc	LEDMatrixApp.elf
Finished building: default.size.stdout
 
Finished building: LEDMatrixApp.list
 
19:34:11 **** Incremental Build of configuration Debug for project LEDMatrixApp ****
make -j8 all 
arm-none-eabi-gcc "../apps_layer/apps_layer_utils.c" -mcpu=cortex-m4 -std=gnu11 -g3 -DDEBUG -DUSE_HAL_DRIVER -DSTM32F401xE -c -I../Core/Inc -I../Drivers/STM32F4xx_HAL_Driver/Inc -I../Drivers/STM32F4xx_HAL_Driver/Inc/Legacy -I../Drivers/CMSIS/Device/ST/STM32F4xx/Include -I../Drivers/CMSIS/Include -I"/home/adam/Documents/capstone/CaptstoneRepo/capstone/STM_Workspace/LEDMatrixApp/VL53LMZ_ULD_API/inc" -I"/home/adam/Documents/capstone/CaptstoneRepo/capstone/STM_Workspace/LEDMatrixApp/Platform" -I"/home/adam/Documents/capstone/CaptstoneRepo/capstone/STM_Workspace/LEDMatrixApp/GesturesMZ" -I"/home/adam/Documents/capstone/CaptstoneRepo/capstone/STM_Workspace/LEDMatrixApp/apps_layer" -O0 -ffunction-sections -fdata-sections -Wall -fstack-usage -fcyclomatic-complexity -MMD -MP -MF"apps_layer/apps_layer_utils.d" -MT"apps_layer/apps_layer_utils.o" --specs=nano.specs -mfpu=fpv4-sp-d16 -mfloat-abi=hard -mthumb -o "apps_layer/apps_layer_utils.o"
arm-none-eabi-gcc "../VL53LMZ_ULD_API/src/vl53lmz_api.c" -mcpu=cortex-m4 -std=gnu11 -g3 -DDEBUG -DUSE_HAL_DRIVER -DSTM32F401xE -c -I../Core/Inc -I../Drivers/STM32F4xx_HAL_Driver/Inc -I../Drivers/STM32F4xx_HAL_Driver/Inc/Legacy -I../Drivers/CMSIS/Device/ST/STM32F4xx/Include -I../Drivers/CMSIS/Include -I"/home/adam/Documents/capstone/CaptstoneRepo/capstone/STM_Workspace/LEDMatrixApp/VL53LMZ_ULD_API/inc" -I"/home/adam/Documents/capstone/CaptstoneRepo/capstone/STM_Workspace/LEDMatrixApp/Platform" -I"/home/adam/Documents/capstone/CaptstoneRepo/capstone/STM_Workspace/LEDMatrixApp/GesturesMZ" -I"/home/adam/Documents/capstone/CaptstoneRepo/capstone/STM_Workspace/LEDMatrixApp/apps_layer" -O0 -ffunction-sections -fdata-sections -Wall -fstack-usage -fcyclomatic-complexity -MMD -MP -MF"VL53LMZ_ULD_API/src/vl53lmz_api.d" -MT"VL53LMZ_ULD_API/src/vl53lmz_api.o" --specs=nano.specs -mfpu=fpv4-sp-d16 -mfloat-abi=hard -mthumb -o "VL53LMZ_ULD_API/src/vl53lmz_api.o"
arm-none-eabi-gcc "../VL53LMZ_ULD_API/src/vl53lmz_plugin_cnh.c" -mcpu=cortex-m4 -std=gnu11 -g3 -DDEBUG -DUSE_HAL_DRIVER -DSTM32F401xE -c -I../Core/Inc -I../Drivers/STM32F4xx_HAL_Driver/Inc -I../Drivers/STM32F4xx_HAL_Driver/Inc/Legacy -I../Drivers/CMSIS/Device/ST/STM32F4xx/Include -I../Drivers/CMSIS/Include -I"/home/adam/Documents/capstone/CaptstoneRepo/capstone/STM_Workspace/LEDMatrixApp/VL53LMZ_ULD_API/inc" -I"/home/adam/Documents/capstone/CaptstoneRepo/capstone/STM_Workspace/LEDMatrixApp/Platform" -I"/home/adam/Documents/capstone/CaptstoneRepo/capstone/STM_Workspace/LEDMatrixApp/GesturesMZ" -I"/home/adam/Documents/capstone/CaptstoneRepo/capstone/STM_Workspace/LEDMatrixApp/apps_layer" -O0 -ffunction-sections -fdata-sections -Wall -fstack-usage -fcyclomatic-complexity -MMD -MP -MF"VL53LMZ_ULD_API/src/vl53lmz_plugin_cnh.d" -MT"VL53LMZ_ULD_API/src/vl53lmz_plugin_cnh.o" --specs=nano.specs -mfpu=fpv4-sp-d16 -mfloat-abi=hard -mthumb -o "VL53LMZ_ULD_API/src/vl53lmz_plugin_cnh.o"
arm-none-eabi-gcc "../VL53LMZ_ULD_API/src/vl53lmz_plugin_detection_thresholds.c" -mcpu=cortex-m4 -std=gnu11 -g3 -DDEBUG -DUSE_HAL_DRIVER -DSTM32F401xE -c -I../Core/Inc -I../Drivers/STM32F4xx_HAL_Driver/Inc -I../Drivers/STM32F4xx_HAL_Driver/Inc/Legacy -I../Drivers/CMSIS/Device/ST/STM32F4xx/Include -I../Drivers/CMSIS/Include -I"/home/adam/Documents/capstone/CaptstoneRepo/capstone/STM_Workspace/LEDMatrixApp/VL53LMZ_ULD_API/inc" -I"/home/adam/Documents/capstone/CaptstoneRepo/capstone/STM_Workspace/LEDMatrixApp/Platform" -I"/home/adam/Documents/capstone/CaptstoneRepo/capstone/STM_Workspace/LEDMatrixApp/GesturesMZ" -I"/home/adam/Documents/capstone/CaptstoneRepo/capstone/STM_Workspace/LEDMatrixApp/apps_layer" -O0 -ffunction-sections -fdata-sections -Wall -fstack-usage -fcyclomatic-complexity -MMD -MP -MF"VL53LMZ_ULD_API/src/vl53lmz_plugin_detection_thresholds.d" -MT"VL53LMZ_ULD_API/src/vl53lmz_plugin_detection_thresholds.o" --specs=nano.specs -mfpu=fpv4-sp-d16 -mfloat-abi=hard -mthumb -o "VL53LMZ_ULD_API/src/vl53lmz_plugin_detection_thresholds.o"
arm-none-eabi-gcc "../VL53LMZ_ULD_API/src/vl53lmz_plugin_motion_indicator.c" -mcpu=cortex-m4 -std=gnu11 -g3 -DDEBUG -DUSE_HAL_DRIVER -DSTM32F401xE -c -I../Core/Inc -I../Drivers/STM32F4xx_HAL_Driver/Inc -I../Drivers/STM32F4xx_HAL_Driver/Inc/Legacy -I../Drivers/CMSIS/Device/ST/STM32F4xx/Include -I../Drivers/CMSIS/Include -I"/home/adam/Documents/capstone/CaptstoneRepo/capstone/STM_Workspace/LEDMatrixApp/VL53LMZ_ULD_API/inc" -I"/home/adam/Documents/capstone/CaptstoneRepo/capstone/STM_Workspace/LEDMatrixApp/Platform" -I"/home/adam/Documents/capstone/CaptstoneRepo/capstone/STM_Workspace/LEDMatrixApp/GesturesMZ" -I"/home/adam/Documents/capstone/CaptstoneRepo/capstone/STM_Workspace/LEDMatrixApp/apps_layer" -O0 -ffunction-sections -fdata-sections -Wall -fstack-usage -fcyclomatic-complexity -MMD -MP -MF"VL53LMZ_ULD_API/src/vl53lmz_plugin_motion_indicator.d" -MT"VL53LMZ_ULD_API/src/vl53lmz_plugin_motion_indicator.o" --specs=nano.specs -mfpu=fpv4-sp-d16 -mfloat-abi=hard -mthumb -o "VL53LMZ_ULD_API/src/vl53lmz_plugin_motion_indicator.o"
arm-none-eabi-gcc "../VL53LMZ_ULD_API/src/vl53lmz_plugin_xtalk.c" -mcpu=cortex-m4 -std=gnu11 -g3 -DDEBUG -DUSE_HAL_DRIVER -DSTM32F401xE -c -I../Core/Inc -I../Drivers/STM32F4xx_HAL_Driver/Inc -I../Drivers/STM32F4xx_HAL_Driver/Inc/Legacy -I../Drivers/CMSIS/Device/ST/STM32F4xx/Include -I../Drivers/CMSIS/Include -I"/home/adam/Documents/capstone/CaptstoneRepo/capstone/STM_Workspace/LEDMatrixApp/VL53LMZ_ULD_API/inc" -I"/home/adam/Documents/capstone/CaptstoneRepo/capstone/STM_Workspace/LEDMatrixApp/Platform" -I"/home/adam/Documents/capstone/CaptstoneRepo/capstone/STM_Workspace/LEDMatrixApp/GesturesMZ" -I"/home/adam/Documents/capstone/CaptstoneRepo/capstone/STM_Workspace/LEDMatrixApp/apps_layer" -O0 -ffunction-sections -fdata-sections -Wall -fstack-usage -fcyclomatic-complexity -MMD -MP -MF"VL53LMZ_ULD_API/src/vl53lmz_plugin_xtalk.d" -MT"VL53LMZ_ULD_API/src/vl53lmz_plugin_xtalk.o" --specs=nano.specs -mfpu=fpv4-sp-d16 -mfloat-abi=hard -mthumb -o "VL53LMZ_ULD_API/src/vl53lmz_plugin_xtalk.o"
arm-none-eabi-gcc "../Platform/platform.c" -mcpu=cortex-m4 -std=gnu11 -g3 -DDEBUG -DUSE_HAL_DRIVER -DSTM32F401xE -c -I../Core/Inc -I../Drivers/STM32F4xx_HAL_Driver/Inc -I../Drivers/STM32F4xx_HAL_Driver/Inc/Legacy -I../Drivers/CMSIS/Device/ST/STM32F4xx/Include -I../Drivers/CMSIS/Include -I"/home/adam/Documents/capstone/CaptstoneRepo/capstone/STM_Workspace/LEDMatrixApp/VL53LMZ_ULD_API/inc" -I"/home/adam/Documents/capstone/CaptstoneRepo/capstone/STM_Workspace/LEDMatrixApp/Platform" -I"/home/adam/Documents/capstone/CaptstoneRepo/capstone/STM_Workspace/LEDMatrixApp/GesturesMZ" -I"/home/adam/Documents/capstone/CaptstoneRepo/capstone/STM_Workspace/LEDMatrixApp/apps_layer" -O0 -ffunction-sections -fdata-sections -Wall -fstack-usage -fcyclomatic-complexity -MMD -MP -MF"Platform/platform.d" -MT"Platform/platform.o" --specs=nano.specs -mfpu=fpv4-sp-d16 -mfloat-abi=hard -mthumb -o "Platform/platform.o"
arm-none-eabi-gcc "../Drivers/STM32F4xx_HAL_Driver/Src/stm32f4xx_hal.c" -mcpu=cortex-m4 -std=gnu11 -g3 -DDEBUG -DUSE_HAL_DRIVER -DSTM32F401xE -c -I../Core/Inc -I../Drivers/STM32F4xx_HAL_Driver/Inc -I../Drivers/STM32F4xx_HAL_Driver/Inc/Legacy -I../Drivers/CMSIS/Device/ST/STM32F4xx/Include -I../Drivers/CMSIS/Include -I"/home/adam/Documents/capstone/CaptstoneRepo/capstone/STM_Workspace/LEDMatrixApp/VL53LMZ_ULD_API/inc" -I"/home/adam/Documents/capstone/CaptstoneRepo/capstone/STM_Workspace/LEDMatrixApp/Platform" -I"/home/adam/Documents/capstone/CaptstoneRepo/capstone/STM_Workspace/LEDMatrixApp/GesturesMZ" -I"/home/adam/Documents/capstone/CaptstoneRepo/capstone/STM_Workspace/LEDMatrixApp/apps_layer" -O0 -ffunction-sections -fdata-sections -Wall -fstack-usage -fcyclomatic-complexity -MMD -MP -MF"Drivers/STM32F4xx_HAL_Driver/Src/stm32f4xx_hal.d" -MT"Drivers/STM32F4xx_HAL_Driver/Src/stm32f4xx_hal.o" --specs=nano.specs -mfpu=fpv4-sp-d16 -mfloat-abi=hard -mthumb -o "Drivers/STM32F4xx_HAL_Driver/Src/stm32f4xx_hal.o"
arm-none-eabi-gcc "../Drivers/STM32F4xx_HAL_Driver/Src/stm32f4xx_hal_cortex.c" -mcpu=cortex-m4 -std=gnu11 -g3 -DDEBUG -DUSE_HAL_DRIVER -DSTM32F401xE -c -I../Core/Inc -I../Drivers/STM32F4xx_HAL_Driver/Inc -I../Drivers/STM32F4xx_HAL_Driver/Inc/Legacy -I../Drivers/CMSIS/Device/ST/STM32F4xx/Include -I../Drivers/CMSIS/Include -I"/home/adam/Documents/capstone/CaptstoneRepo/capstone/STM_Workspace/LEDMatrixApp/VL53LMZ_ULD_API/inc" -I"/home/adam/Documents/capstone/CaptstoneRepo/capstone/STM_Workspace/LEDMatrixApp/Platform" -I"/home/adam/Documents/capstone/CaptstoneRepo/capstone/STM_Workspace/LEDMatrixApp/GesturesMZ" -I"/home/adam/Documents/capstone/CaptstoneRepo/capstone/STM_Workspace/LEDMatrixApp/apps_layer" -O0 -ffunction-sections -fdata-sections -Wall -fstack-usage -fcyclomatic-complexity -MMD -MP -MF"Drivers/STM32F4xx_HAL_Driver/Src/stm32f4xx_hal_cortex.d" -MT"Drivers/STM32F4xx_HAL_Driver/Src/stm32f4xx_hal_cortex.o" --specs=nano.specs -mfpu=fpv4-sp-d16 -mfloat-abi=hard -mthumb -o "Drivers/STM32F4xx_HAL_Driver/Src/stm32f4xx_hal_cortex.o"
arm-none-eabi-gcc "../Drivers/STM32F4xx_HAL_Driver/Src/stm32f4xx_hal_dma.c" -mcpu=cortex-m4 -std=gnu11 -g3 -DDEBUG -DUSE_HAL_DRIVER -DSTM32F401xE -c -I../Core/Inc -I../Drivers/STM32F4xx_HAL_Driver/Inc -I../Drivers/STM32F4xx_HAL_Driver/Inc/Legacy -I../Drivers/CMSIS/Device/ST/STM32F4xx/Include -I../Drivers/CMSIS/Include -I"/home/adam/Documents/capstone/CaptstoneRepo/capstone/STM_Workspace/LEDMatrixApp/VL53LMZ_ULD_API/inc" -I"/home/adam/Documents/capstone/CaptstoneRepo/capstone/STM_Workspace/LEDMatrixApp/Platform" -I"/home/adam/Documents/capstone/CaptstoneRepo/capstone/STM_Workspace/LEDMatrixApp/GesturesMZ" -I"/home/adam/Documents/capstone/CaptstoneRepo/capstone/STM_Workspace/LEDMatrixApp/apps_layer" -O0 -ffunction-sections -fdata-sections -Wall -fstack-usage -fcyclomatic-complexity -MMD -MP -MF"Drivers/STM32F4xx_HAL_Driver/Src/stm32f4xx_hal_dma.d" -MT"Drivers/STM32F4xx_HAL_Driver/Src/stm32f4xx_hal_dma.o" --specs=nano.specs -mfpu=fpv4-sp-d16 -mfloat-abi=hard -mthumb -o "Drivers/STM32F4xx_HAL_Driver/Src/stm32f4xx_hal_dma.o"
arm-none-eabi-gcc "../Drivers/STM32F4xx_HAL_Driver/Src/stm32f4xx_hal_dma_ex.c" -mcpu=cortex-m4 -std=gnu11 -g3 -DDEBUG -DUSE_HAL_DRIVER -DSTM32F401xE -c -I../Core/Inc -I../Drivers/STM32F4xx_HAL_Driver/Inc -I../Drivers/STM32F4xx_HAL_Driver/Inc/Legacy -I../Drivers/CMSIS/Device/ST/STM32F4xx/Include -I../Drivers/CMSIS/Include -I"/home/adam/Documents/capstone/CaptstoneRepo/capstone/STM_Workspace/LEDMatrixApp/VL53LMZ_ULD_API/inc" -I"/home/adam/Documents/capstone/CaptstoneRepo/capstone/STM_Workspace/LEDMatrixApp/Platform" -I"/home/adam/Documents/capstone/CaptstoneRepo/capstone/STM_Workspace/LEDMatrixApp/GesturesMZ" -I"/home/adam/Documents/capstone/CaptstoneRepo/capstone/STM_Workspace/LEDMatrixApp/apps_layer" -O0 -ffunction-sections -fdata-sections -Wall -fstack-usage -fcyclomatic-complexity -MMD -MP -MF"Drivers/STM32F4xx_HAL_Driver/Src/stm32f4xx_hal_dma_ex.d" -MT"Drivers/STM32F4xx_HAL_Driver/Src/stm32f4xx_hal_dma_ex.o" --specs=nano.specs -mfpu=fpv4-sp-d16 -mfloat-abi=hard -mthumb -o "Drivers/STM32F4xx_HAL_Driver/Src/stm32f4xx_hal_dma_ex.o"
arm-none-eabi-gcc "../Drivers/STM32F4xx_HAL_Driver/Src/stm32f4xx_hal_exti.c" -mcpu=cortex-m4 -std=gnu11 -g3 -DDEBUG -DUSE_HAL_DRIVER -DSTM32F401xE -c -I../Core/Inc -I../Drivers/STM32F4xx_HAL_Driver/Inc -I../Drivers/STM32F4xx_HAL_Driver/Inc/Legacy -I../Drivers/CMSIS/Device/ST/STM32F4xx/Include -I../Drivers/CMSIS/Include -I"/home/adam/Documents/capstone/CaptstoneRepo/capstone/STM_Workspace/LEDMatrixApp/VL53LMZ_ULD_API/inc" -I"/home/adam/Documents/capstone/CaptstoneRepo/capstone/STM_Workspace/LEDMatrixApp/Platform" -I"/home/adam/Documents/capstone/CaptstoneRepo/capstone/STM_Workspace/LEDMatrixApp/GesturesMZ" -I"/home/adam/Documents/capstone/CaptstoneRepo/capstone/STM_Workspace/LEDMatrixApp/apps_layer" -O0 -ffunction-sections -fdata-sections -Wall -fstack-usage -fcyclomatic-complexity -MMD -MP -MF"Drivers/STM32F4xx_HAL_Driver/Src/stm32f4xx_hal_exti.d" -MT"Drivers/STM32F4xx_HAL_Driver/Src/stm32f4xx_hal_exti.o" --specs=nano.specs -mfpu=fpv4-sp-d16 -mfloat-abi=hard -mthumb -o "Drivers/STM32F4xx_HAL_Driver/Src/stm32f4xx_hal_exti.o"
arm-none-eabi-gcc "../Drivers/STM32F4xx_HAL_Driver/Src/stm32f4xx_hal_flash.c" -mcpu=cortex-m4 -std=gnu11 -g3 -DDEBUG -DUSE_HAL_DRIVER -DSTM32F401xE -c -I../Core/Inc -I../Drivers/STM32F4xx_HAL_Driver/Inc -I../Drivers/STM32F4xx_HAL_Driver/Inc/Legacy -I../Drivers/CMSIS/Device/ST/STM32F4xx/Include -I../Drivers/CMSIS/Include -I"/home/adam/Documents/capstone/CaptstoneRepo/capstone/STM_Workspace/LEDMatrixApp/VL53LMZ_ULD_API/inc" -I"/home/adam/Documents/capstone/CaptstoneRepo/capstone/STM_Workspace/LEDMatrixApp/Platform" -I"/home/adam/Documents/capstone/CaptstoneRepo/capstone/STM_Workspace/LEDMatrixApp/GesturesMZ" -I"/home/adam/Documents/capstone/CaptstoneRepo/capstone/STM_Workspace/LEDMatrixApp/apps_layer" -O0 -ffunction-sections -fdata-sections -Wall -fstack-usage -fcyclomatic-complexity -MMD -MP -MF"Drivers/STM32F4xx_HAL_Driver/Src/stm32f4xx_hal_flash.d" -MT"Drivers/STM32F4xx_HAL_Driver/Src/stm32f4xx_hal_flash.o" --specs=nano.specs -mfpu=fpv4-sp-d16 -mfloat-abi=hard -mthumb -o "Drivers/STM32F4xx_HAL_Driver/Src/stm32f4xx_hal_flash.o"
arm-none-eabi-gcc "../Drivers/STM32F4xx_HAL_Driver/Src/stm32f4xx_hal_flash_ex.c" -mcpu=cortex-m4 -std=gnu11 -g3 -DDEBUG -DUSE_HAL_DRIVER -DSTM32F401xE -c -I../Core/Inc -I../Drivers/STM32F4xx_HAL_Driver/Inc -I../Drivers/STM32F4xx_HAL_Driver/Inc/Legacy -I../Drivers/CMSIS/Device/ST/STM32F4xx/Include -I../Drivers/CMSIS/Include -I"/home/adam/Documents/capstone/CaptstoneRepo/capstone/STM_Workspace/LEDMatrixApp/VL53LMZ_ULD_API/inc" -I"/home/adam/Documents/capstone/CaptstoneRepo/capstone/STM_Workspace/LEDMatrixApp/Platform" -I"/home/adam/Documents/capstone/CaptstoneRepo/capstone/STM_Workspace/LEDMatrixApp/GesturesMZ" -I"/home/adam/Documents/capstone/CaptstoneRepo/capstone/STM_Workspace/LEDMatrixApp/apps_layer" -O0 -ffunction-sections -fdata-sections -Wall -fstack-usage -fcyclomatic-complexity -MMD -MP -MF"Drivers/STM32F4xx_HAL_Driver/Src/stm32f4xx_hal_flash_ex.d" -MT"Drivers/STM32F4xx_HAL_Driver/Src/stm32f4xx_hal_flash_ex.o" --specs=nano.specs -mfpu=fpv4-sp-d16 -mfloat-abi=hard -mthumb -o "Drivers/STM32F4xx_HAL_Driver/Src/stm32f4xx_hal_flash_ex.o"
arm-none-eabi-gcc "../Drivers/STM32F4xx_HAL_Driver/Src/stm32f4xx_hal_flash_ramfunc.c" -mcpu=cortex-m4 -std=gnu11 -g3 -DDEBUG -DUSE_HAL_DRIVER -DSTM32F401xE -c -I../Core/Inc -I../Drivers/STM32F4xx_HAL_Driver/Inc -I../Drivers/STM32F4xx_HAL_Driver/Inc/Legacy -I../Drivers/CMSIS/Device/ST/STM32F4xx/Include -I../Drivers/CMSIS/Include -I"/home/adam/Documents/capstone/CaptstoneRepo/capstone/STM_Workspace/LEDMatrixApp/VL53LMZ_ULD_API/inc" -I"/home/adam/Documents/capstone/CaptstoneRepo/capstone/STM_Workspace/LEDMatrixApp/Platform" -I"/home/adam/Documents/capstone/CaptstoneRepo/capstone/STM_Workspace/LEDMatrixApp/GesturesMZ" -I"/home/adam/Documents/capstone/CaptstoneRepo/capstone/STM_Workspace/LEDMatrixApp/apps_layer" -O0 -ffunction-sections -fdata-sections -Wall -fstack-usage -fcyclomatic-complexity -MMD -MP -MF"Drivers/STM32F4xx_HAL_Driver/Src/stm32f4xx_hal_flash_ramfunc.d" -MT"Drivers/STM32F4xx_HAL_Driver/Src/stm32f4xx_hal_flash_ramfunc.o" --specs=nano.specs -mfpu=fpv4-sp-d16 -mfloat-abi=hard -mthumb -o "Drivers/STM32F4xx_HAL_Driver/Src/stm32f4xx_hal_flash_ramfunc.o"
arm-none-eabi-gcc "../Drivers/STM32F4xx_HAL_Driver/Src/stm32f4xx_hal_gpio.c" -mcpu=cortex-m4 -std=gnu11 -g3 -DDEBUG -DUSE_HAL_DRIVER -DSTM32F401xE -c -I../Core/Inc -I../Drivers/STM32F4xx_HAL_Driver/Inc -I../Drivers/STM32F4xx_HAL_Driver/Inc/Legacy -I../Drivers/CMSIS/Device/ST/STM32F4xx/Include -I../Drivers/CMSIS/Include -I"/home/adam/Documents/capstone/CaptstoneRepo/capstone/STM_Workspace/LEDMatrixApp/VL53LMZ_ULD_API/inc" -I"/home/adam/Documents/capstone/CaptstoneRepo/capstone/STM_Workspace/LEDMatrixApp/Platform" -I"/home/adam/Documents/capstone/CaptstoneRepo/capstone/STM_Workspace/LEDMatrixApp/GesturesMZ" -I"/home/adam/Documents/capstone/CaptstoneRepo/capstone/STM_Workspace/LEDMatrixApp/apps_layer" -O0 -ffunction-sections -fdata-sections -Wall -fstack-usage -fcyclomatic-complexity -MMD -MP -MF"Drivers/STM32F4xx_HAL_Driver/Src/stm32f4xx_hal_gpio.d" -MT"Drivers/STM32F4xx_HAL_Driver/Src/stm32f4xx_hal_gpio.o" --specs=nano.specs -mfpu=fpv4-sp-d16 -mfloat-abi=hard -mthumb -o "Drivers/STM32F4xx_HAL_Driver/Src/stm32f4xx_hal_gpio.o"
arm-none-eabi-gcc "../Drivers/STM32F4xx_HAL_Driver/Src/stm32f4xx_hal_i2c.c" -mcpu=cortex-m4 -std=gnu11 -g3 -DDEBUG -DUSE_HAL_DRIVER -DSTM32F401xE -c -I../Core/Inc -I../Drivers/STM32F4xx_HAL_Driver/Inc -I../Drivers/STM32F4xx_HAL_Driver/Inc/Legacy -I../Drivers/CMSIS/Device/ST/STM32F4xx/Include -I../Drivers/CMSIS/Include -I"/home/adam/Documents/capstone/CaptstoneRepo/capstone/STM_Workspace/LEDMatrixApp/VL53LMZ_ULD_API/inc" -I"/home/adam/Documents/capstone/CaptstoneRepo/capstone/STM_Workspace/LEDMatrixApp/Platform" -I"/home/adam/Documents/capstone/CaptstoneRepo/capstone/STM_Workspace/LEDMatrixApp/GesturesMZ" -I"/home/adam/Documents/capstone/CaptstoneRepo/capstone/STM_Workspace/LEDMatrixApp/apps_layer" -O0 -ffunction-sections -fdata-sections -Wall -fstack-usage -fcyclomatic-complexity -MMD -MP -MF"Drivers/STM32F4xx_HAL_Driver/Src/stm32f4xx_hal_i2c.d" -MT"Drivers/STM32F4xx_HAL_Driver/Src/stm32f4xx_hal_i2c.o" --specs=nano.specs -mfpu=fpv4-sp-d16 -mfloat-abi=hard -mthumb -o "Drivers/STM32F4xx_HAL_Driver/Src/stm32f4xx_hal_i2c.o"
arm-none-eabi-gcc "../Drivers/STM32F4xx_HAL_Driver/Src/stm32f4xx_hal_i2c_ex.c" -mcpu=cortex-m4 -std=gnu11 -g3 -DDEBUG -DUSE_HAL_DRIVER -DSTM32F401xE -c -I../Core/Inc -I../Drivers/STM32F4xx_HAL_Driver/Inc -I../Drivers/STM32F4xx_HAL_Driver/Inc/Legacy -I../Drivers/CMSIS/Device/ST/STM32F4xx/Include -I../Drivers/CMSIS/Include -I"/home/adam/Documents/capstone/CaptstoneRepo/capstone/STM_Workspace/LEDMatrixApp/VL53LMZ_ULD_API/inc" -I"/home/adam/Documents/capstone/CaptstoneRepo/capstone/STM_Workspace/LEDMatrixApp/Platform" -I"/home/adam/Documents/capstone/CaptstoneRepo/capstone/STM_Workspace/LEDMatrixApp/GesturesMZ" -I"/home/adam/Documents/capstone/CaptstoneRepo/capstone/STM_Workspace/LEDMatrixApp/apps_layer" -O0 -ffunction-sections -fdata-sections -Wall -fstack-usage -fcyclomatic-complexity -MMD -MP -MF"Drivers/STM32F4xx_HAL_Driver/Src/stm32f4xx_hal_i2c_ex.d" -MT"Drivers/STM32F4xx_HAL_Driver/Src/stm32f4xx_hal_i2c_ex.o" --specs=nano.specs -mfpu=fpv4-sp-d16 -mfloat-abi=hard -mthumb -o "Drivers/STM32F4xx_HAL_Driver/Src/stm32f4xx_hal_i2c_ex.o"
arm-none-eabi-gcc "../Drivers/STM32F4xx_HAL_Driver/Src/stm32f4xx_hal_pwr.c" -mcpu=cortex-m4 -std=gnu11 -g3 -DDEBUG -DUSE_HAL_DRIVER -DSTM32F401xE -c -I../Core/Inc -I../Drivers/STM32F4xx_HAL_Driver/Inc -I../Drivers/STM32F4xx_HAL_Driver/Inc/Legacy -I../Drivers/CMSIS/Device/ST/STM32F4xx/Include -I../Drivers/CMSIS/Include -I"/home/adam/Documents/capstone/CaptstoneRepo/capstone/STM_Workspace/LEDMatrixApp/VL53LMZ_ULD_API/inc" -I"/home/adam/Documents/capstone/CaptstoneRepo/capstone/STM_Workspace/LEDMatrixApp/Platform" -I"/home/adam/Documents/capstone/CaptstoneRepo/capstone/STM_Workspace/LEDMatrixApp/GesturesMZ" -I"/home/adam/Documents/capstone/CaptstoneRepo/capstone/STM_Workspace/LEDMatrixApp/apps_layer" -O0 -ffunction-sections -fdata-sections -Wall -fstack-usage -fcyclomatic-complexity -MMD -MP -MF"Drivers/STM32F4xx_HAL_Driver/Src/stm32f4xx_hal_pwr.d" -MT"Drivers/STM32F4xx_HAL_Driver/Src/stm32f4xx_hal_pwr.o" --specs=nano.specs -mfpu=fpv4-sp-d16 -mfloat-abi=hard -mthumb -o "Drivers/STM32F4xx_HAL_Driver/Src/stm32f4xx_hal_pwr.o"
arm-none-eabi-gcc "../Drivers/STM32F4xx_HAL_Driver/Src/stm32f4xx_hal_pwr_ex.c" -mcpu=cortex-m4 -std=gnu11 -g3 -DDEBUG -DUSE_HAL_DRIVER -DSTM32F401xE -c -I../Core/Inc -I../Drivers/STM32F4xx_HAL_Driver/Inc -I../Drivers/STM32F4xx_HAL_Driver/Inc/Legacy -I../Drivers/CMSIS/Device/ST/STM32F4xx/Include -I../Drivers/CMSIS/Include -I"/home/adam/Documents/capstone/CaptstoneRepo/capstone/STM_Workspace/LEDMatrixApp/VL53LMZ_ULD_API/inc" -I"/home/adam/Documents/capstone/CaptstoneRepo/capstone/STM_Workspace/LEDMatrixApp/Platform" -I"/home/adam/Documents/capstone/CaptstoneRepo/capstone/STM_Workspace/LEDMatrixApp/GesturesMZ" -I"/home/adam/Documents/capstone/CaptstoneRepo/capstone/STM_Workspace/LEDMatrixApp/apps_layer" -O0 -ffunction-sections -fdata-sections -Wall -fstack-usage -fcyclomatic-complexity -MMD -MP -MF"Drivers/STM32F4xx_HAL_Driver/Src/stm32f4xx_hal_pwr_ex.d" -MT"Drivers/STM32F4xx_HAL_Driver/Src/stm32f4xx_hal_pwr_ex.o" --specs=nano.specs -mfpu=fpv4-sp-d16 -mfloat-abi=hard -mthumb -o "Drivers/STM32F4xx_HAL_Driver/Src/stm32f4xx_hal_pwr_ex.o"
arm-none-eabi-gcc "../Drivers/STM32F4xx_HAL_Driver/Src/stm32f4xx_hal_rcc.c" -mcpu=cortex-m4 -std=gnu11 -g3 -DDEBUG -DUSE_HAL_DRIVER -DSTM32F401xE -c -I../Core/Inc -I../Drivers/STM32F4xx_HAL_Driver/Inc -I../Drivers/STM32F4xx_HAL_Driver/Inc/Legacy -I../Drivers/CMSIS/Device/ST/STM32F4xx/Include -I../Drivers/CMSIS/Include -I"/home/adam/Documents/capstone/CaptstoneRepo/capstone/STM_Workspace/LEDMatrixApp/VL53LMZ_ULD_API/inc" -I"/home/adam/Documents/capstone/CaptstoneRepo/capstone/STM_Workspace/LEDMatrixApp/Platform" -I"/home/adam/Documents/capstone/CaptstoneRepo/capstone/STM_Workspace/LEDMatrixApp/GesturesMZ" -I"/home/adam/Documents/capstone/CaptstoneRepo/capstone/STM_Workspace/LEDMatrixApp/apps_layer" -O0 -ffunction-sections -fdata-sections -Wall -fstack-usage -fcyclomatic-complexity -MMD -MP -MF"Drivers/STM32F4xx_HAL_Driver/Src/stm32f4xx_hal_rcc.d" -MT"Drivers/STM32F4xx_HAL_Driver/Src/stm32f4xx_hal_rcc.o" --specs=nano.specs -mfpu=fpv4-sp-d16 -mfloat-abi=hard -mthumb -o "Drivers/STM32F4xx_HAL_Driver/Src/stm32f4xx_hal_rcc.o"
arm-none-eabi-gcc "../Drivers/STM32F4xx_HAL_Driver/Src/stm32f4xx_hal_rcc_ex.c" -mcpu=cortex-m4 -std=gnu11 -g3 -DDEBUG -DUSE_HAL_DRIVER -DSTM32F401xE -c -I../Core/Inc -I../Drivers/STM32F4xx_HAL_Driver/Inc -I../Drivers/STM32F4xx_HAL_Driver/Inc/Legacy -I../Drivers/CMSIS/Device/ST/STM32F4xx/Include -I../Drivers/CMSIS/Include -I"/home/adam/Documents/capstone/CaptstoneRepo/capstone/STM_Workspace/LEDMatrixApp/VL53LMZ_ULD_API/inc" -I"/home/adam/Documents/capstone/CaptstoneRepo/capstone/STM_Workspace/LEDMatrixApp/Platform" -I"/home/adam/Documents/capstone/CaptstoneRepo/capstone/STM_Workspace/LEDMatrixApp/GesturesMZ" -I"/home/adam/Documents/capstone/CaptstoneRepo/capstone/STM_Workspace/LEDMatrixApp/apps_layer" -O0 -ffunction-sections -fdata-sections -Wall -fstack-usage -fcyclomatic-complexity -MMD -MP -MF"Drivers/STM32F4xx_HAL_Driver/Src/stm32f4xx_hal_rcc_ex.d" -MT"Drivers/STM32F4xx_HAL_Driver/Src/stm32f4xx_hal_rcc_ex.o" --specs=nano.specs -mfpu=fpv4-sp-d16 -mfloat-abi=hard -mthumb -o "Drivers/STM32F4xx_HAL_Driver/Src/stm32f4xx_hal_rcc_ex.o"
arm-none-eabi-gcc "../Drivers/STM32F4xx_HAL_Driver/Src/stm32f4xx_hal_tim.c" -mcpu=cortex-m4 -std=gnu11 -g3 -DDEBUG -DUSE_HAL_DRIVER -DSTM32F401xE -c -I../Core/Inc -I../Drivers/STM32F4xx_HAL_Driver/Inc -I../Drivers/STM32F4xx_HAL_Driver/Inc/Legacy -I../Drivers/CMSIS/Device/ST/STM32F4xx/Include -I../Drivers/CMSIS/Include -I"/home/adam/Documents/capstone/CaptstoneRepo/capstone/STM_Workspace/LEDMatrixApp/VL53LMZ_ULD_API/inc" -I"/home/adam/Documents/capstone/CaptstoneRepo/capstone/STM_Workspace/LEDMatrixApp/Platform" -I"/home/adam/Documents/capstone/CaptstoneRepo/capstone/STM_Workspace/LEDMatrixApp/GesturesMZ" -I"/home/adam/Documents/capstone/CaptstoneRepo/capstone/STM_Workspace/LEDMatrixApp/apps_layer" -O0 -ffunction-sections -fdata-sections -Wall -fstack-usage -fcyclomatic-complexity -MMD -MP -MF"Drivers/STM32F4xx_HAL_Driver/Src/stm32f4xx_hal_tim.d" -MT"Drivers/STM32F4xx_HAL_Driver/Src/stm32f4xx_hal_tim.o" --specs=nano.specs -mfpu=fpv4-sp-d16 -mfloat-abi=hard -mthumb -o "Drivers/STM32F4xx_HAL_Driver/Src/stm32f4xx_hal_tim.o"
arm-none-eabi-gcc "../Drivers/STM32F4xx_HAL_Driver/Src/stm32f4xx_hal_tim_ex.c" -mcpu=cortex-m4 -std=gnu11 -g3 -DDEBUG -DUSE_HAL_DRIVER -DSTM32F401xE -c -I../Core/Inc -I../Drivers/STM32F4xx_HAL_Driver/Inc -I../Drivers/STM32F4xx_HAL_Driver/Inc/Legacy -I../Drivers/CMSIS/Device/ST/STM32F4xx/Include -I../Drivers/CMSIS/Include -I"/home/adam/Documents/capstone/CaptstoneRepo/capstone/STM_Workspace/LEDMatrixApp/VL53LMZ_ULD_API/inc" -I"/home/adam/Documents/capstone/CaptstoneRepo/capstone/STM_Workspace/LEDMatrixApp/Platform" -I"/home/adam/Documents/capstone/CaptstoneRepo/capstone/STM_Workspace/LEDMatrixApp/GesturesMZ" -I"/home/adam/Documents/capstone/CaptstoneRepo/capstone/STM_Workspace/LEDMatrixApp/apps_layer" -O0 -ffunction-sections -fdata-sections -Wall -fstack-usage -fcyclomatic-complexity -MMD -MP -MF"Drivers/STM32F4xx_HAL_Driver/Src/stm32f4xx_hal_tim_ex.d" -MT"Drivers/STM32F4xx_HAL_Driver/Src/stm32f4xx_hal_tim_ex.o" --specs=nano.specs -mfpu=fpv4-sp-d16 -mfloat-abi=hard -mthumb -o "Drivers/STM32F4xx_HAL_Driver/Src/stm32f4xx_hal_tim_ex.o"
arm-none-eabi-gcc "../Drivers/STM32F4xx_HAL_Driver/Src/stm32f4xx_hal_uart.c" -mcpu=cortex-m4 -std=gnu11 -g3 -DDEBUG -DUSE_HAL_DRIVER -DSTM32F401xE -c -I../Core/Inc -I../Drivers/STM32F4xx_HAL_Driver/Inc -I../Drivers/STM32F4xx_HAL_Driver/Inc/Legacy -I../Drivers/CMSIS/Device/ST/STM32F4xx/Include -I../Drivers/CMSIS/Include -I"/home/adam/Documents/capstone/CaptstoneRepo/capstone/STM_Workspace/LEDMatrixApp/VL53LMZ_ULD_API/inc" -I"/home/adam/Documents/capstone/CaptstoneRepo/capstone/STM_Workspace/LEDMatrixApp/Platform" -I"/home/adam/Documents/capstone/CaptstoneRepo/capstone/STM_Workspace/LEDMatrixApp/GesturesMZ" -I"/home/adam/Documents/capstone/CaptstoneRepo/capstone/STM_Workspace/LEDMatrixApp/apps_layer" -O0 -ffunction-sections -fdata-sections -Wall -fstack-usage -fcyclomatic-complexity -MMD -MP -MF"Drivers/STM32F4xx_HAL_Driver/Src/stm32f4xx_hal_uart.d" -MT"Drivers/STM32F4xx_HAL_Driver/Src/stm32f4xx_hal_uart.o" --specs=nano.specs -mfpu=fpv4-sp-d16 -mfloat-abi=hard -mthumb -o "Drivers/STM32F4xx_HAL_Driver/Src/stm32f4xx_hal_uart.o"
arm-none-eabi-gcc "../Core/Src/main.c" -mcpu=cortex-m4 -std=gnu11 -g3 -DDEBUG -DUSE_HAL_DRIVER -DSTM32F401xE -c -I../Core/Inc -I../Drivers/STM32F4xx_HAL_Driver/Inc -I../Drivers/STM32F4xx_HAL_Driver/Inc/Legacy -I../Drivers/CMSIS/Device/ST/STM32F4xx/Include -I../Drivers/CMSIS/Include -I"/home/adam/Documents/capstone/CaptstoneRepo/capstone/STM_Workspace/LEDMatrixApp/VL53LMZ_ULD_API/inc" -I"/home/adam/Documents/capstone/CaptstoneRepo/capstone/STM_Workspace/LEDMatrixApp/Platform" -I"/home/adam/Documents/capstone/CaptstoneRepo/capstone/STM_Workspace/LEDMatrixApp/GesturesMZ" -I"/home/adam/Documents/capstone/CaptstoneRepo/capstone/STM_Workspace/LEDMatrixApp/apps_layer" -O0 -ffunction-sections -fdata-sections -Wall -fstack-usage -fcyclomatic-complexity -MMD -MP -MF"Core/Src/main.d" -MT"Core/Src/main.o" --specs=nano.specs -mfpu=fpv4-sp-d16 -mfloat-abi=hard -mthumb -o "Core/Src/main.o"
arm-none-eabi-gcc "../Core/Src/stm32f4xx_hal_msp.c" -mcpu=cortex-m4 -std=gnu11 -g3 -DDEBUG -DUSE_HAL_DRIVER -DSTM32F401xE -c -I../Core/Inc -I../Drivers/STM32F4xx_HAL_Driver/Inc -I../Drivers/STM32F4xx_HAL_Driver/Inc/Legacy -I../Drivers/CMSIS/Device/ST/STM32F4xx/Include -I../Drivers/CMSIS/Include -I"/home/adam/Documents/capstone/CaptstoneRepo/capstone/STM_Workspace/LEDMatrixApp/VL53LMZ_ULD_API/inc" -I"/home/adam/Documents/capstone/CaptstoneRepo/capstone/STM_Workspace/LEDMatrixApp/Platform" -I"/home/adam/Documents/capstone/CaptstoneRepo/capstone/STM_Workspace/LEDMatrixApp/GesturesMZ" -I"/home/adam/Documents/capstone/CaptstoneRepo/capstone/STM_Workspace/LEDMatrixApp/apps_layer" -O0 -ffunction-sections -fdata-sections -Wall -fstack-usage -fcyclomatic-complexity -MMD -MP -MF"Core/Src/stm32f4xx_hal_msp.d" -MT"Core/Src/stm32f4xx_hal_msp.o" --specs=nano.specs -mfpu=fpv4-sp-d16 -mfloat-abi=hard -mthumb -o "Core/Src/stm32f4xx_hal_msp.o"
arm-none-eabi-gcc "../Core/Src/stm32f4xx_it.c" -mcpu=cortex-m4 -std=gnu11 -g3 -DDEBUG -DUSE_HAL_DRIVER -DSTM32F401xE -c -I../Core/Inc -I../Drivers/STM32F4xx_HAL_Driver/Inc -I../Drivers/STM32F4xx_HAL_Driver/Inc/Legacy -I../Drivers/CMSIS/Device/ST/STM32F4xx/Include -I../Drivers/CMSIS/Include -I"/home/adam/Documents/capstone/CaptstoneRepo/capstone/STM_Workspace/LEDMatrixApp/VL53LMZ_ULD_API/inc" -I"/home/adam/Documents/capstone/CaptstoneRepo/capstone/STM_Workspace/LEDMatrixApp/Platform" -I"/home/adam/Documents/capstone/CaptstoneRepo/capstone/STM_Workspace/LEDMatrixApp/GesturesMZ" -I"/home/adam/Documents/capstone/CaptstoneRepo/capstone/STM_Workspace/LEDMatrixApp/apps_layer" -O0 -ffunction-sections -fdata-sections -Wall -fstack-usage -fcyclomatic-complexity -MMD -MP -MF"Core/Src/stm32f4xx_it.d" -MT"Core/Src/stm32f4xx_it.o" --specs=nano.specs -mfpu=fpv4-sp-d16 -mfloat-abi=hard -mthumb -o "Core/Src/stm32f4xx_it.o"
arm-none-eabi-gcc "../Core/Src/system_stm32f4xx.c" -mcpu=cortex-m4 -std=gnu11 -g3 -DDEBUG -DUSE_HAL_DRIVER -DSTM32F401xE -c -I../Core/Inc -I../Drivers/STM32F4xx_HAL_Driver/Inc -I../Drivers/STM32F4xx_HAL_Driver/Inc/Legacy -I../Drivers/CMSIS/Device/ST/STM32F4xx/Include -I../Drivers/CMSIS/Include -I"/home/adam/Documents/capstone/CaptstoneRepo/capstone/STM_Workspace/LEDMatrixApp/VL53LMZ_ULD_API/inc" -I"/home/adam/Documents/capstone/CaptstoneRepo/capstone/STM_Workspace/LEDMatrixApp/Platform" -I"/home/adam/Documents/capstone/CaptstoneRepo/capstone/STM_Workspace/LEDMatrixApp/GesturesMZ" -I"/home/adam/Documents/capstone/CaptstoneRepo/capstone/STM_Workspace/LEDMatrixApp/apps_layer" -O0 -ffunction-sections -fdata-sections -Wall -fstack-usage -fcyclomatic-complexity -MMD -MP -MF"Core/Src/system_stm32f4xx.d" -MT"Core/Src/system_stm32f4xx.o" --specs=nano.specs -mfpu=fpv4-sp-d16 -mfloat-abi=hard -mthumb -o "Core/Src/system_stm32f4xx.o"
arm-none-eabi-gcc "../Core/Src/tof_lib.c" -mcpu=cortex-m4 -std=gnu11 -g3 -DDEBUG -DUSE_HAL_DRIVER -DSTM32F401xE -c -I../Core/Inc -I../Drivers/STM32F4xx_HAL_Driver/Inc -I../Drivers/STM32F4xx_HAL_Driver/Inc/Legacy -I../Drivers/CMSIS/Device/ST/STM32F4xx/Include -I../Drivers/CMSIS/Include -I"/home/adam/Documents/capstone/CaptstoneRepo/capstone/STM_Workspace/LEDMatrixApp/VL53LMZ_ULD_API/inc" -I"/home/adam/Documents/capstone/CaptstoneRepo/capstone/STM_Workspace/LEDMatrixApp/Platform" -I"/home/adam/Documents/capstone/CaptstoneRepo/capstone/STM_Workspace/LEDMatrixApp/GesturesMZ" -I"/home/adam/Documents/capstone/CaptstoneRepo/capstone/STM_Workspace/LEDMatrixApp/apps_layer" -O0 -ffunction-sections -fdata-sections -Wall -fstack-usage -fcyclomatic-complexity -MMD -MP -MF"Core/Src/tof_lib.d" -MT"Core/Src/tof_lib.o" --specs=nano.specs -mfpu=fpv4-sp-d16 -mfloat-abi=hard -mthumb -o "Core/Src/tof_lib.o"
arm-none-eabi-gcc -o "LEDMatrixApp.elf" @"objects.list"  -lGesturesMZ -mcpu=cortex-m4 -T"/home/adam/Documents/capstone/CaptstoneRepo/capstone/STM_Workspace/LEDMatrixApp/STM32F401RETX_FLASH.ld" --specs=nosys.specs -Wl,-Map="LEDMatrixApp.map" -Wl,--gc-sections -static -L../GesturesMZ --specs=nano.specs -mfpu=fpv4-sp-d16 -mfloat-abi=hard -mthumb -Wl,--start-group -lc -lm -Wl,--end-group
Finished building target: LEDMatrixApp.elf
 
arm-none-eabi-size   LEDMatrixApp.elf 
arm-none-eabi-objdump -h -S  LEDMatrixApp.elf  > "LEDMatrixApp.list"
   text	   data	    bss	    dec	    hex	filename
 135364	    136	  23232	 158732	  26c0c	LEDMatrixApp.elf
Finished building: default.size.stdout
 
Finished building: LEDMatrixApp.list
 
19:34:20 **** Incremental Build of configuration Debug for project LEDMatrixApp ****
make -j8 all 
arm-none-eabi-gcc "../Core/Src/main.c" -mcpu=cortex-m4 -std=gnu11 -g3 -DDEBUG -DUSE_HAL_DRIVER -DSTM32F401xE -c -I../Core/Inc -I../Drivers/STM32F4xx_HAL_Driver/Inc -I../Drivers/STM32F4xx_HAL_Driver/Inc/Legacy -I../Drivers/CMSIS/Device/ST/STM32F4xx/Include -I../Drivers/CMSIS/Include -I"/home/adam/Documents/capstone/CaptstoneRepo/capstone/STM_Workspace/LEDMatrixApp/VL53LMZ_ULD_API/inc" -I"/home/adam/Documents/capstone/CaptstoneRepo/capstone/STM_Workspace/LEDMatrixApp/Platform" -I"/home/adam/Documents/capstone/CaptstoneRepo/capstone/STM_Workspace/LEDMatrixApp/GesturesMZ" -I"/home/adam/Documents/capstone/CaptstoneRepo/capstone/STM_Workspace/LEDMatrixApp/apps_layer" -O0 -ffunction-sections -fdata-sections -Wall -fstack-usage -fcyclomatic-complexity -MMD -MP -MF"Core/Src/main.d" -MT"Core/Src/main.o" --specs=nano.specs -mfpu=fpv4-sp-d16 -mfloat-abi=hard -mthumb -o "Core/Src/main.o"
arm-none-eabi-gcc -o "LEDMatrixApp.elf" @"objects.list"  -lGesturesMZ -mcpu=cortex-m4 -T"/home/adam/Documents/capstone/CaptstoneRepo/capstone/STM_Workspace/LEDMatrixApp/STM32F401RETX_FLASH.ld" --specs=nosys.specs -Wl,-Map="LEDMatrixApp.map" -Wl,--gc-sections -static -L../GesturesMZ --specs=nano.specs -mfpu=fpv4-sp-d16 -mfloat-abi=hard -mthumb -Wl,--start-group -lc -lm -Wl,--end-group
Finished building target: LEDMatrixApp.elf
 
arm-none-eabi-size   LEDMatrixApp.elf 
arm-none-eabi-objdump -h -S  LEDMatrixApp.elf  > "LEDMatrixApp.list"
   text	   data	    bss	    dec	    hex	filename
  11456	     20	   1724	  13200	   3390	LEDMatrixApp.elf
Finished building: default.size.stdout
 
Finished building: LEDMatrixApp.list
 
19:34:35 **** Incremental Build of configuration Debug for project LEDMatrixApp ****
make -j8 all 
arm-none-eabi-size   LEDMatrixApp.elf 
   text	   data	    bss	    dec	    hex	filename
  11456	     20	   1724	  13200	   3390	LEDMatrixApp.elf
Finished building: default.size.stdout
 
19:37:41 **** Incremental Build of configuration Debug for project LEDMatrixApp ****
make -j8 all 
arm-none-eabi-gcc "../apps_layer/apps_layer_utils.c" -mcpu=cortex-m4 -std=gnu11 -g3 -DDEBUG -DUSE_HAL_DRIVER -DSTM32F401xE -c -I../Core/Inc -I../Drivers/STM32F4xx_HAL_Driver/Inc -I../Drivers/STM32F4xx_HAL_Driver/Inc/Legacy -I../Drivers/CMSIS/Device/ST/STM32F4xx/Include -I../Drivers/CMSIS/Include -I"/home/adam/Documents/capstone/CaptstoneRepo/capstone/STM_Workspace/LEDMatrixApp/VL53LMZ_ULD_API/inc" -I"/home/adam/Documents/capstone/CaptstoneRepo/capstone/STM_Workspace/LEDMatrixApp/Platform" -I"/home/adam/Documents/capstone/CaptstoneRepo/capstone/STM_Workspace/LEDMatrixApp/GesturesMZ" -I"/home/adam/Documents/capstone/CaptstoneRepo/capstone/STM_Workspace/LEDMatrixApp/apps_layer" -O0 -ffunction-sections -fdata-sections -Wall -fstack-usage -fcyclomatic-complexity -MMD -MP -MF"apps_layer/apps_layer_utils.d" -MT"apps_layer/apps_layer_utils.o" --specs=nano.specs -mfpu=fpv4-sp-d16 -mfloat-abi=hard -mthumb -o "apps_layer/apps_layer_utils.o"
arm-none-eabi-gcc "../VL53LMZ_ULD_API/src/vl53lmz_api.c" -mcpu=cortex-m4 -std=gnu11 -g3 -DDEBUG -DUSE_HAL_DRIVER -DSTM32F401xE -c -I../Core/Inc -I../Drivers/STM32F4xx_HAL_Driver/Inc -I../Drivers/STM32F4xx_HAL_Driver/Inc/Legacy -I../Drivers/CMSIS/Device/ST/STM32F4xx/Include -I../Drivers/CMSIS/Include -I"/home/adam/Documents/capstone/CaptstoneRepo/capstone/STM_Workspace/LEDMatrixApp/VL53LMZ_ULD_API/inc" -I"/home/adam/Documents/capstone/CaptstoneRepo/capstone/STM_Workspace/LEDMatrixApp/Platform" -I"/home/adam/Documents/capstone/CaptstoneRepo/capstone/STM_Workspace/LEDMatrixApp/GesturesMZ" -I"/home/adam/Documents/capstone/CaptstoneRepo/capstone/STM_Workspace/LEDMatrixApp/apps_layer" -O0 -ffunction-sections -fdata-sections -Wall -fstack-usage -fcyclomatic-complexity -MMD -MP -MF"VL53LMZ_ULD_API/src/vl53lmz_api.d" -MT"VL53LMZ_ULD_API/src/vl53lmz_api.o" --specs=nano.specs -mfpu=fpv4-sp-d16 -mfloat-abi=hard -mthumb -o "VL53LMZ_ULD_API/src/vl53lmz_api.o"
arm-none-eabi-gcc "../VL53LMZ_ULD_API/src/vl53lmz_plugin_cnh.c" -mcpu=cortex-m4 -std=gnu11 -g3 -DDEBUG -DUSE_HAL_DRIVER -DSTM32F401xE -c -I../Core/Inc -I../Drivers/STM32F4xx_HAL_Driver/Inc -I../Drivers/STM32F4xx_HAL_Driver/Inc/Legacy -I../Drivers/CMSIS/Device/ST/STM32F4xx/Include -I../Drivers/CMSIS/Include -I"/home/adam/Documents/capstone/CaptstoneRepo/capstone/STM_Workspace/LEDMatrixApp/VL53LMZ_ULD_API/inc" -I"/home/adam/Documents/capstone/CaptstoneRepo/capstone/STM_Workspace/LEDMatrixApp/Platform" -I"/home/adam/Documents/capstone/CaptstoneRepo/capstone/STM_Workspace/LEDMatrixApp/GesturesMZ" -I"/home/adam/Documents/capstone/CaptstoneRepo/capstone/STM_Workspace/LEDMatrixApp/apps_layer" -O0 -ffunction-sections -fdata-sections -Wall -fstack-usage -fcyclomatic-complexity -MMD -MP -MF"VL53LMZ_ULD_API/src/vl53lmz_plugin_cnh.d" -MT"VL53LMZ_ULD_API/src/vl53lmz_plugin_cnh.o" --specs=nano.specs -mfpu=fpv4-sp-d16 -mfloat-abi=hard -mthumb -o "VL53LMZ_ULD_API/src/vl53lmz_plugin_cnh.o"
arm-none-eabi-gcc "../VL53LMZ_ULD_API/src/vl53lmz_plugin_detection_thresholds.c" -mcpu=cortex-m4 -std=gnu11 -g3 -DDEBUG -DUSE_HAL_DRIVER -DSTM32F401xE -c -I../Core/Inc -I../Drivers/STM32F4xx_HAL_Driver/Inc -I../Drivers/STM32F4xx_HAL_Driver/Inc/Legacy -I../Drivers/CMSIS/Device/ST/STM32F4xx/Include -I../Drivers/CMSIS/Include -I"/home/adam/Documents/capstone/CaptstoneRepo/capstone/STM_Workspace/LEDMatrixApp/VL53LMZ_ULD_API/inc" -I"/home/adam/Documents/capstone/CaptstoneRepo/capstone/STM_Workspace/LEDMatrixApp/Platform" -I"/home/adam/Documents/capstone/CaptstoneRepo/capstone/STM_Workspace/LEDMatrixApp/GesturesMZ" -I"/home/adam/Documents/capstone/CaptstoneRepo/capstone/STM_Workspace/LEDMatrixApp/apps_layer" -O0 -ffunction-sections -fdata-sections -Wall -fstack-usage -fcyclomatic-complexity -MMD -MP -MF"VL53LMZ_ULD_API/src/vl53lmz_plugin_detection_thresholds.d" -MT"VL53LMZ_ULD_API/src/vl53lmz_plugin_detection_thresholds.o" --specs=nano.specs -mfpu=fpv4-sp-d16 -mfloat-abi=hard -mthumb -o "VL53LMZ_ULD_API/src/vl53lmz_plugin_detection_thresholds.o"
arm-none-eabi-gcc "../VL53LMZ_ULD_API/src/vl53lmz_plugin_motion_indicator.c" -mcpu=cortex-m4 -std=gnu11 -g3 -DDEBUG -DUSE_HAL_DRIVER -DSTM32F401xE -c -I../Core/Inc -I../Drivers/STM32F4xx_HAL_Driver/Inc -I../Drivers/STM32F4xx_HAL_Driver/Inc/Legacy -I../Drivers/CMSIS/Device/ST/STM32F4xx/Include -I../Drivers/CMSIS/Include -I"/home/adam/Documents/capstone/CaptstoneRepo/capstone/STM_Workspace/LEDMatrixApp/VL53LMZ_ULD_API/inc" -I"/home/adam/Documents/capstone/CaptstoneRepo/capstone/STM_Workspace/LEDMatrixApp/Platform" -I"/home/adam/Documents/capstone/CaptstoneRepo/capstone/STM_Workspace/LEDMatrixApp/GesturesMZ" -I"/home/adam/Documents/capstone/CaptstoneRepo/capstone/STM_Workspace/LEDMatrixApp/apps_layer" -O0 -ffunction-sections -fdata-sections -Wall -fstack-usage -fcyclomatic-complexity -MMD -MP -MF"VL53LMZ_ULD_API/src/vl53lmz_plugin_motion_indicator.d" -MT"VL53LMZ_ULD_API/src/vl53lmz_plugin_motion_indicator.o" --specs=nano.specs -mfpu=fpv4-sp-d16 -mfloat-abi=hard -mthumb -o "VL53LMZ_ULD_API/src/vl53lmz_plugin_motion_indicator.o"
arm-none-eabi-gcc "../VL53LMZ_ULD_API/src/vl53lmz_plugin_xtalk.c" -mcpu=cortex-m4 -std=gnu11 -g3 -DDEBUG -DUSE_HAL_DRIVER -DSTM32F401xE -c -I../Core/Inc -I../Drivers/STM32F4xx_HAL_Driver/Inc -I../Drivers/STM32F4xx_HAL_Driver/Inc/Legacy -I../Drivers/CMSIS/Device/ST/STM32F4xx/Include -I../Drivers/CMSIS/Include -I"/home/adam/Documents/capstone/CaptstoneRepo/capstone/STM_Workspace/LEDMatrixApp/VL53LMZ_ULD_API/inc" -I"/home/adam/Documents/capstone/CaptstoneRepo/capstone/STM_Workspace/LEDMatrixApp/Platform" -I"/home/adam/Documents/capstone/CaptstoneRepo/capstone/STM_Workspace/LEDMatrixApp/GesturesMZ" -I"/home/adam/Documents/capstone/CaptstoneRepo/capstone/STM_Workspace/LEDMatrixApp/apps_layer" -O0 -ffunction-sections -fdata-sections -Wall -fstack-usage -fcyclomatic-complexity -MMD -MP -MF"VL53LMZ_ULD_API/src/vl53lmz_plugin_xtalk.d" -MT"VL53LMZ_ULD_API/src/vl53lmz_plugin_xtalk.o" --specs=nano.specs -mfpu=fpv4-sp-d16 -mfloat-abi=hard -mthumb -o "VL53LMZ_ULD_API/src/vl53lmz_plugin_xtalk.o"
arm-none-eabi-gcc "../Platform/platform.c" -mcpu=cortex-m4 -std=gnu11 -g3 -DDEBUG -DUSE_HAL_DRIVER -DSTM32F401xE -c -I../Core/Inc -I../Drivers/STM32F4xx_HAL_Driver/Inc -I../Drivers/STM32F4xx_HAL_Driver/Inc/Legacy -I../Drivers/CMSIS/Device/ST/STM32F4xx/Include -I../Drivers/CMSIS/Include -I"/home/adam/Documents/capstone/CaptstoneRepo/capstone/STM_Workspace/LEDMatrixApp/VL53LMZ_ULD_API/inc" -I"/home/adam/Documents/capstone/CaptstoneRepo/capstone/STM_Workspace/LEDMatrixApp/Platform" -I"/home/adam/Documents/capstone/CaptstoneRepo/capstone/STM_Workspace/LEDMatrixApp/GesturesMZ" -I"/home/adam/Documents/capstone/CaptstoneRepo/capstone/STM_Workspace/LEDMatrixApp/apps_layer" -O0 -ffunction-sections -fdata-sections -Wall -fstack-usage -fcyclomatic-complexity -MMD -MP -MF"Platform/platform.d" -MT"Platform/platform.o" --specs=nano.specs -mfpu=fpv4-sp-d16 -mfloat-abi=hard -mthumb -o "Platform/platform.o"
arm-none-eabi-gcc "../Drivers/STM32F4xx_HAL_Driver/Src/stm32f4xx_hal.c" -mcpu=cortex-m4 -std=gnu11 -g3 -DDEBUG -DUSE_HAL_DRIVER -DSTM32F401xE -c -I../Core/Inc -I../Drivers/STM32F4xx_HAL_Driver/Inc -I../Drivers/STM32F4xx_HAL_Driver/Inc/Legacy -I../Drivers/CMSIS/Device/ST/STM32F4xx/Include -I../Drivers/CMSIS/Include -I"/home/adam/Documents/capstone/CaptstoneRepo/capstone/STM_Workspace/LEDMatrixApp/VL53LMZ_ULD_API/inc" -I"/home/adam/Documents/capstone/CaptstoneRepo/capstone/STM_Workspace/LEDMatrixApp/Platform" -I"/home/adam/Documents/capstone/CaptstoneRepo/capstone/STM_Workspace/LEDMatrixApp/GesturesMZ" -I"/home/adam/Documents/capstone/CaptstoneRepo/capstone/STM_Workspace/LEDMatrixApp/apps_layer" -O0 -ffunction-sections -fdata-sections -Wall -fstack-usage -fcyclomatic-complexity -MMD -MP -MF"Drivers/STM32F4xx_HAL_Driver/Src/stm32f4xx_hal.d" -MT"Drivers/STM32F4xx_HAL_Driver/Src/stm32f4xx_hal.o" --specs=nano.specs -mfpu=fpv4-sp-d16 -mfloat-abi=hard -mthumb -o "Drivers/STM32F4xx_HAL_Driver/Src/stm32f4xx_hal.o"
arm-none-eabi-gcc "../Drivers/STM32F4xx_HAL_Driver/Src/stm32f4xx_hal_cortex.c" -mcpu=cortex-m4 -std=gnu11 -g3 -DDEBUG -DUSE_HAL_DRIVER -DSTM32F401xE -c -I../Core/Inc -I../Drivers/STM32F4xx_HAL_Driver/Inc -I../Drivers/STM32F4xx_HAL_Driver/Inc/Legacy -I../Drivers/CMSIS/Device/ST/STM32F4xx/Include -I../Drivers/CMSIS/Include -I"/home/adam/Documents/capstone/CaptstoneRepo/capstone/STM_Workspace/LEDMatrixApp/VL53LMZ_ULD_API/inc" -I"/home/adam/Documents/capstone/CaptstoneRepo/capstone/STM_Workspace/LEDMatrixApp/Platform" -I"/home/adam/Documents/capstone/CaptstoneRepo/capstone/STM_Workspace/LEDMatrixApp/GesturesMZ" -I"/home/adam/Documents/capstone/CaptstoneRepo/capstone/STM_Workspace/LEDMatrixApp/apps_layer" -O0 -ffunction-sections -fdata-sections -Wall -fstack-usage -fcyclomatic-complexity -MMD -MP -MF"Drivers/STM32F4xx_HAL_Driver/Src/stm32f4xx_hal_cortex.d" -MT"Drivers/STM32F4xx_HAL_Driver/Src/stm32f4xx_hal_cortex.o" --specs=nano.specs -mfpu=fpv4-sp-d16 -mfloat-abi=hard -mthumb -o "Drivers/STM32F4xx_HAL_Driver/Src/stm32f4xx_hal_cortex.o"
arm-none-eabi-gcc "../Drivers/STM32F4xx_HAL_Driver/Src/stm32f4xx_hal_dma.c" -mcpu=cortex-m4 -std=gnu11 -g3 -DDEBUG -DUSE_HAL_DRIVER -DSTM32F401xE -c -I../Core/Inc -I../Drivers/STM32F4xx_HAL_Driver/Inc -I../Drivers/STM32F4xx_HAL_Driver/Inc/Legacy -I../Drivers/CMSIS/Device/ST/STM32F4xx/Include -I../Drivers/CMSIS/Include -I"/home/adam/Documents/capstone/CaptstoneRepo/capstone/STM_Workspace/LEDMatrixApp/VL53LMZ_ULD_API/inc" -I"/home/adam/Documents/capstone/CaptstoneRepo/capstone/STM_Workspace/LEDMatrixApp/Platform" -I"/home/adam/Documents/capstone/CaptstoneRepo/capstone/STM_Workspace/LEDMatrixApp/GesturesMZ" -I"/home/adam/Documents/capstone/CaptstoneRepo/capstone/STM_Workspace/LEDMatrixApp/apps_layer" -O0 -ffunction-sections -fdata-sections -Wall -fstack-usage -fcyclomatic-complexity -MMD -MP -MF"Drivers/STM32F4xx_HAL_Driver/Src/stm32f4xx_hal_dma.d" -MT"Drivers/STM32F4xx_HAL_Driver/Src/stm32f4xx_hal_dma.o" --specs=nano.specs -mfpu=fpv4-sp-d16 -mfloat-abi=hard -mthumb -o "Drivers/STM32F4xx_HAL_Driver/Src/stm32f4xx_hal_dma.o"
arm-none-eabi-gcc "../Drivers/STM32F4xx_HAL_Driver/Src/stm32f4xx_hal_dma_ex.c" -mcpu=cortex-m4 -std=gnu11 -g3 -DDEBUG -DUSE_HAL_DRIVER -DSTM32F401xE -c -I../Core/Inc -I../Drivers/STM32F4xx_HAL_Driver/Inc -I../Drivers/STM32F4xx_HAL_Driver/Inc/Legacy -I../Drivers/CMSIS/Device/ST/STM32F4xx/Include -I../Drivers/CMSIS/Include -I"/home/adam/Documents/capstone/CaptstoneRepo/capstone/STM_Workspace/LEDMatrixApp/VL53LMZ_ULD_API/inc" -I"/home/adam/Documents/capstone/CaptstoneRepo/capstone/STM_Workspace/LEDMatrixApp/Platform" -I"/home/adam/Documents/capstone/CaptstoneRepo/capstone/STM_Workspace/LEDMatrixApp/GesturesMZ" -I"/home/adam/Documents/capstone/CaptstoneRepo/capstone/STM_Workspace/LEDMatrixApp/apps_layer" -O0 -ffunction-sections -fdata-sections -Wall -fstack-usage -fcyclomatic-complexity -MMD -MP -MF"Drivers/STM32F4xx_HAL_Driver/Src/stm32f4xx_hal_dma_ex.d" -MT"Drivers/STM32F4xx_HAL_Driver/Src/stm32f4xx_hal_dma_ex.o" --specs=nano.specs -mfpu=fpv4-sp-d16 -mfloat-abi=hard -mthumb -o "Drivers/STM32F4xx_HAL_Driver/Src/stm32f4xx_hal_dma_ex.o"
arm-none-eabi-gcc "../Drivers/STM32F4xx_HAL_Driver/Src/stm32f4xx_hal_exti.c" -mcpu=cortex-m4 -std=gnu11 -g3 -DDEBUG -DUSE_HAL_DRIVER -DSTM32F401xE -c -I../Core/Inc -I../Drivers/STM32F4xx_HAL_Driver/Inc -I../Drivers/STM32F4xx_HAL_Driver/Inc/Legacy -I../Drivers/CMSIS/Device/ST/STM32F4xx/Include -I../Drivers/CMSIS/Include -I"/home/adam/Documents/capstone/CaptstoneRepo/capstone/STM_Workspace/LEDMatrixApp/VL53LMZ_ULD_API/inc" -I"/home/adam/Documents/capstone/CaptstoneRepo/capstone/STM_Workspace/LEDMatrixApp/Platform" -I"/home/adam/Documents/capstone/CaptstoneRepo/capstone/STM_Workspace/LEDMatrixApp/GesturesMZ" -I"/home/adam/Documents/capstone/CaptstoneRepo/capstone/STM_Workspace/LEDMatrixApp/apps_layer" -O0 -ffunction-sections -fdata-sections -Wall -fstack-usage -fcyclomatic-complexity -MMD -MP -MF"Drivers/STM32F4xx_HAL_Driver/Src/stm32f4xx_hal_exti.d" -MT"Drivers/STM32F4xx_HAL_Driver/Src/stm32f4xx_hal_exti.o" --specs=nano.specs -mfpu=fpv4-sp-d16 -mfloat-abi=hard -mthumb -o "Drivers/STM32F4xx_HAL_Driver/Src/stm32f4xx_hal_exti.o"
arm-none-eabi-gcc "../Drivers/STM32F4xx_HAL_Driver/Src/stm32f4xx_hal_flash.c" -mcpu=cortex-m4 -std=gnu11 -g3 -DDEBUG -DUSE_HAL_DRIVER -DSTM32F401xE -c -I../Core/Inc -I../Drivers/STM32F4xx_HAL_Driver/Inc -I../Drivers/STM32F4xx_HAL_Driver/Inc/Legacy -I../Drivers/CMSIS/Device/ST/STM32F4xx/Include -I../Drivers/CMSIS/Include -I"/home/adam/Documents/capstone/CaptstoneRepo/capstone/STM_Workspace/LEDMatrixApp/VL53LMZ_ULD_API/inc" -I"/home/adam/Documents/capstone/CaptstoneRepo/capstone/STM_Workspace/LEDMatrixApp/Platform" -I"/home/adam/Documents/capstone/CaptstoneRepo/capstone/STM_Workspace/LEDMatrixApp/GesturesMZ" -I"/home/adam/Documents/capstone/CaptstoneRepo/capstone/STM_Workspace/LEDMatrixApp/apps_layer" -O0 -ffunction-sections -fdata-sections -Wall -fstack-usage -fcyclomatic-complexity -MMD -MP -MF"Drivers/STM32F4xx_HAL_Driver/Src/stm32f4xx_hal_flash.d" -MT"Drivers/STM32F4xx_HAL_Driver/Src/stm32f4xx_hal_flash.o" --specs=nano.specs -mfpu=fpv4-sp-d16 -mfloat-abi=hard -mthumb -o "Drivers/STM32F4xx_HAL_Driver/Src/stm32f4xx_hal_flash.o"
arm-none-eabi-gcc "../Drivers/STM32F4xx_HAL_Driver/Src/stm32f4xx_hal_flash_ex.c" -mcpu=cortex-m4 -std=gnu11 -g3 -DDEBUG -DUSE_HAL_DRIVER -DSTM32F401xE -c -I../Core/Inc -I../Drivers/STM32F4xx_HAL_Driver/Inc -I../Drivers/STM32F4xx_HAL_Driver/Inc/Legacy -I../Drivers/CMSIS/Device/ST/STM32F4xx/Include -I../Drivers/CMSIS/Include -I"/home/adam/Documents/capstone/CaptstoneRepo/capstone/STM_Workspace/LEDMatrixApp/VL53LMZ_ULD_API/inc" -I"/home/adam/Documents/capstone/CaptstoneRepo/capstone/STM_Workspace/LEDMatrixApp/Platform" -I"/home/adam/Documents/capstone/CaptstoneRepo/capstone/STM_Workspace/LEDMatrixApp/GesturesMZ" -I"/home/adam/Documents/capstone/CaptstoneRepo/capstone/STM_Workspace/LEDMatrixApp/apps_layer" -O0 -ffunction-sections -fdata-sections -Wall -fstack-usage -fcyclomatic-complexity -MMD -MP -MF"Drivers/STM32F4xx_HAL_Driver/Src/stm32f4xx_hal_flash_ex.d" -MT"Drivers/STM32F4xx_HAL_Driver/Src/stm32f4xx_hal_flash_ex.o" --specs=nano.specs -mfpu=fpv4-sp-d16 -mfloat-abi=hard -mthumb -o "Drivers/STM32F4xx_HAL_Driver/Src/stm32f4xx_hal_flash_ex.o"
arm-none-eabi-gcc "../Drivers/STM32F4xx_HAL_Driver/Src/stm32f4xx_hal_flash_ramfunc.c" -mcpu=cortex-m4 -std=gnu11 -g3 -DDEBUG -DUSE_HAL_DRIVER -DSTM32F401xE -c -I../Core/Inc -I../Drivers/STM32F4xx_HAL_Driver/Inc -I../Drivers/STM32F4xx_HAL_Driver/Inc/Legacy -I../Drivers/CMSIS/Device/ST/STM32F4xx/Include -I../Drivers/CMSIS/Include -I"/home/adam/Documents/capstone/CaptstoneRepo/capstone/STM_Workspace/LEDMatrixApp/VL53LMZ_ULD_API/inc" -I"/home/adam/Documents/capstone/CaptstoneRepo/capstone/STM_Workspace/LEDMatrixApp/Platform" -I"/home/adam/Documents/capstone/CaptstoneRepo/capstone/STM_Workspace/LEDMatrixApp/GesturesMZ" -I"/home/adam/Documents/capstone/CaptstoneRepo/capstone/STM_Workspace/LEDMatrixApp/apps_layer" -O0 -ffunction-sections -fdata-sections -Wall -fstack-usage -fcyclomatic-complexity -MMD -MP -MF"Drivers/STM32F4xx_HAL_Driver/Src/stm32f4xx_hal_flash_ramfunc.d" -MT"Drivers/STM32F4xx_HAL_Driver/Src/stm32f4xx_hal_flash_ramfunc.o" --specs=nano.specs -mfpu=fpv4-sp-d16 -mfloat-abi=hard -mthumb -o "Drivers/STM32F4xx_HAL_Driver/Src/stm32f4xx_hal_flash_ramfunc.o"
[...]
Finished building target: LEDMatrixApp.elf
 
arm-none-eabi-size   LEDMatrixApp.elf 
arm-none-eabi-objdump -h -S  LEDMatrixApp.elf  > "LEDMatrixApp.list"
   text	   data	    bss	    dec	    hex	filename
 135820	    136	  22232	 158188	  269ec	LEDMatrixApp.elf
Finished building: default.size.stdout
 
Finished building: LEDMatrixApp.list
 
13:23:10 **** Incremental Build of configuration Debug for project LEDMatrixApp ****
make -j8 all 
arm-none-eabi-gcc "../Core/Src/tof_lib.c" -mcpu=cortex-m4 -std=gnu11 -g3 -DDEBUG -DUSE_HAL_DRIVER -DSTM32F401xE -c -I../Core/Inc -I../Drivers/STM32F4xx_HAL_Driver/Inc -I../Drivers/STM32F4xx_HAL_Driver/Inc/Legacy -I../Drivers/CMSIS/Device/ST/STM32F4xx/Include -I../Drivers/CMSIS/Include -I"/home/adam/Documents/capstone/CaptstoneRepo/capstone/STM_Workspace/LEDMatrixApp/VL53LMZ_ULD_API/inc" -I"/home/adam/Documents/capstone/CaptstoneRepo/capstone/STM_Workspace/LEDMatrixApp/Platform" -I"/home/adam/Documents/capstone/CaptstoneRepo/capstone/STM_Workspace/LEDMatrixApp/GesturesMZ" -I"/home/adam/Documents/capstone/CaptstoneRepo/capstone/STM_Workspace/LEDMatrixApp/apps_layer" -O0 -ffunction-sections -fdata-sections -Wall -fstack-usage -fcyclomatic-complexity -MMD -MP -MF"Core/Src/tof_lib.d" -MT"Core/Src/tof_lib.o" --specs=nano.specs -mfpu=fpv4-sp-d16 -mfloat-abi=hard -mthumb -o "Core/Src/tof_lib.o"
arm-none-eabi-gcc -o "LEDMatrixApp.elf" @"objects.list"  -lGesturesMZ -mcpu=cortex-m4 -T"/home/adam/Documents/capstone/CaptstoneRepo/capstone/STM_Workspace/LEDMatrixApp/STM32F401RETX_FLASH.ld" --specs=nosys.specs -Wl,-Map="LEDMatrixApp.map" -Wl,--gc-sections -static -L../GesturesMZ --specs=nano.specs -mfpu=fpv4-sp-d16 -mfloat-abi=hard -mthumb -Wl,--start-group -lc -lm -Wl,--end-group
Finished building target: LEDMatrixApp.elf
 
arm-none-eabi-size   LEDMatrixApp.elf 
arm-none-eabi-objdump -h -S  LEDMatrixApp.elf  > "LEDMatrixApp.list"
   text	   data	    bss	    dec	    hex	filename
 135660	    136	  22232	 158028	  2694c	LEDMatrixApp.elf
Finished building: default.size.stdout
 
Finished building: LEDMatrixApp.list
 
13:23:23 **** Incremental Build of configuration Debug for project LEDMatrixApp ****
make -j8 all 
arm-none-eabi-gcc "../Core/Src/tof_lib.c" -mcpu=cortex-m4 -std=gnu11 -g3 -DDEBUG -DUSE_HAL_DRIVER -DSTM32F401xE -c -I../Core/Inc -I../Drivers/STM32F4xx_HAL_Driver/Inc -I../Drivers/STM32F4xx_HAL_Driver/Inc/Legacy -I../Drivers/CMSIS/Device/ST/STM32F4xx/Include -I../Drivers/CMSIS/Include -I"/home/adam/Documents/capstone/CaptstoneRepo/capstone/STM_Workspace/LEDMatrixApp/VL53LMZ_ULD_API/inc" -I"/home/adam/Documents/capstone/CaptstoneRepo/capstone/STM_Workspace/LEDMatrixApp/Platform" -I"/home/adam/Documents/capstone/CaptstoneRepo/capstone/STM_Workspace/LEDMatrixApp/GesturesMZ" -I"/home/adam/Documents/capstone/CaptstoneRepo/capstone/STM_Workspace/LEDMatrixApp/apps_layer" -O0 -ffunction-sections -fdata-sections -Wall -fstack-usage -fcyclomatic-complexity -MMD -MP -MF"Core/Src/tof_lib.d" -MT"Core/Src/tof_lib.o" --specs=nano.specs -mfpu=fpv4-sp-d16 -mfloat-abi=hard -mthumb -o "Core/Src/tof_lib.o"
arm-none-eabi-gcc -o "LEDMatrixApp.elf" @"objects.list"  -lGesturesMZ -mcpu=cortex-m4 -T"/home/adam/Documents/capstone/CaptstoneRepo/capstone/STM_Workspace/LEDMatrixApp/STM32F401RETX_FLASH.ld" --specs=nosys.specs -Wl,-Map="LEDMatrixApp.map" -Wl,--gc-sections -static -L../GesturesMZ --specs=nano.specs -mfpu=fpv4-sp-d16 -mfloat-abi=hard -mthumb -Wl,--start-group -lc -lm -Wl,--end-group
Finished building target: LEDMatrixApp.elf
 
arm-none-eabi-size   LEDMatrixApp.elf 
arm-none-eabi-objdump -h -S  LEDMatrixApp.elf  > "LEDMatrixApp.list"
   text	   data	    bss	    dec	    hex	filename
 135668	    136	  22232	 158036	  26954	LEDMatrixApp.elf
Finished building: default.size.stdout
 
Finished building: LEDMatrixApp.list
 
13:23:25 **** Incremental Build of configuration Debug for project LEDMatrixApp ****
make -j8 all 
arm-none-eabi-size   LEDMatrixApp.elf 
   text	   data	    bss	    dec	    hex	filename
 135668	    136	  22232	 158036	  26954	LEDMatrixApp.elf
Finished building: default.size.stdout
 
13:27:30 **** Incremental Build of configuration Debug for project LEDMatrixApp ****
make -j8 all 
arm-none-eabi-gcc "../Core/Src/tof_lib.c" -mcpu=cortex-m4 -std=gnu11 -g3 -DDEBUG -DUSE_HAL_DRIVER -DSTM32F401xE -c -I../Core/Inc -I../Drivers/STM32F4xx_HAL_Driver/Inc -I../Drivers/STM32F4xx_HAL_Driver/Inc/Legacy -I../Drivers/CMSIS/Device/ST/STM32F4xx/Include -I../Drivers/CMSIS/Include -I"/home/adam/Documents/capstone/CaptstoneRepo/capstone/STM_Workspace/LEDMatrixApp/VL53LMZ_ULD_API/inc" -I"/home/adam/Documents/capstone/CaptstoneRepo/capstone/STM_Workspace/LEDMatrixApp/Platform" -I"/home/adam/Documents/capstone/CaptstoneRepo/capstone/STM_Workspace/LEDMatrixApp/GesturesMZ" -I"/home/adam/Documents/capstone/CaptstoneRepo/capstone/STM_Workspace/LEDMatrixApp/apps_layer" -O0 -ffunction-sections -fdata-sections -Wall -fstack-usage -fcyclomatic-complexity -MMD -MP -MF"Core/Src/tof_lib.d" -MT"Core/Src/tof_lib.o" --specs=nano.specs -mfpu=fpv4-sp-d16 -mfloat-abi=hard -mthumb -o "Core/Src/tof_lib.o"
../Core/Src/tof_lib.c: In function 'update_led_matrix':
../Core/Src/tof_lib.c:280:25: warning: suggest parentheses around comparison in operand of '&' [-Wparentheses]
  280 |                 if (row > 1 & col > 1){
      |                     ~~~~^~~
../Core/Src/tof_lib.c: In function 'matrix_app_main':
../Core/Src/tof_lib.c:359:56: error: expected ';' before 'HAL_GPIO_WritePin'
  359 |                         send_led_data(&LEDMatrix[0][0])
      |                                                        ^
      |                                                        ;
  360 |                 HAL_GPIO_WritePin(LD2_GPIO_Port, LD2_Pin, GPIO_PIN_SET);
      |                 ~~~~~~~~~~~~~~~~~                       
make: *** [Core/Src/subdir.mk:37: Core/Src/tof_lib.o] Error 1
"make -j8 all" terminated with exit code 2. Build might be incomplete.
13:27:42 **** Incremental Build of configuration Debug for project LEDMatrixApp ****
make -j8 all 
arm-none-eabi-gcc "../Core/Src/tof_lib.c" -mcpu=cortex-m4 -std=gnu11 -g3 -DDEBUG -DUSE_HAL_DRIVER -DSTM32F401xE -c -I../Core/Inc -I../Drivers/STM32F4xx_HAL_Driver/Inc -I../Drivers/STM32F4xx_HAL_Driver/Inc/Legacy -I../Drivers/CMSIS/Device/ST/STM32F4xx/Include -I../Drivers/CMSIS/Include -I"/home/adam/Documents/capstone/CaptstoneRepo/capstone/STM_Workspace/LEDMatrixApp/VL53LMZ_ULD_API/inc" -I"/home/adam/Documents/capstone/CaptstoneRepo/capstone/STM_Workspace/LEDMatrixApp/Platform" -I"/home/adam/Documents/capstone/CaptstoneRepo/capstone/STM_Workspace/LEDMatrixApp/GesturesMZ" -I"/home/adam/Documents/capstone/CaptstoneRepo/capstone/STM_Workspace/LEDMatrixApp/apps_layer" -O0 -ffunction-sections -fdata-sections -Wall -fstack-usage -fcyclomatic-complexity -MMD -MP -MF"Core/Src/tof_lib.d" -MT"Core/Src/tof_lib.o" --specs=nano.specs -mfpu=fpv4-sp-d16 -mfloat-abi=hard -mthumb -o "Core/Src/tof_lib.o"
../Core/Src/tof_lib.c: In function 'update_led_matrix':
../Core/Src/tof_lib.c:280:25: warning: suggest parentheses around comparison in operand of '&' [-Wparentheses]
  280 |                 if (row > 1 & col > 1){
      |                     ~~~~^~~
arm-none-eabi-gcc -o "LEDMatrixApp.elf" @"objects.list"  -lGesturesMZ -mcpu=cortex-m4 -T"/home/adam/Documents/capstone/CaptstoneRepo/capstone/STM_Workspace/LEDMatrixApp/STM32F401RETX_FLASH.ld" --specs=nosys.specs -Wl,-Map="LEDMatrixApp.map" -Wl,--gc-sections -static -L../GesturesMZ --specs=nano.specs -mfpu=fpv4-sp-d16 -mfloat-abi=hard -mthumb -Wl,--start-group -lc -lm -Wl,--end-group
Finished building target: LEDMatrixApp.elf
 
arm-none-eabi-size   LEDMatrixApp.elf 
arm-none-eabi-objdump -h -S  LEDMatrixApp.elf  > "LEDMatrixApp.list"
   text	   data	    bss	    dec	    hex	filename
 135724	    136	  22232	 158092	  2698c	LEDMatrixApp.elf
Finished building: default.size.stdout
 
Finished building: LEDMatrixApp.list
 
13:27:51 **** Incremental Build of configuration Debug for project LEDMatrixApp ****
make -j8 all 
arm-none-eabi-gcc "../Core/Src/tof_lib.c" -mcpu=cortex-m4 -std=gnu11 -g3 -DDEBUG -DUSE_HAL_DRIVER -DSTM32F401xE -c -I../Core/Inc -I../Drivers/STM32F4xx_HAL_Driver/Inc -I../Drivers/STM32F4xx_HAL_Driver/Inc/Legacy -I../Drivers/CMSIS/Device/ST/STM32F4xx/Include -I../Drivers/CMSIS/Include -I"/home/adam/Documents/capstone/CaptstoneRepo/capstone/STM_Workspace/LEDMatrixApp/VL53LMZ_ULD_API/inc" -I"/home/adam/Documents/capstone/CaptstoneRepo/capstone/STM_Workspace/LEDMatrixApp/Platform" -I"/home/adam/Documents/capstone/CaptstoneRepo/capstone/STM_Workspace/LEDMatrixApp/GesturesMZ" -I"/home/adam/Documents/capstone/CaptstoneRepo/capstone/STM_Workspace/LEDMatrixApp/apps_layer" -O0 -ffunction-sections -fdata-sections -Wall -fstack-usage -fcyclomatic-complexity -MMD -MP -MF"Core/Src/tof_lib.d" -MT"Core/Src/tof_lib.o" --specs=nano.specs -mfpu=fpv4-sp-d16 -mfloat-abi=hard -mthumb -o "Core/Src/tof_lib.o"
arm-none-eabi-gcc -o "LEDMatrixApp.elf" @"objects.list"  -lGesturesMZ -mcpu=cortex-m4 -T"/home/adam/Documents/capstone/CaptstoneRepo/capstone/STM_Workspace/LEDMatrixApp/STM32F401RETX_FLASH.ld" --specs=nosys.specs -Wl,-Map="LEDMatrixApp.map" -Wl,--gc-sections -static -L../GesturesMZ --specs=nano.specs -mfpu=fpv4-sp-d16 -mfloat-abi=hard -mthumb -Wl,--start-group -lc -lm -Wl,--end-group
Finished building target: LEDMatrixApp.elf
 
arm-none-eabi-size   LEDMatrixApp.elf 
arm-none-eabi-objdump -h -S  LEDMatrixApp.elf  > "LEDMatrixApp.list"
   text	   data	    bss	    dec	    hex	filename
 135700	    136	  22232	 158068	  26974	LEDMatrixApp.elf
Finished building: default.size.stdout
 
Finished building: LEDMatrixApp.list
 
13:28:52 **** Incremental Build of configuration Debug for project LEDMatrixApp ****
make -j8 all 
arm-none-eabi-size   LEDMatrixApp.elf 
   text	   data	    bss	    dec	    hex	filename
 135700	    136	  22232	 158068	  26974	LEDMatrixApp.elf
Finished building: default.size.stdout
 
13:31:57 **** Incremental Build of configuration Debug for project LEDMatrixApp ****
make -j8 all 
arm-none-eabi-gcc "../Core/Src/tof_lib.c" -mcpu=cortex-m4 -std=gnu11 -g3 -DDEBUG -DUSE_HAL_DRIVER -DSTM32F401xE -c -I../Core/Inc -I../Drivers/STM32F4xx_HAL_Driver/Inc -I../Drivers/STM32F4xx_HAL_Driver/Inc/Legacy -I../Drivers/CMSIS/Device/ST/STM32F4xx/Include -I../Drivers/CMSIS/Include -I"/home/adam/Documents/capstone/CaptstoneRepo/capstone/STM_Workspace/LEDMatrixApp/VL53LMZ_ULD_API/inc" -I"/home/adam/Documents/capstone/CaptstoneRepo/capstone/STM_Workspace/LEDMatrixApp/Platform" -I"/home/adam/Documents/capstone/CaptstoneRepo/capstone/STM_Workspace/LEDMatrixApp/GesturesMZ" -I"/home/adam/Documents/capstone/CaptstoneRepo/capstone/STM_Workspace/LEDMatrixApp/apps_layer" -O0 -ffunction-sections -fdata-sections -Wall -fstack-usage -fcyclomatic-complexity -MMD -MP -MF"Core/Src/tof_lib.d" -MT"Core/Src/tof_lib.o" --specs=nano.specs -mfpu=fpv4-sp-d16 -mfloat-abi=hard -mthumb -o "Core/Src/tof_lib.o"
arm-none-eabi-gcc -o "LEDMatrixApp.elf" @"objects.list"  -lGesturesMZ -mcpu=cortex-m4 -T"/home/adam/Documents/capstone/CaptstoneRepo/capstone/STM_Workspace/LEDMatrixApp/STM32F401RETX_FLASH.ld" --specs=nosys.specs -Wl,-Map="LEDMatrixApp.map" -Wl,--gc-sections -static -L../GesturesMZ --specs=nano.specs -mfpu=fpv4-sp-d16 -mfloat-abi=hard -mthumb -Wl,--start-group -lc -lm -Wl,--end-group
Finished building target: LEDMatrixApp.elf
 
arm-none-eabi-size   LEDMatrixApp.elf 
arm-none-eabi-objdump -h -S  LEDMatrixApp.elf  > "LEDMatrixApp.list"
   text	   data	    bss	    dec	    hex	filename
 135700	    136	  22232	 158068	  26974	LEDMatrixApp.elf
Finished building: default.size.stdout
 
Finished building: LEDMatrixApp.list
 
13:31:59 **** Incremental Build of configuration Debug for project LEDMatrixApp ****
make -j8 all 
arm-none-eabi-size   LEDMatrixApp.elf 
   text	   data	    bss	    dec	    hex	filename
 135700	    136	  22232	 158068	  26974	LEDMatrixApp.elf
Finished building: default.size.stdout
 
13:34:46 **** Incremental Build of configuration Debug for project LEDMatrixApp ****
make -j8 all 
arm-none-eabi-gcc "../Core/Src/tof_lib.c" -mcpu=cortex-m4 -std=gnu11 -g3 -DDEBUG -DUSE_HAL_DRIVER -DSTM32F401xE -c -I../Core/Inc -I../Drivers/STM32F4xx_HAL_Driver/Inc -I../Drivers/STM32F4xx_HAL_Driver/Inc/Legacy -I../Drivers/CMSIS/Device/ST/STM32F4xx/Include -I../Drivers/CMSIS/Include -I"/home/adam/Documents/capstone/CaptstoneRepo/capstone/STM_Workspace/LEDMatrixApp/VL53LMZ_ULD_API/inc" -I"/home/adam/Documents/capstone/CaptstoneRepo/capstone/STM_Workspace/LEDMatrixApp/Platform" -I"/home/adam/Documents/capstone/CaptstoneRepo/capstone/STM_Workspace/LEDMatrixApp/GesturesMZ" -I"/home/adam/Documents/capstone/CaptstoneRepo/capstone/STM_Workspace/LEDMatrixApp/apps_layer" -O0 -ffunction-sections -fdata-sections -Wall -fstack-usage -fcyclomatic-complexity -MMD -MP -MF"Core/Src/tof_lib.d" -MT"Core/Src/tof_lib.o" --specs=nano.specs -mfpu=fpv4-sp-d16 -mfloat-abi=hard -mthumb -o "Core/Src/tof_lib.o"
../Core/Src/tof_lib.c: In function 'init_matrix':
../Core/Src/tof_lib.c:86:28: error: expected expression before '{' token
   86 |         pack_command.row = {254, 254, Black, 0, 0, 0};
      |                            ^
make: *** [Core/Src/subdir.mk:37: Core/Src/tof_lib.o] Error 1
"make -j8 all" terminated with exit code 2. Build might be incomplete.
13:34:49 **** Incremental Build of configuration Debug for project LEDMatrixApp ****
make -j8 all 
arm-none-eabi-gcc "../Core/Src/tof_lib.c" -mcpu=cortex-m4 -std=gnu11 -g3 -DDEBUG -DUSE_HAL_DRIVER -DSTM32F401xE -c -I../Core/Inc -I../Drivers/STM32F4xx_HAL_Driver/Inc -I../Drivers/STM32F4xx_HAL_Driver/Inc/Legacy -I../Drivers/CMSIS/Device/ST/STM32F4xx/Include -I../Drivers/CMSIS/Include -I"/home/adam/Documents/capstone/CaptstoneRepo/capstone/STM_Workspace/LEDMatrixApp/VL53LMZ_ULD_API/inc" -I"/home/adam/Documents/capstone/CaptstoneRepo/capstone/STM_Workspace/LEDMatrixApp/Platform" -I"/home/adam/Documents/capstone/CaptstoneRepo/capstone/STM_Workspace/LEDMatrixApp/GesturesMZ" -I"/home/adam/Documents/capstone/CaptstoneRepo/capstone/STM_Workspace/LEDMatrixApp/apps_layer" -O0 -ffunction-sections -fdata-sections -Wall -fstack-usage -fcyclomatic-complexity -MMD -MP -MF"Core/Src/tof_lib.d" -MT"Core/Src/tof_lib.o" --specs=nano.specs -mfpu=fpv4-sp-d16 -mfloat-abi=hard -mthumb -o "Core/Src/tof_lib.o"
../Core/Src/tof_lib.c: In function 'init_matrix':
../Core/Src/tof_lib.c:86:24: error: expected expression before '{' token
   86 |         pack_command = {254, 254, Black, 0, 0, 0};
      |                        ^
make: *** [Core/Src/subdir.mk:37: Core/Src/tof_lib.o] Error 1
"make -j8 all" terminated with exit code 2. Build might be incomplete.
13:34:59 **** Incremental Build of configuration Debug for project LEDMatrixApp ****
make -j8 all 
arm-none-eabi-gcc "../Core/Src/tof_lib.c" -mcpu=cortex-m4 -std=gnu11 -g3 -DDEBUG -DUSE_HAL_DRIVER -DSTM32F401xE -c -I../Core/Inc -I../Drivers/STM32F4xx_HAL_Driver/Inc -I../Drivers/STM32F4xx_HAL_Driver/Inc/Legacy -I../Drivers/CMSIS/Device/ST/STM32F4xx/Include -I../Drivers/CMSIS/Include -I"/home/adam/Documents/capstone/CaptstoneRepo/capstone/STM_Workspace/LEDMatrixApp/VL53LMZ_ULD_API/inc" -I"/home/adam/Documents/capstone/CaptstoneRepo/capstone/STM_Workspace/LEDMatrixApp/Platform" -I"/home/adam/Documents/capstone/CaptstoneRepo/capstone/STM_Workspace/LEDMatrixApp/GesturesMZ" -I"/home/adam/Documents/capstone/CaptstoneRepo/capstone/STM_Workspace/LEDMatrixApp/apps_layer" -O0 -ffunction-sections -fdata-sections -Wall -fstack-usage -fcyclomatic-complexity -MMD -MP -MF"Core/Src/tof_lib.d" -MT"Core/Src/tof_lib.o" --specs=nano.specs -mfpu=fpv4-sp-d16 -mfloat-abi=hard -mthumb -o "Core/Src/tof_lib.o"
../Core/Src/tof_lib.c: In function 'init_matrix':
../Core/Src/tof_lib.c:86:24: error: expected expression before '{' token
   86 |         pack_command = {254, 254, Black, 0, 0, 0};
      |                        ^
make: *** [Core/Src/subdir.mk:37: Core/Src/tof_lib.o] Error 1
"make -j8 all" terminated with exit code 2. Build might be incomplete.
13:35:16 **** Incremental Build of configuration Debug for project LEDMatrixApp ****
make -j8 all 
arm-none-eabi-gcc "../Core/Src/tof_lib.c" -mcpu=cortex-m4 -std=gnu11 -g3 -DDEBUG -DUSE_HAL_DRIVER -DSTM32F401xE -c -I../Core/Inc -I../Drivers/STM32F4xx_HAL_Driver/Inc -I../Drivers/STM32F4xx_HAL_Driver/Inc/Legacy -I../Drivers/CMSIS/Device/ST/STM32F4xx/Include -I../Drivers/CMSIS/Include -I"/home/adam/Documents/capstone/CaptstoneRepo/capstone/STM_Workspace/LEDMatrixApp/VL53LMZ_ULD_API/inc" -I"/home/adam/Documents/capstone/CaptstoneRepo/capstone/STM_Workspace/LEDMatrixApp/Platform" -I"/home/adam/Documents/capstone/CaptstoneRepo/capstone/STM_Workspace/LEDMatrixApp/GesturesMZ" -I"/home/adam/Documents/capstone/CaptstoneRepo/capstone/STM_Workspace/LEDMatrixApp/apps_layer" -O0 -ffunction-sections -fdata-sections -Wall -fstack-usage -fcyclomatic-complexity -MMD -MP -MF"Core/Src/tof_lib.d" -MT"Core/Src/tof_lib.o" --specs=nano.specs -mfpu=fpv4-sp-d16 -mfloat-abi=hard -mthumb -o "Core/Src/tof_lib.o"
../Core/Src/tof_lib.c: In function 'init_matrix':
../Core/Src/tof_lib.c:85:13: warning: unused variable 'pack_command' [-Wunused-variable]
   85 |         LED pack_command = {254, 254, Black, 0, 0, 0};
      |             ^~~~~~~~~~~~
arm-none-eabi-gcc -o "LEDMatrixApp.elf" @"objects.list"  -lGesturesMZ -mcpu=cortex-m4 -T"/home/adam/Documents/capstone/CaptstoneRepo/capstone/STM_Workspace/LEDMatrixApp/STM32F401RETX_FLASH.ld" --specs=nosys.specs -Wl,-Map="LEDMatrixApp.map" -Wl,--gc-sections -static -L../GesturesMZ --specs=nano.specs -mfpu=fpv4-sp-d16 -mfloat-abi=hard -mthumb -Wl,--start-group -lc -lm -Wl,--end-group
Finished building target: LEDMatrixApp.elf
 
arm-none-eabi-size   LEDMatrixApp.elf 
arm-none-eabi-objdump -h -S  LEDMatrixApp.elf  > "LEDMatrixApp.list"
   text	   data	    bss	    dec	    hex	filename
 135732	    136	  22232	 158100	  26994	LEDMatrixApp.elf
Finished building: default.size.stdout
 
Finished building: LEDMatrixApp.list
 
13:35:56 **** Incremental Build of configuration Debug for project LEDMatrixApp ****
make -j8 all 
arm-none-eabi-gcc "../Core/Src/tof_lib.c" -mcpu=cortex-m4 -std=gnu11 -g3 -DDEBUG -DUSE_HAL_DRIVER -DSTM32F401xE -c -I../Core/Inc -I../Drivers/STM32F4xx_HAL_Driver/Inc -I../Drivers/STM32F4xx_HAL_Driver/Inc/Legacy -I../Drivers/CMSIS/Device/ST/STM32F4xx/Include -I../Drivers/CMSIS/Include -I"/home/adam/Documents/capstone/CaptstoneRepo/capstone/STM_Workspace/LEDMatrixApp/VL53LMZ_ULD_API/inc" -I"/home/adam/Documents/capstone/CaptstoneRepo/capstone/STM_Workspace/LEDMatrixApp/Platform" -I"/home/adam/Documents/capstone/CaptstoneRepo/capstone/STM_Workspace/LEDMatrixApp/GesturesMZ" -I"/home/adam/Documents/capstone/CaptstoneRepo/capstone/STM_Workspace/LEDMatrixApp/apps_layer" -O0 -ffunction-sections -fdata-sections -Wall -fstack-usage -fcyclomatic-complexity -MMD -MP -MF"Core/Src/tof_lib.d" -MT"Core/Src/tof_lib.o" --specs=nano.specs -mfpu=fpv4-sp-d16 -mfloat-abi=hard -mthumb -o "Core/Src/tof_lib.o"
arm-none-eabi-gcc -o "LEDMatrixApp.elf" @"objects.list"  -lGesturesMZ -mcpu=cortex-m4 -T"/home/adam/Documents/capstone/CaptstoneRepo/capstone/STM_Workspace/LEDMatrixApp/STM32F401RETX_FLASH.ld" --specs=nosys.specs -Wl,-Map="LEDMatrixApp.map" -Wl,--gc-sections -static -L../GesturesMZ --specs=nano.specs -mfpu=fpv4-sp-d16 -mfloat-abi=hard -mthumb -Wl,--start-group -lc -lm -Wl,--end-group
Finished building target: LEDMatrixApp.elf
 
arm-none-eabi-size   LEDMatrixApp.elf 
arm-none-eabi-objdump -h -S  LEDMatrixApp.elf  > "LEDMatrixApp.list"
   text	   data	    bss	    dec	    hex	filename
 135748	    136	  22232	 158116	  269a4	LEDMatrixApp.elf
Finished building: default.size.stdout
 
Finished building: LEDMatrixApp.list
 
13:36:20 **** Incremental Build of configuration Debug for project LEDMatrixApp ****
make -j8 all 
arm-none-eabi-size   LEDMatrixApp.elf 
   text	   data	    bss	    dec	    hex	filename
 135748	    136	  22232	 158116	  269a4	LEDMatrixApp.elf
Finished building: default.size.stdout
 
