19:38:17 **** Incremental Build of configuration Debug for project LEDMatrixApp ****
make -j8 all 
arm-none-eabi-size   LEDMatrixApp.elf 
   text	   data	    bss	    dec	    hex	filename
 130044	    136	  15344	 145524	  23874	LEDMatrixApp.elf
Finished building: default.size.stdout
 
19:42:13 **** Incremental Build of configuration Debug for project LEDMatrixApp ****
make -j8 all 
arm-none-eabi-size   LEDMatrixApp.elf 
   text	   data	    bss	    dec	    hex	filename
 130044	    136	  15344	 145524	  23874	LEDMatrixApp.elf
Finished building: default.size.stdout
 
