12:42:32 **** Clean-only build of configuration Debug for project LEDMatrixApp ****
make -j8 clean 
rm -rf ./Drivers/STM32F4xx_HAL_Driver/Src/stm32f4xx_hal.cyclo ./Drivers/STM32F4xx_HAL_Driver/Src/stm32f4xx_hal.d ./Drivers/STM32F4xx_HAL_Driver/Src/stm32f4xx_hal.o ./Drivers/STM32F4xx_HAL_Driver/Src/stm32f4xx_hal.su ./Drivers/STM32F4xx_HAL_Driver/Src/stm32f4xx_hal_cortex.cyclo ./Drivers/STM32F4xx_HAL_Driver/Src/stm32f4xx_hal_cortex.d ./Drivers/STM32F4xx_HAL_Driver/Src/stm32f4xx_hal_cortex.o ./Drivers/STM32F4xx_HAL_Driver/Src/stm32f4xx_hal_cortex.su ./Drivers/STM32F4xx_HAL_Driver/Src/stm32f4xx_hal_dma.cyclo ./Drivers/STM32F4xx_HAL_Driver/Src/stm32f4xx_hal_dma.d ./Drivers/STM32F4xx_HAL_Driver/Src/stm32f4xx_hal_dma.o ./Drivers/STM32F4xx_HAL_Driver/Src/stm32f4xx_hal_dma.su ./Drivers/STM32F4xx_HAL_Driver/Src/stm32f4xx_hal_dma_ex.cyclo ./Drivers/STM32F4xx_HAL_Driver/Src/stm32f4xx_hal_dma_ex.d ./Drivers/STM32F4xx_HAL_Driver/Src/stm32f4xx_hal_dma_ex.o ./Drivers/STM32F4xx_HAL_Driver/Src/stm32f4xx_hal_dma_ex.su ./Drivers/STM32F4xx_HAL_Driver/Src/stm32f4xx_hal_exti.cyclo ./Drivers/STM32F4xx_HAL_Driver/Src/stm32f4xx_hal_exti.d ./Drivers/STM32F4xx_HAL_Driver/Src/stm32f4xx_hal_exti.o ./Drivers/STM32F4xx_HAL_Driver/Src/stm32f4xx_hal_exti.su ./Drivers/STM32F4xx_HAL_Driver/Src/stm32f4xx_hal_flash.cyclo ./Drivers/STM32F4xx_HAL_Driver/Src/stm32f4xx_hal_flash.d ./Drivers/STM32F4xx_HAL_Driver/Src/stm32f4xx_hal_flash.o ./Drivers/STM32F4xx_HAL_Driver/Src/stm32f4xx_hal_flash.su ./Drivers/STM32F4xx_HAL_Driver/Src/stm32f4xx_hal_flash_ex.cyclo ./Drivers/STM32F4xx_HAL_Driver/Src/stm32f4xx_hal_flash_ex.d ./Drivers/STM32F4xx_HAL_Driver/Src/stm32f4xx_hal_flash_ex.o ./Drivers/STM32F4xx_HAL_Driver/Src/stm32f4xx_hal_flash_ex.su ./Drivers/STM32F4xx_HAL_Driver/Src/stm32f4xx_hal_flash_ramfunc.cyclo ./Drivers/STM32F4xx_HAL_Driver/Src/stm32f4xx_hal_flash_ramfunc.d ./Drivers/STM32F4xx_HAL_Driver/Src/stm32f4xx_hal_flash_ramfunc.o ./Drivers/STM32F4xx_HAL_Driver/Src/stm32f4xx_hal_flash_ramfunc.su ./Drivers/STM32F4xx_HAL_Driver/Src/stm32f4xx_hal_gpio.cyclo ./Drivers/STM32F4xx_HAL_Driver/Src/stm32f4xx_hal_gpio.d ./Drivers/STM32F4xx_HAL_Driver/Src/stm32f4xx_hal_gpio.o ./Drivers/STM32F4xx_HAL_Driver/Src/stm32f4xx_hal_gpio.su ./Drivers/STM32F4xx_HAL_Driver/Src/stm32f4xx_hal_i2c.cyclo ./Drivers/STM32F4xx_HAL_Driver/Src/stm32f4xx_hal_i2c.d ./Drivers/STM32F4xx_HAL_Driver/Src/stm32f4xx_hal_i2c.o ./Drivers/STM32F4xx_HAL_Driver/Src/stm32f4xx_hal_i2c.su ./Drivers/STM32F4xx_HAL_Driver/Src/stm32f4xx_hal_i2c_ex.cyclo ./Drivers/STM32F4xx_HAL_Driver/Src/stm32f4xx_hal_i2c_ex.d ./Drivers/STM32F4xx_HAL_Driver/Src/stm32f4xx_hal_i2c_ex.o ./Drivers/STM32F4xx_HAL_Driver/Src/stm32f4xx_hal_i2c_ex.su ./Drivers/STM32F4xx_HAL_Driver/Src/stm32f4xx_hal_pwr.cyclo ./Drivers/STM32F4xx_HAL_Driver/Src/stm32f4xx_hal_pwr.d ./Drivers/STM32F4xx_HAL_Driver/Src/stm32f4xx_hal_pwr.o ./Drivers/STM32F4xx_HAL_Driver/Src/stm32f4xx_hal_pwr.su ./Drivers/STM32F4xx_HAL_Driver/Src/stm32f4xx_hal_pwr_ex.cyclo ./Drivers/STM32F4xx_HAL_Driver/Src/stm32f4xx_hal_pwr_ex.d ./Drivers/STM32F4xx_HAL_Driver/Src/stm32f4xx_hal_pwr_ex.o ./Drivers/STM32F4xx_HAL_Driver/Src/stm32f4xx_hal_pwr_ex.su ./Drivers/STM32F4xx_HAL_Driver/Src/stm32f4xx_hal_rcc.cyclo ./Drivers/STM32F4xx_HAL_Driver/Src/stm32f4xx_hal_rcc.d ./Drivers/STM32F4xx_HAL_Driver/Src/stm32f4xx_hal_rcc.o ./Drivers/STM32F4xx_HAL_Driver/Src/stm32f4xx_hal_rcc.su ./Drivers/STM32F4xx_HAL_Driver/Src/stm32f4xx_hal_rcc_ex.cyclo ./Drivers/STM32F4xx_HAL_Driver/Src/stm32f4xx_hal_rcc_ex.d ./Drivers/STM32F4xx_HAL_Driver/Src/stm32f4xx_hal_rcc_ex.o ./Drivers/STM32F4xx_HAL_Driver/Src/stm32f4xx_hal_rcc_ex.su ./Drivers/STM32F4xx_HAL_Driver/Src/stm32f4xx_hal_tim.cyclo ./Drivers/STM32F4xx_HAL_Driver/Src/stm32f4xx_hal_tim.d ./Drivers/STM32F4xx_HAL_Driver/Src/stm32f4xx_hal_tim.o ./Drivers/STM32F4xx_HAL_Driver/Src/stm32f4xx_hal_tim.su ./Drivers/STM32F4xx_HAL_Driver/Src/stm32f4xx_hal_tim_ex.cyclo ./Drivers/STM32F4xx_HAL_Driver/Src/stm32f4xx_hal_tim_ex.d ./Drivers/STM32F4xx_HAL_Driver/Src/stm32f4xx_hal_tim_ex.o ./Drivers/STM32F4xx_HAL_Driver/Src/stm32f4xx_hal_tim_ex.su ./Drivers/STM32F4xx_HAL_Driver/Src/stm32f4xx_hal_uart.cyclo ./Drivers/STM32F4xx_HAL_Driver/Src/stm32f4xx_hal_uart.d ./Drivers/STM32F4xx_HAL_Driver/Src/stm32f4xx_hal_uart.o ./Drivers/STM32F4xx_HAL_Driver/Src/stm32f4xx_hal_uart.su
rm -rf ./Core/Startup/startup_stm32f401retx.d ./Core/Startup/startup_stm32f401retx.o
rm -rf ./Core/Src/main.cyclo ./Core/Src/main.d ./Core/Src/main.o ./Core/Src/main.su ./Core/Src/stm32f4xx_hal_msp.cyclo ./Core/Src/stm32f4xx_hal_msp.d ./Core/Src/stm32f4xx_hal_msp.o ./Core/Src/stm32f4xx_hal_msp.su ./Core/Src/stm32f4xx_it.cyclo ./Core/Src/stm32f4xx_it.d ./Core/Src/stm32f4xx_it.o ./Core/Src/stm32f4xx_it.su ./Core/Src/syscalls.cyclo ./Core/Src/syscalls.d ./Core/Src/syscalls.o ./Core/Src/syscalls.su ./Core/Src/sysmem.cyclo ./Core/Src/sysmem.d ./Core/Src/sysmem.o ./Core/Src/sysmem.su ./Core/Src/system_stm32f4xx.cyclo ./Core/Src/system_stm32f4xx.d ./Core/Src/system_stm32f4xx.o ./Core/Src/system_stm32f4xx.su ./Core/Src/tof_lib.cyclo ./Core/Src/tof_lib.d ./Core/Src/tof_lib.o ./Core/Src/tof_lib.su
rm -rf LEDMatrixApp.elf LEDMatrixApp.list LEDMatrixApp.map default.size.stdout
 
12:42:33 **** Incremental Build of configuration Debug for project LEDMatrixApp ****
make -j8 all 
arm-none-eabi-gcc "../apps_layer/apps_layer_utils.c" -mcpu=cortex-m4 -std=gnu11 -g3 -DDEBUG -DUSE_HAL_DRIVER -DSTM32F401xE -c -I../Core/Inc -I../Drivers/STM32F4xx_HAL_Driver/Inc -I../Drivers/STM32F4xx_HAL_Driver/Inc/Legacy -I../Drivers/CMSIS/Device/ST/STM32F4xx/Include -I../Drivers/CMSIS/Include -I"/home/adam/Documents/capstone/CaptstoneRepo/capstone/STM_Workspace/LEDMatrixApp/VL53LMZ_ULD_API/inc" -I"/home/adam/Documents/capstone/CaptstoneRepo/capstone/STM_Workspace/LEDMatrixApp/Platform" -I"/home/adam/Documents/capstone/CaptstoneRepo/capstone/STM_Workspace/LEDMatrixApp/GesturesMZ" -I"/home/adam/Documents/capstone/CaptstoneRepo/capstone/STM_Workspace/LEDMatrixApp/apps_layer" -O0 -ffunction-sections -fdata-sections -Wall -fstack-usage -fcyclomatic-complexity -MMD -MP -MF"apps_layer/apps_layer_utils.d" -MT"apps_layer/apps_layer_utils.o" --specs=nano.specs -mfpu=fpv4-sp-d16 -mfloat-abi=hard -mthumb -o "apps_layer/apps_layer_utils.o"
arm-none-eabi-gcc "../VL53LMZ_ULD_API/src/vl53lmz_api.c" -mcpu=cortex-m4 -std=gnu11 -g3 -DDEBUG -DUSE_HAL_DRIVER -DSTM32F401xE -c -I../Core/Inc -I../Drivers/STM32F4xx_HAL_Driver/Inc -I../Drivers/STM32F4xx_HAL_Driver/Inc/Legacy -I../Drivers/CMSIS/Device/ST/STM32F4xx/Include -I../Drivers/CMSIS/Include -I"/home/adam/Documents/capstone/CaptstoneRepo/capstone/STM_Workspace/LEDMatrixApp/VL53LMZ_ULD_API/inc" -I"/home/adam/Documents/capstone/CaptstoneRepo/capstone/STM_Workspace/LEDMatrixApp/Platform" -I"/home/adam/Documents/capstone/CaptstoneRepo/capstone/STM_Workspace/LEDMatrixApp/GesturesMZ" -I"/home/adam/Documents/capstone/CaptstoneRepo/capstone/STM_Workspace/LEDMatrixApp/apps_layer" -O0 -ffunction-sections -fdata-sections -Wall -fstack-usage -fcyclomatic-complexity -MMD -MP -MF"VL53LMZ_ULD_API/src/vl53lmz_api.d" -MT"VL53LMZ_ULD_API/src/vl53lmz_api.o" --specs=nano.specs -mfpu=fpv4-sp-d16 -mfloat-abi=hard -mthumb -o "VL53LMZ_ULD_API/src/vl53lmz_api.o"
arm-none-eabi-gcc "../VL53LMZ_ULD_API/src/vl53lmz_plugin_cnh.c" -mcpu=cortex-m4 -std=gnu11 -g3 -DDEBUG -DUSE_HAL_DRIVER -DSTM32F401xE -c -I../Core/Inc -I../Drivers/STM32F4xx_HAL_Driver/Inc -I../Drivers/STM32F4xx_HAL_Driver/Inc/Legacy -I../Drivers/CMSIS/Device/ST/STM32F4xx/Include -I../Drivers/CMSIS/Include -I"/home/adam/Documents/capstone/CaptstoneRepo/capstone/STM_Workspace/LEDMatrixApp/VL53LMZ_ULD_API/inc" -I"/home/adam/Documents/capstone/CaptstoneRepo/capstone/STM_Workspace/LEDMatrixApp/Platform" -I"/home/adam/Documents/capstone/CaptstoneRepo/capstone/STM_Workspace/LEDMatrixApp/GesturesMZ" -I"/home/adam/Documents/capstone/CaptstoneRepo/capstone/STM_Workspace/LEDMatrixApp/apps_layer" -O0 -ffunction-sections -fdata-sections -Wall -fstack-usage -fcyclomatic-complexity -MMD -MP -MF"VL53LMZ_ULD_API/src/vl53lmz_plugin_cnh.d" -MT"VL53LMZ_ULD_API/src/vl53lmz_plugin_cnh.o" --specs=nano.specs -mfpu=fpv4-sp-d16 -mfloat-abi=hard -mthumb -o "VL53LMZ_ULD_API/src/vl53lmz_plugin_cnh.o"
arm-none-eabi-gcc "../VL53LMZ_ULD_API/src/vl53lmz_plugin_detection_thresholds.c" -mcpu=cortex-m4 -std=gnu11 -g3 -DDEBUG -DUSE_HAL_DRIVER -DSTM32F401xE -c -I../Core/Inc -I../Drivers/STM32F4xx_HAL_Driver/Inc -I../Drivers/STM32F4xx_HAL_Driver/Inc/Legacy -I../Drivers/CMSIS/Device/ST/STM32F4xx/Include -I../Drivers/CMSIS/Include -I"/home/adam/Documents/capstone/CaptstoneRepo/capstone/STM_Workspace/LEDMatrixApp/VL53LMZ_ULD_API/inc" -I"/home/adam/Documents/capstone/CaptstoneRepo/capstone/STM_Workspace/LEDMatrixApp/Platform" -I"/home/adam/Documents/capstone/CaptstoneRepo/capstone/STM_Workspace/LEDMatrixApp/GesturesMZ" -I"/home/adam/Documents/capstone/CaptstoneRepo/capstone/STM_Workspace/LEDMatrixApp/apps_layer" -O0 -ffunction-sections -fdata-sections -Wall -fstack-usage -fcyclomatic-complexity -MMD -MP -MF"VL53LMZ_ULD_API/src/vl53lmz_plugin_detection_thresholds.d" -MT"VL53LMZ_ULD_API/src/vl53lmz_plugin_detection_thresholds.o" --specs=nano.specs -mfpu=fpv4-sp-d16 -mfloat-abi=hard -mthumb -o "VL53LMZ_ULD_API/src/vl53lmz_plugin_detection_thresholds.o"
arm-none-eabi-gcc "../VL53LMZ_ULD_API/src/vl53lmz_plugin_motion_indicator.c" -mcpu=cortex-m4 -std=gnu11 -g3 -DDEBUG -DUSE_HAL_DRIVER -DSTM32F401xE -c -I../Core/Inc -I../Drivers/STM32F4xx_HAL_Driver/Inc -I../Drivers/STM32F4xx_HAL_Driver/Inc/Legacy -I../Drivers/CMSIS/Device/ST/STM32F4xx/Include -I../Drivers/CMSIS/Include -I"/home/adam/Documents/capstone/CaptstoneRepo/capstone/STM_Workspace/LEDMatrixApp/VL53LMZ_ULD_API/inc" -I"/home/adam/Documents/capstone/CaptstoneRepo/capstone/STM_Workspace/LEDMatrixApp/Platform" -I"/home/adam/Documents/capstone/CaptstoneRepo/capstone/STM_Workspace/LEDMatrixApp/GesturesMZ" -I"/home/adam/Documents/capstone/CaptstoneRepo/capstone/STM_Workspace/LEDMatrixApp/apps_layer" -O0 -ffunction-sections -fdata-sections -Wall -fstack-usage -fcyclomatic-complexity -MMD -MP -MF"VL53LMZ_ULD_API/src/vl53lmz_plugin_motion_indicator.d" -MT"VL53LMZ_ULD_API/src/vl53lmz_plugin_motion_indicator.o" --specs=nano.specs -mfpu=fpv4-sp-d16 -mfloat-abi=hard -mthumb -o "VL53LMZ_ULD_API/src/vl53lmz_plugin_motion_indicator.o"
arm-none-eabi-gcc "../VL53LMZ_ULD_API/src/vl53lmz_plugin_xtalk.c" -mcpu=cortex-m4 -std=gnu11 -g3 -DDEBUG -DUSE_HAL_DRIVER -DSTM32F401xE -c -I../Core/Inc -I../Drivers/STM32F4xx_HAL_Driver/Inc -I../Drivers/STM32F4xx_HAL_Driver/Inc/Legacy -I../Drivers/CMSIS/Device/ST/STM32F4xx/Include -I../Drivers/CMSIS/Include -I"/home/adam/Documents/capstone/CaptstoneRepo/capstone/STM_Workspace/LEDMatrixApp/VL53LMZ_ULD_API/inc" -I"/home/adam/Documents/capstone/CaptstoneRepo/capstone/STM_Workspace/LEDMatrixApp/Platform" -I"/home/adam/Documents/capstone/CaptstoneRepo/capstone/STM_Workspace/LEDMatrixApp/GesturesMZ" -I"/home/adam/Documents/capstone/CaptstoneRepo/capstone/STM_Workspace/LEDMatrixApp/apps_layer" -O0 -ffunction-sections -fdata-sections -Wall -fstack-usage -fcyclomatic-complexity -MMD -MP -MF"VL53LMZ_ULD_API/src/vl53lmz_plugin_xtalk.d" -MT"VL53LMZ_ULD_API/src/vl53lmz_plugin_xtalk.o" --specs=nano.specs -mfpu=fpv4-sp-d16 -mfloat-abi=hard -mthumb -o "VL53LMZ_ULD_API/src/vl53lmz_plugin_xtalk.o"
arm-none-eabi-gcc "../Platform/platform.c" -mcpu=cortex-m4 -std=gnu11 -g3 -DDEBUG -DUSE_HAL_DRIVER -DSTM32F401xE -c -I../Core/Inc -I../Drivers/STM32F4xx_HAL_Driver/Inc -I../Drivers/STM32F4xx_HAL_Driver/Inc/Legacy -I../Drivers/CMSIS/Device/ST/STM32F4xx/Include -I../Drivers/CMSIS/Include -I"/home/adam/Documents/capstone/CaptstoneRepo/capstone/STM_Workspace/LEDMatrixApp/VL53LMZ_ULD_API/inc" -I"/home/adam/Documents/capstone/CaptstoneRepo/capstone/STM_Workspace/LEDMatrixApp/Platform" -I"/home/adam/Documents/capstone/CaptstoneRepo/capstone/STM_Workspace/LEDMatrixApp/GesturesMZ" -I"/home/adam/Documents/capstone/CaptstoneRepo/capstone/STM_Workspace/LEDMatrixApp/apps_layer" -O0 -ffunction-sections -fdata-sections -Wall -fstack-usage -fcyclomatic-complexity -MMD -MP -MF"Platform/platform.d" -MT"Platform/platform.o" --specs=nano.specs -mfpu=fpv4-sp-d16 -mfloat-abi=hard -mthumb -o "Platform/platform.o"
arm-none-eabi-gcc "../Drivers/STM32F4xx_HAL_Driver/Src/stm32f4xx_hal.c" -mcpu=cortex-m4 -std=gnu11 -g3 -DDEBUG -DUSE_HAL_DRIVER -DSTM32F401xE -c -I../Core/Inc -I../Drivers/STM32F4xx_HAL_Driver/Inc -I../Drivers/STM32F4xx_HAL_Driver/Inc/Legacy -I../Drivers/CMSIS/Device/ST/STM32F4xx/Include -I../Drivers/CMSIS/Include -I"/home/adam/Documents/capstone/CaptstoneRepo/capstone/STM_Workspace/LEDMatrixApp/VL53LMZ_ULD_API/inc" -I"/home/adam/Documents/capstone/CaptstoneRepo/capstone/STM_Workspace/LEDMatrixApp/Platform" -I"/home/adam/Documents/capstone/CaptstoneRepo/capstone/STM_Workspace/LEDMatrixApp/GesturesMZ" -I"/home/adam/Documents/capstone/CaptstoneRepo/capstone/STM_Workspace/LEDMatrixApp/apps_layer" -O0 -ffunction-sections -fdata-sections -Wall -fstack-usage -fcyclomatic-complexity -MMD -MP -MF"Drivers/STM32F4xx_HAL_Driver/Src/stm32f4xx_hal.d" -MT"Drivers/STM32F4xx_HAL_Driver/Src/stm32f4xx_hal.o" --specs=nano.specs -mfpu=fpv4-sp-d16 -mfloat-abi=hard -mthumb -o "Drivers/STM32F4xx_HAL_Driver/Src/stm32f4xx_hal.o"
arm-none-eabi-gcc "../Drivers/STM32F4xx_HAL_Driver/Src/stm32f4xx_hal_cortex.c" -mcpu=cortex-m4 -std=gnu11 -g3 -DDEBUG -DUSE_HAL_DRIVER -DSTM32F401xE -c -I../Core/Inc -I../Drivers/STM32F4xx_HAL_Driver/Inc -I../Drivers/STM32F4xx_HAL_Driver/Inc/Legacy -I../Drivers/CMSIS/Device/ST/STM32F4xx/Include -I../Drivers/CMSIS/Include -I"/home/adam/Documents/capstone/CaptstoneRepo/capstone/STM_Workspace/LEDMatrixApp/VL53LMZ_ULD_API/inc" -I"/home/adam/Documents/capstone/CaptstoneRepo/capstone/STM_Workspace/LEDMatrixApp/Platform" -I"/home/adam/Documents/capstone/CaptstoneRepo/capstone/STM_Workspace/LEDMatrixApp/GesturesMZ" -I"/home/adam/Documents/capstone/CaptstoneRepo/capstone/STM_Workspace/LEDMatrixApp/apps_layer" -O0 -ffunction-sections -fdata-sections -Wall -fstack-usage -fcyclomatic-complexity -MMD -MP -MF"Drivers/STM32F4xx_HAL_Driver/Src/stm32f4xx_hal_cortex.d" -MT"Drivers/STM32F4xx_HAL_Driver/Src/stm32f4xx_hal_cortex.o" --specs=nano.specs -mfpu=fpv4-sp-d16 -mfloat-abi=hard -mthumb -o "Drivers/STM32F4xx_HAL_Driver/Src/stm32f4xx_hal_cortex.o"
arm-none-eabi-gcc "../Drivers/STM32F4xx_HAL_Driver/Src/stm32f4xx_hal_dma.c" -mcpu=cortex-m4 -std=gnu11 -g3 -DDEBUG -DUSE_HAL_DRIVER -DSTM32F401xE -c -I../Core/Inc -I../Drivers/STM32F4xx_HAL_Driver/Inc -I../Drivers/STM32F4xx_HAL_Driver/Inc/Legacy -I../Drivers/CMSIS/Device/ST/STM32F4xx/Include -I../Drivers/CMSIS/Include -I"/home/adam/Documents/capstone/CaptstoneRepo/capstone/STM_Workspace/LEDMatrixApp/VL53LMZ_ULD_API/inc" -I"/home/adam/Documents/capstone/CaptstoneRepo/capstone/STM_Workspace/LEDMatrixApp/Platform" -I"/home/adam/Documents/capstone/CaptstoneRepo/capstone/STM_Workspace/LEDMatrixApp/GesturesMZ" -I"/home/adam/Documents/capstone/CaptstoneRepo/capstone/STM_Workspace/LEDMatrixApp/apps_layer" -O0 -ffunction-sections -fdata-sections -Wall -fstack-usage -fcyclomatic-complexity -MMD -MP -MF"Drivers/STM32F4xx_HAL_Driver/Src/stm32f4xx_hal_dma.d" -MT"Drivers/STM32F4xx_HAL_Driver/Src/stm32f4xx_hal_dma.o" --specs=nano.specs -mfpu=fpv4-sp-d16 -mfloat-abi=hard -mthumb -o "Drivers/STM32F4xx_HAL_Driver/Src/stm32f4xx_hal_dma.o"
arm-none-eabi-gcc "../Drivers/STM32F4xx_HAL_Driver/Src/stm32f4xx_hal_dma_ex.c" -mcpu=cortex-m4 -std=gnu11 -g3 -DDEBUG -DUSE_HAL_DRIVER -DSTM32F401xE -c -I../Core/Inc -I../Drivers/STM32F4xx_HAL_Driver/Inc -I../Drivers/STM32F4xx_HAL_Driver/Inc/Legacy -I../Drivers/CMSIS/Device/ST/STM32F4xx/Include -I../Drivers/CMSIS/Include -I"/home/adam/Documents/capstone/CaptstoneRepo/capstone/STM_Workspace/LEDMatrixApp/VL53LMZ_ULD_API/inc" -I"/home/adam/Documents/capstone/CaptstoneRepo/capstone/STM_Workspace/LEDMatrixApp/Platform" -I"/home/adam/Documents/capstone/CaptstoneRepo/capstone/STM_Workspace/LEDMatrixApp/GesturesMZ" -I"/home/adam/Documents/capstone/CaptstoneRepo/capstone/STM_Workspace/LEDMatrixApp/apps_layer" -O0 -ffunction-sections -fdata-sections -Wall -fstack-usage -fcyclomatic-complexity -MMD -MP -MF"Drivers/STM32F4xx_HAL_Driver/Src/stm32f4xx_hal_dma_ex.d" -MT"Drivers/STM32F4xx_HAL_Driver/Src/stm32f4xx_hal_dma_ex.o" --specs=nano.specs -mfpu=fpv4-sp-d16 -mfloat-abi=hard -mthumb -o "Drivers/STM32F4xx_HAL_Driver/Src/stm32f4xx_hal_dma_ex.o"
arm-none-eabi-gcc "../Drivers/STM32F4xx_HAL_Driver/Src/stm32f4xx_hal_exti.c" -mcpu=cortex-m4 -std=gnu11 -g3 -DDEBUG -DUSE_HAL_DRIVER -DSTM32F401xE -c -I../Core/Inc -I../Drivers/STM32F4xx_HAL_Driver/Inc -I../Drivers/STM32F4xx_HAL_Driver/Inc/Legacy -I../Drivers/CMSIS/Device/ST/STM32F4xx/Include -I../Drivers/CMSIS/Include -I"/home/adam/Documents/capstone/CaptstoneRepo/capstone/STM_Workspace/LEDMatrixApp/VL53LMZ_ULD_API/inc" -I"/home/adam/Documents/capstone/CaptstoneRepo/capstone/STM_Workspace/LEDMatrixApp/Platform" -I"/home/adam/Documents/capstone/CaptstoneRepo/capstone/STM_Workspace/LEDMatrixApp/GesturesMZ" -I"/home/adam/Documents/capstone/CaptstoneRepo/capstone/STM_Workspace/LEDMatrixApp/apps_layer" -O0 -ffunction-sections -fdata-sections -Wall -fstack-usage -fcyclomatic-complexity -MMD -MP -MF"Drivers/STM32F4xx_HAL_Driver/Src/stm32f4xx_hal_exti.d" -MT"Drivers/STM32F4xx_HAL_Driver/Src/stm32f4xx_hal_exti.o" --specs=nano.specs -mfpu=fpv4-sp-d16 -mfloat-abi=hard -mthumb -o "Drivers/STM32F4xx_HAL_Driver/Src/stm32f4xx_hal_exti.o"
arm-none-eabi-gcc "../Drivers/STM32F4xx_HAL_Driver/Src/stm32f4xx_hal_flash.c" -mcpu=cortex-m4 -std=gnu11 -g3 -DDEBUG -DUSE_HAL_DRIVER -DSTM32F401xE -c -I../Core/Inc -I../Drivers/STM32F4xx_HAL_Driver/Inc -I../Drivers/STM32F4xx_HAL_Driver/Inc/Legacy -I../Drivers/CMSIS/Device/ST/STM32F4xx/Include -I../Drivers/CMSIS/Include -I"/home/adam/Documents/capstone/CaptstoneRepo/capstone/STM_Workspace/LEDMatrixApp/VL53LMZ_ULD_API/inc" -I"/home/adam/Documents/capstone/CaptstoneRepo/capstone/STM_Workspace/LEDMatrixApp/Platform" -I"/home/adam/Documents/capstone/CaptstoneRepo/capstone/STM_Workspace/LEDMatrixApp/GesturesMZ" -I"/home/adam/Documents/capstone/CaptstoneRepo/capstone/STM_Workspace/LEDMatrixApp/apps_layer" -O0 -ffunction-sections -fdata-sections -Wall -fstack-usage -fcyclomatic-complexity -MMD -MP -MF"Drivers/STM32F4xx_HAL_Driver/Src/stm32f4xx_hal_flash.d" -MT"Drivers/STM32F4xx_HAL_Driver/Src/stm32f4xx_hal_flash.o" --specs=nano.specs -mfpu=fpv4-sp-d16 -mfloat-abi=hard -mthumb -o "Drivers/STM32F4xx_HAL_Driver/Src/stm32f4xx_hal_flash.o"
arm-none-eabi-gcc "../Drivers/STM32F4xx_HAL_Driver/Src/stm32f4xx_hal_flash_ex.c" -mcpu=cortex-m4 -std=gnu11 -g3 -DDEBUG -DUSE_HAL_DRIVER -DSTM32F401xE -c -I../Core/Inc -I../Drivers/STM32F4xx_HAL_Driver/Inc -I../Drivers/STM32F4xx_HAL_Driver/Inc/Legacy -I../Drivers/CMSIS/Device/ST/STM32F4xx/Include -I../Drivers/CMSIS/Include -I"/home/adam/Documents/capstone/CaptstoneRepo/capstone/STM_Workspace/LEDMatrixApp/VL53LMZ_ULD_API/inc" -I"/home/adam/Documents/capstone/CaptstoneRepo/capstone/STM_Workspace/LEDMatrixApp/Platform" -I"/home/adam/Documents/capstone/CaptstoneRepo/capstone/STM_Workspace/LEDMatrixApp/GesturesMZ" -I"/home/adam/Documents/capstone/CaptstoneRepo/capstone/STM_Workspace/LEDMatrixApp/apps_layer" -O0 -ffunction-sections -fdata-sections -Wall -fstack-usage -fcyclomatic-complexity -MMD -MP -MF"Drivers/STM32F4xx_HAL_Driver/Src/stm32f4xx_hal_flash_ex.d" -MT"Drivers/STM32F4xx_HAL_Driver/Src/stm32f4xx_hal_flash_ex.o" --specs=nano.specs -mfpu=fpv4-sp-d16 -mfloat-abi=hard -mthumb -o "Drivers/STM32F4xx_HAL_Driver/Src/stm32f4xx_hal_flash_ex.o"
arm-none-eabi-gcc "../Drivers/STM32F4xx_HAL_Driver/Src/stm32f4xx_hal_flash_ramfunc.c" -mcpu=cortex-m4 -std=gnu11 -g3 -DDEBUG -DUSE_HAL_DRIVER -DSTM32F401xE -c -I../Core/Inc -I../Drivers/STM32F4xx_HAL_Driver/Inc -I../Drivers/STM32F4xx_HAL_Driver/Inc/Legacy -I../Drivers/CMSIS/Device/ST/STM32F4xx/Include -I../Drivers/CMSIS/Include -I"/home/adam/Documents/capstone/CaptstoneRepo/capstone/STM_Workspace/LEDMatrixApp/VL53LMZ_ULD_API/inc" -I"/home/adam/Documents/capstone/CaptstoneRepo/capstone/STM_Workspace/LEDMatrixApp/Platform" -I"/home/adam/Documents/capstone/CaptstoneRepo/capstone/STM_Workspace/LEDMatrixApp/GesturesMZ" -I"/home/adam/Documents/capstone/CaptstoneRepo/capstone/STM_Workspace/LEDMatrixApp/apps_layer" -O0 -ffunction-sections -fdata-sections -Wall -fstack-usage -fcyclomatic-complexity -MMD -MP -MF"Drivers/STM32F4xx_HAL_Driver/Src/stm32f4xx_hal_flash_ramfunc.d" -MT"Drivers/STM32F4xx_HAL_Driver/Src/stm32f4xx_hal_flash_ramfunc.o" --specs=nano.specs -mfpu=fpv4-sp-d16 -mfloat-abi=hard -mthumb -o "Drivers/STM32F4xx_HAL_Driver/Src/stm32f4xx_hal_flash_ramfunc.o"
arm-none-eabi-gcc "../Drivers/STM32F4xx_HAL_Driver/Src/stm32f4xx_hal_gpio.c" -mcpu=cortex-m4 -std=gnu11 -g3 -DDEBUG -DUSE_HAL_DRIVER -DSTM32F401xE -c -I../Core/Inc -I../Drivers/STM32F4xx_HAL_Driver/Inc -I../Drivers/STM32F4xx_HAL_Driver/Inc/Legacy -I../Drivers/CMSIS/Device/ST/STM32F4xx/Include -I../Drivers/CMSIS/Include -I"/home/adam/Documents/capstone/CaptstoneRepo/capstone/STM_Workspace/LEDMatrixApp/VL53LMZ_ULD_API/inc" -I"/home/adam/Documents/capstone/CaptstoneRepo/capstone/STM_Workspace/LEDMatrixApp/Platform" -I"/home/adam/Documents/capstone/CaptstoneRepo/capstone/STM_Workspace/LEDMatrixApp/GesturesMZ" -I"/home/adam/Documents/capstone/CaptstoneRepo/capstone/STM_Workspace/LEDMatrixApp/apps_layer" -O0 -ffunction-sections -fdata-sections -Wall -fstack-usage -fcyclomatic-complexity -MMD -MP -MF"Drivers/STM32F4xx_HAL_Driver/Src/stm32f4xx_hal_gpio.d" -MT"Drivers/STM32F4xx_HAL_Driver/Src/stm32f4xx_hal_gpio.o" --specs=nano.specs -mfpu=fpv4-sp-d16 -mfloat-abi=hard -mthumb -o "Drivers/STM32F4xx_HAL_Driver/Src/stm32f4xx_hal_gpio.o"
arm-none-eabi-gcc "../Drivers/STM32F4xx_HAL_Driver/Src/stm32f4xx_hal_i2c.c" -mcpu=cortex-m4 -std=gnu11 -g3 -DDEBUG -DUSE_HAL_DRIVER -DSTM32F401xE -c -I../Core/Inc -I../Drivers/STM32F4xx_HAL_Driver/Inc -I../Drivers/STM32F4xx_HAL_Driver/Inc/Legacy -I../Drivers/CMSIS/Device/ST/STM32F4xx/Include -I../Drivers/CMSIS/Include -I"/home/adam/Documents/capstone/CaptstoneRepo/capstone/STM_Workspace/LEDMatrixApp/VL53LMZ_ULD_API/inc" -I"/home/adam/Documents/capstone/CaptstoneRepo/capstone/STM_Workspace/LEDMatrixApp/Platform" -I"/home/adam/Documents/capstone/CaptstoneRepo/capstone/STM_Workspace/LEDMatrixApp/GesturesMZ" -I"/home/adam/Documents/capstone/CaptstoneRepo/capstone/STM_Workspace/LEDMatrixApp/apps_layer" -O0 -ffunction-sections -fdata-sections -Wall -fstack-usage -fcyclomatic-complexity -MMD -MP -MF"Drivers/STM32F4xx_HAL_Driver/Src/stm32f4xx_hal_i2c.d" -MT"Drivers/STM32F4xx_HAL_Driver/Src/stm32f4xx_hal_i2c.o" --specs=nano.specs -mfpu=fpv4-sp-d16 -mfloat-abi=hard -mthumb -o "Drivers/STM32F4xx_HAL_Driver/Src/stm32f4xx_hal_i2c.o"
arm-none-eabi-gcc "../Drivers/STM32F4xx_HAL_Driver/Src/stm32f4xx_hal_i2c_ex.c" -mcpu=cortex-m4 -std=gnu11 -g3 -DDEBUG -DUSE_HAL_DRIVER -DSTM32F401xE -c -I../Core/Inc -I../Drivers/STM32F4xx_HAL_Driver/Inc -I../Drivers/STM32F4xx_HAL_Driver/Inc/Legacy -I../Drivers/CMSIS/Device/ST/STM32F4xx/Include -I../Drivers/CMSIS/Include -I"/home/adam/Documents/capstone/CaptstoneRepo/capstone/STM_Workspace/LEDMatrixApp/VL53LMZ_ULD_API/inc" -I"/home/adam/Documents/capstone/CaptstoneRepo/capstone/STM_Workspace/LEDMatrixApp/Platform" -I"/home/adam/Documents/capstone/CaptstoneRepo/capstone/STM_Workspace/LEDMatrixApp/GesturesMZ" -I"/home/adam/Documents/capstone/CaptstoneRepo/capstone/STM_Workspace/LEDMatrixApp/apps_layer" -O0 -ffunction-sections -fdata-sections -Wall -fstack-usage -fcyclomatic-complexity -MMD -MP -MF"Drivers/STM32F4xx_HAL_Driver/Src/stm32f4xx_hal_i2c_ex.d" -MT"Drivers/STM32F4xx_HAL_Driver/Src/stm32f4xx_hal_i2c_ex.o" --specs=nano.specs -mfpu=fpv4-sp-d16 -mfloat-abi=hard -mthumb -o "Drivers/STM32F4xx_HAL_Driver/Src/stm32f4xx_hal_i2c_ex.o"
arm-none-eabi-gcc "../Drivers/STM32F4xx_HAL_Driver/Src/stm32f4xx_hal_pwr.c" -mcpu=cortex-m4 -std=gnu11 -g3 -DDEBUG -DUSE_HAL_DRIVER -DSTM32F401xE -c -I../Core/Inc -I../Drivers/STM32F4xx_HAL_Driver/Inc -I../Drivers/STM32F4xx_HAL_Driver/Inc/Legacy -I../Drivers/CMSIS/Device/ST/STM32F4xx/Include -I../Drivers/CMSIS/Include -I"/home/adam/Documents/capstone/CaptstoneRepo/capstone/STM_Workspace/LEDMatrixApp/VL53LMZ_ULD_API/inc" -I"/home/adam/Documents/capstone/CaptstoneRepo/capstone/STM_Workspace/LEDMatrixApp/Platform" -I"/home/adam/Documents/capstone/CaptstoneRepo/capstone/STM_Workspace/LEDMatrixApp/GesturesMZ" -I"/home/adam/Documents/capstone/CaptstoneRepo/capstone/STM_Workspace/LEDMatrixApp/apps_layer" -O0 -ffunction-sections -fdata-sections -Wall -fstack-usage -fcyclomatic-complexity -MMD -MP -MF"Drivers/STM32F4xx_HAL_Driver/Src/stm32f4xx_hal_pwr.d" -MT"Drivers/STM32F4xx_HAL_Driver/Src/stm32f4xx_hal_pwr.o" --specs=nano.specs -mfpu=fpv4-sp-d16 -mfloat-abi=hard -mthumb -o "Drivers/STM32F4xx_HAL_Driver/Src/stm32f4xx_hal_pwr.o"
arm-none-eabi-gcc "../Drivers/STM32F4xx_HAL_Driver/Src/stm32f4xx_hal_pwr_ex.c" -mcpu=cortex-m4 -std=gnu11 -g3 -DDEBUG -DUSE_HAL_DRIVER -DSTM32F401xE -c -I../Core/Inc -I../Drivers/STM32F4xx_HAL_Driver/Inc -I../Drivers/STM32F4xx_HAL_Driver/Inc/Legacy -I../Drivers/CMSIS/Device/ST/STM32F4xx/Include -I../Drivers/CMSIS/Include -I"/home/adam/Documents/capstone/CaptstoneRepo/capstone/STM_Workspace/LEDMatrixApp/VL53LMZ_ULD_API/inc" -I"/home/adam/Documents/capstone/CaptstoneRepo/capstone/STM_Workspace/LEDMatrixApp/Platform" -I"/home/adam/Documents/capstone/CaptstoneRepo/capstone/STM_Workspace/LEDMatrixApp/GesturesMZ" -I"/home/adam/Documents/capstone/CaptstoneRepo/capstone/STM_Workspace/LEDMatrixApp/apps_layer" -O0 -ffunction-sections -fdata-sections -Wall -fstack-usage -fcyclomatic-complexity -MMD -MP -MF"Drivers/STM32F4xx_HAL_Driver/Src/stm32f4xx_hal_pwr_ex.d" -MT"Drivers/STM32F4xx_HAL_Driver/Src/stm32f4xx_hal_pwr_ex.o" --specs=nano.specs -mfpu=fpv4-sp-d16 -mfloat-abi=hard -mthumb -o "Drivers/STM32F4xx_HAL_Driver/Src/stm32f4xx_hal_pwr_ex.o"
arm-none-eabi-gcc "../Drivers/STM32F4xx_HAL_Driver/Src/stm32f4xx_hal_rcc.c" -mcpu=cortex-m4 -std=gnu11 -g3 -DDEBUG -DUSE_HAL_DRIVER -DSTM32F401xE -c -I../Core/Inc -I../Drivers/STM32F4xx_HAL_Driver/Inc -I../Drivers/STM32F4xx_HAL_Driver/Inc/Legacy -I../Drivers/CMSIS/Device/ST/STM32F4xx/Include -I../Drivers/CMSIS/Include -I"/home/adam/Documents/capstone/CaptstoneRepo/capstone/STM_Workspace/LEDMatrixApp/VL53LMZ_ULD_API/inc" -I"/home/adam/Documents/capstone/CaptstoneRepo/capstone/STM_Workspace/LEDMatrixApp/Platform" -I"/home/adam/Documents/capstone/CaptstoneRepo/capstone/STM_Workspace/LEDMatrixApp/GesturesMZ" -I"/home/adam/Documents/capstone/CaptstoneRepo/capstone/STM_Workspace/LEDMatrixApp/apps_layer" -O0 -ffunction-sections -fdata-sections -Wall -fstack-usage -fcyclomatic-complexity -MMD -MP -MF"Drivers/STM32F4xx_HAL_Driver/Src/stm32f4xx_hal_rcc.d" -MT"Drivers/STM32F4xx_HAL_Driver/Src/stm32f4xx_hal_rcc.o" --specs=nano.specs -mfpu=fpv4-sp-d16 -mfloat-abi=hard -mthumb -o "Drivers/STM32F4xx_HAL_Driver/Src/stm32f4xx_hal_rcc.o"
arm-none-eabi-gcc "../Drivers/STM32F4xx_HAL_Driver/Src/stm32f4xx_hal_rcc_ex.c" -mcpu=cortex-m4 -std=gnu11 -g3 -DDEBUG -DUSE_HAL_DRIVER -DSTM32F401xE -c -I../Core/Inc -I../Drivers/STM32F4xx_HAL_Driver/Inc -I../Drivers/STM32F4xx_HAL_Driver/Inc/Legacy -I../Drivers/CMSIS/Device/ST/STM32F4xx/Include -I../Drivers/CMSIS/Include -I"/home/adam/Documents/capstone/CaptstoneRepo/capstone/STM_Workspace/LEDMatrixApp/VL53LMZ_ULD_API/inc" -I"/home/adam/Documents/capstone/CaptstoneRepo/capstone/STM_Workspace/LEDMatrixApp/Platform" -I"/home/adam/Documents/capstone/CaptstoneRepo/capstone/STM_Workspace/LEDMatrixApp/GesturesMZ" -I"/home/adam/Documents/capstone/CaptstoneRepo/capstone/STM_Workspace/LEDMatrixApp/apps_layer" -O0 -ffunction-sections -fdata-sections -Wall -fstack-usage -fcyclomatic-complexity -MMD -MP -MF"Drivers/STM32F4xx_HAL_Driver/Src/stm32f4xx_hal_rcc_ex.d" -MT"Drivers/STM32F4xx_HAL_Driver/Src/stm32f4xx_hal_rcc_ex.o" --specs=nano.specs -mfpu=fpv4-sp-d16 -mfloat-abi=hard -mthumb -o "Drivers/STM32F4xx_HAL_Driver/Src/stm32f4xx_hal_rcc_ex.o"
arm-none-eabi-gcc "../Drivers/STM32F4xx_HAL_Driver/Src/stm32f4xx_hal_tim.c" -mcpu=cortex-m4 -std=gnu11 -g3 -DDEBUG -DUSE_HAL_DRIVER -DSTM32F401xE -c -I../Core/Inc -I../Drivers/STM32F4xx_HAL_Driver/Inc -I../Drivers/STM32F4xx_HAL_Driver/Inc/Legacy -I../Drivers/CMSIS/Device/ST/STM32F4xx/Include -I../Drivers/CMSIS/Include -I"/home/adam/Documents/capstone/CaptstoneRepo/capstone/STM_Workspace/LEDMatrixApp/VL53LMZ_ULD_API/inc" -I"/home/adam/Documents/capstone/CaptstoneRepo/capstone/STM_Workspace/LEDMatrixApp/Platform" -I"/home/adam/Documents/capstone/CaptstoneRepo/capstone/STM_Workspace/LEDMatrixApp/GesturesMZ" -I"/home/adam/Documents/capstone/CaptstoneRepo/capstone/STM_Workspace/LEDMatrixApp/apps_layer" -O0 -ffunction-sections -fdata-sections -Wall -fstack-usage -fcyclomatic-complexity -MMD -MP -MF"Drivers/STM32F4xx_HAL_Driver/Src/stm32f4xx_hal_tim.d" -MT"Drivers/STM32F4xx_HAL_Driver/Src/stm32f4xx_hal_tim.o" --specs=nano.specs -mfpu=fpv4-sp-d16 -mfloat-abi=hard -mthumb -o "Drivers/STM32F4xx_HAL_Driver/Src/stm32f4xx_hal_tim.o"
arm-none-eabi-gcc "../Drivers/STM32F4xx_HAL_Driver/Src/stm32f4xx_hal_tim_ex.c" -mcpu=cortex-m4 -std=gnu11 -g3 -DDEBUG -DUSE_HAL_DRIVER -DSTM32F401xE -c -I../Core/Inc -I../Drivers/STM32F4xx_HAL_Driver/Inc -I../Drivers/STM32F4xx_HAL_Driver/Inc/Legacy -I../Drivers/CMSIS/Device/ST/STM32F4xx/Include -I../Drivers/CMSIS/Include -I"/home/adam/Documents/capstone/CaptstoneRepo/capstone/STM_Workspace/LEDMatrixApp/VL53LMZ_ULD_API/inc" -I"/home/adam/Documents/capstone/CaptstoneRepo/capstone/STM_Workspace/LEDMatrixApp/Platform" -I"/home/adam/Documents/capstone/CaptstoneRepo/capstone/STM_Workspace/LEDMatrixApp/GesturesMZ" -I"/home/adam/Documents/capstone/CaptstoneRepo/capstone/STM_Workspace/LEDMatrixApp/apps_layer" -O0 -ffunction-sections -fdata-sections -Wall -fstack-usage -fcyclomatic-complexity -MMD -MP -MF"Drivers/STM32F4xx_HAL_Driver/Src/stm32f4xx_hal_tim_ex.d" -MT"Drivers/STM32F4xx_HAL_Driver/Src/stm32f4xx_hal_tim_ex.o" --specs=nano.specs -mfpu=fpv4-sp-d16 -mfloat-abi=hard -mthumb -o "Drivers/STM32F4xx_HAL_Driver/Src/stm32f4xx_hal_tim_ex.o"
arm-none-eabi-gcc "../Drivers/STM32F4xx_HAL_Driver/Src/stm32f4xx_hal_uart.c" -mcpu=cortex-m4 -std=gnu11 -g3 -DDEBUG -DUSE_HAL_DRIVER -DSTM32F401xE -c -I../Core/Inc -I../Drivers/STM32F4xx_HAL_Driver/Inc -I../Drivers/STM32F4xx_HAL_Driver/Inc/Legacy -I../Drivers/CMSIS/Device/ST/STM32F4xx/Include -I../Drivers/CMSIS/Include -I"/home/adam/Documents/capstone/CaptstoneRepo/capstone/STM_Workspace/LEDMatrixApp/VL53LMZ_ULD_API/inc" -I"/home/adam/Documents/capstone/CaptstoneRepo/capstone/STM_Workspace/LEDMatrixApp/Platform" -I"/home/adam/Documents/capstone/CaptstoneRepo/capstone/STM_Workspace/LEDMatrixApp/GesturesMZ" -I"/home/adam/Documents/capstone/CaptstoneRepo/capstone/STM_Workspace/LEDMatrixApp/apps_layer" -O0 -ffunction-sections -fdata-sections -Wall -fstack-usage -fcyclomatic-complexity -MMD -MP -MF"Drivers/STM32F4xx_HAL_Driver/Src/stm32f4xx_hal_uart.d" -MT"Drivers/STM32F4xx_HAL_Driver/Src/stm32f4xx_hal_uart.o" --specs=nano.specs -mfpu=fpv4-sp-d16 -mfloat-abi=hard -mthumb -o "Drivers/STM32F4xx_HAL_Driver/Src/stm32f4xx_hal_uart.o"
arm-none-eabi-gcc -mcpu=cortex-m4 -g3 -DDEBUG -c -x assembler-with-cpp -MMD -MP -MF"Core/Startup/startup_stm32f401retx.d" -MT"Core/Startup/startup_stm32f401retx.o" --specs=nano.specs -mfpu=fpv4-sp-d16 -mfloat-abi=hard -mthumb -o "Core/Startup/startup_stm32f401retx.o" "../Core/Startup/startup_stm32f401retx.s"
arm-none-eabi-gcc "../Core/Src/main.c" -mcpu=cortex-m4 -std=gnu11 -g3 -DDEBUG -DUSE_HAL_DRIVER -DSTM32F401xE -c -I../Core/Inc -I../Drivers/STM32F4xx_HAL_Driver/Inc -I../Drivers/STM32F4xx_HAL_Driver/Inc/Legacy -I../Drivers/CMSIS/Device/ST/STM32F4xx/Include -I../Drivers/CMSIS/Include -I"/home/adam/Documents/capstone/CaptstoneRepo/capstone/STM_Workspace/LEDMatrixApp/VL53LMZ_ULD_API/inc" -I"/home/adam/Documents/capstone/CaptstoneRepo/capstone/STM_Workspace/LEDMatrixApp/Platform" -I"/home/adam/Documents/capstone/CaptstoneRepo/capstone/STM_Workspace/LEDMatrixApp/GesturesMZ" -I"/home/adam/Documents/capstone/CaptstoneRepo/capstone/STM_Workspace/LEDMatrixApp/apps_layer" -O0 -ffunction-sections -fdata-sections -Wall -fstack-usage -fcyclomatic-complexity -MMD -MP -MF"Core/Src/main.d" -MT"Core/Src/main.o" --specs=nano.specs -mfpu=fpv4-sp-d16 -mfloat-abi=hard -mthumb -o "Core/Src/main.o"
arm-none-eabi-gcc "../Core/Src/stm32f4xx_hal_msp.c" -mcpu=cortex-m4 -std=gnu11 -g3 -DDEBUG -DUSE_HAL_DRIVER -DSTM32F401xE -c -I../Core/Inc -I../Drivers/STM32F4xx_HAL_Driver/Inc -I../Drivers/STM32F4xx_HAL_Driver/Inc/Legacy -I../Drivers/CMSIS/Device/ST/STM32F4xx/Include -I../Drivers/CMSIS/Include -I"/home/adam/Documents/capstone/CaptstoneRepo/capstone/STM_Workspace/LEDMatrixApp/VL53LMZ_ULD_API/inc" -I"/home/adam/Documents/capstone/CaptstoneRepo/capstone/STM_Workspace/LEDMatrixApp/Platform" -I"/home/adam/Documents/capstone/CaptstoneRepo/capstone/STM_Workspace/LEDMatrixApp/GesturesMZ" -I"/home/adam/Documents/capstone/CaptstoneRepo/capstone/STM_Workspace/LEDMatrixApp/apps_layer" -O0 -ffunction-sections -fdata-sections -Wall -fstack-usage -fcyclomatic-complexity -MMD -MP -MF"Core/Src/stm32f4xx_hal_msp.d" -MT"Core/Src/stm32f4xx_hal_msp.o" --specs=nano.specs -mfpu=fpv4-sp-d16 -mfloat-abi=hard -mthumb -o "Core/Src/stm32f4xx_hal_msp.o"
arm-none-eabi-gcc "../Core/Src/stm32f4xx_it.c" -mcpu=cortex-m4 -std=gnu11 -g3 -DDEBUG -DUSE_HAL_DRIVER -DSTM32F401xE -c -I../Core/Inc -I../Drivers/STM32F4xx_HAL_Driver/Inc -I../Drivers/STM32F4xx_HAL_Driver/Inc/Legacy -I../Drivers/CMSIS/Device/ST/STM32F4xx/Include -I../Drivers/CMSIS/Include -I"/home/adam/Documents/capstone/CaptstoneRepo/capstone/STM_Workspace/LEDMatrixApp/VL53LMZ_ULD_API/inc" -I"/home/adam/Documents/capstone/CaptstoneRepo/capstone/STM_Workspace/LEDMatrixApp/Platform" -I"/home/adam/Documents/capstone/CaptstoneRepo/capstone/STM_Workspace/LEDMatrixApp/GesturesMZ" -I"/home/adam/Documents/capstone/CaptstoneRepo/capstone/STM_Workspace/LEDMatrixApp/apps_layer" -O0 -ffunction-sections -fdata-sections -Wall -fstack-usage -fcyclomatic-complexity -MMD -MP -MF"Core/Src/stm32f4xx_it.d" -MT"Core/Src/stm32f4xx_it.o" --specs=nano.specs -mfpu=fpv4-sp-d16 -mfloat-abi=hard -mthumb -o "Core/Src/stm32f4xx_it.o"
arm-none-eabi-gcc "../Core/Src/syscalls.c" -mcpu=cortex-m4 -std=gnu11 -g3 -DDEBUG -DUSE_HAL_DRIVER -DSTM32F401xE -c -I../Core/Inc -I../Drivers/STM32F4xx_HAL_Driver/Inc -I../Drivers/STM32F4xx_HAL_Driver/Inc/Legacy -I../Drivers/CMSIS/Device/ST/STM32F4xx/Include -I../Drivers/CMSIS/Include -I"/home/adam/Documents/capstone/CaptstoneRepo/capstone/STM_Workspace/LEDMatrixApp/VL53LMZ_ULD_API/inc" -I"/home/adam/Documents/capstone/CaptstoneRepo/capstone/STM_Workspace/LEDMatrixApp/Platform" -I"/home/adam/Documents/capstone/CaptstoneRepo/capstone/STM_Workspace/LEDMatrixApp/GesturesMZ" -I"/home/adam/Documents/capstone/CaptstoneRepo/capstone/STM_Workspace/LEDMatrixApp/apps_layer" -O0 -ffunction-sections -fdata-sections -Wall -fstack-usage -fcyclomatic-complexity -MMD -MP -MF"Core/Src/syscalls.d" -MT"Core/Src/syscalls.o" --specs=nano.specs -mfpu=fpv4-sp-d16 -mfloat-abi=hard -mthumb -o "Core/Src/syscalls.o"
arm-none-eabi-gcc "../Core/Src/sysmem.c" -mcpu=cortex-m4 -std=gnu11 -g3 -DDEBUG -DUSE_HAL_DRIVER -DSTM32F401xE -c -I../Core/Inc -I../Drivers/STM32F4xx_HAL_Driver/Inc -I../Drivers/STM32F4xx_HAL_Driver/Inc/Legacy -I../Drivers/CMSIS/Device/ST/STM32F4xx/Include -I../Drivers/CMSIS/Include -I"/home/adam/Documents/capstone/CaptstoneRepo/capstone/STM_Workspace/LEDMatrixApp/VL53LMZ_ULD_API/inc" -I"/home/adam/Documents/capstone/CaptstoneRepo/capstone/STM_Workspace/LEDMatrixApp/Platform" -I"/home/adam/Documents/capstone/CaptstoneRepo/capstone/STM_Workspace/LEDMatrixApp/GesturesMZ" -I"/home/adam/Documents/capstone/CaptstoneRepo/capstone/STM_Workspace/LEDMatrixApp/apps_layer" -O0 -ffunction-sections -fdata-sections -Wall -fstack-usage -fcyclomatic-complexity -MMD -MP -MF"Core/Src/sysmem.d" -MT"Core/Src/sysmem.o" --specs=nano.specs -mfpu=fpv4-sp-d16 -mfloat-abi=hard -mthumb -o "Core/Src/sysmem.o"
arm-none-eabi-gcc "../Core/Src/system_stm32f4xx.c" -mcpu=cortex-m4 -std=gnu11 -g3 -DDEBUG -DUSE_HAL_DRIVER -DSTM32F401xE -c -I../Core/Inc -I../Drivers/STM32F4xx_HAL_Driver/Inc -I../Drivers/STM32F4xx_HAL_Driver/Inc/Legacy -I../Drivers/CMSIS/Device/ST/STM32F4xx/Include -I../Drivers/CMSIS/Include -I"/home/adam/Documents/capstone/CaptstoneRepo/capstone/STM_Workspace/LEDMatrixApp/VL53LMZ_ULD_API/inc" -I"/home/adam/Documents/capstone/CaptstoneRepo/capstone/STM_Workspace/LEDMatrixApp/Platform" -I"/home/adam/Documents/capstone/CaptstoneRepo/capstone/STM_Workspace/LEDMatrixApp/GesturesMZ" -I"/home/adam/Documents/capstone/CaptstoneRepo/capstone/STM_Workspace/LEDMatrixApp/apps_layer" -O0 -ffunction-sections -fdata-sections -Wall -fstack-usage -fcyclomatic-complexity -MMD -MP -MF"Core/Src/system_stm32f4xx.d" -MT"Core/Src/system_stm32f4xx.o" --specs=nano.specs -mfpu=fpv4-sp-d16 -mfloat-abi=hard -mthumb -o "Core/Src/system_stm32f4xx.o"
arm-none-eabi-gcc "../Core/Src/tof_lib.c" -mcpu=cortex-m4 -std=gnu11 -g3 -DDEBUG -DUSE_HAL_DRIVER -DSTM32F401xE -c -I../Core/Inc -I../Drivers/STM32F4xx_HAL_Driver/Inc -I../Drivers/STM32F4xx_HAL_Driver/Inc/Legacy -I../Drivers/CMSIS/Device/ST/STM32F4xx/Include -I../Drivers/CMSIS/Include -I"/home/adam/Documents/capstone/CaptstoneRepo/capstone/STM_Workspace/LEDMatrixApp/VL53LMZ_ULD_API/inc" -I"/home/adam/Documents/capstone/CaptstoneRepo/capstone/STM_Workspace/LEDMatrixApp/Platform" -I"/home/adam/Documents/capstone/CaptstoneRepo/capstone/STM_Workspace/LEDMatrixApp/GesturesMZ" -I"/home/adam/Documents/capstone/CaptstoneRepo/capstone/STM_Workspace/LEDMatrixApp/apps_layer" -O0 -ffunction-sections -fdata-sections -Wall -fstack-usage -fcyclomatic-complexity -MMD -MP -MF"Core/Src/tof_lib.d" -MT"Core/Src/tof_lib.o" --specs=nano.specs -mfpu=fpv4-sp-d16 -mfloat-abi=hard -mthumb -o "Core/Src/tof_lib.o"
../Core/Src/tof_lib.c: In function 'matrix_app_main':
../Core/Src/tof_lib.c:31:17: warning: unused variable 'ranging' [-Wunused-variable]
   31 |         uint8_t ranging = 0;
      |                 ^~~~~~~
../Core/Src/tof_lib.c: In function 'init_tof':
../Core/Src/tof_lib.c:26:1: warning: control reaches end of non-void function [-Wreturn-type]
   26 | }
      | ^
../Core/Src/tof_lib.c: In function 'matrix_app_main':
../Core/Src/tof_lib.c:35:1: warning: control reaches end of non-void function [-Wreturn-type]
   35 | }
      | ^
arm-none-eabi-gcc -o "LEDMatrixApp.elf" @"objects.list"  -lGesturesMZ -mcpu=cortex-m4 -T"/home/adam/Documents/capstone/CaptstoneRepo/capstone/STM_Workspace/LEDMatrixApp/STM32F401RETX_FLASH.ld" --specs=nosys.specs -Wl,-Map="LEDMatrixApp.map" -Wl,--gc-sections -static -L../GesturesMZ --specs=nano.specs -mfpu=fpv4-sp-d16 -mfloat-abi=hard -mthumb -Wl,--start-group -lc -lm -Wl,--end-group
Finished building target: LEDMatrixApp.elf
 
arm-none-eabi-size   LEDMatrixApp.elf 
arm-none-eabi-objdump -h -S  LEDMatrixApp.elf  > "LEDMatrixApp.list"
   text	   data	    bss	    dec	    hex	filename
 110644	     20	  10892	 121556	  1dad4	LEDMatrixApp.elf
Finished building: default.size.stdout
 
Finished building: LEDMatrixApp.list
 
12:44:41 **** Incremental Build of configuration Debug for project GestureKit_ULD ****
make -j8 all 
arm-none-eabi-size   GestureKit_ULD.elf 
   text	   data	    bss	    dec	    hex	filename
 170732	   1328	  26464	 198524	  3077c	GestureKit_ULD.elf
Finished building: default.size.stdout
 
12:44:42 **** Incremental Build of configuration Debug for project GestureTest ****
make -j8 all 
arm-none-eabi-size   GestureTest.elf 
   text	   data	    bss	    dec	    hex	filename
 113392	     20	   5900	 119312	  1d210	GestureTest.elf
Finished building: default.size.stdout
 
12:44:42 **** Incremental Build of configuration Debug for project LEDMatrixApp ****
make -j8 all 
arm-none-eabi-gcc "../Core/Src/tof_lib.c" -mcpu=cortex-m4 -std=gnu11 -g3 -DDEBUG -DUSE_HAL_DRIVER -DSTM32F401xE -c -I../Core/Inc -I../Drivers/STM32F4xx_HAL_Driver/Inc -I../Drivers/STM32F4xx_HAL_Driver/Inc/Legacy -I../Drivers/CMSIS/Device/ST/STM32F4xx/Include -I../Drivers/CMSIS/Include -I"/home/adam/Documents/capstone/CaptstoneRepo/capstone/STM_Workspace/LEDMatrixApp/VL53LMZ_ULD_API/inc" -I"/home/adam/Documents/capstone/CaptstoneRepo/capstone/STM_Workspace/LEDMatrixApp/Platform" -I"/home/adam/Documents/capstone/CaptstoneRepo/capstone/STM_Workspace/LEDMatrixApp/GesturesMZ" -I"/home/adam/Documents/capstone/CaptstoneRepo/capstone/STM_Workspace/LEDMatrixApp/apps_layer" -O0 -ffunction-sections -fdata-sections -Wall -fstack-usage -fcyclomatic-complexity -MMD -MP -MF"Core/Src/tof_lib.d" -MT"Core/Src/tof_lib.o" --specs=nano.specs -mfpu=fpv4-sp-d16 -mfloat-abi=hard -mthumb -o "Core/Src/tof_lib.o"
../Core/Src/tof_lib.c: In function 'matrix_app_main':
../Core/Src/tof_lib.c:33:17: warning: unused variable 'ranging' [-Wunused-variable]
   33 |         uint8_t ranging = 0;
      |                 ^~~~~~~
arm-none-eabi-gcc -o "LEDMatrixApp.elf" @"objects.list"  -lGesturesMZ -mcpu=cortex-m4 -T"/home/adam/Documents/capstone/CaptstoneRepo/capstone/STM_Workspace/LEDMatrixApp/STM32F401RETX_FLASH.ld" --specs=nosys.specs -Wl,-Map="LEDMatrixApp.map" -Wl,--gc-sections -static -L../GesturesMZ --specs=nano.specs -mfpu=fpv4-sp-d16 -mfloat-abi=hard -mthumb -Wl,--start-group -lc -lm -Wl,--end-group
Finished building target: LEDMatrixApp.elf
 
arm-none-eabi-size   LEDMatrixApp.elf 
arm-none-eabi-objdump -h -S  LEDMatrixApp.elf  > "LEDMatrixApp.list"
   text	   data	    bss	    dec	    hex	filename
 110636	     20	  10892	 121548	  1dacc	LEDMatrixApp.elf
Finished building: default.size.stdout
 
Finished building: LEDMatrixApp.list
 
