../Core/Src/tof_lib.c:34:9:init_tof	24	static
../Core/Src/tof_lib.c:50:9:init_tracking	16	static
../Core/Src/tof_lib.c:116:9:send_led_data	40	static
../Core/Src/tof_lib.c:137:6:select_target_index	24	static
../Core/Src/tof_lib.c:144:9:sample_once	24	static
../Core/Src/tof_lib.c:156:9:SEN_CopyRangingData	56	static
../Core/Src/tof_lib.c:187:6:convertSingleSensorPos	48	static
../Core/Src/tof_lib.c:219:6:update_led_matrix	24	static
../Core/Src/tof_lib.c:239:6:FIFO_add	16	static
../Core/Src/tof_lib.c:247:6:FIFO_pop	16	static
../Core/Src/tof_lib.c:254:6:do_decay	16	static
../Core/Src/tof_lib.c:274:6:reset_matrix	8	static
../Core/Src/tof_lib.c:281:9:matrix_app_main	16	static
